{
  "argv": [
    "benchmarks/custom_quasi_newton_runtime.py",
    "--device",
    "gpu",
    "--intent",
    "fast",
    "--providers",
    "custom,optax",
    "--cases",
    "coil47",
    "--method",
    "lbfgs",
    "--maxiter",
    "20",
    "--output",
    "/mnt/homes_global/jdsuh/qn-a100/artifacts/coil47-unroll-probe-63638856f/round-4"
  ],
  "backend": "gpu",
  "device_identity": {
    "backend": "gpu",
    "compute_capability": "8.0",
    "cuda_version": "PJRT C API\ncuda 12090",
    "device_id": 0,
    "device_kind": "NVIDIA A100-PCIE-40GB",
    "driver_version": "470.256.02",
    "gpu_model": "NVIDIA A100-PCIE-40GB",
    "gpu_uuid": "GPU-250014ca-8cb3-bdcd-ad1d-2f6f64529b8d",
    "hostname": "landau",
    "jax_device": "cuda:0",
    "platform": "gpu",
    "process_index": 0,
    "requested_device": "gpu",
    "scheduler_job_id": null,
    "total_memory_bytes": 42505076736,
    "visible_devices": "GPU-250014ca-8cb3-bdcd-ad1d-2f6f64529b8d"
  },
  "devices": [
    "cuda:0"
  ],
  "git_clean": true,
  "git_commit": "63638856f195166bbf8453ab52629e4bfdfc6898",
  "jax_version": "0.10.0",
  "jaxlib_version": "0.10.0",
  "measurements": [
    {
      "algorithm_memory_contract": null,
      "case": "coil47",
      "certificate": "source-owned VMEC-free coil physics; native/JAX objective parity",
      "cold_seconds": 41.620654017999186,
      "constraint_norm": null,
      "device": "gpu",
      "device_identity": {
        "backend": "gpu",
        "compute_capability": "8.0",
        "cuda_version": "PJRT C API\ncuda 12090",
        "device_id": 0,
        "device_kind": "NVIDIA A100-PCIE-40GB",
        "driver_version": "470.256.02",
        "gpu_model": "NVIDIA A100-PCIE-40GB",
        "gpu_uuid": "GPU-250014ca-8cb3-bdcd-ad1d-2f6f64529b8d",
        "hostname": "landau",
        "jax_device": "cuda:0",
        "platform": "gpu",
        "process_index": 0,
        "requested_device": "gpu",
        "scheduler_job_id": null,
        "total_memory_bytes": 42505076736,
        "visible_devices": "GPU-250014ca-8cb3-bdcd-ad1d-2f6f64529b8d"
      },
      "diagnostic_artifacts": {
        "memory_trace": "gpu_memory.json",
        "trial_trace": null
      },
      "dimension": 47,
      "endpoint_certificate": {
        "constraints_satisfied": true,
        "initial_stationary": false,
        "stopping_reason": "converged",
        "success": true,
        "terminal_stationary": true
      },
      "evaluations": 15,
      "final_gradient_inf_norm": 5.874340908184391e-10,
      "final_objective": 0.13786263284430206,
      "final_parameters": [
        1.0000024716256088,
        0.9999934701767144,
        0.9914891605908442,
        0.0038629140214102744,
        0.594800900834329,
        0.00753897243322895,
        -7.722151423042655e-05,
        0.13050867046688774,
        -0.005155367969549839,
        0.07804915123490608,
        -0.0019850228861810868,
        -0.0001632860527770536,
        -0.004852772755664962,
        -0.6001677932857695,
        -0.003155575720079369,
        0.0001037557130928354,
        -0.0023658763660856803,
        0.9238719469458305,
        0.0003212202613893753,
        0.5543354270277177,
        -0.0008518331737640611,
        -3.2055239187878154e-06,
        0.3826803182315011,
        -0.0007755046668865047,
        0.22961325043873604,
        0.002056505300293705,
        -1.3356667478885788e-06,
        9.891014863374243e-09,
        -0.5999998253231017,
        3.998163208353076e-09,
        3.712038793673598e-06,
        -9.402163930823626e-09,
        0.793372185617324,
        0.0009139061690895977,
        0.4757767814450874,
        -0.003927242533309442,
        -0.00017005376306144932,
        0.6088052746519288,
        -0.006376928166945742,
        0.36539865688425804,
        -0.0067345014680575245,
        6.085304521574277e-05,
        0.004852784850372231,
        -0.6001674884651763,
        0.0031555959622226806,
        0.00010373581899187422,
        0.0023658781207504483
      ],
      "first_execution_seconds": 0.05640729299921077,
      "fixture_build_peak_rss_kib": 1121688,
      "fixture_build_seconds": 4.754118354998354,
      "fixture_contract": {
        "certificate": "source-owned VMEC-free coil physics; native/JAX objective parity",
        "expected_initial_observables": {
          "gradient_inf_norm": 0.003746923674450162,
          "objective": 0.13792118300896355
        },
        "final_certificate_fields": {
          "evaluations": 15,
          "final_gradient_inf_norm": 5.874340908184391e-10,
          "final_objective": 0.13786263284430206,
          "final_parameters": [
            1.0000024716256088,
            0.9999934701767144,
            0.9914891605908442,
            0.0038629140214102744,
            0.594800900834329,
            0.00753897243322895,
            -7.722151423042655e-05,
            0.13050867046688774,
            -0.005155367969549839,
            0.07804915123490608,
            -0.0019850228861810868,
            -0.0001632860527770536,
            -0.004852772755664962,
            -0.6001677932857695,
            -0.003155575720079369,
            0.0001037557130928354,
            -0.0023658763660856803,
            0.9238719469458305,
            0.0003212202613893753,
            0.5543354270277177,
            -0.0008518331737640611,
            -3.2055239187878154e-06,
            0.3826803182315011,
            -0.0007755046668865047,
            0.22961325043873604,
            0.002056505300293705,
            -1.3356667478885788e-06,
            9.891014863374243e-09,
            -0.5999998253231017,
            3.998163208353076e-09,
            3.712038793673598e-06,
            -9.402163930823626e-09,
            0.793372185617324,
            0.0009139061690895977,
            0.4757767814450874,
            -0.003927242533309442,
            -0.00017005376306144932,
            0.6088052746519288,
            -0.006376928166945742,
            0.36539865688425804,
            -0.0067345014680575245,
            6.085304521574277e-05,
            0.004852784850372231,
            -0.6001674884651763,
            0.0031555959622226806,
            0.00010373581899187422,
            0.0023658781207504483
          ],
          "iterations": 12,
          "status": 0,
          "stopping_reason": "converged",
          "success": true
        },
        "fixture_metadata": {
          "current_value": 100000.0,
          "curve_count": 3,
          "curve_order": 2,
          "curve_quadpoints": 16,
          "dtype": "float64",
          "fixed_current_index": 0,
          "native_objective_provider": "simsopt.field.BiotSavart + simsopt.objectives.SquaredFlux",
          "objective_definition": "quadratic flux",
          "seed": 0,
          "source_example": "examples/jax/3_Advanced/single_stage_optimization.py",
          "surface_kind": "analytic_surface_rz_fourier",
          "surface_mpol": 1,
          "surface_nfp": 4,
          "surface_ntor": 1,
          "surface_quadpoints": 8,
          "target_max": 0.2,
          "target_min": 0.1
        },
        "generator_path": "benchmarks/fixtures/custom_quasi_newton.py",
        "generator_sha256": "7b8e1543265f8db62a627e5292762b6464a8b6960187857022fc08c6a9785ff2",
        "initial_parameters": [
          1.0,
          1.0,
          0.9914448613738104,
          0.0,
          0.5948669168242862,
          0.0,
          0.0,
          0.13052619222005157,
          0.0,
          0.07831571533203094,
          0.0,
          0.0,
          0.0,
          -0.6,
          0.0,
          0.0,
          0.0,
          0.9238795325112867,
          0.0,
          0.5543277195067721,
          0.0,
          0.0,
          0.3826834323650898,
          0.0,
          0.22961005941905385,
          0.0,
          0.0,
          0.0,
          -0.6,
          0.0,
          0.0,
          0.0,
          0.7933533402912352,
          0.0,
          0.4760120041747411,
          0.0,
          0.0,
          0.6087614290087207,
          0.0,
          0.3652568574052324,
          0.0,
          0.0,
          0.0,
          -0.6,
          0.0,
          0.0,
          0.0
        ],
        "solver_options": {
          "device": "gpu",
          "ftol": 0.0,
          "gtol": 1e-10,
          "intent": "fast",
          "maxcor": 10,
          "maxfun": null,
          "maxiter": 20,
          "maxls": 20,
          "method": "lbfgs"
        },
        "source_path": "examples/jax/3_Advanced/single_stage_optimization.py",
        "source_sha256": "00f2f9b45a2a1c5fc7136952818e19d649f20e141d4e626ed9a8c18e8114287e",
        "tolerances": {
          "gradient_inf_norm_abs": 1e-08,
          "objective_abs": 1e-12,
          "objective_rel": 1e-10,
          "parameters_abs": 1e-10
        }
      },
      "fixture_metadata": [
        [
          "source_example",
          "examples/jax/3_Advanced/single_stage_optimization.py"
        ],
        [
          "surface_kind",
          "analytic_surface_rz_fourier"
        ],
        [
          "surface_nfp",
          4
        ],
        [
          "surface_mpol",
          1
        ],
        [
          "surface_ntor",
          1
        ],
        [
          "surface_quadpoints",
          8
        ],
        [
          "curve_count",
          3
        ],
        [
          "curve_order",
          2
        ],
        [
          "curve_quadpoints",
          16
        ],
        [
          "current_value",
          100000.0
        ],
        [
          "fixed_current_index",
          0
        ],
        [
          "objective_definition",
          "quadratic flux"
        ],
        [
          "native_objective_provider",
          "simsopt.field.BiotSavart + simsopt.objectives.SquaredFlux"
        ],
        [
          "target_min",
          0.1
        ],
        [
          "target_max",
          0.2
        ],
        [
          "dtype",
          "float64"
        ],
        [
          "seed",
          0
        ]
      ],
      "initial_gradient_inf_norm": 0.003746923674450162,
      "initial_objective": 0.13792118300896355,
      "initial_parameters": [
        1.0,
        1.0,
        0.9914448613738104,
        0.0,
        0.5948669168242862,
        0.0,
        0.0,
        0.13052619222005157,
        0.0,
        0.07831571533203094,
        0.0,
        0.0,
        0.0,
        -0.6,
        0.0,
        0.0,
        0.0,
        0.9238795325112867,
        0.0,
        0.5543277195067721,
        0.0,
        0.0,
        0.3826834323650898,
        0.0,
        0.22961005941905385,
        0.0,
        0.0,
        0.0,
        -0.6,
        0.0,
        0.0,
        0.0,
        0.7933533402912352,
        0.0,
        0.4760120041747411,
        0.0,
        0.0,
        0.6087614290087207,
        0.0,
        0.3652568574052324,
        0.0,
        0.0,
        0.0,
        -0.6,
        0.0,
        0.0,
        0.0
      ],
      "inner_success": true,
      "intent": "fast",
      "iterations": 12,
      "maxcor": 10,
      "maxiter": 20,
      "method": "lbfgs",
      "observables_finite": true,
      "parameters_finite": true,
      "peak_rss_kib": 2327648,
      "peak_rss_scope": "self_proc_status_phase_max",
      "peak_vram_mib": 742,
      "phase_rss": [
        {
          "end_rss_kib": 1121688,
          "peak_rss_kib": 1121688,
          "phase": "fixture_build",
          "sample_count": 405,
          "scope": "self_proc_status_poll_10ms",
          "start_rss_kib": 671968
        },
        {
          "end_rss_kib": 2317320,
          "peak_rss_kib": 2327648,
          "phase": "preparation",
          "sample_count": 3719,
          "scope": "self_proc_status_poll_10ms",
          "start_rss_kib": 1317068
        },
        {
          "end_rss_kib": 2317460,
          "peak_rss_kib": 2317460,
          "phase": "cold_solver",
          "sample_count": 7,
          "scope": "self_proc_status_poll_10ms",
          "start_rss_kib": 2317320
        },
        {
          "end_rss_kib": 2317460,
          "peak_rss_kib": 2317460,
          "phase": "warm_solver",
          "sample_count": 4,
          "scope": "self_proc_status_poll_10ms",
          "start_rss_kib": 2317460
        }
      ],
      "preparation_seconds": 41.564246724999975,
      "process_pid": 73819,
      "provider": "custom",
      "ru_maxrss_kib": 2327648,
      "scientific_certification_seconds": 1.526000050944276e-05,
      "scientific_observables": {},
      "solver_peak_rss_delta_kib": 1010580,
      "solver_peak_rss_kib": 2327648,
      "solver_route": "fused_stepwise",
      "solver_start_rss_kib": 1317068,
      "status": 0,
      "stopping_reason": "converged",
      "success": true,
      "warm_seconds": 0.029182248003053246,
      "warm_transfer_audit": [
        {
          "bytes": 8700,
          "calls": 15,
          "leaves": 15,
          "phase": "final_result"
        }
      ],
      "work_counters": {
        "accepted_iterations": 12,
        "advance_observations": 0,
        "objective_evaluations": 15,
        "transfer_bytes": 8700,
        "transfer_calls": 15,
        "transfer_leaves": 15
      }
    },
    {
      "algorithm_memory_contract": null,
      "case": "coil47",
      "certificate": "source-owned VMEC-free coil physics; native/JAX objective parity",
      "cold_seconds": 9.180207153000083,
      "constraint_norm": null,
      "device": "gpu",
      "device_identity": {
        "backend": "gpu",
        "compute_capability": "8.0",
        "cuda_version": "PJRT C API\ncuda 12090",
        "device_id": 0,
        "device_kind": "NVIDIA A100-PCIE-40GB",
        "driver_version": "470.256.02",
        "gpu_model": "NVIDIA A100-PCIE-40GB",
        "gpu_uuid": "GPU-250014ca-8cb3-bdcd-ad1d-2f6f64529b8d",
        "hostname": "landau",
        "jax_device": "cuda:0",
        "platform": "gpu",
        "process_index": 0,
        "requested_device": "gpu",
        "scheduler_job_id": null,
        "total_memory_bytes": 42505076736,
        "visible_devices": "GPU-250014ca-8cb3-bdcd-ad1d-2f6f64529b8d"
      },
      "diagnostic_artifacts": {
        "memory_trace": "gpu_memory.json",
        "trial_trace": null
      },
      "dimension": 47,
      "endpoint_certificate": {
        "constraints_satisfied": true,
        "initial_stationary": false,
        "stopping_reason": "converged",
        "success": true,
        "terminal_stationary": true
      },
      "evaluations": null,
      "final_gradient_inf_norm": 1.8156805160936262e-11,
      "final_objective": 0.137862632844302,
      "final_parameters": [
        1.0000013846254774,
        1.0000261917923243,
        0.991434292750229,
        0.003857781630124667,
        0.5947624824555502,
        0.007530702242724716,
        -7.780145027132296e-05,
        0.13037664031063828,
        -0.005148727489040772,
        0.07799572250295458,
        -0.0019781884901173296,
        -0.00014920135176132464,
        -0.0048484284457837815,
        -0.6000609290271182,
        -0.0031518007850068717,
        0.0001574936048180682,
        -0.002362153726698187,
        0.9238758394984015,
        0.0003209619542306446,
        0.5543318992743561,
        -0.000850419311647664,
        -2.8922185668398648e-06,
        0.38268198397651576,
        -0.0007749075709398579,
        0.22961174186701835,
        0.0020533122575118303,
        -1.202632430194322e-06,
        -2.347879714440728e-08,
        -0.5999991523387485,
        1.406807649595444e-08,
        -1.0164748529392736e-07,
        -6.045242715480663e-08,
        0.7932401118512246,
        0.000912806750891052,
        0.47571177335678627,
        -0.0039261866349444285,
        -0.00016042063849062865,
        0.6088598791274892,
        -0.006368435068402312,
        0.3654091237030707,
        -0.006723611570917881,
        5.038223775680216e-05,
        0.004848293912716807,
        -0.6000608913317174,
        0.0031517461693203685,
        0.00015744369636577974,
        0.0023621438339007025
      ],
      "first_execution_seconds": 0.6449814020015765,
      "fixture_build_peak_rss_kib": 1116100,
      "fixture_build_seconds": 4.577274874001887,
      "fixture_contract": {
        "certificate": "source-owned VMEC-free coil physics; native/JAX objective parity",
        "expected_initial_observables": {
          "gradient_inf_norm": 0.003746923674450162,
          "objective": 0.13792118300896355
        },
        "final_certificate_fields": {
          "evaluations": null,
          "final_gradient_inf_norm": 1.8156805160936262e-11,
          "final_objective": 0.137862632844302,
          "final_parameters": [
            1.0000013846254774,
            1.0000261917923243,
            0.991434292750229,
            0.003857781630124667,
            0.5947624824555502,
            0.007530702242724716,
            -7.780145027132296e-05,
            0.13037664031063828,
            -0.005148727489040772,
            0.07799572250295458,
            -0.0019781884901173296,
            -0.00014920135176132464,
            -0.0048484284457837815,
            -0.6000609290271182,
            -0.0031518007850068717,
            0.0001574936048180682,
            -0.002362153726698187,
            0.9238758394984015,
            0.0003209619542306446,
            0.5543318992743561,
            -0.000850419311647664,
            -2.8922185668398648e-06,
            0.38268198397651576,
            -0.0007749075709398579,
            0.22961174186701835,
            0.0020533122575118303,
            -1.202632430194322e-06,
            -2.347879714440728e-08,
            -0.5999991523387485,
            1.406807649595444e-08,
            -1.0164748529392736e-07,
            -6.045242715480663e-08,
            0.7932401118512246,
            0.000912806750891052,
            0.47571177335678627,
            -0.0039261866349444285,
            -0.00016042063849062865,
            0.6088598791274892,
            -0.006368435068402312,
            0.3654091237030707,
            -0.006723611570917881,
            5.038223775680216e-05,
            0.004848293912716807,
            -0.6000608913317174,
            0.0031517461693203685,
            0.00015744369636577974,
            0.0023621438339007025
          ],
          "iterations": 15,
          "status": 0,
          "stopping_reason": "converged",
          "success": true
        },
        "fixture_metadata": {
          "current_value": 100000.0,
          "curve_count": 3,
          "curve_order": 2,
          "curve_quadpoints": 16,
          "dtype": "float64",
          "fixed_current_index": 0,
          "native_objective_provider": "simsopt.field.BiotSavart + simsopt.objectives.SquaredFlux",
          "objective_definition": "quadratic flux",
          "seed": 0,
          "source_example": "examples/jax/3_Advanced/single_stage_optimization.py",
          "surface_kind": "analytic_surface_rz_fourier",
          "surface_mpol": 1,
          "surface_nfp": 4,
          "surface_ntor": 1,
          "surface_quadpoints": 8,
          "target_max": 0.2,
          "target_min": 0.1
        },
        "generator_path": "benchmarks/fixtures/custom_quasi_newton.py",
        "generator_sha256": "7b8e1543265f8db62a627e5292762b6464a8b6960187857022fc08c6a9785ff2",
        "initial_parameters": [
          1.0,
          1.0,
          0.9914448613738104,
          0.0,
          0.5948669168242862,
          0.0,
          0.0,
          0.13052619222005157,
          0.0,
          0.07831571533203094,
          0.0,
          0.0,
          0.0,
          -0.6,
          0.0,
          0.0,
          0.0,
          0.9238795325112867,
          0.0,
          0.5543277195067721,
          0.0,
          0.0,
          0.3826834323650898,
          0.0,
          0.22961005941905385,
          0.0,
          0.0,
          0.0,
          -0.6,
          0.0,
          0.0,
          0.0,
          0.7933533402912352,
          0.0,
          0.4760120041747411,
          0.0,
          0.0,
          0.6087614290087207,
          0.0,
          0.3652568574052324,
          0.0,
          0.0,
          0.0,
          -0.6,
          0.0,
          0.0,
          0.0
        ],
        "solver_options": {
          "device": "gpu",
          "ftol": 0.0,
          "gtol": 1e-10,
          "intent": "fast",
          "maxcor": 10,
          "maxfun": null,
          "maxiter": 20,
          "maxls": 20,
          "method": "lbfgs"
        },
        "source_path": "examples/jax/3_Advanced/single_stage_optimization.py",
        "source_sha256": "00f2f9b45a2a1c5fc7136952818e19d649f20e141d4e626ed9a8c18e8114287e",
        "tolerances": {
          "gradient_inf_norm_abs": 1e-08,
          "objective_abs": 1e-12,
          "objective_rel": 1e-10,
          "parameters_abs": 1e-10
        }
      },
      "fixture_metadata": [
        [
          "source_example",
          "examples/jax/3_Advanced/single_stage_optimization.py"
        ],
        [
          "surface_kind",
          "analytic_surface_rz_fourier"
        ],
        [
          "surface_nfp",
          4
        ],
        [
          "surface_mpol",
          1
        ],
        [
          "surface_ntor",
          1
        ],
        [
          "surface_quadpoints",
          8
        ],
        [
          "curve_count",
          3
        ],
        [
          "curve_order",
          2
        ],
        [
          "curve_quadpoints",
          16
        ],
        [
          "current_value",
          100000.0
        ],
        [
          "fixed_current_index",
          0
        ],
        [
          "objective_definition",
          "quadratic flux"
        ],
        [
          "native_objective_provider",
          "simsopt.field.BiotSavart + simsopt.objectives.SquaredFlux"
        ],
        [
          "target_min",
          0.1
        ],
        [
          "target_max",
          0.2
        ],
        [
          "dtype",
          "float64"
        ],
        [
          "seed",
          0
        ]
      ],
      "initial_gradient_inf_norm": 0.003746923674450162,
      "initial_objective": 0.13792118300896355,
      "initial_parameters": [
        1.0,
        1.0,
        0.9914448613738104,
        0.0,
        0.5948669168242862,
        0.0,
        0.0,
        0.13052619222005157,
        0.0,
        0.07831571533203094,
        0.0,
        0.0,
        0.0,
        -0.6,
        0.0,
        0.0,
        0.0,
        0.9238795325112867,
        0.0,
        0.5543277195067721,
        0.0,
        0.0,
        0.3826834323650898,
        0.0,
        0.22961005941905385,
        0.0,
        0.0,
        0.0,
        -0.6,
        0.0,
        0.0,
        0.0,
        0.7933533402912352,
        0.0,
        0.4760120041747411,
        0.0,
        0.0,
        0.6087614290087207,
        0.0,
        0.3652568574052324,
        0.0,
        0.0,
        0.0,
        -0.6,
        0.0,
        0.0,
        0.0
      ],
      "inner_success": true,
      "intent": "fast",
      "iterations": 15,
      "maxcor": 10,
      "maxiter": 20,
      "method": "lbfgs",
      "observables_finite": true,
      "parameters_finite": true,
      "peak_rss_kib": 1503520,
      "peak_rss_scope": "self_proc_status_phase_max",
      "peak_vram_mib": 472,
      "phase_rss": [
        {
          "end_rss_kib": 1116100,
          "peak_rss_kib": 1116100,
          "phase": "fixture_build",
          "sample_count": 388,
          "scope": "self_proc_status_poll_10ms",
          "start_rss_kib": 671004
        },
        {
          "end_rss_kib": 1502324,
          "peak_rss_kib": 1502344,
          "phase": "preparation",
          "sample_count": 756,
          "scope": "self_proc_status_poll_10ms",
          "start_rss_kib": 1319036
        },
        {
          "end_rss_kib": 1503520,
          "peak_rss_kib": 1503520,
          "phase": "cold_solver",
          "sample_count": 59,
          "scope": "self_proc_status_poll_10ms",
          "start_rss_kib": 1502324
        },
        {
          "end_rss_kib": 1503520,
          "peak_rss_kib": 1503520,
          "phase": "warm_solver",
          "sample_count": 8,
          "scope": "self_proc_status_poll_10ms",
          "start_rss_kib": 1503520
        }
      ],
      "preparation_seconds": 8.535225750998507,
      "process_pid": 75104,
      "provider": "optax",
      "ru_maxrss_kib": 1503524,
      "scientific_certification_seconds": 3.805000233114697e-05,
      "scientific_observables": {},
      "solver_peak_rss_delta_kib": 183308,
      "solver_peak_rss_kib": 1503520,
      "solver_route": "optax_lbfgs",
      "solver_start_rss_kib": 1319036,
      "status": 0,
      "stopping_reason": "converged",
      "success": true,
      "warm_seconds": 0.07114202299999306,
      "warm_transfer_audit": [],
      "work_counters": {
        "accepted_iterations": 15,
        "advance_observations": 0,
        "objective_evaluations": null,
        "transfer_bytes": 0,
        "transfer_calls": 0,
        "transfer_leaves": 0
      }
    }
  ],
  "method": "lbfgs",
  "numpy_version": "2.4.6",
  "optax_version": "0.2.8",
  "orchestrator_git_clean": true,
  "provider_child": false,
  "provider_child_rss_limit_kib": 8388608,
  "provider_child_term_grace_seconds": 5,
  "provider_child_timeout_seconds": 120,
  "provider_children": [
    {
      "device_identity": {
        "backend": "gpu",
        "compute_capability": "8.0",
        "cuda_version": "PJRT C API\ncuda 12090",
        "device_id": 0,
        "device_kind": "NVIDIA A100-PCIE-40GB",
        "driver_version": "470.256.02",
        "gpu_model": "NVIDIA A100-PCIE-40GB",
        "gpu_uuid": "GPU-250014ca-8cb3-bdcd-ad1d-2f6f64529b8d",
        "hostname": "landau",
        "jax_device": "cuda:0",
        "platform": "gpu",
        "process_index": 0,
        "requested_device": "gpu",
        "scheduler_job_id": null,
        "total_memory_bytes": 42505076736,
        "visible_devices": "GPU-250014ca-8cb3-bdcd-ad1d-2f6f64529b8d"
      },
      "git_clean": true,
      "git_commit": "63638856f195166bbf8453ab52629e4bfdfc6898",
      "gpu_memory_path": "custom/gpu_memory.json",
      "gpu_memory_sha256": "8dc6b16b72d457e0debf3276ce40ed509330d66e48720eaf8c94503038679555",
      "measurement_count": 1,
      "measurements_path": "custom/measurements.json",
      "measurements_sha256": "96e94f8383b3b003d87e73031c388c66355be3a702f3e829c1f1d4ae1b17c9f3",
      "method": "lbfgs",
      "provider": "custom",
      "requested_device": "gpu",
      "runtime_environment": {
        "JAX_ENABLE_X64": "true",
        "JAX_PLATFORMS": "cuda",
        "SIMSOPT_BACKEND_MODE": "jax_gpu_fast",
        "SIMSOPT_BACKEND_STRICT": "1",
        "SIMSOPT_PRECISION": "fp64",
        "XLA_PYTHON_CLIENT_ALLOCATOR": "platform",
        "XLA_PYTHON_CLIENT_MEM_FRACTION": null,
        "XLA_PYTHON_CLIENT_PREALLOCATE": "false"
      }
    },
    {
      "device_identity": {
        "backend": "gpu",
        "compute_capability": "8.0",
        "cuda_version": "PJRT C API\ncuda 12090",
        "device_id": 0,
        "device_kind": "NVIDIA A100-PCIE-40GB",
        "driver_version": "470.256.02",
        "gpu_model": "NVIDIA A100-PCIE-40GB",
        "gpu_uuid": "GPU-250014ca-8cb3-bdcd-ad1d-2f6f64529b8d",
        "hostname": "landau",
        "jax_device": "cuda:0",
        "platform": "gpu",
        "process_index": 0,
        "requested_device": "gpu",
        "scheduler_job_id": null,
        "total_memory_bytes": 42505076736,
        "visible_devices": "GPU-250014ca-8cb3-bdcd-ad1d-2f6f64529b8d"
      },
      "git_clean": true,
      "git_commit": "63638856f195166bbf8453ab52629e4bfdfc6898",
      "gpu_memory_path": "optax/gpu_memory.json",
      "gpu_memory_sha256": "62708d0b05c9cdb655e451a5972e8838fe23aa346a7f1923d64675f7b36a3fbc",
      "measurement_count": 1,
      "measurements_path": "optax/measurements.json",
      "measurements_sha256": "c3487123fd7e21af56bb4493d71a9e66436c6e42742397ec04609b600d56e537",
      "method": "lbfgs",
      "provider": "optax",
      "requested_device": "gpu",
      "runtime_environment": {
        "JAX_ENABLE_X64": "true",
        "JAX_PLATFORMS": "cuda",
        "SIMSOPT_BACKEND_MODE": "jax_gpu_fast",
        "SIMSOPT_BACKEND_STRICT": "1",
        "SIMSOPT_PRECISION": "fp64",
        "XLA_PYTHON_CLIENT_ALLOCATOR": "platform",
        "XLA_PYTHON_CLIENT_MEM_FRACTION": null,
        "XLA_PYTHON_CLIENT_PREALLOCATE": "false"
      }
    }
  ],
  "python_version": "3.11.15",
  "requested_device": "gpu",
  "runtime_environment": {
    "JAX_ENABLE_X64": "true",
    "JAX_PLATFORMS": "cuda",
    "SIMSOPT_BACKEND_MODE": "jax_gpu_fast",
    "SIMSOPT_BACKEND_STRICT": "1",
    "SIMSOPT_PRECISION": "fp64",
    "XLA_PYTHON_CLIENT_ALLOCATOR": "platform",
    "XLA_PYTHON_CLIENT_MEM_FRACTION": null,
    "XLA_PYTHON_CLIENT_PREALLOCATE": "false"
  },
  "schema_version": 9,
  "scipy_version": "1.17.1"
}
