{
  "argv": [
    "benchmarks/custom_quasi_newton_runtime.py",
    "--device",
    "gpu",
    "--intent",
    "fast",
    "--providers",
    "custom,optax",
    "--cases",
    "coil47",
    "--method",
    "lbfgs",
    "--maxiter",
    "20",
    "--output",
    "/mnt/homes_global/jdsuh/qn-a100/artifacts/coil47-fused-optax-a100-qualification/round-2"
  ],
  "backend": "gpu",
  "device_identity": {
    "backend": "gpu",
    "compute_capability": "8.0",
    "cuda_version": "PJRT C API\ncuda 12090",
    "device_id": 0,
    "device_kind": "NVIDIA A100-PCIE-40GB",
    "driver_version": "470.256.02",
    "gpu_model": "NVIDIA A100-PCIE-40GB",
    "gpu_uuid": "GPU-250014ca-8cb3-bdcd-ad1d-2f6f64529b8d",
    "hostname": "landau",
    "jax_device": "cuda:0",
    "platform": "gpu",
    "process_index": 0,
    "requested_device": "gpu",
    "scheduler_job_id": null,
    "total_memory_bytes": 42505076736,
    "visible_devices": "GPU-250014ca-8cb3-bdcd-ad1d-2f6f64529b8d"
  },
  "devices": [
    "cuda:0"
  ],
  "git_clean": true,
  "git_commit": "55745feaf939bb5b0c40fa85493e72ec506ac41a",
  "jax_version": "0.10.0",
  "jaxlib_version": "0.10.0",
  "measurements": [
    {
      "algorithm_memory_contract": null,
      "case": "coil47",
      "certificate": "source-owned VMEC-free coil physics; native/JAX objective parity",
      "cold_seconds": 31.227493526000217,
      "constraint_norm": null,
      "device": "gpu",
      "device_identity": {
        "backend": "gpu",
        "compute_capability": "8.0",
        "cuda_version": "PJRT C API\ncuda 12090",
        "device_id": 0,
        "device_kind": "NVIDIA A100-PCIE-40GB",
        "driver_version": "470.256.02",
        "gpu_model": "NVIDIA A100-PCIE-40GB",
        "gpu_uuid": "GPU-250014ca-8cb3-bdcd-ad1d-2f6f64529b8d",
        "hostname": "landau",
        "jax_device": "cuda:0",
        "platform": "gpu",
        "process_index": 0,
        "requested_device": "gpu",
        "scheduler_job_id": null,
        "total_memory_bytes": 42505076736,
        "visible_devices": "GPU-250014ca-8cb3-bdcd-ad1d-2f6f64529b8d"
      },
      "diagnostic_artifacts": {
        "memory_trace": "gpu_memory.json",
        "trial_trace": null
      },
      "dimension": 47,
      "endpoint_certificate": {
        "constraints_satisfied": true,
        "initial_stationary": false,
        "stopping_reason": "converged",
        "success": true,
        "terminal_stationary": true
      },
      "evaluations": 20,
      "final_gradient_inf_norm": 7.941267892840748e-10,
      "final_objective": 0.137862632844302,
      "final_parameters": [
        1.0000024716251215,
        0.9999934702627612,
        0.9914891606542312,
        0.0038629128596964477,
        0.5948009010631915,
        0.007538967137129702,
        -7.722140094718032e-05,
        0.13050867039319147,
        -0.005155369642155674,
        0.0780491516029279,
        -0.0019850230809815277,
        -0.00016328590256450894,
        -0.004852773289714212,
        -0.6001677933180569,
        -0.0031555743508259668,
        0.00010375558925612438,
        -0.0023658705525847904,
        0.923871946918423,
        0.0003212213670550263,
        0.5543354270524432,
        -0.0008518371215535819,
        -3.2055310512073187e-06,
        0.38268031829318755,
        -0.0007755043837816146,
        0.22961325037592217,
        0.0020565039366353204,
        -1.3356361827883934e-06,
        9.710194494528566e-09,
        -0.5999998253273181,
        2.8673884190014883e-09,
        3.712046261649433e-06,
        -5.050272547048605e-09,
        0.7933721853978744,
        0.0009139049229975284,
        0.47577678084830993,
        -0.003927247528536971,
        -0.00017005395375751188,
        0.6088052745926097,
        -0.006376929186686356,
        0.3653986569879161,
        -0.0067345054583439114,
        6.08530646444358e-05,
        0.004852785358322167,
        -0.6001674883391709,
        0.003155597569627939,
        0.00010373606426169434,
        0.002365884007726903
      ],
      "first_execution_seconds": 0.10957869600042613,
      "fixture_build_peak_rss_kib": 1117928,
      "fixture_build_seconds": 4.328149046000362,
      "fixture_contract": {
        "certificate": "source-owned VMEC-free coil physics; native/JAX objective parity",
        "expected_initial_observables": {
          "gradient_inf_norm": 0.003746923674450162,
          "objective": 0.13792118300896355
        },
        "final_certificate_fields": {
          "evaluations": 20,
          "final_gradient_inf_norm": 7.941267892840748e-10,
          "final_objective": 0.137862632844302,
          "final_parameters": [
            1.0000024716251215,
            0.9999934702627612,
            0.9914891606542312,
            0.0038629128596964477,
            0.5948009010631915,
            0.007538967137129702,
            -7.722140094718032e-05,
            0.13050867039319147,
            -0.005155369642155674,
            0.0780491516029279,
            -0.0019850230809815277,
            -0.00016328590256450894,
            -0.004852773289714212,
            -0.6001677933180569,
            -0.0031555743508259668,
            0.00010375558925612438,
            -0.0023658705525847904,
            0.923871946918423,
            0.0003212213670550263,
            0.5543354270524432,
            -0.0008518371215535819,
            -3.2055310512073187e-06,
            0.38268031829318755,
            -0.0007755043837816146,
            0.22961325037592217,
            0.0020565039366353204,
            -1.3356361827883934e-06,
            9.710194494528566e-09,
            -0.5999998253273181,
            2.8673884190014883e-09,
            3.712046261649433e-06,
            -5.050272547048605e-09,
            0.7933721853978744,
            0.0009139049229975284,
            0.47577678084830993,
            -0.003927247528536971,
            -0.00017005395375751188,
            0.6088052745926097,
            -0.006376929186686356,
            0.3653986569879161,
            -0.0067345054583439114,
            6.08530646444358e-05,
            0.004852785358322167,
            -0.6001674883391709,
            0.003155597569627939,
            0.00010373606426169434,
            0.002365884007726903
          ],
          "iterations": 14,
          "status": 0,
          "stopping_reason": "converged",
          "success": true
        },
        "fixture_metadata": {
          "current_value": 100000.0,
          "curve_count": 3,
          "curve_order": 2,
          "curve_quadpoints": 16,
          "dtype": "float64",
          "fixed_current_index": 0,
          "native_objective_provider": "simsopt.field.BiotSavart + simsopt.objectives.SquaredFlux",
          "objective_definition": "quadratic flux",
          "seed": 0,
          "source_example": "examples/jax/3_Advanced/single_stage_optimization.py",
          "surface_kind": "analytic_surface_rz_fourier",
          "surface_mpol": 1,
          "surface_nfp": 4,
          "surface_ntor": 1,
          "surface_quadpoints": 8,
          "target_max": 0.2,
          "target_min": 0.1
        },
        "generator_path": "benchmarks/fixtures/custom_quasi_newton.py",
        "generator_sha256": "7b8e1543265f8db62a627e5292762b6464a8b6960187857022fc08c6a9785ff2",
        "initial_parameters": [
          1.0,
          1.0,
          0.9914448613738104,
          0.0,
          0.5948669168242862,
          0.0,
          0.0,
          0.13052619222005157,
          0.0,
          0.07831571533203094,
          0.0,
          0.0,
          0.0,
          -0.6,
          0.0,
          0.0,
          0.0,
          0.9238795325112867,
          0.0,
          0.5543277195067721,
          0.0,
          0.0,
          0.3826834323650898,
          0.0,
          0.22961005941905385,
          0.0,
          0.0,
          0.0,
          -0.6,
          0.0,
          0.0,
          0.0,
          0.7933533402912352,
          0.0,
          0.4760120041747411,
          0.0,
          0.0,
          0.6087614290087207,
          0.0,
          0.3652568574052324,
          0.0,
          0.0,
          0.0,
          -0.6,
          0.0,
          0.0,
          0.0
        ],
        "solver_options": {
          "device": "gpu",
          "ftol": 0.0,
          "gtol": 1e-10,
          "intent": "fast",
          "maxcor": 10,
          "maxfun": null,
          "maxiter": 20,
          "maxls": 20,
          "method": "lbfgs"
        },
        "source_path": "examples/jax/3_Advanced/single_stage_optimization.py",
        "source_sha256": "00f2f9b45a2a1c5fc7136952818e19d649f20e141d4e626ed9a8c18e8114287e",
        "tolerances": {
          "gradient_inf_norm_abs": 1e-08,
          "objective_abs": 1e-12,
          "objective_rel": 1e-10,
          "parameters_abs": 1e-10
        }
      },
      "fixture_metadata": [
        [
          "source_example",
          "examples/jax/3_Advanced/single_stage_optimization.py"
        ],
        [
          "surface_kind",
          "analytic_surface_rz_fourier"
        ],
        [
          "surface_nfp",
          4
        ],
        [
          "surface_mpol",
          1
        ],
        [
          "surface_ntor",
          1
        ],
        [
          "surface_quadpoints",
          8
        ],
        [
          "curve_count",
          3
        ],
        [
          "curve_order",
          2
        ],
        [
          "curve_quadpoints",
          16
        ],
        [
          "current_value",
          100000.0
        ],
        [
          "fixed_current_index",
          0
        ],
        [
          "objective_definition",
          "quadratic flux"
        ],
        [
          "native_objective_provider",
          "simsopt.field.BiotSavart + simsopt.objectives.SquaredFlux"
        ],
        [
          "target_min",
          0.1
        ],
        [
          "target_max",
          0.2
        ],
        [
          "dtype",
          "float64"
        ],
        [
          "seed",
          0
        ]
      ],
      "initial_gradient_inf_norm": 0.003746923674450162,
      "initial_objective": 0.13792118300896355,
      "initial_parameters": [
        1.0,
        1.0,
        0.9914448613738104,
        0.0,
        0.5948669168242862,
        0.0,
        0.0,
        0.13052619222005157,
        0.0,
        0.07831571533203094,
        0.0,
        0.0,
        0.0,
        -0.6,
        0.0,
        0.0,
        0.0,
        0.9238795325112867,
        0.0,
        0.5543277195067721,
        0.0,
        0.0,
        0.3826834323650898,
        0.0,
        0.22961005941905385,
        0.0,
        0.0,
        0.0,
        -0.6,
        0.0,
        0.0,
        0.0,
        0.7933533402912352,
        0.0,
        0.4760120041747411,
        0.0,
        0.0,
        0.6087614290087207,
        0.0,
        0.3652568574052324,
        0.0,
        0.0,
        0.0,
        -0.6,
        0.0,
        0.0,
        0.0
      ],
      "inner_success": true,
      "intent": "fast",
      "iterations": 14,
      "maxcor": 10,
      "maxiter": 20,
      "method": "lbfgs",
      "observables_finite": true,
      "parameters_finite": true,
      "peak_rss_kib": 2235088,
      "peak_rss_scope": "self_proc_status_phase_max",
      "peak_vram_mib": 526,
      "phase_rss": [
        {
          "end_rss_kib": 1117924,
          "peak_rss_kib": 1117924,
          "phase": "fixture_build",
          "sample_count": 372,
          "scope": "self_proc_status_poll_10ms",
          "start_rss_kib": 670640
        },
        {
          "end_rss_kib": 2227352,
          "peak_rss_kib": 2235088,
          "phase": "preparation",
          "sample_count": 2731,
          "scope": "self_proc_status_poll_10ms",
          "start_rss_kib": 1321932
        },
        {
          "end_rss_kib": 2227736,
          "peak_rss_kib": 2227736,
          "phase": "cold_solver",
          "sample_count": 12,
          "scope": "self_proc_status_poll_10ms",
          "start_rss_kib": 2227352
        },
        {
          "end_rss_kib": 2227784,
          "peak_rss_kib": 2227784,
          "phase": "warm_solver",
          "sample_count": 10,
          "scope": "self_proc_status_poll_10ms",
          "start_rss_kib": 2227736
        }
      ],
      "preparation_seconds": 31.11791482999979,
      "process_pid": 19006,
      "provider": "custom",
      "ru_maxrss_kib": 2235088,
      "scientific_certification_seconds": 1.2949999472766649e-05,
      "scientific_observables": {},
      "solver_peak_rss_delta_kib": 913156,
      "solver_peak_rss_kib": 2235088,
      "solver_route": "fused_stepwise",
      "solver_start_rss_kib": 1321932,
      "status": 0,
      "stopping_reason": "converged",
      "success": true,
      "warm_seconds": 0.08590557999923476,
      "warm_transfer_audit": [
        {
          "bytes": 8700,
          "calls": 15,
          "leaves": 15,
          "phase": "final_result"
        }
      ],
      "work_counters": {
        "accepted_iterations": 14,
        "advance_observations": 0,
        "objective_evaluations": 20,
        "transfer_bytes": 8700,
        "transfer_calls": 15,
        "transfer_leaves": 15
      }
    },
    {
      "algorithm_memory_contract": null,
      "case": "coil47",
      "certificate": "source-owned VMEC-free coil physics; native/JAX objective parity",
      "cold_seconds": 8.275051244000679,
      "constraint_norm": null,
      "device": "gpu",
      "device_identity": {
        "backend": "gpu",
        "compute_capability": "8.0",
        "cuda_version": "PJRT C API\ncuda 12090",
        "device_id": 0,
        "device_kind": "NVIDIA A100-PCIE-40GB",
        "driver_version": "470.256.02",
        "gpu_model": "NVIDIA A100-PCIE-40GB",
        "gpu_uuid": "GPU-250014ca-8cb3-bdcd-ad1d-2f6f64529b8d",
        "hostname": "landau",
        "jax_device": "cuda:0",
        "platform": "gpu",
        "process_index": 0,
        "requested_device": "gpu",
        "scheduler_job_id": null,
        "total_memory_bytes": 42505076736,
        "visible_devices": "GPU-250014ca-8cb3-bdcd-ad1d-2f6f64529b8d"
      },
      "diagnostic_artifacts": {
        "memory_trace": "gpu_memory.json",
        "trial_trace": null
      },
      "dimension": 47,
      "endpoint_certificate": {
        "constraints_satisfied": true,
        "initial_stationary": false,
        "stopping_reason": "converged",
        "success": true,
        "terminal_stationary": true
      },
      "evaluations": null,
      "final_gradient_inf_norm": 1.8156831832309706e-11,
      "final_objective": 0.13786263284430203,
      "final_parameters": [
        1.000001384625478,
        1.0000261917923232,
        0.9914342927502304,
        0.003857781630124657,
        0.5947624824555511,
        0.007530702242725037,
        -7.780145027144117e-05,
        0.13037664031063945,
        -0.005148727489040962,
        0.07799572250295514,
        -0.001978188490117386,
        -0.00014920135176175176,
        -0.004848428445783838,
        -0.6000609290271182,
        -0.003151800785006997,
        0.0001574936048171866,
        -0.0023621537266983014,
        0.9238758394984011,
        0.00032096195423064657,
        0.5543318992743561,
        -0.0008504193116476795,
        -2.8922185671402277e-06,
        0.3826819839765154,
        -0.0007749075709397726,
        0.2296117418670183,
        0.0020533122575119235,
        -1.2026324302138416e-06,
        -2.3478796912762134e-08,
        -0.5999991523387482,
        1.4068076420922927e-08,
        -1.0164748557591263e-07,
        -6.04524271903845e-08,
        0.7932401118512262,
        0.0009128067508911025,
        0.4757117733567873,
        -0.003926186634944339,
        -0.00016042063849044255,
        0.608859879127489,
        -0.006368435068402343,
        0.36540912370307077,
        -0.006723611570918098,
        5.038223775697829e-05,
        0.0048482939127167226,
        -0.6000608913317166,
        0.0031517461693203724,
        0.00015744369636477048,
        0.002362143833900808
      ],
      "first_execution_seconds": 0.6178509110004597,
      "fixture_build_peak_rss_kib": 1121792,
      "fixture_build_seconds": 4.344554750000498,
      "fixture_contract": {
        "certificate": "source-owned VMEC-free coil physics; native/JAX objective parity",
        "expected_initial_observables": {
          "gradient_inf_norm": 0.003746923674450162,
          "objective": 0.13792118300896355
        },
        "final_certificate_fields": {
          "evaluations": null,
          "final_gradient_inf_norm": 1.8156831832309706e-11,
          "final_objective": 0.13786263284430203,
          "final_parameters": [
            1.000001384625478,
            1.0000261917923232,
            0.9914342927502304,
            0.003857781630124657,
            0.5947624824555511,
            0.007530702242725037,
            -7.780145027144117e-05,
            0.13037664031063945,
            -0.005148727489040962,
            0.07799572250295514,
            -0.001978188490117386,
            -0.00014920135176175176,
            -0.004848428445783838,
            -0.6000609290271182,
            -0.003151800785006997,
            0.0001574936048171866,
            -0.0023621537266983014,
            0.9238758394984011,
            0.00032096195423064657,
            0.5543318992743561,
            -0.0008504193116476795,
            -2.8922185671402277e-06,
            0.3826819839765154,
            -0.0007749075709397726,
            0.2296117418670183,
            0.0020533122575119235,
            -1.2026324302138416e-06,
            -2.3478796912762134e-08,
            -0.5999991523387482,
            1.4068076420922927e-08,
            -1.0164748557591263e-07,
            -6.04524271903845e-08,
            0.7932401118512262,
            0.0009128067508911025,
            0.4757117733567873,
            -0.003926186634944339,
            -0.00016042063849044255,
            0.608859879127489,
            -0.006368435068402343,
            0.36540912370307077,
            -0.006723611570918098,
            5.038223775697829e-05,
            0.0048482939127167226,
            -0.6000608913317166,
            0.0031517461693203724,
            0.00015744369636477048,
            0.002362143833900808
          ],
          "iterations": 15,
          "status": 0,
          "stopping_reason": "converged",
          "success": true
        },
        "fixture_metadata": {
          "current_value": 100000.0,
          "curve_count": 3,
          "curve_order": 2,
          "curve_quadpoints": 16,
          "dtype": "float64",
          "fixed_current_index": 0,
          "native_objective_provider": "simsopt.field.BiotSavart + simsopt.objectives.SquaredFlux",
          "objective_definition": "quadratic flux",
          "seed": 0,
          "source_example": "examples/jax/3_Advanced/single_stage_optimization.py",
          "surface_kind": "analytic_surface_rz_fourier",
          "surface_mpol": 1,
          "surface_nfp": 4,
          "surface_ntor": 1,
          "surface_quadpoints": 8,
          "target_max": 0.2,
          "target_min": 0.1
        },
        "generator_path": "benchmarks/fixtures/custom_quasi_newton.py",
        "generator_sha256": "7b8e1543265f8db62a627e5292762b6464a8b6960187857022fc08c6a9785ff2",
        "initial_parameters": [
          1.0,
          1.0,
          0.9914448613738104,
          0.0,
          0.5948669168242862,
          0.0,
          0.0,
          0.13052619222005157,
          0.0,
          0.07831571533203094,
          0.0,
          0.0,
          0.0,
          -0.6,
          0.0,
          0.0,
          0.0,
          0.9238795325112867,
          0.0,
          0.5543277195067721,
          0.0,
          0.0,
          0.3826834323650898,
          0.0,
          0.22961005941905385,
          0.0,
          0.0,
          0.0,
          -0.6,
          0.0,
          0.0,
          0.0,
          0.7933533402912352,
          0.0,
          0.4760120041747411,
          0.0,
          0.0,
          0.6087614290087207,
          0.0,
          0.3652568574052324,
          0.0,
          0.0,
          0.0,
          -0.6,
          0.0,
          0.0,
          0.0
        ],
        "solver_options": {
          "device": "gpu",
          "ftol": 0.0,
          "gtol": 1e-10,
          "intent": "fast",
          "maxcor": 10,
          "maxfun": null,
          "maxiter": 20,
          "maxls": 20,
          "method": "lbfgs"
        },
        "source_path": "examples/jax/3_Advanced/single_stage_optimization.py",
        "source_sha256": "00f2f9b45a2a1c5fc7136952818e19d649f20e141d4e626ed9a8c18e8114287e",
        "tolerances": {
          "gradient_inf_norm_abs": 1e-08,
          "objective_abs": 1e-12,
          "objective_rel": 1e-10,
          "parameters_abs": 1e-10
        }
      },
      "fixture_metadata": [
        [
          "source_example",
          "examples/jax/3_Advanced/single_stage_optimization.py"
        ],
        [
          "surface_kind",
          "analytic_surface_rz_fourier"
        ],
        [
          "surface_nfp",
          4
        ],
        [
          "surface_mpol",
          1
        ],
        [
          "surface_ntor",
          1
        ],
        [
          "surface_quadpoints",
          8
        ],
        [
          "curve_count",
          3
        ],
        [
          "curve_order",
          2
        ],
        [
          "curve_quadpoints",
          16
        ],
        [
          "current_value",
          100000.0
        ],
        [
          "fixed_current_index",
          0
        ],
        [
          "objective_definition",
          "quadratic flux"
        ],
        [
          "native_objective_provider",
          "simsopt.field.BiotSavart + simsopt.objectives.SquaredFlux"
        ],
        [
          "target_min",
          0.1
        ],
        [
          "target_max",
          0.2
        ],
        [
          "dtype",
          "float64"
        ],
        [
          "seed",
          0
        ]
      ],
      "initial_gradient_inf_norm": 0.003746923674450162,
      "initial_objective": 0.13792118300896355,
      "initial_parameters": [
        1.0,
        1.0,
        0.9914448613738104,
        0.0,
        0.5948669168242862,
        0.0,
        0.0,
        0.13052619222005157,
        0.0,
        0.07831571533203094,
        0.0,
        0.0,
        0.0,
        -0.6,
        0.0,
        0.0,
        0.0,
        0.9238795325112867,
        0.0,
        0.5543277195067721,
        0.0,
        0.0,
        0.3826834323650898,
        0.0,
        0.22961005941905385,
        0.0,
        0.0,
        0.0,
        -0.6,
        0.0,
        0.0,
        0.0,
        0.7933533402912352,
        0.0,
        0.4760120041747411,
        0.0,
        0.0,
        0.6087614290087207,
        0.0,
        0.3652568574052324,
        0.0,
        0.0,
        0.0,
        -0.6,
        0.0,
        0.0,
        0.0
      ],
      "inner_success": true,
      "intent": "fast",
      "iterations": 15,
      "maxcor": 10,
      "maxiter": 20,
      "method": "lbfgs",
      "observables_finite": true,
      "parameters_finite": true,
      "peak_rss_kib": 1509228,
      "peak_rss_scope": "self_proc_status_phase_max",
      "peak_vram_mib": 742,
      "phase_rss": [
        {
          "end_rss_kib": 1121792,
          "peak_rss_kib": 1121792,
          "phase": "fixture_build",
          "sample_count": 376,
          "scope": "self_proc_status_poll_10ms",
          "start_rss_kib": 671748
        },
        {
          "end_rss_kib": 1508260,
          "peak_rss_kib": 1508276,
          "phase": "preparation",
          "sample_count": 678,
          "scope": "self_proc_status_poll_10ms",
          "start_rss_kib": 1336084
        },
        {
          "end_rss_kib": 1509228,
          "peak_rss_kib": 1509228,
          "phase": "cold_solver",
          "sample_count": 58,
          "scope": "self_proc_status_poll_10ms",
          "start_rss_kib": 1508260
        },
        {
          "end_rss_kib": 1509228,
          "peak_rss_kib": 1509228,
          "phase": "warm_solver",
          "sample_count": 8,
          "scope": "self_proc_status_poll_10ms",
          "start_rss_kib": 1509228
        }
      ],
      "preparation_seconds": 7.657200333000219,
      "process_pid": 20158,
      "provider": "optax",
      "ru_maxrss_kib": 1509236,
      "scientific_certification_seconds": 1.2770000466844067e-05,
      "scientific_observables": {},
      "solver_peak_rss_delta_kib": 172192,
      "solver_peak_rss_kib": 1509228,
      "solver_route": "optax_lbfgs",
      "solver_start_rss_kib": 1336072,
      "status": 0,
      "stopping_reason": "converged",
      "success": true,
      "warm_seconds": 0.06894282899975224,
      "warm_transfer_audit": [],
      "work_counters": {
        "accepted_iterations": 15,
        "advance_observations": 0,
        "objective_evaluations": null,
        "transfer_bytes": 0,
        "transfer_calls": 0,
        "transfer_leaves": 0
      }
    }
  ],
  "method": "lbfgs",
  "numpy_version": "2.4.6",
  "optax_version": "0.2.8",
  "orchestrator_git_clean": true,
  "provider_child": false,
  "provider_child_rss_limit_kib": 8388608,
  "provider_child_term_grace_seconds": 5,
  "provider_child_timeout_seconds": 120,
  "provider_children": [
    {
      "device_identity": {
        "backend": "gpu",
        "compute_capability": "8.0",
        "cuda_version": "PJRT C API\ncuda 12090",
        "device_id": 0,
        "device_kind": "NVIDIA A100-PCIE-40GB",
        "driver_version": "470.256.02",
        "gpu_model": "NVIDIA A100-PCIE-40GB",
        "gpu_uuid": "GPU-250014ca-8cb3-bdcd-ad1d-2f6f64529b8d",
        "hostname": "landau",
        "jax_device": "cuda:0",
        "platform": "gpu",
        "process_index": 0,
        "requested_device": "gpu",
        "scheduler_job_id": null,
        "total_memory_bytes": 42505076736,
        "visible_devices": "GPU-250014ca-8cb3-bdcd-ad1d-2f6f64529b8d"
      },
      "git_clean": true,
      "git_commit": "55745feaf939bb5b0c40fa85493e72ec506ac41a",
      "gpu_memory_path": "custom/gpu_memory.json",
      "gpu_memory_sha256": "de7a5190f67c90f20b53045a76072264e13ce5bc356ec6e0f62abcdb7d3c891b",
      "measurement_count": 1,
      "measurements_path": "custom/measurements.json",
      "measurements_sha256": "ddaf1bb28b032c4835264cbbc0c1baa08bdf54bb300271fa17901456d4b0f60b",
      "method": "lbfgs",
      "provider": "custom",
      "requested_device": "gpu",
      "runtime_environment": {
        "JAX_ENABLE_X64": "true",
        "JAX_PLATFORMS": "cuda",
        "SIMSOPT_BACKEND_MODE": "jax_gpu_fast",
        "SIMSOPT_BACKEND_STRICT": "1",
        "SIMSOPT_PRECISION": "fp64",
        "XLA_PYTHON_CLIENT_ALLOCATOR": "platform",
        "XLA_PYTHON_CLIENT_MEM_FRACTION": null,
        "XLA_PYTHON_CLIENT_PREALLOCATE": "false"
      }
    },
    {
      "device_identity": {
        "backend": "gpu",
        "compute_capability": "8.0",
        "cuda_version": "PJRT C API\ncuda 12090",
        "device_id": 0,
        "device_kind": "NVIDIA A100-PCIE-40GB",
        "driver_version": "470.256.02",
        "gpu_model": "NVIDIA A100-PCIE-40GB",
        "gpu_uuid": "GPU-250014ca-8cb3-bdcd-ad1d-2f6f64529b8d",
        "hostname": "landau",
        "jax_device": "cuda:0",
        "platform": "gpu",
        "process_index": 0,
        "requested_device": "gpu",
        "scheduler_job_id": null,
        "total_memory_bytes": 42505076736,
        "visible_devices": "GPU-250014ca-8cb3-bdcd-ad1d-2f6f64529b8d"
      },
      "git_clean": true,
      "git_commit": "55745feaf939bb5b0c40fa85493e72ec506ac41a",
      "gpu_memory_path": "optax/gpu_memory.json",
      "gpu_memory_sha256": "f77815b9e44f015584d9a7f8c7a5c1cde22443f17efa33c489da7729e342429a",
      "measurement_count": 1,
      "measurements_path": "optax/measurements.json",
      "measurements_sha256": "5fe0420ed0d1ff20a619c826a6686a091330145944a1495cec840b6ed1c66898",
      "method": "lbfgs",
      "provider": "optax",
      "requested_device": "gpu",
      "runtime_environment": {
        "JAX_ENABLE_X64": "true",
        "JAX_PLATFORMS": "cuda",
        "SIMSOPT_BACKEND_MODE": "jax_gpu_fast",
        "SIMSOPT_BACKEND_STRICT": "1",
        "SIMSOPT_PRECISION": "fp64",
        "XLA_PYTHON_CLIENT_ALLOCATOR": "platform",
        "XLA_PYTHON_CLIENT_MEM_FRACTION": null,
        "XLA_PYTHON_CLIENT_PREALLOCATE": "false"
      }
    }
  ],
  "python_version": "3.11.15",
  "requested_device": "gpu",
  "runtime_environment": {
    "JAX_ENABLE_X64": "true",
    "JAX_PLATFORMS": "cuda",
    "SIMSOPT_BACKEND_MODE": "jax_gpu_fast",
    "SIMSOPT_BACKEND_STRICT": "1",
    "SIMSOPT_PRECISION": "fp64",
    "XLA_PYTHON_CLIENT_ALLOCATOR": "platform",
    "XLA_PYTHON_CLIENT_MEM_FRACTION": null,
    "XLA_PYTHON_CLIENT_PREALLOCATE": "false"
  },
  "schema_version": 9,
  "scipy_version": "1.17.1"
}
