+ date -u
Mon 03 Aug 2026 09:19:35 PM UTC
+ hostname
landau
+ sha256sum /tmp/qn-receipt-archives-51.tgz
36741ba32b820fb6c9ce4878d2440d29c2233da671fd7467897745f39bf32be9  /tmp/qn-receipt-archives-51.tgz
+ cd /mnt/homes_global/jdsuh/qn-offhost-replay
+ mv qn-receipt-archives qn-receipt-archives-49prev
+ tar xzf /tmp/qn-receipt-archives-51.tgz
+ chmod -R a-w qn-receipt-archives
+ cd /mnt/homes_global/jdsuh/qn-offhost-replay/checkout
+ git fetch /tmp/qn-delta8.bundle pr/jax-port-squashed:refs/bundles/a100win
From /tmp/qn-delta8.bundle
 * [new branch]      pr/jax-port-squashed -> refs/bundles/a100win
+ git -c advice.detachedHead=false checkout --detach 2ac59ac00
Previous HEAD position was 6363885 perf(jax): unroll static-bound history loops in fused hot path
HEAD is now at 2ac59ac docs(jax): record the A100 speed campaign resolution
+ git rev-parse HEAD
2ac59ac0011fcdcfe8ffdabc3c5d939c1bca32b0
+ git status --porcelain
+ wc -l
0
+ MPI4PY_RC_INITIALIZE=0 JAX_PLATFORMS=cpu PYTHONPATH=src:. /mnt/homes_global/jdsuh/qn-offhost-replay/venv/bin/python -m benchmarks.custom_quasi_newton_receipts validate-all --root docs/receipts/custom-quasi-newton --repo-root . --archive-root /mnt/homes_global/jdsuh/qn-offhost-replay/qn-receipt-archives
{"validated": 51, "root": "docs/receipts/custom-quasi-newton"}
+ echo validate_all_exit=0
validate_all_exit=0
+ date -u
Mon 03 Aug 2026 09:19:42 PM UTC
