{
  "argv": [
    "benchmarks/custom_quasi_newton_runtime.py",
    "--device",
    "gpu",
    "--intent",
    "fast",
    "--providers",
    "custom,optax",
    "--cases",
    "coil47",
    "--method",
    "lbfgs",
    "--maxiter",
    "20",
    "--output",
    "/home/jungdaesuh/code/columbia/simsopt-pr-jax-port-squashed/.artifacts/custom-quasi-newton/final-359fd41fc-coil47-fused-optax-qualification-contended/round-2"
  ],
  "backend": "gpu",
  "device_identity": {
    "backend": "gpu",
    "compute_capability": "12.0",
    "cuda_version": "PJRT C API\ncuda 12090",
    "device_id": 0,
    "device_kind": "NVIDIA GeForce RTX 5090",
    "driver_version": "595.84",
    "gpu_model": "NVIDIA GeForce RTX 5090",
    "gpu_uuid": "GPU-7951f78e-c05d-e01c-303f-d644f4341fe1",
    "hostname": "jungdaesuh-playstation",
    "jax_device": "cuda:0",
    "platform": "gpu",
    "process_index": 0,
    "requested_device": "gpu",
    "scheduler_job_id": null,
    "total_memory_bytes": 34190917632,
    "visible_devices": "GPU-7951f78e-c05d-e01c-303f-d644f4341fe1"
  },
  "devices": [
    "cuda:0"
  ],
  "git_clean": true,
  "git_commit": "359fd41fc4535c6ae68f9a94f3e69c2315f1c2f4",
  "jax_version": "0.10.0",
  "jaxlib_version": "0.10.0",
  "measurements": [
    {
      "algorithm_memory_contract": null,
      "case": "coil47",
      "certificate": "source-owned VMEC-free coil physics; native/JAX objective parity",
      "cold_seconds": 13.46643753501121,
      "constraint_norm": null,
      "device": "gpu",
      "device_identity": {
        "backend": "gpu",
        "compute_capability": "12.0",
        "cuda_version": "PJRT C API\ncuda 12090",
        "device_id": 0,
        "device_kind": "NVIDIA GeForce RTX 5090",
        "driver_version": "595.84",
        "gpu_model": "NVIDIA GeForce RTX 5090",
        "gpu_uuid": "GPU-7951f78e-c05d-e01c-303f-d644f4341fe1",
        "hostname": "jungdaesuh-playstation",
        "jax_device": "cuda:0",
        "platform": "gpu",
        "process_index": 0,
        "requested_device": "gpu",
        "scheduler_job_id": null,
        "total_memory_bytes": 34190917632,
        "visible_devices": "GPU-7951f78e-c05d-e01c-303f-d644f4341fe1"
      },
      "diagnostic_artifacts": {
        "memory_trace": "gpu_memory.json",
        "trial_trace": null
      },
      "dimension": 47,
      "endpoint_certificate": {
        "constraints_satisfied": true,
        "initial_stationary": false,
        "stopping_reason": "converged",
        "success": true,
        "terminal_stationary": true
      },
      "evaluations": 15,
      "final_gradient_inf_norm": 5.874340687278198e-10,
      "final_objective": 0.13786263284430206,
      "final_parameters": [
        1.0000024716256082,
        0.9999934701767156,
        0.9914891605908344,
        0.0038629140214099804,
        0.5948009008343238,
        0.007538972433228152,
        -7.722151423167643e-05,
        0.13050867046688117,
        -0.005155367969549212,
        0.07804915123490165,
        -0.001985022886180342,
        -0.00016328605277636244,
        -0.004852772755664783,
        -0.6001677932857652,
        -0.00315557572007917,
        0.00010375571309976949,
        -0.002365876366084928,
        0.9238719469458306,
        0.0003212202613894327,
        0.5543354270277171,
        -0.0008518331737640138,
        -3.2055239183964896e-06,
        0.38268031823150056,
        -0.0007755046668863236,
        0.229613250438736,
        0.0020565053002934283,
        -1.335666747654963e-06,
        9.891014882194971e-09,
        -0.5999998253231018,
        3.998163131361256e-09,
        3.7120387938772875e-06,
        -9.402164014577091e-09,
        0.7933721856173123,
        0.0009139061690894734,
        0.4757767814450793,
        -0.0039272425333092545,
        -0.00017005376306155996,
        0.608805274651927,
        -0.00637692816694541,
        0.3653986568842574,
        -0.0067345014680564195,
        6.085304521434546e-05,
        0.004852784850371498,
        -0.600167488465171,
        0.0031555959622225436,
        0.00010373581899858729,
        0.0023658781207497527
      ],
      "first_execution_seconds": 0.023757091956213117,
      "fixture_build_peak_rss_kib": 1242216,
      "fixture_build_seconds": 2.168938910937868,
      "fixture_contract": {
        "certificate": "source-owned VMEC-free coil physics; native/JAX objective parity",
        "expected_initial_observables": {
          "gradient_inf_norm": 0.0037469236744501577,
          "objective": 0.13792118300896355
        },
        "final_certificate_fields": {
          "evaluations": 15,
          "final_gradient_inf_norm": 5.874340687278198e-10,
          "final_objective": 0.13786263284430206,
          "final_parameters": [
            1.0000024716256082,
            0.9999934701767156,
            0.9914891605908344,
            0.0038629140214099804,
            0.5948009008343238,
            0.007538972433228152,
            -7.722151423167643e-05,
            0.13050867046688117,
            -0.005155367969549212,
            0.07804915123490165,
            -0.001985022886180342,
            -0.00016328605277636244,
            -0.004852772755664783,
            -0.6001677932857652,
            -0.00315557572007917,
            0.00010375571309976949,
            -0.002365876366084928,
            0.9238719469458306,
            0.0003212202613894327,
            0.5543354270277171,
            -0.0008518331737640138,
            -3.2055239183964896e-06,
            0.38268031823150056,
            -0.0007755046668863236,
            0.229613250438736,
            0.0020565053002934283,
            -1.335666747654963e-06,
            9.891014882194971e-09,
            -0.5999998253231018,
            3.998163131361256e-09,
            3.7120387938772875e-06,
            -9.402164014577091e-09,
            0.7933721856173123,
            0.0009139061690894734,
            0.4757767814450793,
            -0.0039272425333092545,
            -0.00017005376306155996,
            0.608805274651927,
            -0.00637692816694541,
            0.3653986568842574,
            -0.0067345014680564195,
            6.085304521434546e-05,
            0.004852784850371498,
            -0.600167488465171,
            0.0031555959622225436,
            0.00010373581899858729,
            0.0023658781207497527
          ],
          "iterations": 12,
          "status": 0,
          "stopping_reason": "converged",
          "success": true
        },
        "fixture_metadata": {
          "current_value": 100000.0,
          "curve_count": 3,
          "curve_order": 2,
          "curve_quadpoints": 16,
          "dtype": "float64",
          "fixed_current_index": 0,
          "native_objective_provider": "simsopt.field.BiotSavart + simsopt.objectives.SquaredFlux",
          "objective_definition": "quadratic flux",
          "seed": 0,
          "source_example": "examples/jax/3_Advanced/single_stage_optimization.py",
          "surface_kind": "analytic_surface_rz_fourier",
          "surface_mpol": 1,
          "surface_nfp": 4,
          "surface_ntor": 1,
          "surface_quadpoints": 8,
          "target_max": 0.2,
          "target_min": 0.1
        },
        "generator_path": "benchmarks/fixtures/custom_quasi_newton.py",
        "generator_sha256": "ad8f736212c80158dfd636d2c824d5606c3914f70e2f8db42f8a755eb2b6acdf",
        "initial_parameters": [
          1.0,
          1.0,
          0.9914448613738104,
          0.0,
          0.5948669168242862,
          0.0,
          0.0,
          0.13052619222005157,
          0.0,
          0.07831571533203094,
          0.0,
          0.0,
          0.0,
          -0.6,
          0.0,
          0.0,
          0.0,
          0.9238795325112867,
          0.0,
          0.5543277195067721,
          0.0,
          0.0,
          0.3826834323650898,
          0.0,
          0.22961005941905385,
          0.0,
          0.0,
          0.0,
          -0.6,
          0.0,
          0.0,
          0.0,
          0.7933533402912352,
          0.0,
          0.4760120041747411,
          0.0,
          0.0,
          0.6087614290087207,
          0.0,
          0.3652568574052324,
          0.0,
          0.0,
          0.0,
          -0.6,
          0.0,
          0.0,
          0.0
        ],
        "solver_options": {
          "device": "gpu",
          "ftol": 0.0,
          "gtol": 1e-10,
          "intent": "fast",
          "maxcor": 10,
          "maxfun": null,
          "maxiter": 20,
          "maxls": 20,
          "method": "lbfgs"
        },
        "source_path": "examples/jax/3_Advanced/single_stage_optimization.py",
        "source_sha256": "00f2f9b45a2a1c5fc7136952818e19d649f20e141d4e626ed9a8c18e8114287e",
        "tolerances": {
          "gradient_inf_norm_abs": 1e-08,
          "objective_abs": 1e-12,
          "objective_rel": 1e-10,
          "parameters_abs": 1e-10
        }
      },
      "fixture_metadata": [
        [
          "source_example",
          "examples/jax/3_Advanced/single_stage_optimization.py"
        ],
        [
          "surface_kind",
          "analytic_surface_rz_fourier"
        ],
        [
          "surface_nfp",
          4
        ],
        [
          "surface_mpol",
          1
        ],
        [
          "surface_ntor",
          1
        ],
        [
          "surface_quadpoints",
          8
        ],
        [
          "curve_count",
          3
        ],
        [
          "curve_order",
          2
        ],
        [
          "curve_quadpoints",
          16
        ],
        [
          "current_value",
          100000.0
        ],
        [
          "fixed_current_index",
          0
        ],
        [
          "objective_definition",
          "quadratic flux"
        ],
        [
          "native_objective_provider",
          "simsopt.field.BiotSavart + simsopt.objectives.SquaredFlux"
        ],
        [
          "target_min",
          0.1
        ],
        [
          "target_max",
          0.2
        ],
        [
          "dtype",
          "float64"
        ],
        [
          "seed",
          0
        ]
      ],
      "initial_gradient_inf_norm": 0.0037469236744501577,
      "initial_objective": 0.13792118300896355,
      "initial_parameters": [
        1.0,
        1.0,
        0.9914448613738104,
        0.0,
        0.5948669168242862,
        0.0,
        0.0,
        0.13052619222005157,
        0.0,
        0.07831571533203094,
        0.0,
        0.0,
        0.0,
        -0.6,
        0.0,
        0.0,
        0.0,
        0.9238795325112867,
        0.0,
        0.5543277195067721,
        0.0,
        0.0,
        0.3826834323650898,
        0.0,
        0.22961005941905385,
        0.0,
        0.0,
        0.0,
        -0.6,
        0.0,
        0.0,
        0.0,
        0.7933533402912352,
        0.0,
        0.4760120041747411,
        0.0,
        0.0,
        0.6087614290087207,
        0.0,
        0.3652568574052324,
        0.0,
        0.0,
        0.0,
        -0.6,
        0.0,
        0.0,
        0.0
      ],
      "inner_success": true,
      "intent": "fast",
      "iterations": 12,
      "maxcor": 10,
      "maxiter": 20,
      "method": "lbfgs",
      "observables_finite": true,
      "parameters_finite": true,
      "peak_rss_kib": 2038812,
      "peak_rss_scope": "self_proc_status_phase_max",
      "peak_vram_mib": 1986,
      "phase_rss": [
        {
          "end_rss_kib": 1255636,
          "peak_rss_kib": 1255636,
          "phase": "fixture_build",
          "sample_count": 191,
          "scope": "self_proc_status_poll_10ms",
          "start_rss_kib": 679976
        },
        {
          "end_rss_kib": 2032328,
          "peak_rss_kib": 2038812,
          "phase": "preparation",
          "sample_count": 1179,
          "scope": "self_proc_status_poll_10ms",
          "start_rss_kib": 1435060
        },
        {
          "end_rss_kib": 2032404,
          "peak_rss_kib": 2032404,
          "phase": "cold_solver",
          "sample_count": 4,
          "scope": "self_proc_status_poll_10ms",
          "start_rss_kib": 2032328
        },
        {
          "end_rss_kib": 2032412,
          "peak_rss_kib": 2032412,
          "phase": "warm_solver",
          "sample_count": 3,
          "scope": "self_proc_status_poll_10ms",
          "start_rss_kib": 2032404
        }
      ],
      "preparation_seconds": 13.442680443054996,
      "process_pid": 2810954,
      "provider": "custom",
      "ru_maxrss_kib": 2019292,
      "scientific_certification_seconds": 4.20701690018177e-06,
      "scientific_observables": {},
      "solver_peak_rss_delta_kib": 603752,
      "solver_peak_rss_kib": 2038812,
      "solver_route": "fused_stepwise",
      "solver_start_rss_kib": 1435060,
      "status": 0,
      "stopping_reason": "converged",
      "success": true,
      "warm_seconds": 0.013566446956247091,
      "warm_transfer_audit": [
        {
          "bytes": 8700,
          "calls": 15,
          "leaves": 15,
          "phase": "final_result"
        }
      ],
      "work_counters": {
        "accepted_iterations": 12,
        "advance_observations": 0,
        "objective_evaluations": 15,
        "transfer_bytes": 8700,
        "transfer_calls": 15,
        "transfer_leaves": 15
      }
    },
    {
      "algorithm_memory_contract": null,
      "case": "coil47",
      "certificate": "source-owned VMEC-free coil physics; native/JAX objective parity",
      "cold_seconds": 3.8980385969625786,
      "constraint_norm": null,
      "device": "gpu",
      "device_identity": {
        "backend": "gpu",
        "compute_capability": "12.0",
        "cuda_version": "PJRT C API\ncuda 12090",
        "device_id": 0,
        "device_kind": "NVIDIA GeForce RTX 5090",
        "driver_version": "595.84",
        "gpu_model": "NVIDIA GeForce RTX 5090",
        "gpu_uuid": "GPU-7951f78e-c05d-e01c-303f-d644f4341fe1",
        "hostname": "jungdaesuh-playstation",
        "jax_device": "cuda:0",
        "platform": "gpu",
        "process_index": 0,
        "requested_device": "gpu",
        "scheduler_job_id": null,
        "total_memory_bytes": 34190917632,
        "visible_devices": "GPU-7951f78e-c05d-e01c-303f-d644f4341fe1"
      },
      "diagnostic_artifacts": {
        "memory_trace": "gpu_memory.json",
        "trial_trace": null
      },
      "dimension": 47,
      "endpoint_certificate": {
        "constraints_satisfied": true,
        "initial_stationary": false,
        "stopping_reason": "converged",
        "success": true,
        "terminal_stationary": true
      },
      "evaluations": null,
      "final_gradient_inf_norm": 1.815676504545588e-11,
      "final_objective": 0.13786263284430203,
      "final_parameters": [
        1.0000013846254772,
        1.0000261917923263,
        0.9914342927502275,
        0.0038577816301246775,
        0.5947624824555491,
        0.007530702242725026,
        -7.780145027151647e-05,
        0.1303766403106368,
        -0.005148727489040712,
        0.07799572250295382,
        -0.0019781884901170477,
        -0.00014920135176137224,
        -0.004848428445783806,
        -0.6000609290271193,
        -0.0031518007850070374,
        0.00015749360481905338,
        -0.002362153726698481,
        0.9238758394984011,
        0.0003209619542306336,
        0.5543318992743559,
        -0.0008504193116477943,
        -2.8922185667394265e-06,
        0.3826819839765157,
        -0.0007749075709398613,
        0.2296117418670182,
        0.00205331225751183,
        -1.2026324301549546e-06,
        -2.3478797018732848e-08,
        -0.5999991523387483,
        1.4068076463714634e-08,
        -1.0164748515110318e-07,
        -6.045242707735244e-08,
        0.7932401118512221,
        0.00091280675089087,
        0.47571177335678555,
        -0.003926186634944444,
        -0.00016042063849042499,
        0.6088598791274898,
        -0.006368435068402255,
        0.36540912370307066,
        -0.00672361157091786,
        5.038223775681381e-05,
        0.004848293912716431,
        -0.6000608913317179,
        0.0031517461693203568,
        0.00015744369636644476,
        0.002362143833900922
      ],
      "first_execution_seconds": 0.2713417710037902,
      "fixture_build_peak_rss_kib": 1233252,
      "fixture_build_seconds": 2.2008644219022244,
      "fixture_contract": {
        "certificate": "source-owned VMEC-free coil physics; native/JAX objective parity",
        "expected_initial_observables": {
          "gradient_inf_norm": 0.003746923674450157,
          "objective": 0.13792118300896355
        },
        "final_certificate_fields": {
          "evaluations": null,
          "final_gradient_inf_norm": 1.815676504545588e-11,
          "final_objective": 0.13786263284430203,
          "final_parameters": [
            1.0000013846254772,
            1.0000261917923263,
            0.9914342927502275,
            0.0038577816301246775,
            0.5947624824555491,
            0.007530702242725026,
            -7.780145027151647e-05,
            0.1303766403106368,
            -0.005148727489040712,
            0.07799572250295382,
            -0.0019781884901170477,
            -0.00014920135176137224,
            -0.004848428445783806,
            -0.6000609290271193,
            -0.0031518007850070374,
            0.00015749360481905338,
            -0.002362153726698481,
            0.9238758394984011,
            0.0003209619542306336,
            0.5543318992743559,
            -0.0008504193116477943,
            -2.8922185667394265e-06,
            0.3826819839765157,
            -0.0007749075709398613,
            0.2296117418670182,
            0.00205331225751183,
            -1.2026324301549546e-06,
            -2.3478797018732848e-08,
            -0.5999991523387483,
            1.4068076463714634e-08,
            -1.0164748515110318e-07,
            -6.045242707735244e-08,
            0.7932401118512221,
            0.00091280675089087,
            0.47571177335678555,
            -0.003926186634944444,
            -0.00016042063849042499,
            0.6088598791274898,
            -0.006368435068402255,
            0.36540912370307066,
            -0.00672361157091786,
            5.038223775681381e-05,
            0.004848293912716431,
            -0.6000608913317179,
            0.0031517461693203568,
            0.00015744369636644476,
            0.002362143833900922
          ],
          "iterations": 15,
          "status": 0,
          "stopping_reason": "converged",
          "success": true
        },
        "fixture_metadata": {
          "current_value": 100000.0,
          "curve_count": 3,
          "curve_order": 2,
          "curve_quadpoints": 16,
          "dtype": "float64",
          "fixed_current_index": 0,
          "native_objective_provider": "simsopt.field.BiotSavart + simsopt.objectives.SquaredFlux",
          "objective_definition": "quadratic flux",
          "seed": 0,
          "source_example": "examples/jax/3_Advanced/single_stage_optimization.py",
          "surface_kind": "analytic_surface_rz_fourier",
          "surface_mpol": 1,
          "surface_nfp": 4,
          "surface_ntor": 1,
          "surface_quadpoints": 8,
          "target_max": 0.2,
          "target_min": 0.1
        },
        "generator_path": "benchmarks/fixtures/custom_quasi_newton.py",
        "generator_sha256": "ad8f736212c80158dfd636d2c824d5606c3914f70e2f8db42f8a755eb2b6acdf",
        "initial_parameters": [
          1.0,
          1.0,
          0.9914448613738104,
          0.0,
          0.5948669168242862,
          0.0,
          0.0,
          0.13052619222005157,
          0.0,
          0.07831571533203094,
          0.0,
          0.0,
          0.0,
          -0.6,
          0.0,
          0.0,
          0.0,
          0.9238795325112867,
          0.0,
          0.5543277195067721,
          0.0,
          0.0,
          0.3826834323650898,
          0.0,
          0.22961005941905385,
          0.0,
          0.0,
          0.0,
          -0.6,
          0.0,
          0.0,
          0.0,
          0.7933533402912352,
          0.0,
          0.4760120041747411,
          0.0,
          0.0,
          0.6087614290087207,
          0.0,
          0.3652568574052324,
          0.0,
          0.0,
          0.0,
          -0.6,
          0.0,
          0.0,
          0.0
        ],
        "solver_options": {
          "device": "gpu",
          "ftol": 0.0,
          "gtol": 1e-10,
          "intent": "fast",
          "maxcor": 10,
          "maxfun": null,
          "maxiter": 20,
          "maxls": 20,
          "method": "lbfgs"
        },
        "source_path": "examples/jax/3_Advanced/single_stage_optimization.py",
        "source_sha256": "00f2f9b45a2a1c5fc7136952818e19d649f20e141d4e626ed9a8c18e8114287e",
        "tolerances": {
          "gradient_inf_norm_abs": 1e-08,
          "objective_abs": 1e-12,
          "objective_rel": 1e-10,
          "parameters_abs": 1e-10
        }
      },
      "fixture_metadata": [
        [
          "source_example",
          "examples/jax/3_Advanced/single_stage_optimization.py"
        ],
        [
          "surface_kind",
          "analytic_surface_rz_fourier"
        ],
        [
          "surface_nfp",
          4
        ],
        [
          "surface_mpol",
          1
        ],
        [
          "surface_ntor",
          1
        ],
        [
          "surface_quadpoints",
          8
        ],
        [
          "curve_count",
          3
        ],
        [
          "curve_order",
          2
        ],
        [
          "curve_quadpoints",
          16
        ],
        [
          "current_value",
          100000.0
        ],
        [
          "fixed_current_index",
          0
        ],
        [
          "objective_definition",
          "quadratic flux"
        ],
        [
          "native_objective_provider",
          "simsopt.field.BiotSavart + simsopt.objectives.SquaredFlux"
        ],
        [
          "target_min",
          0.1
        ],
        [
          "target_max",
          0.2
        ],
        [
          "dtype",
          "float64"
        ],
        [
          "seed",
          0
        ]
      ],
      "initial_gradient_inf_norm": 0.003746923674450157,
      "initial_objective": 0.13792118300896355,
      "initial_parameters": [
        1.0,
        1.0,
        0.9914448613738104,
        0.0,
        0.5948669168242862,
        0.0,
        0.0,
        0.13052619222005157,
        0.0,
        0.07831571533203094,
        0.0,
        0.0,
        0.0,
        -0.6,
        0.0,
        0.0,
        0.0,
        0.9238795325112867,
        0.0,
        0.5543277195067721,
        0.0,
        0.0,
        0.3826834323650898,
        0.0,
        0.22961005941905385,
        0.0,
        0.0,
        0.0,
        -0.6,
        0.0,
        0.0,
        0.0,
        0.7933533402912352,
        0.0,
        0.4760120041747411,
        0.0,
        0.0,
        0.6087614290087207,
        0.0,
        0.3652568574052324,
        0.0,
        0.0,
        0.0,
        -0.6,
        0.0,
        0.0,
        0.0
      ],
      "inner_success": true,
      "intent": "fast",
      "iterations": 15,
      "maxcor": 10,
      "maxiter": 20,
      "method": "lbfgs",
      "observables_finite": true,
      "parameters_finite": true,
      "peak_rss_kib": 1639596,
      "peak_rss_scope": "self_proc_status_phase_max",
      "peak_vram_mib": 2058,
      "phase_rss": [
        {
          "end_rss_kib": 1251080,
          "peak_rss_kib": 1251080,
          "phase": "fixture_build",
          "sample_count": 192,
          "scope": "self_proc_status_poll_10ms",
          "start_rss_kib": 680004
        },
        {
          "end_rss_kib": 1639172,
          "peak_rss_kib": 1639192,
          "phase": "preparation",
          "sample_count": 329,
          "scope": "self_proc_status_poll_10ms",
          "start_rss_kib": 1434708
        },
        {
          "end_rss_kib": 1639560,
          "peak_rss_kib": 1639560,
          "phase": "cold_solver",
          "sample_count": 28,
          "scope": "self_proc_status_poll_10ms",
          "start_rss_kib": 1639172
        },
        {
          "end_rss_kib": 1639592,
          "peak_rss_kib": 1639596,
          "phase": "warm_solver",
          "sample_count": 4,
          "scope": "self_proc_status_poll_10ms",
          "start_rss_kib": 1639560
        }
      ],
      "preparation_seconds": 3.6266968259587884,
      "process_pid": 2813394,
      "provider": "optax",
      "ru_maxrss_kib": 1616392,
      "scientific_certification_seconds": 4.8869987949728966e-06,
      "scientific_observables": {},
      "solver_peak_rss_delta_kib": 204484,
      "solver_peak_rss_kib": 1639596,
      "solver_route": "optax_lbfgs",
      "solver_start_rss_kib": 1434708,
      "status": 0,
      "stopping_reason": "converged",
      "success": true,
      "warm_seconds": 0.021719831973314285,
      "warm_transfer_audit": [],
      "work_counters": {
        "accepted_iterations": 15,
        "advance_observations": 0,
        "objective_evaluations": null,
        "transfer_bytes": 0,
        "transfer_calls": 0,
        "transfer_leaves": 0
      }
    }
  ],
  "method": "lbfgs",
  "numpy_version": "2.4.6",
  "optax_version": "0.2.8",
  "orchestrator_git_clean": true,
  "provider_child": false,
  "provider_child_rss_limit_kib": 8388608,
  "provider_child_term_grace_seconds": 5,
  "provider_child_timeout_seconds": 120,
  "provider_children": [
    {
      "device_identity": {
        "backend": "gpu",
        "compute_capability": "12.0",
        "cuda_version": "PJRT C API\ncuda 12090",
        "device_id": 0,
        "device_kind": "NVIDIA GeForce RTX 5090",
        "driver_version": "595.84",
        "gpu_model": "NVIDIA GeForce RTX 5090",
        "gpu_uuid": "GPU-7951f78e-c05d-e01c-303f-d644f4341fe1",
        "hostname": "jungdaesuh-playstation",
        "jax_device": "cuda:0",
        "platform": "gpu",
        "process_index": 0,
        "requested_device": "gpu",
        "scheduler_job_id": null,
        "total_memory_bytes": 34190917632,
        "visible_devices": "GPU-7951f78e-c05d-e01c-303f-d644f4341fe1"
      },
      "git_clean": true,
      "git_commit": "359fd41fc4535c6ae68f9a94f3e69c2315f1c2f4",
      "gpu_memory_path": "custom/gpu_memory.json",
      "gpu_memory_sha256": "b2bcf5ad844351de789f23502f901e5a2eea08e97f6a36e106f923ccb26ef922",
      "measurement_count": 1,
      "measurements_path": "custom/measurements.json",
      "measurements_sha256": "60b5d7ee84d347f3a76df95d1fd2da60283cbd86cb52e4d6bf330865818a4957",
      "method": "lbfgs",
      "provider": "custom",
      "requested_device": "gpu",
      "runtime_environment": {
        "JAX_ENABLE_X64": "true",
        "JAX_PLATFORMS": "cuda",
        "SIMSOPT_BACKEND_MODE": "jax_gpu_fast",
        "SIMSOPT_BACKEND_STRICT": "1",
        "SIMSOPT_PRECISION": "fp64",
        "XLA_PYTHON_CLIENT_ALLOCATOR": "platform",
        "XLA_PYTHON_CLIENT_MEM_FRACTION": null,
        "XLA_PYTHON_CLIENT_PREALLOCATE": "false"
      }
    },
    {
      "device_identity": {
        "backend": "gpu",
        "compute_capability": "12.0",
        "cuda_version": "PJRT C API\ncuda 12090",
        "device_id": 0,
        "device_kind": "NVIDIA GeForce RTX 5090",
        "driver_version": "595.84",
        "gpu_model": "NVIDIA GeForce RTX 5090",
        "gpu_uuid": "GPU-7951f78e-c05d-e01c-303f-d644f4341fe1",
        "hostname": "jungdaesuh-playstation",
        "jax_device": "cuda:0",
        "platform": "gpu",
        "process_index": 0,
        "requested_device": "gpu",
        "scheduler_job_id": null,
        "total_memory_bytes": 34190917632,
        "visible_devices": "GPU-7951f78e-c05d-e01c-303f-d644f4341fe1"
      },
      "git_clean": true,
      "git_commit": "359fd41fc4535c6ae68f9a94f3e69c2315f1c2f4",
      "gpu_memory_path": "optax/gpu_memory.json",
      "gpu_memory_sha256": "522bbd8d2b48636dac3a8f0d616f4b3f5341551388e424e93327bd6ab7fba845",
      "measurement_count": 1,
      "measurements_path": "optax/measurements.json",
      "measurements_sha256": "9e1dfe0e2d480148ee422c2ab3d1a4593c99b18c825e415b750ef644cb9e180d",
      "method": "lbfgs",
      "provider": "optax",
      "requested_device": "gpu",
      "runtime_environment": {
        "JAX_ENABLE_X64": "true",
        "JAX_PLATFORMS": "cuda",
        "SIMSOPT_BACKEND_MODE": "jax_gpu_fast",
        "SIMSOPT_BACKEND_STRICT": "1",
        "SIMSOPT_PRECISION": "fp64",
        "XLA_PYTHON_CLIENT_ALLOCATOR": "platform",
        "XLA_PYTHON_CLIENT_MEM_FRACTION": null,
        "XLA_PYTHON_CLIENT_PREALLOCATE": "false"
      }
    }
  ],
  "python_version": "3.11.15",
  "requested_device": "gpu",
  "runtime_environment": {
    "JAX_ENABLE_X64": "true",
    "JAX_PLATFORMS": "cuda",
    "SIMSOPT_BACKEND_MODE": "jax_gpu_fast",
    "SIMSOPT_BACKEND_STRICT": "1",
    "SIMSOPT_PRECISION": "fp64",
    "XLA_PYTHON_CLIENT_ALLOCATOR": "platform",
    "XLA_PYTHON_CLIENT_MEM_FRACTION": null,
    "XLA_PYTHON_CLIENT_PREALLOCATE": "false"
  },
  "schema_version": 9,
  "scipy_version": "1.17.1"
}
