{
  "argv": [
    "benchmarks/custom_quasi_newton_runtime.py",
    "--device",
    "gpu",
    "--intent",
    "fast",
    "--providers",
    "optax,custom",
    "--cases",
    "coil47",
    "--method",
    "lbfgs",
    "--maxiter",
    "20",
    "--output",
    "/mnt/homes_global/jdsuh/qn-a100/artifacts/coil47-a100-corrected-e481b35a4/round-3"
  ],
  "backend": "gpu",
  "device_identity": {
    "backend": "gpu",
    "compute_capability": "8.0",
    "cuda_version": "PJRT C API\ncuda 12090",
    "device_id": 0,
    "device_kind": "NVIDIA A100-PCIE-40GB",
    "driver_version": "470.256.02",
    "gpu_model": "NVIDIA A100-PCIE-40GB",
    "gpu_uuid": "GPU-250014ca-8cb3-bdcd-ad1d-2f6f64529b8d",
    "hostname": "landau",
    "jax_device": "cuda:0",
    "platform": "gpu",
    "process_index": 0,
    "requested_device": "gpu",
    "scheduler_job_id": null,
    "total_memory_bytes": 42505076736,
    "visible_devices": "GPU-250014ca-8cb3-bdcd-ad1d-2f6f64529b8d"
  },
  "devices": [
    "cuda:0"
  ],
  "git_clean": true,
  "git_commit": "e481b35a4de880043dd912a1bcc906954530dc8f",
  "jax_version": "0.10.0",
  "jaxlib_version": "0.10.0",
  "measurements": [
    {
      "algorithm_memory_contract": null,
      "case": "coil47",
      "certificate": "source-owned VMEC-free coil physics; native/JAX objective parity",
      "cold_seconds": 8.069736400000693,
      "constraint_norm": null,
      "device": "gpu",
      "device_identity": {
        "backend": "gpu",
        "compute_capability": "8.0",
        "cuda_version": "PJRT C API\ncuda 12090",
        "device_id": 0,
        "device_kind": "NVIDIA A100-PCIE-40GB",
        "driver_version": "470.256.02",
        "gpu_model": "NVIDIA A100-PCIE-40GB",
        "gpu_uuid": "GPU-250014ca-8cb3-bdcd-ad1d-2f6f64529b8d",
        "hostname": "landau",
        "jax_device": "cuda:0",
        "platform": "gpu",
        "process_index": 0,
        "requested_device": "gpu",
        "scheduler_job_id": null,
        "total_memory_bytes": 42505076736,
        "visible_devices": "GPU-250014ca-8cb3-bdcd-ad1d-2f6f64529b8d"
      },
      "diagnostic_artifacts": {
        "memory_trace": "gpu_memory.json",
        "trial_trace": null
      },
      "dimension": 47,
      "endpoint_certificate": {
        "constraints_satisfied": true,
        "initial_stationary": false,
        "stopping_reason": "converged",
        "success": true,
        "terminal_stationary": true
      },
      "evaluations": null,
      "final_gradient_inf_norm": 1.8156806570399087e-11,
      "final_objective": 0.13786263284430203,
      "final_parameters": [
        1.0000013846254783,
        1.0000261917923232,
        0.9914342927502293,
        0.0038577816301246515,
        0.5947624824555504,
        0.007530702242724923,
        -7.780145027119518e-05,
        0.13037664031063864,
        -0.005148727489040703,
        0.07799572250295472,
        -0.0019781884901172715,
        -0.00014920135176146616,
        -0.004848428445783916,
        -0.6000609290271183,
        -0.003151800785007004,
        0.00015749360481775914,
        -0.002362153726698101,
        0.9238758394984015,
        0.000320961954230603,
        0.5543318992743558,
        -0.0008504193116476185,
        -2.892218566969274e-06,
        0.38268198397651587,
        -0.0007749075709397589,
        0.22961174186701816,
        0.0020533122575119,
        -1.2026324302570366e-06,
        -2.347879700433739e-08,
        -0.5999991523387482,
        1.4068076532018104e-08,
        -1.0164748547073121e-07,
        -6.045242719042478e-08,
        0.7932401118512251,
        0.0009128067508910279,
        0.47571177335678655,
        -0.003926186634944358,
        -0.0001604206384904502,
        0.6088598791274897,
        -0.006368435068402199,
        0.3654091237030708,
        -0.0067236115709179076,
        5.0382237756965096e-05,
        0.004848293912716875,
        -0.600060891331717,
        0.0031517461693203242,
        0.00015744369636535612,
        0.0023621438339008504
      ],
      "first_execution_seconds": 0.5860969720015419,
      "fixture_build_peak_rss_kib": 1118620,
      "fixture_build_seconds": 4.438415058000828,
      "fixture_contract": {
        "certificate": "source-owned VMEC-free coil physics; native/JAX objective parity",
        "expected_initial_observables": {
          "gradient_inf_norm": 0.003746923674450162,
          "objective": 0.13792118300896355
        },
        "final_certificate_fields": {
          "evaluations": null,
          "final_gradient_inf_norm": 1.8156806570399087e-11,
          "final_objective": 0.13786263284430203,
          "final_parameters": [
            1.0000013846254783,
            1.0000261917923232,
            0.9914342927502293,
            0.0038577816301246515,
            0.5947624824555504,
            0.007530702242724923,
            -7.780145027119518e-05,
            0.13037664031063864,
            -0.005148727489040703,
            0.07799572250295472,
            -0.0019781884901172715,
            -0.00014920135176146616,
            -0.004848428445783916,
            -0.6000609290271183,
            -0.003151800785007004,
            0.00015749360481775914,
            -0.002362153726698101,
            0.9238758394984015,
            0.000320961954230603,
            0.5543318992743558,
            -0.0008504193116476185,
            -2.892218566969274e-06,
            0.38268198397651587,
            -0.0007749075709397589,
            0.22961174186701816,
            0.0020533122575119,
            -1.2026324302570366e-06,
            -2.347879700433739e-08,
            -0.5999991523387482,
            1.4068076532018104e-08,
            -1.0164748547073121e-07,
            -6.045242719042478e-08,
            0.7932401118512251,
            0.0009128067508910279,
            0.47571177335678655,
            -0.003926186634944358,
            -0.0001604206384904502,
            0.6088598791274897,
            -0.006368435068402199,
            0.3654091237030708,
            -0.0067236115709179076,
            5.0382237756965096e-05,
            0.004848293912716875,
            -0.600060891331717,
            0.0031517461693203242,
            0.00015744369636535612,
            0.0023621438339008504
          ],
          "iterations": 15,
          "status": 0,
          "stopping_reason": "converged",
          "success": true
        },
        "fixture_metadata": {
          "current_value": 100000.0,
          "curve_count": 3,
          "curve_order": 2,
          "curve_quadpoints": 16,
          "dtype": "float64",
          "fixed_current_index": 0,
          "native_objective_provider": "simsopt.field.BiotSavart + simsopt.objectives.SquaredFlux",
          "objective_definition": "quadratic flux",
          "seed": 0,
          "source_example": "examples/jax/3_Advanced/single_stage_optimization.py",
          "surface_kind": "analytic_surface_rz_fourier",
          "surface_mpol": 1,
          "surface_nfp": 4,
          "surface_ntor": 1,
          "surface_quadpoints": 8,
          "target_max": 0.2,
          "target_min": 0.1
        },
        "generator_path": "benchmarks/fixtures/custom_quasi_newton.py",
        "generator_sha256": "7b8e1543265f8db62a627e5292762b6464a8b6960187857022fc08c6a9785ff2",
        "initial_parameters": [
          1.0,
          1.0,
          0.9914448613738104,
          0.0,
          0.5948669168242862,
          0.0,
          0.0,
          0.13052619222005157,
          0.0,
          0.07831571533203094,
          0.0,
          0.0,
          0.0,
          -0.6,
          0.0,
          0.0,
          0.0,
          0.9238795325112867,
          0.0,
          0.5543277195067721,
          0.0,
          0.0,
          0.3826834323650898,
          0.0,
          0.22961005941905385,
          0.0,
          0.0,
          0.0,
          -0.6,
          0.0,
          0.0,
          0.0,
          0.7933533402912352,
          0.0,
          0.4760120041747411,
          0.0,
          0.0,
          0.6087614290087207,
          0.0,
          0.3652568574052324,
          0.0,
          0.0,
          0.0,
          -0.6,
          0.0,
          0.0,
          0.0
        ],
        "solver_options": {
          "device": "gpu",
          "ftol": 0.0,
          "gtol": 1e-10,
          "intent": "fast",
          "maxcor": 10,
          "maxfun": null,
          "maxiter": 20,
          "maxls": 20,
          "method": "lbfgs"
        },
        "source_path": "examples/jax/3_Advanced/single_stage_optimization.py",
        "source_sha256": "00f2f9b45a2a1c5fc7136952818e19d649f20e141d4e626ed9a8c18e8114287e",
        "tolerances": {
          "gradient_inf_norm_abs": 1e-08,
          "objective_abs": 1e-12,
          "objective_rel": 1e-10,
          "parameters_abs": 1e-10
        }
      },
      "fixture_metadata": [
        [
          "source_example",
          "examples/jax/3_Advanced/single_stage_optimization.py"
        ],
        [
          "surface_kind",
          "analytic_surface_rz_fourier"
        ],
        [
          "surface_nfp",
          4
        ],
        [
          "surface_mpol",
          1
        ],
        [
          "surface_ntor",
          1
        ],
        [
          "surface_quadpoints",
          8
        ],
        [
          "curve_count",
          3
        ],
        [
          "curve_order",
          2
        ],
        [
          "curve_quadpoints",
          16
        ],
        [
          "current_value",
          100000.0
        ],
        [
          "fixed_current_index",
          0
        ],
        [
          "objective_definition",
          "quadratic flux"
        ],
        [
          "native_objective_provider",
          "simsopt.field.BiotSavart + simsopt.objectives.SquaredFlux"
        ],
        [
          "target_min",
          0.1
        ],
        [
          "target_max",
          0.2
        ],
        [
          "dtype",
          "float64"
        ],
        [
          "seed",
          0
        ]
      ],
      "initial_gradient_inf_norm": 0.003746923674450162,
      "initial_objective": 0.13792118300896355,
      "initial_parameters": [
        1.0,
        1.0,
        0.9914448613738104,
        0.0,
        0.5948669168242862,
        0.0,
        0.0,
        0.13052619222005157,
        0.0,
        0.07831571533203094,
        0.0,
        0.0,
        0.0,
        -0.6,
        0.0,
        0.0,
        0.0,
        0.9238795325112867,
        0.0,
        0.5543277195067721,
        0.0,
        0.0,
        0.3826834323650898,
        0.0,
        0.22961005941905385,
        0.0,
        0.0,
        0.0,
        -0.6,
        0.0,
        0.0,
        0.0,
        0.7933533402912352,
        0.0,
        0.4760120041747411,
        0.0,
        0.0,
        0.6087614290087207,
        0.0,
        0.3652568574052324,
        0.0,
        0.0,
        0.0,
        -0.6,
        0.0,
        0.0,
        0.0
      ],
      "inner_success": true,
      "intent": "fast",
      "iterations": 15,
      "maxcor": 10,
      "maxiter": 20,
      "method": "lbfgs",
      "observables_finite": true,
      "parameters_finite": true,
      "peak_rss_kib": 1510896,
      "peak_rss_scope": "self_proc_status_phase_max",
      "peak_vram_mib": 742,
      "phase_rss": [
        {
          "end_rss_kib": 1118620,
          "peak_rss_kib": 1118620,
          "phase": "fixture_build",
          "sample_count": 384,
          "scope": "self_proc_status_poll_10ms",
          "start_rss_kib": 671460
        },
        {
          "end_rss_kib": 1510048,
          "peak_rss_kib": 1510064,
          "phase": "preparation",
          "sample_count": 665,
          "scope": "self_proc_status_poll_10ms",
          "start_rss_kib": 1329612
        },
        {
          "end_rss_kib": 1510896,
          "peak_rss_kib": 1510896,
          "phase": "cold_solver",
          "sample_count": 55,
          "scope": "self_proc_status_poll_10ms",
          "start_rss_kib": 1510048
        },
        {
          "end_rss_kib": 1510896,
          "peak_rss_kib": 1510896,
          "phase": "warm_solver",
          "sample_count": 8,
          "scope": "self_proc_status_poll_10ms",
          "start_rss_kib": 1510896
        }
      ],
      "preparation_seconds": 7.483639427999151,
      "process_pid": 159081,
      "provider": "optax",
      "ru_maxrss_kib": 1510900,
      "scientific_certification_seconds": 8.939998224377632e-06,
      "scientific_observables": {},
      "solver_peak_rss_delta_kib": 180452,
      "solver_peak_rss_kib": 1510896,
      "solver_route": "optax_lbfgs",
      "solver_start_rss_kib": 1329612,
      "status": 0,
      "stopping_reason": "converged",
      "success": true,
      "warm_seconds": 0.07195770399994217,
      "warm_transfer_audit": [],
      "work_counters": {
        "accepted_iterations": 15,
        "advance_observations": 0,
        "objective_evaluations": null,
        "transfer_bytes": 0,
        "transfer_calls": 0,
        "transfer_leaves": 0
      }
    },
    {
      "algorithm_memory_contract": null,
      "case": "coil47",
      "certificate": "source-owned VMEC-free coil physics; native/JAX objective parity",
      "cold_seconds": 32.95713028200407,
      "constraint_norm": null,
      "device": "gpu",
      "device_identity": {
        "backend": "gpu",
        "compute_capability": "8.0",
        "cuda_version": "PJRT C API\ncuda 12090",
        "device_id": 0,
        "device_kind": "NVIDIA A100-PCIE-40GB",
        "driver_version": "470.256.02",
        "gpu_model": "NVIDIA A100-PCIE-40GB",
        "gpu_uuid": "GPU-250014ca-8cb3-bdcd-ad1d-2f6f64529b8d",
        "hostname": "landau",
        "jax_device": "cuda:0",
        "platform": "gpu",
        "process_index": 0,
        "requested_device": "gpu",
        "scheduler_job_id": null,
        "total_memory_bytes": 42505076736,
        "visible_devices": "GPU-250014ca-8cb3-bdcd-ad1d-2f6f64529b8d"
      },
      "diagnostic_artifacts": {
        "memory_trace": "gpu_memory.json",
        "trial_trace": null
      },
      "dimension": 47,
      "endpoint_certificate": {
        "constraints_satisfied": true,
        "initial_stationary": false,
        "stopping_reason": "converged",
        "success": true,
        "terminal_stationary": true
      },
      "evaluations": 15,
      "final_gradient_inf_norm": 5.874340901137077e-10,
      "final_objective": 0.13786263284430206,
      "final_parameters": [
        1.0000024716256084,
        0.9999934701767144,
        0.9914891605908449,
        0.0038629140214101877,
        0.5948009008343296,
        0.007538972433229035,
        -7.722151423023153e-05,
        0.13050867046688866,
        -0.005155367969549703,
        0.07804915123490637,
        -0.0019850228861811045,
        -0.00016328605277692422,
        -0.004852772755665153,
        -0.6001677932857697,
        -0.0031555757200793805,
        0.00010375571309232182,
        -0.0023658763660856113,
        0.9238719469458305,
        0.00032122026138943195,
        0.5543354270277175,
        -0.0008518331737640578,
        -3.2055239188050847e-06,
        0.38268031823150095,
        -0.0007755046668865109,
        0.22961325043873615,
        0.0020565053002937414,
        -1.3356667477391868e-06,
        9.891014838779758e-09,
        -0.5999998253231018,
        3.9981631886423945e-09,
        3.712038793836421e-06,
        -9.402164022296848e-09,
        0.7933721856173253,
        0.0009139061690896794,
        0.4757767814450878,
        -0.003927242533309398,
        -0.00017005376306122844,
        0.6088052746519294,
        -0.006376928166945939,
        0.36539865688425816,
        -0.006734501468057689,
        6.0853045215737155e-05,
        0.004852784850372006,
        -0.6001674884651762,
        0.0031555959622227873,
        0.00010373581899137641,
        0.00236587812075044
      ],
      "first_execution_seconds": 0.0765306880020944,
      "fixture_build_peak_rss_kib": 1120332,
      "fixture_build_seconds": 4.48067642100068,
      "fixture_contract": {
        "certificate": "source-owned VMEC-free coil physics; native/JAX objective parity",
        "expected_initial_observables": {
          "gradient_inf_norm": 0.003746923674450162,
          "objective": 0.13792118300896355
        },
        "final_certificate_fields": {
          "evaluations": 15,
          "final_gradient_inf_norm": 5.874340901137077e-10,
          "final_objective": 0.13786263284430206,
          "final_parameters": [
            1.0000024716256084,
            0.9999934701767144,
            0.9914891605908449,
            0.0038629140214101877,
            0.5948009008343296,
            0.007538972433229035,
            -7.722151423023153e-05,
            0.13050867046688866,
            -0.005155367969549703,
            0.07804915123490637,
            -0.0019850228861811045,
            -0.00016328605277692422,
            -0.004852772755665153,
            -0.6001677932857697,
            -0.0031555757200793805,
            0.00010375571309232182,
            -0.0023658763660856113,
            0.9238719469458305,
            0.00032122026138943195,
            0.5543354270277175,
            -0.0008518331737640578,
            -3.2055239188050847e-06,
            0.38268031823150095,
            -0.0007755046668865109,
            0.22961325043873615,
            0.0020565053002937414,
            -1.3356667477391868e-06,
            9.891014838779758e-09,
            -0.5999998253231018,
            3.9981631886423945e-09,
            3.712038793836421e-06,
            -9.402164022296848e-09,
            0.7933721856173253,
            0.0009139061690896794,
            0.4757767814450878,
            -0.003927242533309398,
            -0.00017005376306122844,
            0.6088052746519294,
            -0.006376928166945939,
            0.36539865688425816,
            -0.006734501468057689,
            6.0853045215737155e-05,
            0.004852784850372006,
            -0.6001674884651762,
            0.0031555959622227873,
            0.00010373581899137641,
            0.00236587812075044
          ],
          "iterations": 12,
          "status": 0,
          "stopping_reason": "converged",
          "success": true
        },
        "fixture_metadata": {
          "current_value": 100000.0,
          "curve_count": 3,
          "curve_order": 2,
          "curve_quadpoints": 16,
          "dtype": "float64",
          "fixed_current_index": 0,
          "native_objective_provider": "simsopt.field.BiotSavart + simsopt.objectives.SquaredFlux",
          "objective_definition": "quadratic flux",
          "seed": 0,
          "source_example": "examples/jax/3_Advanced/single_stage_optimization.py",
          "surface_kind": "analytic_surface_rz_fourier",
          "surface_mpol": 1,
          "surface_nfp": 4,
          "surface_ntor": 1,
          "surface_quadpoints": 8,
          "target_max": 0.2,
          "target_min": 0.1
        },
        "generator_path": "benchmarks/fixtures/custom_quasi_newton.py",
        "generator_sha256": "7b8e1543265f8db62a627e5292762b6464a8b6960187857022fc08c6a9785ff2",
        "initial_parameters": [
          1.0,
          1.0,
          0.9914448613738104,
          0.0,
          0.5948669168242862,
          0.0,
          0.0,
          0.13052619222005157,
          0.0,
          0.07831571533203094,
          0.0,
          0.0,
          0.0,
          -0.6,
          0.0,
          0.0,
          0.0,
          0.9238795325112867,
          0.0,
          0.5543277195067721,
          0.0,
          0.0,
          0.3826834323650898,
          0.0,
          0.22961005941905385,
          0.0,
          0.0,
          0.0,
          -0.6,
          0.0,
          0.0,
          0.0,
          0.7933533402912352,
          0.0,
          0.4760120041747411,
          0.0,
          0.0,
          0.6087614290087207,
          0.0,
          0.3652568574052324,
          0.0,
          0.0,
          0.0,
          -0.6,
          0.0,
          0.0,
          0.0
        ],
        "solver_options": {
          "device": "gpu",
          "ftol": 0.0,
          "gtol": 1e-10,
          "intent": "fast",
          "maxcor": 10,
          "maxfun": null,
          "maxiter": 20,
          "maxls": 20,
          "method": "lbfgs"
        },
        "source_path": "examples/jax/3_Advanced/single_stage_optimization.py",
        "source_sha256": "00f2f9b45a2a1c5fc7136952818e19d649f20e141d4e626ed9a8c18e8114287e",
        "tolerances": {
          "gradient_inf_norm_abs": 1e-08,
          "objective_abs": 1e-12,
          "objective_rel": 1e-10,
          "parameters_abs": 1e-10
        }
      },
      "fixture_metadata": [
        [
          "source_example",
          "examples/jax/3_Advanced/single_stage_optimization.py"
        ],
        [
          "surface_kind",
          "analytic_surface_rz_fourier"
        ],
        [
          "surface_nfp",
          4
        ],
        [
          "surface_mpol",
          1
        ],
        [
          "surface_ntor",
          1
        ],
        [
          "surface_quadpoints",
          8
        ],
        [
          "curve_count",
          3
        ],
        [
          "curve_order",
          2
        ],
        [
          "curve_quadpoints",
          16
        ],
        [
          "current_value",
          100000.0
        ],
        [
          "fixed_current_index",
          0
        ],
        [
          "objective_definition",
          "quadratic flux"
        ],
        [
          "native_objective_provider",
          "simsopt.field.BiotSavart + simsopt.objectives.SquaredFlux"
        ],
        [
          "target_min",
          0.1
        ],
        [
          "target_max",
          0.2
        ],
        [
          "dtype",
          "float64"
        ],
        [
          "seed",
          0
        ]
      ],
      "initial_gradient_inf_norm": 0.003746923674450162,
      "initial_objective": 0.13792118300896355,
      "initial_parameters": [
        1.0,
        1.0,
        0.9914448613738104,
        0.0,
        0.5948669168242862,
        0.0,
        0.0,
        0.13052619222005157,
        0.0,
        0.07831571533203094,
        0.0,
        0.0,
        0.0,
        -0.6,
        0.0,
        0.0,
        0.0,
        0.9238795325112867,
        0.0,
        0.5543277195067721,
        0.0,
        0.0,
        0.3826834323650898,
        0.0,
        0.22961005941905385,
        0.0,
        0.0,
        0.0,
        -0.6,
        0.0,
        0.0,
        0.0,
        0.7933533402912352,
        0.0,
        0.4760120041747411,
        0.0,
        0.0,
        0.6087614290087207,
        0.0,
        0.3652568574052324,
        0.0,
        0.0,
        0.0,
        -0.6,
        0.0,
        0.0,
        0.0
      ],
      "inner_success": true,
      "intent": "fast",
      "iterations": 12,
      "maxcor": 10,
      "maxiter": 20,
      "method": "lbfgs",
      "observables_finite": true,
      "parameters_finite": true,
      "peak_rss_kib": 2262396,
      "peak_rss_scope": "self_proc_status_phase_max",
      "peak_vram_mib": 496,
      "phase_rss": [
        {
          "end_rss_kib": 1120328,
          "peak_rss_kib": 1120328,
          "phase": "fixture_build",
          "sample_count": 377,
          "scope": "self_proc_status_poll_10ms",
          "start_rss_kib": 670824
        },
        {
          "end_rss_kib": 2254344,
          "peak_rss_kib": 2262396,
          "phase": "preparation",
          "sample_count": 2890,
          "scope": "self_proc_status_poll_10ms",
          "start_rss_kib": 1323216
        },
        {
          "end_rss_kib": 2254600,
          "peak_rss_kib": 2254600,
          "phase": "cold_solver",
          "sample_count": 9,
          "scope": "self_proc_status_poll_10ms",
          "start_rss_kib": 2254344
        },
        {
          "end_rss_kib": 2254608,
          "peak_rss_kib": 2254608,
          "phase": "warm_solver",
          "sample_count": 4,
          "scope": "self_proc_status_poll_10ms",
          "start_rss_kib": 2254600
        }
      ],
      "preparation_seconds": 32.88059959400198,
      "process_pid": 159976,
      "provider": "custom",
      "ru_maxrss_kib": 2262396,
      "scientific_certification_seconds": 1.59699993673712e-05,
      "scientific_observables": {},
      "solver_peak_rss_delta_kib": 939180,
      "solver_peak_rss_kib": 2262396,
      "solver_route": "fused_stepwise",
      "solver_start_rss_kib": 1323216,
      "status": 0,
      "stopping_reason": "converged",
      "success": true,
      "warm_seconds": 0.03116363899971475,
      "warm_transfer_audit": [
        {
          "bytes": 8700,
          "calls": 15,
          "leaves": 15,
          "phase": "final_result"
        }
      ],
      "work_counters": {
        "accepted_iterations": 12,
        "advance_observations": 0,
        "objective_evaluations": 15,
        "transfer_bytes": 8700,
        "transfer_calls": 15,
        "transfer_leaves": 15
      }
    }
  ],
  "method": "lbfgs",
  "numpy_version": "2.4.6",
  "optax_version": "0.2.8",
  "orchestrator_git_clean": true,
  "provider_child": false,
  "provider_child_rss_limit_kib": 8388608,
  "provider_child_term_grace_seconds": 5,
  "provider_child_timeout_seconds": 120,
  "provider_children": [
    {
      "device_identity": {
        "backend": "gpu",
        "compute_capability": "8.0",
        "cuda_version": "PJRT C API\ncuda 12090",
        "device_id": 0,
        "device_kind": "NVIDIA A100-PCIE-40GB",
        "driver_version": "470.256.02",
        "gpu_model": "NVIDIA A100-PCIE-40GB",
        "gpu_uuid": "GPU-250014ca-8cb3-bdcd-ad1d-2f6f64529b8d",
        "hostname": "landau",
        "jax_device": "cuda:0",
        "platform": "gpu",
        "process_index": 0,
        "requested_device": "gpu",
        "scheduler_job_id": null,
        "total_memory_bytes": 42505076736,
        "visible_devices": "GPU-250014ca-8cb3-bdcd-ad1d-2f6f64529b8d"
      },
      "git_clean": true,
      "git_commit": "e481b35a4de880043dd912a1bcc906954530dc8f",
      "gpu_memory_path": "optax/gpu_memory.json",
      "gpu_memory_sha256": "9c68748ff197a3f78dedac93eb05a4e593a9357e0595cbff19ce9131ce9f872d",
      "measurement_count": 1,
      "measurements_path": "optax/measurements.json",
      "measurements_sha256": "ae1841bfd44e8785ec478d724b67dca26af3e47fdfc8fcde28194ab7422d737d",
      "method": "lbfgs",
      "provider": "optax",
      "requested_device": "gpu",
      "runtime_environment": {
        "JAX_ENABLE_X64": "true",
        "JAX_PLATFORMS": "cuda",
        "SIMSOPT_BACKEND_MODE": "jax_gpu_fast",
        "SIMSOPT_BACKEND_STRICT": "1",
        "SIMSOPT_PRECISION": "fp64",
        "XLA_PYTHON_CLIENT_ALLOCATOR": "platform",
        "XLA_PYTHON_CLIENT_MEM_FRACTION": null,
        "XLA_PYTHON_CLIENT_PREALLOCATE": "false"
      }
    },
    {
      "device_identity": {
        "backend": "gpu",
        "compute_capability": "8.0",
        "cuda_version": "PJRT C API\ncuda 12090",
        "device_id": 0,
        "device_kind": "NVIDIA A100-PCIE-40GB",
        "driver_version": "470.256.02",
        "gpu_model": "NVIDIA A100-PCIE-40GB",
        "gpu_uuid": "GPU-250014ca-8cb3-bdcd-ad1d-2f6f64529b8d",
        "hostname": "landau",
        "jax_device": "cuda:0",
        "platform": "gpu",
        "process_index": 0,
        "requested_device": "gpu",
        "scheduler_job_id": null,
        "total_memory_bytes": 42505076736,
        "visible_devices": "GPU-250014ca-8cb3-bdcd-ad1d-2f6f64529b8d"
      },
      "git_clean": true,
      "git_commit": "e481b35a4de880043dd912a1bcc906954530dc8f",
      "gpu_memory_path": "custom/gpu_memory.json",
      "gpu_memory_sha256": "dd22fbb03feb310f0306bee026441a11ca422bc271d9b94df0794e5797780f31",
      "measurement_count": 1,
      "measurements_path": "custom/measurements.json",
      "measurements_sha256": "7cdcb21243e69945eb6795972b229224ad5615c0eb1f77f2a21c9a0a39f868e1",
      "method": "lbfgs",
      "provider": "custom",
      "requested_device": "gpu",
      "runtime_environment": {
        "JAX_ENABLE_X64": "true",
        "JAX_PLATFORMS": "cuda",
        "SIMSOPT_BACKEND_MODE": "jax_gpu_fast",
        "SIMSOPT_BACKEND_STRICT": "1",
        "SIMSOPT_PRECISION": "fp64",
        "XLA_PYTHON_CLIENT_ALLOCATOR": "platform",
        "XLA_PYTHON_CLIENT_MEM_FRACTION": null,
        "XLA_PYTHON_CLIENT_PREALLOCATE": "false"
      }
    }
  ],
  "python_version": "3.11.15",
  "requested_device": "gpu",
  "runtime_environment": {
    "JAX_ENABLE_X64": "true",
    "JAX_PLATFORMS": "cuda",
    "SIMSOPT_BACKEND_MODE": "jax_gpu_fast",
    "SIMSOPT_BACKEND_STRICT": "1",
    "SIMSOPT_PRECISION": "fp64",
    "XLA_PYTHON_CLIENT_ALLOCATOR": "platform",
    "XLA_PYTHON_CLIENT_MEM_FRACTION": null,
    "XLA_PYTHON_CLIENT_PREALLOCATE": "false"
  },
  "schema_version": 9,
  "scipy_version": "1.17.1"
}
