{
  "argv": [
    "benchmarks/custom_quasi_newton_runtime.py",
    "--device",
    "gpu",
    "--intent",
    "parity",
    "--providers",
    "custom",
    "--cases",
    "boozer",
    "--method",
    "bfgs",
    "--maxiter",
    "1000",
    "--maxcor",
    "10",
    "--capture-boozer-trial-trace",
    "--provider-child-timeout-seconds",
    "21600",
    "--output",
    "/home/jungdaesuh/code/columbia/simsopt-pr-jax-port-squashed/.artifacts/custom-quasi-newton/final-359fd41fc-boozer-gpu-custom/rep-2"
  ],
  "backend": "gpu",
  "capture_boozer_trial_trace": true,
  "device_identity": {
    "backend": "gpu",
    "compute_capability": "12.0",
    "cuda_version": "PJRT C API\ncuda 12090",
    "device_id": 0,
    "device_kind": "NVIDIA GeForce RTX 5090",
    "driver_version": "595.84",
    "gpu_model": "NVIDIA GeForce RTX 5090",
    "gpu_uuid": "GPU-7951f78e-c05d-e01c-303f-d644f4341fe1",
    "hostname": "jungdaesuh-playstation",
    "jax_device": "cuda:0",
    "platform": "gpu",
    "process_index": 0,
    "requested_device": "gpu",
    "scheduler_job_id": null,
    "total_memory_bytes": 34190917632,
    "visible_devices": "GPU-7951f78e-c05d-e01c-303f-d644f4341fe1"
  },
  "devices": [
    "cuda:0"
  ],
  "git_clean": true,
  "git_commit": "359fd41fc4535c6ae68f9a94f3e69c2315f1c2f4",
  "jax_version": "0.10.0",
  "jaxlib_version": "0.10.0",
  "measurements": [
    {
      "algorithm_memory_contract": null,
      "case": "boozer",
      "certificate": "source-owned VMEC-free Boozer physics; native/JAX objective parity",
      "cold_seconds": 96.78032400808297,
      "constraint_norm": null,
      "device": "gpu",
      "device_identity": {
        "backend": "gpu",
        "compute_capability": "12.0",
        "cuda_version": "PJRT C API\ncuda 12090",
        "device_id": 0,
        "device_kind": "NVIDIA GeForce RTX 5090",
        "driver_version": "595.84",
        "gpu_model": "NVIDIA GeForce RTX 5090",
        "gpu_uuid": "GPU-7951f78e-c05d-e01c-303f-d644f4341fe1",
        "hostname": "jungdaesuh-playstation",
        "jax_device": "cuda:0",
        "platform": "gpu",
        "process_index": 0,
        "requested_device": "gpu",
        "scheduler_job_id": null,
        "total_memory_bytes": 34190917632,
        "visible_devices": "GPU-7951f78e-c05d-e01c-303f-d644f4341fe1"
      },
      "diagnostic_artifacts": {
        "memory_trace": "gpu_memory.json",
        "trial_trace": "boozer_trial_trace.json"
      },
      "dimension": 65,
      "endpoint_certificate": {
        "constraints_satisfied": true,
        "initial_stationary": false,
        "stopping_reason": "line-search-failed",
        "success": false,
        "terminal_stationary": false
      },
      "evaluations": 1123,
      "final_gradient_inf_norm": 0.005633444321439793,
      "final_objective": 3.745206344326643e-07,
      "final_parameters": [
        651868.5693674446,
        537743.5886478325,
        1.342469544403002,
        0.31648444686265903,
        0.7603804896624485,
        -0.11702743923467016,
        0.29678400689177536,
        0.11373992300294017,
        -0.09449481884630706,
        0.13064400987037247,
        -0.08058549261434869,
        0.1477435228949304,
        -0.14049127397540567,
        0.06792975074949081,
        0.11164407125718698,
        -0.0361688230236757,
        -0.09994442794393792,
        -1.334083680282717,
        -0.058168039510422244,
        0.13161327131490244,
        0.08975227090878439,
        -0.08864047269675808,
        -0.06460852437880643,
        1.3242509668124158,
        0.13139430418229467,
        0.5366938067365529,
        -0.07307139632472708,
        0.1543706626011148,
        -0.026145032204048988,
        0.03329618255791161,
        0.7566429777143837,
        -0.010344406155904175,
        0.35687933150081536,
        -0.17871076985272205,
        -0.020184246413111208,
        -0.03793547228842317,
        0.02890242828791706,
        0.09796720972736414,
        -0.7700020539027272,
        0.18438884242989712,
        -0.13275383555032327,
        -0.09014802078436641,
        -0.04182793017092209,
        0.015030243460052144,
        0.9971670181663174,
        0.012235814649410455,
        0.3718087320407001,
        -0.1739254796826233,
        0.06554447755079246,
        -0.05920982753495239,
        0.04695784621148967,
        1.1320522753589493,
        0.14134893153354885,
        0.3844163757844241,
        -0.08772531782683234,
        -0.1674695778143753,
        0.059463093370768175,
        -0.16250021793331795,
        0.0702723437292875,
        -0.5715579594715556,
        0.2479479042594706,
        0.02836029224724342,
        -0.0925830174300746,
        -0.1265673183295949,
        -0.06656760882973148
      ],
      "first_execution_seconds": 96.78032400808297,
      "fixture_build_peak_rss_kib": 1709212,
      "fixture_build_seconds": 19.05975642998237,
      "fixture_contract": {
        "certificate": "source-owned VMEC-free Boozer physics; native/JAX objective parity",
        "expected_initial_observables": {
          "gradient_inf_norm": 0.003870062591986543,
          "objective": 0.0003902843220850036
        },
        "final_certificate_fields": {
          "evaluations": 1123,
          "final_gradient_inf_norm": 0.005633444321439793,
          "final_objective": 3.745206344326643e-07,
          "final_parameters": [
            651868.5693674446,
            537743.5886478325,
            1.342469544403002,
            0.31648444686265903,
            0.7603804896624485,
            -0.11702743923467016,
            0.29678400689177536,
            0.11373992300294017,
            -0.09449481884630706,
            0.13064400987037247,
            -0.08058549261434869,
            0.1477435228949304,
            -0.14049127397540567,
            0.06792975074949081,
            0.11164407125718698,
            -0.0361688230236757,
            -0.09994442794393792,
            -1.334083680282717,
            -0.058168039510422244,
            0.13161327131490244,
            0.08975227090878439,
            -0.08864047269675808,
            -0.06460852437880643,
            1.3242509668124158,
            0.13139430418229467,
            0.5366938067365529,
            -0.07307139632472708,
            0.1543706626011148,
            -0.026145032204048988,
            0.03329618255791161,
            0.7566429777143837,
            -0.010344406155904175,
            0.35687933150081536,
            -0.17871076985272205,
            -0.020184246413111208,
            -0.03793547228842317,
            0.02890242828791706,
            0.09796720972736414,
            -0.7700020539027272,
            0.18438884242989712,
            -0.13275383555032327,
            -0.09014802078436641,
            -0.04182793017092209,
            0.015030243460052144,
            0.9971670181663174,
            0.012235814649410455,
            0.3718087320407001,
            -0.1739254796826233,
            0.06554447755079246,
            -0.05920982753495239,
            0.04695784621148967,
            1.1320522753589493,
            0.14134893153354885,
            0.3844163757844241,
            -0.08772531782683234,
            -0.1674695778143753,
            0.059463093370768175,
            -0.16250021793331795,
            0.0702723437292875,
            -0.5715579594715556,
            0.2479479042594706,
            0.02836029224724342,
            -0.0925830174300746,
            -0.1265673183295949,
            -0.06656760882973148
          ],
          "iterations": 951,
          "status": 2,
          "stopping_reason": "line-search-failed",
          "success": false
        },
        "fixture_metadata": {
          "bfgs_maxiter": 2,
          "coil_order": 3,
          "dtype": "float64",
          "field_source": "simsopt.configs.get_data('ncsx')",
          "magnetic_axis_order": 3,
          "native_objective_provider": "simsopt.geo.BoozerSurface + native outer objective",
          "newton_maxiter": 20,
          "nfp": 3,
          "points_per_period": 8,
          "seed": 0,
          "source_example": "examples/jax/3_Advanced/single_stage_boozer_vacuum_optimization.py",
          "surface_dof_count": 13,
          "surface_mpol": 1,
          "surface_ntor": 1,
          "traceable_inner_G": 14.035365807510036,
          "traceable_inner_iota": -0.19241571851509576,
          "traceable_run_code_success": true
        },
        "generator_path": "benchmarks/fixtures/custom_quasi_newton.py",
        "generator_sha256": "ad8f736212c80158dfd636d2c824d5606c3914f70e2f8db42f8a755eb2b6acdf",
        "initial_parameters": [
          651868.5693674,
          537743.5886473,
          1.506387961733893,
          0.1058930714809362,
          0.7258942274042265,
          -0.001249592121112775,
          0.2763105569564668,
          0.01482550301512887,
          -0.1280092780227772,
          0.2855239540187146,
          0.02831674064739627,
          0.1230646086878452,
          -0.1881027707999307,
          -0.03092022550185042,
          0.07598032813641656,
          0.032842960392996,
          0.0009455853398023695,
          -1.066704925256128,
          0.01954765252843791,
          -0.03091192279856904,
          -0.009251669123731003,
          0.03622032973711591,
          0.01289395028459556,
          1.268960636199869,
          0.2234285580503567,
          0.5468300987692021,
          -0.07598922426224614,
          0.2314838962751658,
          0.01035784318060333,
          -0.08314304549672957,
          0.7629396044020591,
          0.189701305549749,
          0.2946730680990991,
          -0.1569360429309221,
          -0.08805875862294558,
          -0.03077704895086764,
          0.1149783480591024,
          -0.004342453367498795,
          -0.8322915538683627,
          0.01842619538559772,
          -0.1445740110997678,
          -0.03919221672360253,
          0.0181885023851906,
          0.007857938792447916,
          0.8980851593547453,
          0.1942559921705813,
          0.3889755333770718,
          -0.1446923384557668,
          0.2616477438027761,
          0.03731920597998046,
          -0.03289705406442186,
          1.129181984052873,
          0.2708936854358476,
          0.468646640557997,
          0.02081652240284051,
          -0.1928735276123626,
          -0.03518255586981031,
          0.01192001522947444,
          0.01443108431390148,
          -0.5884600992390547,
          0.1639153375972931,
          -0.02326901782799053,
          -0.09503676743509344,
          -0.001882227773385535,
          -0.1358423641287697
        ],
        "solver_options": {
          "device": "gpu",
          "ftol": 0.0,
          "gtol": 1e-10,
          "intent": "parity",
          "maxcor": 10,
          "maxfun": null,
          "maxiter": 1000,
          "maxls": 20,
          "method": "bfgs"
        },
        "source_path": "examples/jax/3_Advanced/single_stage_boozer_vacuum_optimization.py",
        "source_sha256": "a06937eafb0f0e4c61b6f02898a5c75ab8584503ee8a8e07d7d978f0a052f4d3",
        "tolerances": {
          "gradient_inf_norm_abs": 1e-08,
          "objective_abs": 1e-12,
          "objective_rel": 1e-10,
          "parameters_abs": 1e-10
        }
      },
      "fixture_metadata": [
        [
          "source_example",
          "examples/jax/3_Advanced/single_stage_boozer_vacuum_optimization.py"
        ],
        [
          "field_source",
          "simsopt.configs.get_data('ncsx')"
        ],
        [
          "nfp",
          3
        ],
        [
          "coil_order",
          3
        ],
        [
          "magnetic_axis_order",
          3
        ],
        [
          "points_per_period",
          8
        ],
        [
          "surface_mpol",
          1
        ],
        [
          "surface_ntor",
          1
        ],
        [
          "surface_dof_count",
          13
        ],
        [
          "newton_maxiter",
          20
        ],
        [
          "bfgs_maxiter",
          2
        ],
        [
          "dtype",
          "float64"
        ],
        [
          "seed",
          0
        ],
        [
          "native_objective_provider",
          "simsopt.geo.BoozerSurface + native outer objective"
        ],
        [
          "traceable_run_code_success",
          true
        ],
        [
          "traceable_inner_iota",
          -0.19241571851509576
        ],
        [
          "traceable_inner_G",
          14.035365807510036
        ]
      ],
      "initial_gradient_inf_norm": 0.003870062591986543,
      "initial_objective": 0.0003902843220850036,
      "initial_parameters": [
        651868.5693674,
        537743.5886473,
        1.506387961733893,
        0.1058930714809362,
        0.7258942274042265,
        -0.001249592121112775,
        0.2763105569564668,
        0.01482550301512887,
        -0.1280092780227772,
        0.2855239540187146,
        0.02831674064739627,
        0.1230646086878452,
        -0.1881027707999307,
        -0.03092022550185042,
        0.07598032813641656,
        0.032842960392996,
        0.0009455853398023695,
        -1.066704925256128,
        0.01954765252843791,
        -0.03091192279856904,
        -0.009251669123731003,
        0.03622032973711591,
        0.01289395028459556,
        1.268960636199869,
        0.2234285580503567,
        0.5468300987692021,
        -0.07598922426224614,
        0.2314838962751658,
        0.01035784318060333,
        -0.08314304549672957,
        0.7629396044020591,
        0.189701305549749,
        0.2946730680990991,
        -0.1569360429309221,
        -0.08805875862294558,
        -0.03077704895086764,
        0.1149783480591024,
        -0.004342453367498795,
        -0.8322915538683627,
        0.01842619538559772,
        -0.1445740110997678,
        -0.03919221672360253,
        0.0181885023851906,
        0.007857938792447916,
        0.8980851593547453,
        0.1942559921705813,
        0.3889755333770718,
        -0.1446923384557668,
        0.2616477438027761,
        0.03731920597998046,
        -0.03289705406442186,
        1.129181984052873,
        0.2708936854358476,
        0.468646640557997,
        0.02081652240284051,
        -0.1928735276123626,
        -0.03518255586981031,
        0.01192001522947444,
        0.01443108431390148,
        -0.5884600992390547,
        0.1639153375972931,
        -0.02326901782799053,
        -0.09503676743509344,
        -0.001882227773385535,
        -0.1358423641287697
      ],
      "inner_success": true,
      "intent": "parity",
      "iterations": 951,
      "maxcor": 10,
      "maxiter": 1000,
      "method": "bfgs",
      "observables_finite": true,
      "parameters_finite": true,
      "peak_rss_kib": 2913096,
      "peak_rss_scope": "self_proc_status_phase_max",
      "peak_vram_mib": 1482,
      "phase_rss": [
        {
          "end_rss_kib": 1732612,
          "peak_rss_kib": 1732612,
          "phase": "fixture_build",
          "sample_count": 1696,
          "scope": "self_proc_status_poll_10ms",
          "start_rss_kib": 679700
        },
        {
          "end_rss_kib": 2913060,
          "peak_rss_kib": 2913076,
          "phase": "cold_solver",
          "sample_count": 9272,
          "scope": "self_proc_status_poll_10ms",
          "start_rss_kib": 2641588
        },
        {
          "end_rss_kib": 2913092,
          "peak_rss_kib": 2913096,
          "phase": "warm_solver",
          "sample_count": 3908,
          "scope": "self_proc_status_poll_10ms",
          "start_rss_kib": 2913060
        }
      ],
      "preparation_seconds": 0.0,
      "process_pid": 2718809,
      "provider": "custom",
      "ru_maxrss_kib": 2903548,
      "scientific_certification_seconds": 2.14726865303237,
      "scientific_observables": {
        "final_boozer_residual": 3.0805529381429296e-28,
        "final_iota": -0.19241420429839104,
        "final_non_qs": 3.745031341834616e-07,
        "final_volume": -0.29034538956441885
      },
      "solver_peak_rss_delta_kib": 271488,
      "solver_peak_rss_kib": 2913096,
      "solver_route": "custom_bfgs_stepwise",
      "solver_start_rss_kib": 2641588,
      "status": 2,
      "stopping_reason": "line-search-failed",
      "success": false,
      "warm_seconds": 39.91587645292748,
      "warm_transfer_audit": [
        {
          "bytes": 596141,
          "calls": 5443,
          "leaves": 5443,
          "phase": "unclassified"
        }
      ],
      "work_counters": {
        "accepted_iterations": 951,
        "advance_observations": 0,
        "objective_evaluations": 1123,
        "transfer_bytes": 596141,
        "transfer_calls": 5443,
        "transfer_leaves": 5443
      }
    }
  ],
  "method": "bfgs",
  "numpy_version": "2.4.6",
  "optax_version": "0.2.8",
  "orchestrator_git_clean": true,
  "provider_child": false,
  "provider_child_rss_limit_kib": 8388608,
  "provider_child_term_grace_seconds": 5,
  "provider_child_timeout_seconds": 21600,
  "provider_children": [
    {
      "device_identity": {
        "backend": "gpu",
        "compute_capability": "12.0",
        "cuda_version": "PJRT C API\ncuda 12090",
        "device_id": 0,
        "device_kind": "NVIDIA GeForce RTX 5090",
        "driver_version": "595.84",
        "gpu_model": "NVIDIA GeForce RTX 5090",
        "gpu_uuid": "GPU-7951f78e-c05d-e01c-303f-d644f4341fe1",
        "hostname": "jungdaesuh-playstation",
        "jax_device": "cuda:0",
        "platform": "gpu",
        "process_index": 0,
        "requested_device": "gpu",
        "scheduler_job_id": null,
        "total_memory_bytes": 34190917632,
        "visible_devices": "GPU-7951f78e-c05d-e01c-303f-d644f4341fe1"
      },
      "git_clean": true,
      "git_commit": "359fd41fc4535c6ae68f9a94f3e69c2315f1c2f4",
      "gpu_memory_path": "custom/gpu_memory.json",
      "gpu_memory_sha256": "f93da7768c7e5b295d3631e6da8d522047ca4a2502fb6c594bb6e1a757f39e1b",
      "measurement_count": 1,
      "measurements_path": "custom/measurements.json",
      "measurements_sha256": "88e058eda8567704a329501ed51efe76ab47f043794442f049bea9bc12983c83",
      "method": "bfgs",
      "provider": "custom",
      "requested_device": "gpu",
      "runtime_environment": {
        "JAX_ENABLE_X64": "true",
        "JAX_PLATFORMS": "cuda",
        "SIMSOPT_BACKEND_MODE": "jax_gpu_parity",
        "SIMSOPT_BACKEND_STRICT": "1",
        "SIMSOPT_PRECISION": "fp64",
        "XLA_PYTHON_CLIENT_ALLOCATOR": "platform",
        "XLA_PYTHON_CLIENT_MEM_FRACTION": null,
        "XLA_PYTHON_CLIENT_PREALLOCATE": "false"
      },
      "trial_trace_path": "custom/boozer_trial_trace.json",
      "trial_trace_sha256": "6384e93fd7f7db103ab4a9c93e984f84dee738fd776dffc9f1131f6e3e2895b7"
    }
  ],
  "python_version": "3.11.15",
  "requested_device": "gpu",
  "runtime_environment": {
    "JAX_ENABLE_X64": "true",
    "JAX_PLATFORMS": "cuda",
    "SIMSOPT_BACKEND_MODE": "jax_gpu_parity",
    "SIMSOPT_BACKEND_STRICT": "1",
    "SIMSOPT_PRECISION": "fp64",
    "XLA_PYTHON_CLIENT_ALLOCATOR": "platform",
    "XLA_PYTHON_CLIENT_MEM_FRACTION": null,
    "XLA_PYTHON_CLIENT_PREALLOCATE": "false"
  },
  "schema_version": 9,
  "scipy_version": "1.17.1"
}
