{
  "argv": [
    "benchmarks/custom_quasi_newton_runtime.py",
    "--device",
    "gpu",
    "--intent",
    "fast",
    "--providers",
    "custom,optax",
    "--cases",
    "coil47",
    "--method",
    "lbfgs",
    "--maxiter",
    "20",
    "--output",
    "/mnt/homes_global/jdsuh/qn-a100/artifacts/coil47-fused-optax-a100-contended/round-4"
  ],
  "backend": "gpu",
  "device_identity": {
    "backend": "gpu",
    "compute_capability": "8.0",
    "cuda_version": "PJRT C API\ncuda 12090",
    "device_id": 0,
    "device_kind": "NVIDIA A100-PCIE-40GB",
    "driver_version": "470.256.02",
    "gpu_model": "NVIDIA A100-PCIE-40GB",
    "gpu_uuid": "GPU-250014ca-8cb3-bdcd-ad1d-2f6f64529b8d",
    "hostname": "landau",
    "jax_device": "cuda:0",
    "platform": "gpu",
    "process_index": 0,
    "requested_device": "gpu",
    "scheduler_job_id": null,
    "total_memory_bytes": 42505076736,
    "visible_devices": "GPU-250014ca-8cb3-bdcd-ad1d-2f6f64529b8d"
  },
  "devices": [
    "cuda:0"
  ],
  "git_clean": true,
  "git_commit": "55745feaf939bb5b0c40fa85493e72ec506ac41a",
  "jax_version": "0.10.0",
  "jaxlib_version": "0.10.0",
  "measurements": [
    {
      "algorithm_memory_contract": null,
      "case": "coil47",
      "certificate": "source-owned VMEC-free coil physics; native/JAX objective parity",
      "cold_seconds": 32.42976632600039,
      "constraint_norm": null,
      "device": "gpu",
      "device_identity": {
        "backend": "gpu",
        "compute_capability": "8.0",
        "cuda_version": "PJRT C API\ncuda 12090",
        "device_id": 0,
        "device_kind": "NVIDIA A100-PCIE-40GB",
        "driver_version": "470.256.02",
        "gpu_model": "NVIDIA A100-PCIE-40GB",
        "gpu_uuid": "GPU-250014ca-8cb3-bdcd-ad1d-2f6f64529b8d",
        "hostname": "landau",
        "jax_device": "cuda:0",
        "platform": "gpu",
        "process_index": 0,
        "requested_device": "gpu",
        "scheduler_job_id": null,
        "total_memory_bytes": 42505076736,
        "visible_devices": "GPU-250014ca-8cb3-bdcd-ad1d-2f6f64529b8d"
      },
      "diagnostic_artifacts": {
        "memory_trace": "gpu_memory.json",
        "trial_trace": null
      },
      "dimension": 47,
      "endpoint_certificate": {
        "constraints_satisfied": true,
        "initial_stationary": false,
        "stopping_reason": "converged",
        "success": true,
        "terminal_stationary": true
      },
      "evaluations": 15,
      "final_gradient_inf_norm": 5.874340836627048e-10,
      "final_objective": 0.13786263284430206,
      "final_parameters": [
        1.0000024716256077,
        0.9999934701767149,
        0.9914891605908427,
        0.0038629140214101456,
        0.5948009008343286,
        0.0075389724332287095,
        -7.722151423042893e-05,
        0.13050867046688688,
        -0.005155367969549686,
        0.07804915123490525,
        -0.001985022886181024,
        -0.00016328605277702308,
        -0.004852772755665176,
        -0.6001677932857686,
        -0.003155575720079278,
        0.00010375571309394462,
        -0.002365876366085502,
        0.9238719469458305,
        0.0003212202613894509,
        0.5543354270277175,
        -0.0008518331737640521,
        -3.2055239187505256e-06,
        0.38268031823150067,
        -0.0007755046668864296,
        0.2296132504387361,
        0.0020565053002936785,
        -1.3356667477373229e-06,
        9.891015030619042e-09,
        -0.5999998253231018,
        3.998163140383288e-09,
        3.7120387938411446e-06,
        -9.402164038521336e-09,
        0.7933721856173225,
        0.000913906169089638,
        0.4757767814450859,
        -0.003927242533309368,
        -0.00017005376306137568,
        0.6088052746519286,
        -0.006376928166945839,
        0.3653986568842581,
        -0.006734501468057335,
        6.085304521555324e-05,
        0.0048527848503718395,
        -0.6001674884651748,
        0.0031555959622228055,
        0.00010373581899312649,
        0.0023658781207504726
      ],
      "first_execution_seconds": 0.09946207999928447,
      "fixture_build_peak_rss_kib": 1121668,
      "fixture_build_seconds": 4.693469537000055,
      "fixture_contract": {
        "certificate": "source-owned VMEC-free coil physics; native/JAX objective parity",
        "expected_initial_observables": {
          "gradient_inf_norm": 0.003746923674450162,
          "objective": 0.13792118300896355
        },
        "final_certificate_fields": {
          "evaluations": 15,
          "final_gradient_inf_norm": 5.874340836627048e-10,
          "final_objective": 0.13786263284430206,
          "final_parameters": [
            1.0000024716256077,
            0.9999934701767149,
            0.9914891605908427,
            0.0038629140214101456,
            0.5948009008343286,
            0.0075389724332287095,
            -7.722151423042893e-05,
            0.13050867046688688,
            -0.005155367969549686,
            0.07804915123490525,
            -0.001985022886181024,
            -0.00016328605277702308,
            -0.004852772755665176,
            -0.6001677932857686,
            -0.003155575720079278,
            0.00010375571309394462,
            -0.002365876366085502,
            0.9238719469458305,
            0.0003212202613894509,
            0.5543354270277175,
            -0.0008518331737640521,
            -3.2055239187505256e-06,
            0.38268031823150067,
            -0.0007755046668864296,
            0.2296132504387361,
            0.0020565053002936785,
            -1.3356667477373229e-06,
            9.891015030619042e-09,
            -0.5999998253231018,
            3.998163140383288e-09,
            3.7120387938411446e-06,
            -9.402164038521336e-09,
            0.7933721856173225,
            0.000913906169089638,
            0.4757767814450859,
            -0.003927242533309368,
            -0.00017005376306137568,
            0.6088052746519286,
            -0.006376928166945839,
            0.3653986568842581,
            -0.006734501468057335,
            6.085304521555324e-05,
            0.0048527848503718395,
            -0.6001674884651748,
            0.0031555959622228055,
            0.00010373581899312649,
            0.0023658781207504726
          ],
          "iterations": 12,
          "status": 0,
          "stopping_reason": "converged",
          "success": true
        },
        "fixture_metadata": {
          "current_value": 100000.0,
          "curve_count": 3,
          "curve_order": 2,
          "curve_quadpoints": 16,
          "dtype": "float64",
          "fixed_current_index": 0,
          "native_objective_provider": "simsopt.field.BiotSavart + simsopt.objectives.SquaredFlux",
          "objective_definition": "quadratic flux",
          "seed": 0,
          "source_example": "examples/jax/3_Advanced/single_stage_optimization.py",
          "surface_kind": "analytic_surface_rz_fourier",
          "surface_mpol": 1,
          "surface_nfp": 4,
          "surface_ntor": 1,
          "surface_quadpoints": 8,
          "target_max": 0.2,
          "target_min": 0.1
        },
        "generator_path": "benchmarks/fixtures/custom_quasi_newton.py",
        "generator_sha256": "7b8e1543265f8db62a627e5292762b6464a8b6960187857022fc08c6a9785ff2",
        "initial_parameters": [
          1.0,
          1.0,
          0.9914448613738104,
          0.0,
          0.5948669168242862,
          0.0,
          0.0,
          0.13052619222005157,
          0.0,
          0.07831571533203094,
          0.0,
          0.0,
          0.0,
          -0.6,
          0.0,
          0.0,
          0.0,
          0.9238795325112867,
          0.0,
          0.5543277195067721,
          0.0,
          0.0,
          0.3826834323650898,
          0.0,
          0.22961005941905385,
          0.0,
          0.0,
          0.0,
          -0.6,
          0.0,
          0.0,
          0.0,
          0.7933533402912352,
          0.0,
          0.4760120041747411,
          0.0,
          0.0,
          0.6087614290087207,
          0.0,
          0.3652568574052324,
          0.0,
          0.0,
          0.0,
          -0.6,
          0.0,
          0.0,
          0.0
        ],
        "solver_options": {
          "device": "gpu",
          "ftol": 0.0,
          "gtol": 1e-10,
          "intent": "fast",
          "maxcor": 10,
          "maxfun": null,
          "maxiter": 20,
          "maxls": 20,
          "method": "lbfgs"
        },
        "source_path": "examples/jax/3_Advanced/single_stage_optimization.py",
        "source_sha256": "00f2f9b45a2a1c5fc7136952818e19d649f20e141d4e626ed9a8c18e8114287e",
        "tolerances": {
          "gradient_inf_norm_abs": 1e-08,
          "objective_abs": 1e-12,
          "objective_rel": 1e-10,
          "parameters_abs": 1e-10
        }
      },
      "fixture_metadata": [
        [
          "source_example",
          "examples/jax/3_Advanced/single_stage_optimization.py"
        ],
        [
          "surface_kind",
          "analytic_surface_rz_fourier"
        ],
        [
          "surface_nfp",
          4
        ],
        [
          "surface_mpol",
          1
        ],
        [
          "surface_ntor",
          1
        ],
        [
          "surface_quadpoints",
          8
        ],
        [
          "curve_count",
          3
        ],
        [
          "curve_order",
          2
        ],
        [
          "curve_quadpoints",
          16
        ],
        [
          "current_value",
          100000.0
        ],
        [
          "fixed_current_index",
          0
        ],
        [
          "objective_definition",
          "quadratic flux"
        ],
        [
          "native_objective_provider",
          "simsopt.field.BiotSavart + simsopt.objectives.SquaredFlux"
        ],
        [
          "target_min",
          0.1
        ],
        [
          "target_max",
          0.2
        ],
        [
          "dtype",
          "float64"
        ],
        [
          "seed",
          0
        ]
      ],
      "initial_gradient_inf_norm": 0.003746923674450162,
      "initial_objective": 0.13792118300896355,
      "initial_parameters": [
        1.0,
        1.0,
        0.9914448613738104,
        0.0,
        0.5948669168242862,
        0.0,
        0.0,
        0.13052619222005157,
        0.0,
        0.07831571533203094,
        0.0,
        0.0,
        0.0,
        -0.6,
        0.0,
        0.0,
        0.0,
        0.9238795325112867,
        0.0,
        0.5543277195067721,
        0.0,
        0.0,
        0.3826834323650898,
        0.0,
        0.22961005941905385,
        0.0,
        0.0,
        0.0,
        -0.6,
        0.0,
        0.0,
        0.0,
        0.7933533402912352,
        0.0,
        0.4760120041747411,
        0.0,
        0.0,
        0.6087614290087207,
        0.0,
        0.3652568574052324,
        0.0,
        0.0,
        0.0,
        -0.6,
        0.0,
        0.0,
        0.0
      ],
      "inner_success": true,
      "intent": "fast",
      "iterations": 12,
      "maxcor": 10,
      "maxiter": 20,
      "method": "lbfgs",
      "observables_finite": true,
      "parameters_finite": true,
      "peak_rss_kib": 2230564,
      "peak_rss_scope": "self_proc_status_phase_max",
      "peak_vram_mib": 742,
      "phase_rss": [
        {
          "end_rss_kib": 1121668,
          "peak_rss_kib": 1121668,
          "phase": "fixture_build",
          "sample_count": 403,
          "scope": "self_proc_status_poll_10ms",
          "start_rss_kib": 672108
        },
        {
          "end_rss_kib": 2230188,
          "peak_rss_kib": 2230188,
          "phase": "preparation",
          "sample_count": 2831,
          "scope": "self_proc_status_poll_10ms",
          "start_rss_kib": 1320856
        },
        {
          "end_rss_kib": 2230560,
          "peak_rss_kib": 2230560,
          "phase": "cold_solver",
          "sample_count": 11,
          "scope": "self_proc_status_poll_10ms",
          "start_rss_kib": 2230188
        },
        {
          "end_rss_kib": 2230564,
          "peak_rss_kib": 2230564,
          "phase": "warm_solver",
          "sample_count": 9,
          "scope": "self_proc_status_poll_10ms",
          "start_rss_kib": 2230560
        }
      ],
      "preparation_seconds": 32.330304246001106,
      "process_pid": 36757,
      "provider": "custom",
      "ru_maxrss_kib": 2238060,
      "scientific_certification_seconds": 1.288900057261344e-05,
      "scientific_observables": {},
      "solver_peak_rss_delta_kib": 909332,
      "solver_peak_rss_kib": 2230564,
      "solver_route": "fused_stepwise",
      "solver_start_rss_kib": 1320856,
      "status": 0,
      "stopping_reason": "converged",
      "success": true,
      "warm_seconds": 0.07446576999973331,
      "warm_transfer_audit": [
        {
          "bytes": 8700,
          "calls": 15,
          "leaves": 15,
          "phase": "final_result"
        }
      ],
      "work_counters": {
        "accepted_iterations": 12,
        "advance_observations": 0,
        "objective_evaluations": 15,
        "transfer_bytes": 8700,
        "transfer_calls": 15,
        "transfer_leaves": 15
      }
    },
    {
      "algorithm_memory_contract": null,
      "case": "coil47",
      "certificate": "source-owned VMEC-free coil physics; native/JAX objective parity",
      "cold_seconds": 8.788243985001827,
      "constraint_norm": null,
      "device": "gpu",
      "device_identity": {
        "backend": "gpu",
        "compute_capability": "8.0",
        "cuda_version": "PJRT C API\ncuda 12090",
        "device_id": 0,
        "device_kind": "NVIDIA A100-PCIE-40GB",
        "driver_version": "470.256.02",
        "gpu_model": "NVIDIA A100-PCIE-40GB",
        "gpu_uuid": "GPU-250014ca-8cb3-bdcd-ad1d-2f6f64529b8d",
        "hostname": "landau",
        "jax_device": "cuda:0",
        "platform": "gpu",
        "process_index": 0,
        "requested_device": "gpu",
        "scheduler_job_id": null,
        "total_memory_bytes": 42505076736,
        "visible_devices": "GPU-250014ca-8cb3-bdcd-ad1d-2f6f64529b8d"
      },
      "diagnostic_artifacts": {
        "memory_trace": "gpu_memory.json",
        "trial_trace": null
      },
      "dimension": 47,
      "endpoint_certificate": {
        "constraints_satisfied": true,
        "initial_stationary": false,
        "stopping_reason": "converged",
        "success": true,
        "terminal_stationary": true
      },
      "evaluations": null,
      "final_gradient_inf_norm": 1.8156792801031496e-11,
      "final_objective": 0.137862632844302,
      "final_parameters": [
        1.0000013846254778,
        1.0000261917923234,
        0.9914342927502302,
        0.003857781630124829,
        0.5947624824555507,
        0.007530702242725162,
        -7.780145027128706e-05,
        0.13037664031063934,
        -0.005148727489040869,
        0.07799572250295504,
        -0.0019781884901172884,
        -0.00014920135176160542,
        -0.004848428445783811,
        -0.6000609290271186,
        -0.0031518007850069958,
        0.00015749360481703728,
        -0.002362153726698362,
        0.9238758394984012,
        0.0003209619542306931,
        0.5543318992743558,
        -0.000850419311647816,
        -2.8922185671333418e-06,
        0.3826819839765157,
        -0.0007749075709397532,
        0.2296117418670183,
        0.002053312257512095,
        -1.2026324301434559e-06,
        -2.3478796937190697e-08,
        -0.5999991523387483,
        1.4068076480572916e-08,
        -1.0164748558890038e-07,
        -6.04524272241135e-08,
        0.7932401118512263,
        0.0009128067508909777,
        0.4757117733567876,
        -0.003926186634944417,
        -0.00016042063849064681,
        0.6088598791274895,
        -0.006368435068402383,
        0.3654091237030707,
        -0.006723611570918183,
        5.0382237757000834e-05,
        0.004848293912716607,
        -0.6000608913317169,
        0.003151746169320327,
        0.00015744369636469017,
        0.0023621438339009745
      ],
      "first_execution_seconds": 0.6226733860003151,
      "fixture_build_peak_rss_kib": 1117660,
      "fixture_build_seconds": 4.4417881930003205,
      "fixture_contract": {
        "certificate": "source-owned VMEC-free coil physics; native/JAX objective parity",
        "expected_initial_observables": {
          "gradient_inf_norm": 0.003746923674450162,
          "objective": 0.13792118300896355
        },
        "final_certificate_fields": {
          "evaluations": null,
          "final_gradient_inf_norm": 1.8156792801031496e-11,
          "final_objective": 0.137862632844302,
          "final_parameters": [
            1.0000013846254778,
            1.0000261917923234,
            0.9914342927502302,
            0.003857781630124829,
            0.5947624824555507,
            0.007530702242725162,
            -7.780145027128706e-05,
            0.13037664031063934,
            -0.005148727489040869,
            0.07799572250295504,
            -0.0019781884901172884,
            -0.00014920135176160542,
            -0.004848428445783811,
            -0.6000609290271186,
            -0.0031518007850069958,
            0.00015749360481703728,
            -0.002362153726698362,
            0.9238758394984012,
            0.0003209619542306931,
            0.5543318992743558,
            -0.000850419311647816,
            -2.8922185671333418e-06,
            0.3826819839765157,
            -0.0007749075709397532,
            0.2296117418670183,
            0.002053312257512095,
            -1.2026324301434559e-06,
            -2.3478796937190697e-08,
            -0.5999991523387483,
            1.4068076480572916e-08,
            -1.0164748558890038e-07,
            -6.04524272241135e-08,
            0.7932401118512263,
            0.0009128067508909777,
            0.4757117733567876,
            -0.003926186634944417,
            -0.00016042063849064681,
            0.6088598791274895,
            -0.006368435068402383,
            0.3654091237030707,
            -0.006723611570918183,
            5.0382237757000834e-05,
            0.004848293912716607,
            -0.6000608913317169,
            0.003151746169320327,
            0.00015744369636469017,
            0.0023621438339009745
          ],
          "iterations": 15,
          "status": 0,
          "stopping_reason": "converged",
          "success": true
        },
        "fixture_metadata": {
          "current_value": 100000.0,
          "curve_count": 3,
          "curve_order": 2,
          "curve_quadpoints": 16,
          "dtype": "float64",
          "fixed_current_index": 0,
          "native_objective_provider": "simsopt.field.BiotSavart + simsopt.objectives.SquaredFlux",
          "objective_definition": "quadratic flux",
          "seed": 0,
          "source_example": "examples/jax/3_Advanced/single_stage_optimization.py",
          "surface_kind": "analytic_surface_rz_fourier",
          "surface_mpol": 1,
          "surface_nfp": 4,
          "surface_ntor": 1,
          "surface_quadpoints": 8,
          "target_max": 0.2,
          "target_min": 0.1
        },
        "generator_path": "benchmarks/fixtures/custom_quasi_newton.py",
        "generator_sha256": "7b8e1543265f8db62a627e5292762b6464a8b6960187857022fc08c6a9785ff2",
        "initial_parameters": [
          1.0,
          1.0,
          0.9914448613738104,
          0.0,
          0.5948669168242862,
          0.0,
          0.0,
          0.13052619222005157,
          0.0,
          0.07831571533203094,
          0.0,
          0.0,
          0.0,
          -0.6,
          0.0,
          0.0,
          0.0,
          0.9238795325112867,
          0.0,
          0.5543277195067721,
          0.0,
          0.0,
          0.3826834323650898,
          0.0,
          0.22961005941905385,
          0.0,
          0.0,
          0.0,
          -0.6,
          0.0,
          0.0,
          0.0,
          0.7933533402912352,
          0.0,
          0.4760120041747411,
          0.0,
          0.0,
          0.6087614290087207,
          0.0,
          0.3652568574052324,
          0.0,
          0.0,
          0.0,
          -0.6,
          0.0,
          0.0,
          0.0
        ],
        "solver_options": {
          "device": "gpu",
          "ftol": 0.0,
          "gtol": 1e-10,
          "intent": "fast",
          "maxcor": 10,
          "maxfun": null,
          "maxiter": 20,
          "maxls": 20,
          "method": "lbfgs"
        },
        "source_path": "examples/jax/3_Advanced/single_stage_optimization.py",
        "source_sha256": "00f2f9b45a2a1c5fc7136952818e19d649f20e141d4e626ed9a8c18e8114287e",
        "tolerances": {
          "gradient_inf_norm_abs": 1e-08,
          "objective_abs": 1e-12,
          "objective_rel": 1e-10,
          "parameters_abs": 1e-10
        }
      },
      "fixture_metadata": [
        [
          "source_example",
          "examples/jax/3_Advanced/single_stage_optimization.py"
        ],
        [
          "surface_kind",
          "analytic_surface_rz_fourier"
        ],
        [
          "surface_nfp",
          4
        ],
        [
          "surface_mpol",
          1
        ],
        [
          "surface_ntor",
          1
        ],
        [
          "surface_quadpoints",
          8
        ],
        [
          "curve_count",
          3
        ],
        [
          "curve_order",
          2
        ],
        [
          "curve_quadpoints",
          16
        ],
        [
          "current_value",
          100000.0
        ],
        [
          "fixed_current_index",
          0
        ],
        [
          "objective_definition",
          "quadratic flux"
        ],
        [
          "native_objective_provider",
          "simsopt.field.BiotSavart + simsopt.objectives.SquaredFlux"
        ],
        [
          "target_min",
          0.1
        ],
        [
          "target_max",
          0.2
        ],
        [
          "dtype",
          "float64"
        ],
        [
          "seed",
          0
        ]
      ],
      "initial_gradient_inf_norm": 0.003746923674450162,
      "initial_objective": 0.13792118300896355,
      "initial_parameters": [
        1.0,
        1.0,
        0.9914448613738104,
        0.0,
        0.5948669168242862,
        0.0,
        0.0,
        0.13052619222005157,
        0.0,
        0.07831571533203094,
        0.0,
        0.0,
        0.0,
        -0.6,
        0.0,
        0.0,
        0.0,
        0.9238795325112867,
        0.0,
        0.5543277195067721,
        0.0,
        0.0,
        0.3826834323650898,
        0.0,
        0.22961005941905385,
        0.0,
        0.0,
        0.0,
        -0.6,
        0.0,
        0.0,
        0.0,
        0.7933533402912352,
        0.0,
        0.4760120041747411,
        0.0,
        0.0,
        0.6087614290087207,
        0.0,
        0.3652568574052324,
        0.0,
        0.0,
        0.0,
        -0.6,
        0.0,
        0.0,
        0.0
      ],
      "inner_success": true,
      "intent": "fast",
      "iterations": 15,
      "maxcor": 10,
      "maxiter": 20,
      "method": "lbfgs",
      "observables_finite": true,
      "parameters_finite": true,
      "peak_rss_kib": 1505780,
      "peak_rss_scope": "self_proc_status_phase_max",
      "peak_vram_mib": 598,
      "phase_rss": [
        {
          "end_rss_kib": 1117660,
          "peak_rss_kib": 1117660,
          "phase": "fixture_build",
          "sample_count": 372,
          "scope": "self_proc_status_poll_10ms",
          "start_rss_kib": 670924
        },
        {
          "end_rss_kib": 1505092,
          "peak_rss_kib": 1505108,
          "phase": "preparation",
          "sample_count": 729,
          "scope": "self_proc_status_poll_10ms",
          "start_rss_kib": 1317592
        },
        {
          "end_rss_kib": 1505780,
          "peak_rss_kib": 1505780,
          "phase": "cold_solver",
          "sample_count": 59,
          "scope": "self_proc_status_poll_10ms",
          "start_rss_kib": 1505092
        },
        {
          "end_rss_kib": 1505780,
          "peak_rss_kib": 1505780,
          "phase": "warm_solver",
          "sample_count": 9,
          "scope": "self_proc_status_poll_10ms",
          "start_rss_kib": 1505780
        }
      ],
      "preparation_seconds": 8.165570599001512,
      "process_pid": 37880,
      "provider": "optax",
      "ru_maxrss_kib": 1505788,
      "scientific_certification_seconds": 9.690000297268853e-06,
      "scientific_observables": {},
      "solver_peak_rss_delta_kib": 187516,
      "solver_peak_rss_kib": 1505780,
      "solver_route": "optax_lbfgs",
      "solver_start_rss_kib": 1317580,
      "status": 0,
      "stopping_reason": "converged",
      "success": true,
      "warm_seconds": 0.07681587900151499,
      "warm_transfer_audit": [],
      "work_counters": {
        "accepted_iterations": 15,
        "advance_observations": 0,
        "objective_evaluations": null,
        "transfer_bytes": 0,
        "transfer_calls": 0,
        "transfer_leaves": 0
      }
    }
  ],
  "method": "lbfgs",
  "numpy_version": "2.4.6",
  "optax_version": "0.2.8",
  "orchestrator_git_clean": true,
  "provider_child": false,
  "provider_child_rss_limit_kib": 8388608,
  "provider_child_term_grace_seconds": 5,
  "provider_child_timeout_seconds": 120,
  "provider_children": [
    {
      "device_identity": {
        "backend": "gpu",
        "compute_capability": "8.0",
        "cuda_version": "PJRT C API\ncuda 12090",
        "device_id": 0,
        "device_kind": "NVIDIA A100-PCIE-40GB",
        "driver_version": "470.256.02",
        "gpu_model": "NVIDIA A100-PCIE-40GB",
        "gpu_uuid": "GPU-250014ca-8cb3-bdcd-ad1d-2f6f64529b8d",
        "hostname": "landau",
        "jax_device": "cuda:0",
        "platform": "gpu",
        "process_index": 0,
        "requested_device": "gpu",
        "scheduler_job_id": null,
        "total_memory_bytes": 42505076736,
        "visible_devices": "GPU-250014ca-8cb3-bdcd-ad1d-2f6f64529b8d"
      },
      "git_clean": true,
      "git_commit": "55745feaf939bb5b0c40fa85493e72ec506ac41a",
      "gpu_memory_path": "custom/gpu_memory.json",
      "gpu_memory_sha256": "5c932b042a00fff4889154d234be139385ac2f310aa37d2194d991aae11d9ad6",
      "measurement_count": 1,
      "measurements_path": "custom/measurements.json",
      "measurements_sha256": "80a482224d978bf012dec51e372de040dce803c5de2b8b7ffc86b000728b8e23",
      "method": "lbfgs",
      "provider": "custom",
      "requested_device": "gpu",
      "runtime_environment": {
        "JAX_ENABLE_X64": "true",
        "JAX_PLATFORMS": "cuda",
        "SIMSOPT_BACKEND_MODE": "jax_gpu_fast",
        "SIMSOPT_BACKEND_STRICT": "1",
        "SIMSOPT_PRECISION": "fp64",
        "XLA_PYTHON_CLIENT_ALLOCATOR": "platform",
        "XLA_PYTHON_CLIENT_MEM_FRACTION": null,
        "XLA_PYTHON_CLIENT_PREALLOCATE": "false"
      }
    },
    {
      "device_identity": {
        "backend": "gpu",
        "compute_capability": "8.0",
        "cuda_version": "PJRT C API\ncuda 12090",
        "device_id": 0,
        "device_kind": "NVIDIA A100-PCIE-40GB",
        "driver_version": "470.256.02",
        "gpu_model": "NVIDIA A100-PCIE-40GB",
        "gpu_uuid": "GPU-250014ca-8cb3-bdcd-ad1d-2f6f64529b8d",
        "hostname": "landau",
        "jax_device": "cuda:0",
        "platform": "gpu",
        "process_index": 0,
        "requested_device": "gpu",
        "scheduler_job_id": null,
        "total_memory_bytes": 42505076736,
        "visible_devices": "GPU-250014ca-8cb3-bdcd-ad1d-2f6f64529b8d"
      },
      "git_clean": true,
      "git_commit": "55745feaf939bb5b0c40fa85493e72ec506ac41a",
      "gpu_memory_path": "optax/gpu_memory.json",
      "gpu_memory_sha256": "f26cb9fa3091197432ac9ce5bda90683dade72b30c1290549f7274750133f2b7",
      "measurement_count": 1,
      "measurements_path": "optax/measurements.json",
      "measurements_sha256": "25df6b0b515780e5228e36cbbd5f297ccc1f61cdf8fdc448c6be815fffeff4ed",
      "method": "lbfgs",
      "provider": "optax",
      "requested_device": "gpu",
      "runtime_environment": {
        "JAX_ENABLE_X64": "true",
        "JAX_PLATFORMS": "cuda",
        "SIMSOPT_BACKEND_MODE": "jax_gpu_fast",
        "SIMSOPT_BACKEND_STRICT": "1",
        "SIMSOPT_PRECISION": "fp64",
        "XLA_PYTHON_CLIENT_ALLOCATOR": "platform",
        "XLA_PYTHON_CLIENT_MEM_FRACTION": null,
        "XLA_PYTHON_CLIENT_PREALLOCATE": "false"
      }
    }
  ],
  "python_version": "3.11.15",
  "requested_device": "gpu",
  "runtime_environment": {
    "JAX_ENABLE_X64": "true",
    "JAX_PLATFORMS": "cuda",
    "SIMSOPT_BACKEND_MODE": "jax_gpu_fast",
    "SIMSOPT_BACKEND_STRICT": "1",
    "SIMSOPT_PRECISION": "fp64",
    "XLA_PYTHON_CLIENT_ALLOCATOR": "platform",
    "XLA_PYTHON_CLIENT_MEM_FRACTION": null,
    "XLA_PYTHON_CLIENT_PREALLOCATE": "false"
  },
  "schema_version": 9,
  "scipy_version": "1.17.1"
}
