{
  "argv": [
    "benchmarks/custom_quasi_newton_runtime.py",
    "--device",
    "gpu",
    "--intent",
    "fast",
    "--providers",
    "optax,custom",
    "--cases",
    "coil47",
    "--method",
    "lbfgs",
    "--maxiter",
    "20",
    "--output",
    "/mnt/homes_global/jdsuh/qn-a100/artifacts/coil47-a100-quiet3-63638856f/round-3"
  ],
  "backend": "gpu",
  "device_identity": {
    "backend": "gpu",
    "compute_capability": "8.0",
    "cuda_version": "PJRT C API\ncuda 12090",
    "device_id": 0,
    "device_kind": "NVIDIA A100-PCIE-40GB",
    "driver_version": "470.256.02",
    "gpu_model": "NVIDIA A100-PCIE-40GB",
    "gpu_uuid": "GPU-250014ca-8cb3-bdcd-ad1d-2f6f64529b8d",
    "hostname": "landau",
    "jax_device": "cuda:0",
    "platform": "gpu",
    "process_index": 0,
    "requested_device": "gpu",
    "scheduler_job_id": null,
    "total_memory_bytes": 42505076736,
    "visible_devices": "GPU-250014ca-8cb3-bdcd-ad1d-2f6f64529b8d"
  },
  "devices": [
    "cuda:0"
  ],
  "git_clean": true,
  "git_commit": "63638856f195166bbf8453ab52629e4bfdfc6898",
  "jax_version": "0.10.0",
  "jaxlib_version": "0.10.0",
  "measurements": [
    {
      "algorithm_memory_contract": null,
      "case": "coil47",
      "certificate": "source-owned VMEC-free coil physics; native/JAX objective parity",
      "cold_seconds": 8.21646603300178,
      "constraint_norm": null,
      "device": "gpu",
      "device_identity": {
        "backend": "gpu",
        "compute_capability": "8.0",
        "cuda_version": "PJRT C API\ncuda 12090",
        "device_id": 0,
        "device_kind": "NVIDIA A100-PCIE-40GB",
        "driver_version": "470.256.02",
        "gpu_model": "NVIDIA A100-PCIE-40GB",
        "gpu_uuid": "GPU-250014ca-8cb3-bdcd-ad1d-2f6f64529b8d",
        "hostname": "landau",
        "jax_device": "cuda:0",
        "platform": "gpu",
        "process_index": 0,
        "requested_device": "gpu",
        "scheduler_job_id": null,
        "total_memory_bytes": 42505076736,
        "visible_devices": "GPU-250014ca-8cb3-bdcd-ad1d-2f6f64529b8d"
      },
      "diagnostic_artifacts": {
        "memory_trace": "gpu_memory.json",
        "trial_trace": null
      },
      "dimension": 47,
      "endpoint_certificate": {
        "constraints_satisfied": true,
        "initial_stationary": false,
        "stopping_reason": "converged",
        "success": true,
        "terminal_stationary": true
      },
      "evaluations": null,
      "final_gradient_inf_norm": 1.815680136622866e-11,
      "final_objective": 0.13786263284430203,
      "final_parameters": [
        1.0000013846254774,
        1.0000261917923243,
        0.991434292750229,
        0.003857781630124672,
        0.5947624824555503,
        0.007530702242724754,
        -7.780145027120588e-05,
        0.13037664031063817,
        -0.005148727489040797,
        0.07799572250295443,
        -0.0019781884901172806,
        -0.00014920135176135695,
        -0.004848428445783813,
        -0.600060929027118,
        -0.0031518007850070045,
        0.00015749360481820822,
        -0.0023621537266982884,
        0.9238758394984014,
        0.00032096195423062353,
        0.5543318992743559,
        -0.0008504193116476141,
        -2.8922185667958843e-06,
        0.3826819839765156,
        -0.0007749075709398054,
        0.22961174186701827,
        0.0020533122575118836,
        -1.2026324301325736e-06,
        -2.347879702381012e-08,
        -0.5999991523387485,
        1.4068076513341583e-08,
        -1.0164748531168338e-07,
        -6.045242729262588e-08,
        0.7932401118512249,
        0.0009128067508910999,
        0.4757117733567867,
        -0.0039261866349445005,
        -0.0001604206384905409,
        0.6088598791274891,
        -0.006368435068402429,
        0.3654091237030703,
        -0.006723611570917942,
        5.038223775685395e-05,
        0.004848293912716563,
        -0.6000608913317176,
        0.0031517461693202874,
        0.00015744369636572493,
        0.0023621438339008695
      ],
      "first_execution_seconds": 0.5991290290003235,
      "fixture_build_peak_rss_kib": 1121580,
      "fixture_build_seconds": 4.491106096000294,
      "fixture_contract": {
        "certificate": "source-owned VMEC-free coil physics; native/JAX objective parity",
        "expected_initial_observables": {
          "gradient_inf_norm": 0.003746923674450162,
          "objective": 0.13792118300896355
        },
        "final_certificate_fields": {
          "evaluations": null,
          "final_gradient_inf_norm": 1.815680136622866e-11,
          "final_objective": 0.13786263284430203,
          "final_parameters": [
            1.0000013846254774,
            1.0000261917923243,
            0.991434292750229,
            0.003857781630124672,
            0.5947624824555503,
            0.007530702242724754,
            -7.780145027120588e-05,
            0.13037664031063817,
            -0.005148727489040797,
            0.07799572250295443,
            -0.0019781884901172806,
            -0.00014920135176135695,
            -0.004848428445783813,
            -0.600060929027118,
            -0.0031518007850070045,
            0.00015749360481820822,
            -0.0023621537266982884,
            0.9238758394984014,
            0.00032096195423062353,
            0.5543318992743559,
            -0.0008504193116476141,
            -2.8922185667958843e-06,
            0.3826819839765156,
            -0.0007749075709398054,
            0.22961174186701827,
            0.0020533122575118836,
            -1.2026324301325736e-06,
            -2.347879702381012e-08,
            -0.5999991523387485,
            1.4068076513341583e-08,
            -1.0164748531168338e-07,
            -6.045242729262588e-08,
            0.7932401118512249,
            0.0009128067508910999,
            0.4757117733567867,
            -0.0039261866349445005,
            -0.0001604206384905409,
            0.6088598791274891,
            -0.006368435068402429,
            0.3654091237030703,
            -0.006723611570917942,
            5.038223775685395e-05,
            0.004848293912716563,
            -0.6000608913317176,
            0.0031517461693202874,
            0.00015744369636572493,
            0.0023621438339008695
          ],
          "iterations": 15,
          "status": 0,
          "stopping_reason": "converged",
          "success": true
        },
        "fixture_metadata": {
          "current_value": 100000.0,
          "curve_count": 3,
          "curve_order": 2,
          "curve_quadpoints": 16,
          "dtype": "float64",
          "fixed_current_index": 0,
          "native_objective_provider": "simsopt.field.BiotSavart + simsopt.objectives.SquaredFlux",
          "objective_definition": "quadratic flux",
          "seed": 0,
          "source_example": "examples/jax/3_Advanced/single_stage_optimization.py",
          "surface_kind": "analytic_surface_rz_fourier",
          "surface_mpol": 1,
          "surface_nfp": 4,
          "surface_ntor": 1,
          "surface_quadpoints": 8,
          "target_max": 0.2,
          "target_min": 0.1
        },
        "generator_path": "benchmarks/fixtures/custom_quasi_newton.py",
        "generator_sha256": "7b8e1543265f8db62a627e5292762b6464a8b6960187857022fc08c6a9785ff2",
        "initial_parameters": [
          1.0,
          1.0,
          0.9914448613738104,
          0.0,
          0.5948669168242862,
          0.0,
          0.0,
          0.13052619222005157,
          0.0,
          0.07831571533203094,
          0.0,
          0.0,
          0.0,
          -0.6,
          0.0,
          0.0,
          0.0,
          0.9238795325112867,
          0.0,
          0.5543277195067721,
          0.0,
          0.0,
          0.3826834323650898,
          0.0,
          0.22961005941905385,
          0.0,
          0.0,
          0.0,
          -0.6,
          0.0,
          0.0,
          0.0,
          0.7933533402912352,
          0.0,
          0.4760120041747411,
          0.0,
          0.0,
          0.6087614290087207,
          0.0,
          0.3652568574052324,
          0.0,
          0.0,
          0.0,
          -0.6,
          0.0,
          0.0,
          0.0
        ],
        "solver_options": {
          "device": "gpu",
          "ftol": 0.0,
          "gtol": 1e-10,
          "intent": "fast",
          "maxcor": 10,
          "maxfun": null,
          "maxiter": 20,
          "maxls": 20,
          "method": "lbfgs"
        },
        "source_path": "examples/jax/3_Advanced/single_stage_optimization.py",
        "source_sha256": "00f2f9b45a2a1c5fc7136952818e19d649f20e141d4e626ed9a8c18e8114287e",
        "tolerances": {
          "gradient_inf_norm_abs": 1e-08,
          "objective_abs": 1e-12,
          "objective_rel": 1e-10,
          "parameters_abs": 1e-10
        }
      },
      "fixture_metadata": [
        [
          "source_example",
          "examples/jax/3_Advanced/single_stage_optimization.py"
        ],
        [
          "surface_kind",
          "analytic_surface_rz_fourier"
        ],
        [
          "surface_nfp",
          4
        ],
        [
          "surface_mpol",
          1
        ],
        [
          "surface_ntor",
          1
        ],
        [
          "surface_quadpoints",
          8
        ],
        [
          "curve_count",
          3
        ],
        [
          "curve_order",
          2
        ],
        [
          "curve_quadpoints",
          16
        ],
        [
          "current_value",
          100000.0
        ],
        [
          "fixed_current_index",
          0
        ],
        [
          "objective_definition",
          "quadratic flux"
        ],
        [
          "native_objective_provider",
          "simsopt.field.BiotSavart + simsopt.objectives.SquaredFlux"
        ],
        [
          "target_min",
          0.1
        ],
        [
          "target_max",
          0.2
        ],
        [
          "dtype",
          "float64"
        ],
        [
          "seed",
          0
        ]
      ],
      "initial_gradient_inf_norm": 0.003746923674450162,
      "initial_objective": 0.13792118300896355,
      "initial_parameters": [
        1.0,
        1.0,
        0.9914448613738104,
        0.0,
        0.5948669168242862,
        0.0,
        0.0,
        0.13052619222005157,
        0.0,
        0.07831571533203094,
        0.0,
        0.0,
        0.0,
        -0.6,
        0.0,
        0.0,
        0.0,
        0.9238795325112867,
        0.0,
        0.5543277195067721,
        0.0,
        0.0,
        0.3826834323650898,
        0.0,
        0.22961005941905385,
        0.0,
        0.0,
        0.0,
        -0.6,
        0.0,
        0.0,
        0.0,
        0.7933533402912352,
        0.0,
        0.4760120041747411,
        0.0,
        0.0,
        0.6087614290087207,
        0.0,
        0.3652568574052324,
        0.0,
        0.0,
        0.0,
        -0.6,
        0.0,
        0.0,
        0.0
      ],
      "inner_success": true,
      "intent": "fast",
      "iterations": 15,
      "maxcor": 10,
      "maxiter": 20,
      "method": "lbfgs",
      "observables_finite": true,
      "parameters_finite": true,
      "peak_rss_kib": 1521012,
      "peak_rss_scope": "self_proc_status_phase_max",
      "peak_vram_mib": 478,
      "phase_rss": [
        {
          "end_rss_kib": 1121580,
          "peak_rss_kib": 1121580,
          "phase": "fixture_build",
          "sample_count": 387,
          "scope": "self_proc_status_poll_10ms",
          "start_rss_kib": 671408
        },
        {
          "end_rss_kib": 1520832,
          "peak_rss_kib": 1520852,
          "phase": "preparation",
          "sample_count": 677,
          "scope": "self_proc_status_poll_10ms",
          "start_rss_kib": 1335308
        },
        {
          "end_rss_kib": 1521012,
          "peak_rss_kib": 1521012,
          "phase": "cold_solver",
          "sample_count": 58,
          "scope": "self_proc_status_poll_10ms",
          "start_rss_kib": 1520832
        },
        {
          "end_rss_kib": 1521012,
          "peak_rss_kib": 1521012,
          "phase": "warm_solver",
          "sample_count": 8,
          "scope": "self_proc_status_poll_10ms",
          "start_rss_kib": 1521012
        }
      ],
      "preparation_seconds": 7.617337004001456,
      "process_pid": 127365,
      "provider": "optax",
      "ru_maxrss_kib": 1521016,
      "scientific_certification_seconds": 1.3459997717291117e-05,
      "scientific_observables": {},
      "solver_peak_rss_delta_kib": 185544,
      "solver_peak_rss_kib": 1521012,
      "solver_route": "optax_lbfgs",
      "solver_start_rss_kib": 1335308,
      "status": 0,
      "stopping_reason": "converged",
      "success": true,
      "warm_seconds": 0.06575712599806138,
      "warm_transfer_audit": [],
      "work_counters": {
        "accepted_iterations": 15,
        "advance_observations": 0,
        "objective_evaluations": null,
        "transfer_bytes": 0,
        "transfer_calls": 0,
        "transfer_leaves": 0
      }
    },
    {
      "algorithm_memory_contract": null,
      "case": "coil47",
      "certificate": "source-owned VMEC-free coil physics; native/JAX objective parity",
      "cold_seconds": 35.837495332998515,
      "constraint_norm": null,
      "device": "gpu",
      "device_identity": {
        "backend": "gpu",
        "compute_capability": "8.0",
        "cuda_version": "PJRT C API\ncuda 12090",
        "device_id": 0,
        "device_kind": "NVIDIA A100-PCIE-40GB",
        "driver_version": "470.256.02",
        "gpu_model": "NVIDIA A100-PCIE-40GB",
        "gpu_uuid": "GPU-250014ca-8cb3-bdcd-ad1d-2f6f64529b8d",
        "hostname": "landau",
        "jax_device": "cuda:0",
        "platform": "gpu",
        "process_index": 0,
        "requested_device": "gpu",
        "scheduler_job_id": null,
        "total_memory_bytes": 42505076736,
        "visible_devices": "GPU-250014ca-8cb3-bdcd-ad1d-2f6f64529b8d"
      },
      "diagnostic_artifacts": {
        "memory_trace": "gpu_memory.json",
        "trial_trace": null
      },
      "dimension": 47,
      "endpoint_certificate": {
        "constraints_satisfied": true,
        "initial_stationary": false,
        "stopping_reason": "converged",
        "success": true,
        "terminal_stationary": true
      },
      "evaluations": 15,
      "final_gradient_inf_norm": 5.874340887313499e-10,
      "final_objective": 0.13786263284430206,
      "final_parameters": [
        1.0000024716256084,
        0.9999934701767146,
        0.9914891605908424,
        0.003862914021410181,
        0.5948009008343285,
        0.007538972433228837,
        -7.722151423052794e-05,
        0.13050867046688677,
        -0.005155367969549676,
        0.07804915123490526,
        -0.001985022886180914,
        -0.00016328605277704395,
        -0.004852772755665129,
        -0.6001677932857689,
        -0.0031555757200792045,
        0.00010375571309415596,
        -0.00236587636608545,
        0.9238719469458304,
        0.0003212202613893328,
        0.5543354270277174,
        -0.0008518331737641224,
        -3.20552391885514e-06,
        0.3826803182315005,
        -0.0007755046668863968,
        0.22961325043873607,
        0.002056505300293509,
        -1.3356667476042455e-06,
        9.891015131916898e-09,
        -0.5999998253231017,
        3.998163181057984e-09,
        3.712038793784335e-06,
        -9.402163958489373e-09,
        0.7933721856173226,
        0.0009139061690898026,
        0.47577678144508573,
        -0.003927242533309224,
        -0.0001700537630612921,
        0.6088052746519287,
        -0.006376928166945946,
        0.365398656884258,
        -0.006734501468057464,
        6.0853045215415215e-05,
        0.004852784850371611,
        -0.6001674884651754,
        0.003155595962222746,
        0.00010373581899296459,
        0.002365878120750243
      ],
      "first_execution_seconds": 0.05337430999861681,
      "fixture_build_peak_rss_kib": 1118416,
      "fixture_build_seconds": 4.130333706998499,
      "fixture_contract": {
        "certificate": "source-owned VMEC-free coil physics; native/JAX objective parity",
        "expected_initial_observables": {
          "gradient_inf_norm": 0.003746923674450162,
          "objective": 0.13792118300896355
        },
        "final_certificate_fields": {
          "evaluations": 15,
          "final_gradient_inf_norm": 5.874340887313499e-10,
          "final_objective": 0.13786263284430206,
          "final_parameters": [
            1.0000024716256084,
            0.9999934701767146,
            0.9914891605908424,
            0.003862914021410181,
            0.5948009008343285,
            0.007538972433228837,
            -7.722151423052794e-05,
            0.13050867046688677,
            -0.005155367969549676,
            0.07804915123490526,
            -0.001985022886180914,
            -0.00016328605277704395,
            -0.004852772755665129,
            -0.6001677932857689,
            -0.0031555757200792045,
            0.00010375571309415596,
            -0.00236587636608545,
            0.9238719469458304,
            0.0003212202613893328,
            0.5543354270277174,
            -0.0008518331737641224,
            -3.20552391885514e-06,
            0.3826803182315005,
            -0.0007755046668863968,
            0.22961325043873607,
            0.002056505300293509,
            -1.3356667476042455e-06,
            9.891015131916898e-09,
            -0.5999998253231017,
            3.998163181057984e-09,
            3.712038793784335e-06,
            -9.402163958489373e-09,
            0.7933721856173226,
            0.0009139061690898026,
            0.47577678144508573,
            -0.003927242533309224,
            -0.0001700537630612921,
            0.6088052746519287,
            -0.006376928166945946,
            0.365398656884258,
            -0.006734501468057464,
            6.0853045215415215e-05,
            0.004852784850371611,
            -0.6001674884651754,
            0.003155595962222746,
            0.00010373581899296459,
            0.002365878120750243
          ],
          "iterations": 12,
          "status": 0,
          "stopping_reason": "converged",
          "success": true
        },
        "fixture_metadata": {
          "current_value": 100000.0,
          "curve_count": 3,
          "curve_order": 2,
          "curve_quadpoints": 16,
          "dtype": "float64",
          "fixed_current_index": 0,
          "native_objective_provider": "simsopt.field.BiotSavart + simsopt.objectives.SquaredFlux",
          "objective_definition": "quadratic flux",
          "seed": 0,
          "source_example": "examples/jax/3_Advanced/single_stage_optimization.py",
          "surface_kind": "analytic_surface_rz_fourier",
          "surface_mpol": 1,
          "surface_nfp": 4,
          "surface_ntor": 1,
          "surface_quadpoints": 8,
          "target_max": 0.2,
          "target_min": 0.1
        },
        "generator_path": "benchmarks/fixtures/custom_quasi_newton.py",
        "generator_sha256": "7b8e1543265f8db62a627e5292762b6464a8b6960187857022fc08c6a9785ff2",
        "initial_parameters": [
          1.0,
          1.0,
          0.9914448613738104,
          0.0,
          0.5948669168242862,
          0.0,
          0.0,
          0.13052619222005157,
          0.0,
          0.07831571533203094,
          0.0,
          0.0,
          0.0,
          -0.6,
          0.0,
          0.0,
          0.0,
          0.9238795325112867,
          0.0,
          0.5543277195067721,
          0.0,
          0.0,
          0.3826834323650898,
          0.0,
          0.22961005941905385,
          0.0,
          0.0,
          0.0,
          -0.6,
          0.0,
          0.0,
          0.0,
          0.7933533402912352,
          0.0,
          0.4760120041747411,
          0.0,
          0.0,
          0.6087614290087207,
          0.0,
          0.3652568574052324,
          0.0,
          0.0,
          0.0,
          -0.6,
          0.0,
          0.0,
          0.0
        ],
        "solver_options": {
          "device": "gpu",
          "ftol": 0.0,
          "gtol": 1e-10,
          "intent": "fast",
          "maxcor": 10,
          "maxfun": null,
          "maxiter": 20,
          "maxls": 20,
          "method": "lbfgs"
        },
        "source_path": "examples/jax/3_Advanced/single_stage_optimization.py",
        "source_sha256": "00f2f9b45a2a1c5fc7136952818e19d649f20e141d4e626ed9a8c18e8114287e",
        "tolerances": {
          "gradient_inf_norm_abs": 1e-08,
          "objective_abs": 1e-12,
          "objective_rel": 1e-10,
          "parameters_abs": 1e-10
        }
      },
      "fixture_metadata": [
        [
          "source_example",
          "examples/jax/3_Advanced/single_stage_optimization.py"
        ],
        [
          "surface_kind",
          "analytic_surface_rz_fourier"
        ],
        [
          "surface_nfp",
          4
        ],
        [
          "surface_mpol",
          1
        ],
        [
          "surface_ntor",
          1
        ],
        [
          "surface_quadpoints",
          8
        ],
        [
          "curve_count",
          3
        ],
        [
          "curve_order",
          2
        ],
        [
          "curve_quadpoints",
          16
        ],
        [
          "current_value",
          100000.0
        ],
        [
          "fixed_current_index",
          0
        ],
        [
          "objective_definition",
          "quadratic flux"
        ],
        [
          "native_objective_provider",
          "simsopt.field.BiotSavart + simsopt.objectives.SquaredFlux"
        ],
        [
          "target_min",
          0.1
        ],
        [
          "target_max",
          0.2
        ],
        [
          "dtype",
          "float64"
        ],
        [
          "seed",
          0
        ]
      ],
      "initial_gradient_inf_norm": 0.003746923674450162,
      "initial_objective": 0.13792118300896355,
      "initial_parameters": [
        1.0,
        1.0,
        0.9914448613738104,
        0.0,
        0.5948669168242862,
        0.0,
        0.0,
        0.13052619222005157,
        0.0,
        0.07831571533203094,
        0.0,
        0.0,
        0.0,
        -0.6,
        0.0,
        0.0,
        0.0,
        0.9238795325112867,
        0.0,
        0.5543277195067721,
        0.0,
        0.0,
        0.3826834323650898,
        0.0,
        0.22961005941905385,
        0.0,
        0.0,
        0.0,
        -0.6,
        0.0,
        0.0,
        0.0,
        0.7933533402912352,
        0.0,
        0.4760120041747411,
        0.0,
        0.0,
        0.6087614290087207,
        0.0,
        0.3652568574052324,
        0.0,
        0.0,
        0.0,
        -0.6,
        0.0,
        0.0,
        0.0
      ],
      "inner_success": true,
      "intent": "fast",
      "iterations": 12,
      "maxcor": 10,
      "maxiter": 20,
      "method": "lbfgs",
      "observables_finite": true,
      "parameters_finite": true,
      "peak_rss_kib": 2326592,
      "peak_rss_scope": "self_proc_status_phase_max",
      "peak_vram_mib": 508,
      "phase_rss": [
        {
          "end_rss_kib": 1118416,
          "peak_rss_kib": 1118416,
          "phase": "fixture_build",
          "sample_count": 351,
          "scope": "self_proc_status_poll_10ms",
          "start_rss_kib": 671240
        },
        {
          "end_rss_kib": 2316760,
          "peak_rss_kib": 2326592,
          "phase": "preparation",
          "sample_count": 3184,
          "scope": "self_proc_status_poll_10ms",
          "start_rss_kib": 1328824
        },
        {
          "end_rss_kib": 2317128,
          "peak_rss_kib": 2317128,
          "phase": "cold_solver",
          "sample_count": 7,
          "scope": "self_proc_status_poll_10ms",
          "start_rss_kib": 2316760
        },
        {
          "end_rss_kib": 2317192,
          "peak_rss_kib": 2317192,
          "phase": "warm_solver",
          "sample_count": 4,
          "scope": "self_proc_status_poll_10ms",
          "start_rss_kib": 2317128
        }
      ],
      "preparation_seconds": 35.7841210229999,
      "process_pid": 128242,
      "provider": "custom",
      "ru_maxrss_kib": 2327120,
      "scientific_certification_seconds": 1.179999890155159e-05,
      "scientific_observables": {},
      "solver_peak_rss_delta_kib": 997768,
      "solver_peak_rss_kib": 2326592,
      "solver_route": "fused_stepwise",
      "solver_start_rss_kib": 1328824,
      "status": 0,
      "stopping_reason": "converged",
      "success": true,
      "warm_seconds": 0.026809855000465177,
      "warm_transfer_audit": [
        {
          "bytes": 8700,
          "calls": 15,
          "leaves": 15,
          "phase": "final_result"
        }
      ],
      "work_counters": {
        "accepted_iterations": 12,
        "advance_observations": 0,
        "objective_evaluations": 15,
        "transfer_bytes": 8700,
        "transfer_calls": 15,
        "transfer_leaves": 15
      }
    }
  ],
  "method": "lbfgs",
  "numpy_version": "2.4.6",
  "optax_version": "0.2.8",
  "orchestrator_git_clean": true,
  "provider_child": false,
  "provider_child_rss_limit_kib": 8388608,
  "provider_child_term_grace_seconds": 5,
  "provider_child_timeout_seconds": 120,
  "provider_children": [
    {
      "device_identity": {
        "backend": "gpu",
        "compute_capability": "8.0",
        "cuda_version": "PJRT C API\ncuda 12090",
        "device_id": 0,
        "device_kind": "NVIDIA A100-PCIE-40GB",
        "driver_version": "470.256.02",
        "gpu_model": "NVIDIA A100-PCIE-40GB",
        "gpu_uuid": "GPU-250014ca-8cb3-bdcd-ad1d-2f6f64529b8d",
        "hostname": "landau",
        "jax_device": "cuda:0",
        "platform": "gpu",
        "process_index": 0,
        "requested_device": "gpu",
        "scheduler_job_id": null,
        "total_memory_bytes": 42505076736,
        "visible_devices": "GPU-250014ca-8cb3-bdcd-ad1d-2f6f64529b8d"
      },
      "git_clean": true,
      "git_commit": "63638856f195166bbf8453ab52629e4bfdfc6898",
      "gpu_memory_path": "optax/gpu_memory.json",
      "gpu_memory_sha256": "37710c3c6c11e42dcf2edade1c69d01e5401930660b594cb00dd784112c0c314",
      "measurement_count": 1,
      "measurements_path": "optax/measurements.json",
      "measurements_sha256": "d8ea94bdd03770de8f00647483be2d5e45fefd37646314933342f7f34f26bd24",
      "method": "lbfgs",
      "provider": "optax",
      "requested_device": "gpu",
      "runtime_environment": {
        "JAX_ENABLE_X64": "true",
        "JAX_PLATFORMS": "cuda",
        "SIMSOPT_BACKEND_MODE": "jax_gpu_fast",
        "SIMSOPT_BACKEND_STRICT": "1",
        "SIMSOPT_PRECISION": "fp64",
        "XLA_PYTHON_CLIENT_ALLOCATOR": "platform",
        "XLA_PYTHON_CLIENT_MEM_FRACTION": null,
        "XLA_PYTHON_CLIENT_PREALLOCATE": "false"
      }
    },
    {
      "device_identity": {
        "backend": "gpu",
        "compute_capability": "8.0",
        "cuda_version": "PJRT C API\ncuda 12090",
        "device_id": 0,
        "device_kind": "NVIDIA A100-PCIE-40GB",
        "driver_version": "470.256.02",
        "gpu_model": "NVIDIA A100-PCIE-40GB",
        "gpu_uuid": "GPU-250014ca-8cb3-bdcd-ad1d-2f6f64529b8d",
        "hostname": "landau",
        "jax_device": "cuda:0",
        "platform": "gpu",
        "process_index": 0,
        "requested_device": "gpu",
        "scheduler_job_id": null,
        "total_memory_bytes": 42505076736,
        "visible_devices": "GPU-250014ca-8cb3-bdcd-ad1d-2f6f64529b8d"
      },
      "git_clean": true,
      "git_commit": "63638856f195166bbf8453ab52629e4bfdfc6898",
      "gpu_memory_path": "custom/gpu_memory.json",
      "gpu_memory_sha256": "6e9eb7a4e7e016022a7b0ba3c4b60c5db30054aeb4c4d82548d3c00aeaa58009",
      "measurement_count": 1,
      "measurements_path": "custom/measurements.json",
      "measurements_sha256": "e11e1a27a7b0844a62b3d5f5d6aae7383c26936966c0582668eef3a03c155cc0",
      "method": "lbfgs",
      "provider": "custom",
      "requested_device": "gpu",
      "runtime_environment": {
        "JAX_ENABLE_X64": "true",
        "JAX_PLATFORMS": "cuda",
        "SIMSOPT_BACKEND_MODE": "jax_gpu_fast",
        "SIMSOPT_BACKEND_STRICT": "1",
        "SIMSOPT_PRECISION": "fp64",
        "XLA_PYTHON_CLIENT_ALLOCATOR": "platform",
        "XLA_PYTHON_CLIENT_MEM_FRACTION": null,
        "XLA_PYTHON_CLIENT_PREALLOCATE": "false"
      }
    }
  ],
  "python_version": "3.11.15",
  "requested_device": "gpu",
  "runtime_environment": {
    "JAX_ENABLE_X64": "true",
    "JAX_PLATFORMS": "cuda",
    "SIMSOPT_BACKEND_MODE": "jax_gpu_fast",
    "SIMSOPT_BACKEND_STRICT": "1",
    "SIMSOPT_PRECISION": "fp64",
    "XLA_PYTHON_CLIENT_ALLOCATOR": "platform",
    "XLA_PYTHON_CLIENT_MEM_FRACTION": null,
    "XLA_PYTHON_CLIENT_PREALLOCATE": "false"
  },
  "schema_version": 9,
  "scipy_version": "1.17.1"
}
