{
  "argv": [
    "benchmarks/custom_quasi_newton_runtime.py",
    "--device",
    "gpu",
    "--intent",
    "fast",
    "--providers",
    "optax,custom",
    "--cases",
    "coil47",
    "--method",
    "lbfgs",
    "--maxiter",
    "20",
    "--output",
    "/home/jungdaesuh/code/columbia/simsopt-pr-jax-port-squashed/.artifacts/custom-quasi-newton/final-359fd41fc-coil47-fused-optax-qualification-quiet/round-1"
  ],
  "backend": "gpu",
  "device_identity": {
    "backend": "gpu",
    "compute_capability": "12.0",
    "cuda_version": "PJRT C API\ncuda 12090",
    "device_id": 0,
    "device_kind": "NVIDIA GeForce RTX 5090",
    "driver_version": "595.84",
    "gpu_model": "NVIDIA GeForce RTX 5090",
    "gpu_uuid": "GPU-7951f78e-c05d-e01c-303f-d644f4341fe1",
    "hostname": "jungdaesuh-playstation",
    "jax_device": "cuda:0",
    "platform": "gpu",
    "process_index": 0,
    "requested_device": "gpu",
    "scheduler_job_id": null,
    "total_memory_bytes": 34190917632,
    "visible_devices": "GPU-7951f78e-c05d-e01c-303f-d644f4341fe1"
  },
  "devices": [
    "cuda:0"
  ],
  "git_clean": true,
  "git_commit": "359fd41fc4535c6ae68f9a94f3e69c2315f1c2f4",
  "jax_version": "0.10.0",
  "jaxlib_version": "0.10.0",
  "measurements": [
    {
      "algorithm_memory_contract": null,
      "case": "coil47",
      "certificate": "source-owned VMEC-free coil physics; native/JAX objective parity",
      "cold_seconds": 3.8976300231879577,
      "constraint_norm": null,
      "device": "gpu",
      "device_identity": {
        "backend": "gpu",
        "compute_capability": "12.0",
        "cuda_version": "PJRT C API\ncuda 12090",
        "device_id": 0,
        "device_kind": "NVIDIA GeForce RTX 5090",
        "driver_version": "595.84",
        "gpu_model": "NVIDIA GeForce RTX 5090",
        "gpu_uuid": "GPU-7951f78e-c05d-e01c-303f-d644f4341fe1",
        "hostname": "jungdaesuh-playstation",
        "jax_device": "cuda:0",
        "platform": "gpu",
        "process_index": 0,
        "requested_device": "gpu",
        "scheduler_job_id": null,
        "total_memory_bytes": 34190917632,
        "visible_devices": "GPU-7951f78e-c05d-e01c-303f-d644f4341fe1"
      },
      "diagnostic_artifacts": {
        "memory_trace": "gpu_memory.json",
        "trial_trace": null
      },
      "dimension": 47,
      "endpoint_certificate": {
        "constraints_satisfied": true,
        "initial_stationary": false,
        "stopping_reason": "converged",
        "success": true,
        "terminal_stationary": true
      },
      "evaluations": null,
      "final_gradient_inf_norm": 1.8156804618835176e-11,
      "final_objective": 0.137862632844302,
      "final_parameters": [
        1.0000013846254774,
        1.0000261917923252,
        0.9914342927502298,
        0.00385778163012466,
        0.5947624824555505,
        0.007530702242725033,
        -7.780145027149604e-05,
        0.13037664031063917,
        -0.005148727489040934,
        0.07799572250295492,
        -0.0019781884901174302,
        -0.0001492013517614774,
        -0.004848428445783575,
        -0.6000609290271183,
        -0.0031518007850069485,
        0.00015749360481748505,
        -0.002362153726698271,
        0.9238758394984012,
        0.0003209619542306809,
        0.5543318992743561,
        -0.0008504193116476943,
        -2.8922185669840666e-06,
        0.3826819839765157,
        -0.0007749075709398228,
        0.2296117418670183,
        0.0020533122575121213,
        -1.2026324301185078e-06,
        -2.3478797125916506e-08,
        -0.5999991523387482,
        1.4068076449805767e-08,
        -1.0164748553697272e-07,
        -6.045242715418663e-08,
        0.7932401118512254,
        0.0009128067508910055,
        0.4757117733567879,
        -0.003926186634944282,
        -0.00016042063849051836,
        0.6088598791274887,
        -0.006368435068402337,
        0.36540912370307094,
        -0.006723611570918012,
        5.038223775688352e-05,
        0.004848293912716617,
        -0.600060891331717,
        0.0031517461693203416,
        0.0001574436963650591,
        0.0023621438339008014
      ],
      "first_execution_seconds": 0.2616273401072249,
      "fixture_build_peak_rss_kib": 1235740,
      "fixture_build_seconds": 2.1625149219762534,
      "fixture_contract": {
        "certificate": "source-owned VMEC-free coil physics; native/JAX objective parity",
        "expected_initial_observables": {
          "gradient_inf_norm": 0.0037469236744501573,
          "objective": 0.13792118300896355
        },
        "final_certificate_fields": {
          "evaluations": null,
          "final_gradient_inf_norm": 1.8156804618835176e-11,
          "final_objective": 0.137862632844302,
          "final_parameters": [
            1.0000013846254774,
            1.0000261917923252,
            0.9914342927502298,
            0.00385778163012466,
            0.5947624824555505,
            0.007530702242725033,
            -7.780145027149604e-05,
            0.13037664031063917,
            -0.005148727489040934,
            0.07799572250295492,
            -0.0019781884901174302,
            -0.0001492013517614774,
            -0.004848428445783575,
            -0.6000609290271183,
            -0.0031518007850069485,
            0.00015749360481748505,
            -0.002362153726698271,
            0.9238758394984012,
            0.0003209619542306809,
            0.5543318992743561,
            -0.0008504193116476943,
            -2.8922185669840666e-06,
            0.3826819839765157,
            -0.0007749075709398228,
            0.2296117418670183,
            0.0020533122575121213,
            -1.2026324301185078e-06,
            -2.3478797125916506e-08,
            -0.5999991523387482,
            1.4068076449805767e-08,
            -1.0164748553697272e-07,
            -6.045242715418663e-08,
            0.7932401118512254,
            0.0009128067508910055,
            0.4757117733567879,
            -0.003926186634944282,
            -0.00016042063849051836,
            0.6088598791274887,
            -0.006368435068402337,
            0.36540912370307094,
            -0.006723611570918012,
            5.038223775688352e-05,
            0.004848293912716617,
            -0.600060891331717,
            0.0031517461693203416,
            0.0001574436963650591,
            0.0023621438339008014
          ],
          "iterations": 15,
          "status": 0,
          "stopping_reason": "converged",
          "success": true
        },
        "fixture_metadata": {
          "current_value": 100000.0,
          "curve_count": 3,
          "curve_order": 2,
          "curve_quadpoints": 16,
          "dtype": "float64",
          "fixed_current_index": 0,
          "native_objective_provider": "simsopt.field.BiotSavart + simsopt.objectives.SquaredFlux",
          "objective_definition": "quadratic flux",
          "seed": 0,
          "source_example": "examples/jax/3_Advanced/single_stage_optimization.py",
          "surface_kind": "analytic_surface_rz_fourier",
          "surface_mpol": 1,
          "surface_nfp": 4,
          "surface_ntor": 1,
          "surface_quadpoints": 8,
          "target_max": 0.2,
          "target_min": 0.1
        },
        "generator_path": "benchmarks/fixtures/custom_quasi_newton.py",
        "generator_sha256": "ad8f736212c80158dfd636d2c824d5606c3914f70e2f8db42f8a755eb2b6acdf",
        "initial_parameters": [
          1.0,
          1.0,
          0.9914448613738104,
          0.0,
          0.5948669168242862,
          0.0,
          0.0,
          0.13052619222005157,
          0.0,
          0.07831571533203094,
          0.0,
          0.0,
          0.0,
          -0.6,
          0.0,
          0.0,
          0.0,
          0.9238795325112867,
          0.0,
          0.5543277195067721,
          0.0,
          0.0,
          0.3826834323650898,
          0.0,
          0.22961005941905385,
          0.0,
          0.0,
          0.0,
          -0.6,
          0.0,
          0.0,
          0.0,
          0.7933533402912352,
          0.0,
          0.4760120041747411,
          0.0,
          0.0,
          0.6087614290087207,
          0.0,
          0.3652568574052324,
          0.0,
          0.0,
          0.0,
          -0.6,
          0.0,
          0.0,
          0.0
        ],
        "solver_options": {
          "device": "gpu",
          "ftol": 0.0,
          "gtol": 1e-10,
          "intent": "fast",
          "maxcor": 10,
          "maxfun": null,
          "maxiter": 20,
          "maxls": 20,
          "method": "lbfgs"
        },
        "source_path": "examples/jax/3_Advanced/single_stage_optimization.py",
        "source_sha256": "00f2f9b45a2a1c5fc7136952818e19d649f20e141d4e626ed9a8c18e8114287e",
        "tolerances": {
          "gradient_inf_norm_abs": 1e-08,
          "objective_abs": 1e-12,
          "objective_rel": 1e-10,
          "parameters_abs": 1e-10
        }
      },
      "fixture_metadata": [
        [
          "source_example",
          "examples/jax/3_Advanced/single_stage_optimization.py"
        ],
        [
          "surface_kind",
          "analytic_surface_rz_fourier"
        ],
        [
          "surface_nfp",
          4
        ],
        [
          "surface_mpol",
          1
        ],
        [
          "surface_ntor",
          1
        ],
        [
          "surface_quadpoints",
          8
        ],
        [
          "curve_count",
          3
        ],
        [
          "curve_order",
          2
        ],
        [
          "curve_quadpoints",
          16
        ],
        [
          "current_value",
          100000.0
        ],
        [
          "fixed_current_index",
          0
        ],
        [
          "objective_definition",
          "quadratic flux"
        ],
        [
          "native_objective_provider",
          "simsopt.field.BiotSavart + simsopt.objectives.SquaredFlux"
        ],
        [
          "target_min",
          0.1
        ],
        [
          "target_max",
          0.2
        ],
        [
          "dtype",
          "float64"
        ],
        [
          "seed",
          0
        ]
      ],
      "initial_gradient_inf_norm": 0.0037469236744501573,
      "initial_objective": 0.13792118300896355,
      "initial_parameters": [
        1.0,
        1.0,
        0.9914448613738104,
        0.0,
        0.5948669168242862,
        0.0,
        0.0,
        0.13052619222005157,
        0.0,
        0.07831571533203094,
        0.0,
        0.0,
        0.0,
        -0.6,
        0.0,
        0.0,
        0.0,
        0.9238795325112867,
        0.0,
        0.5543277195067721,
        0.0,
        0.0,
        0.3826834323650898,
        0.0,
        0.22961005941905385,
        0.0,
        0.0,
        0.0,
        -0.6,
        0.0,
        0.0,
        0.0,
        0.7933533402912352,
        0.0,
        0.4760120041747411,
        0.0,
        0.0,
        0.6087614290087207,
        0.0,
        0.3652568574052324,
        0.0,
        0.0,
        0.0,
        -0.6,
        0.0,
        0.0,
        0.0
      ],
      "inner_success": true,
      "intent": "fast",
      "iterations": 15,
      "maxcor": 10,
      "maxiter": 20,
      "method": "lbfgs",
      "observables_finite": true,
      "parameters_finite": true,
      "peak_rss_kib": 1634664,
      "peak_rss_scope": "self_proc_status_phase_max",
      "peak_vram_mib": 928,
      "phase_rss": [
        {
          "end_rss_kib": 1251084,
          "peak_rss_kib": 1251084,
          "phase": "fixture_build",
          "sample_count": 191,
          "scope": "self_proc_status_poll_10ms",
          "start_rss_kib": 679908
        },
        {
          "end_rss_kib": 1634568,
          "peak_rss_kib": 1634584,
          "phase": "preparation",
          "sample_count": 328,
          "scope": "self_proc_status_poll_10ms",
          "start_rss_kib": 1433360
        },
        {
          "end_rss_kib": 1634656,
          "peak_rss_kib": 1634660,
          "phase": "cold_solver",
          "sample_count": 27,
          "scope": "self_proc_status_poll_10ms",
          "start_rss_kib": 1634568
        },
        {
          "end_rss_kib": 1634660,
          "peak_rss_kib": 1634664,
          "phase": "warm_solver",
          "sample_count": 4,
          "scope": "self_proc_status_poll_10ms",
          "start_rss_kib": 1634656
        }
      ],
      "preparation_seconds": 3.636002683080733,
      "process_pid": 2832689,
      "provider": "optax",
      "ru_maxrss_kib": 1609132,
      "scientific_certification_seconds": 4.916917532682419e-06,
      "scientific_observables": {},
      "solver_peak_rss_delta_kib": 201224,
      "solver_peak_rss_kib": 1634664,
      "solver_route": "optax_lbfgs",
      "solver_start_rss_kib": 1433360,
      "status": 0,
      "stopping_reason": "converged",
      "success": true,
      "warm_seconds": 0.02765684900805354,
      "warm_transfer_audit": [],
      "work_counters": {
        "accepted_iterations": 15,
        "advance_observations": 0,
        "objective_evaluations": null,
        "transfer_bytes": 0,
        "transfer_calls": 0,
        "transfer_leaves": 0
      }
    },
    {
      "algorithm_memory_contract": null,
      "case": "coil47",
      "certificate": "source-owned VMEC-free coil physics; native/JAX objective parity",
      "cold_seconds": 13.645178322913125,
      "constraint_norm": null,
      "device": "gpu",
      "device_identity": {
        "backend": "gpu",
        "compute_capability": "12.0",
        "cuda_version": "PJRT C API\ncuda 12090",
        "device_id": 0,
        "device_kind": "NVIDIA GeForce RTX 5090",
        "driver_version": "595.84",
        "gpu_model": "NVIDIA GeForce RTX 5090",
        "gpu_uuid": "GPU-7951f78e-c05d-e01c-303f-d644f4341fe1",
        "hostname": "jungdaesuh-playstation",
        "jax_device": "cuda:0",
        "platform": "gpu",
        "process_index": 0,
        "requested_device": "gpu",
        "scheduler_job_id": null,
        "total_memory_bytes": 34190917632,
        "visible_devices": "GPU-7951f78e-c05d-e01c-303f-d644f4341fe1"
      },
      "diagnostic_artifacts": {
        "memory_trace": "gpu_memory.json",
        "trial_trace": null
      },
      "dimension": 47,
      "endpoint_certificate": {
        "constraints_satisfied": true,
        "initial_stationary": false,
        "stopping_reason": "converged",
        "success": true,
        "terminal_stationary": true
      },
      "evaluations": 15,
      "final_gradient_inf_norm": 5.874340919297463e-10,
      "final_objective": 0.13786263284430206,
      "final_parameters": [
        1.000002471625609,
        0.9999934701767156,
        0.99148916059084,
        0.003862914021410141,
        0.5948009008343267,
        0.0075389724332286115,
        -7.722151423104141e-05,
        0.130508670466885,
        -0.005155367969549566,
        0.07804915123490408,
        -0.0019850228861807177,
        -0.00016328605277665203,
        -0.004852772755664978,
        -0.6001677932857676,
        -0.003155575720079281,
        0.000103755713095812,
        -0.0023658763660853194,
        0.9238719469458304,
        0.00032122026138931546,
        0.5543354270277173,
        -0.0008518331737640536,
        -3.205523918686998e-06,
        0.38268031823150067,
        -0.0007755046668864664,
        0.22961325043873587,
        0.002056505300293442,
        -1.3356667478413046e-06,
        9.891015045392001e-09,
        -0.5999998253231019,
        3.998163141601079e-09,
        3.7120387938634732e-06,
        -9.402163992138758e-09,
        0.7933721856173194,
        0.0009139061690896213,
        0.47577678144508423,
        -0.003927242533309245,
        -0.00017005376306133475,
        0.6088052746519279,
        -0.006376928166945555,
        0.3653986568842579,
        -0.006734501468057039,
        6.0853045215115094e-05,
        0.004852784850371895,
        -0.6001674884651736,
        0.0031555959622227314,
        0.00010373581899483058,
        0.0023658781207500975
      ],
      "first_execution_seconds": 0.023030910990200937,
      "fixture_build_peak_rss_kib": 1239896,
      "fixture_build_seconds": 2.168403346091509,
      "fixture_contract": {
        "certificate": "source-owned VMEC-free coil physics; native/JAX objective parity",
        "expected_initial_observables": {
          "gradient_inf_norm": 0.0037469236744501573,
          "objective": 0.13792118300896355
        },
        "final_certificate_fields": {
          "evaluations": 15,
          "final_gradient_inf_norm": 5.874340919297463e-10,
          "final_objective": 0.13786263284430206,
          "final_parameters": [
            1.000002471625609,
            0.9999934701767156,
            0.99148916059084,
            0.003862914021410141,
            0.5948009008343267,
            0.0075389724332286115,
            -7.722151423104141e-05,
            0.130508670466885,
            -0.005155367969549566,
            0.07804915123490408,
            -0.0019850228861807177,
            -0.00016328605277665203,
            -0.004852772755664978,
            -0.6001677932857676,
            -0.003155575720079281,
            0.000103755713095812,
            -0.0023658763660853194,
            0.9238719469458304,
            0.00032122026138931546,
            0.5543354270277173,
            -0.0008518331737640536,
            -3.205523918686998e-06,
            0.38268031823150067,
            -0.0007755046668864664,
            0.22961325043873587,
            0.002056505300293442,
            -1.3356667478413046e-06,
            9.891015045392001e-09,
            -0.5999998253231019,
            3.998163141601079e-09,
            3.7120387938634732e-06,
            -9.402163992138758e-09,
            0.7933721856173194,
            0.0009139061690896213,
            0.47577678144508423,
            -0.003927242533309245,
            -0.00017005376306133475,
            0.6088052746519279,
            -0.006376928166945555,
            0.3653986568842579,
            -0.006734501468057039,
            6.0853045215115094e-05,
            0.004852784850371895,
            -0.6001674884651736,
            0.0031555959622227314,
            0.00010373581899483058,
            0.0023658781207500975
          ],
          "iterations": 12,
          "status": 0,
          "stopping_reason": "converged",
          "success": true
        },
        "fixture_metadata": {
          "current_value": 100000.0,
          "curve_count": 3,
          "curve_order": 2,
          "curve_quadpoints": 16,
          "dtype": "float64",
          "fixed_current_index": 0,
          "native_objective_provider": "simsopt.field.BiotSavart + simsopt.objectives.SquaredFlux",
          "objective_definition": "quadratic flux",
          "seed": 0,
          "source_example": "examples/jax/3_Advanced/single_stage_optimization.py",
          "surface_kind": "analytic_surface_rz_fourier",
          "surface_mpol": 1,
          "surface_nfp": 4,
          "surface_ntor": 1,
          "surface_quadpoints": 8,
          "target_max": 0.2,
          "target_min": 0.1
        },
        "generator_path": "benchmarks/fixtures/custom_quasi_newton.py",
        "generator_sha256": "ad8f736212c80158dfd636d2c824d5606c3914f70e2f8db42f8a755eb2b6acdf",
        "initial_parameters": [
          1.0,
          1.0,
          0.9914448613738104,
          0.0,
          0.5948669168242862,
          0.0,
          0.0,
          0.13052619222005157,
          0.0,
          0.07831571533203094,
          0.0,
          0.0,
          0.0,
          -0.6,
          0.0,
          0.0,
          0.0,
          0.9238795325112867,
          0.0,
          0.5543277195067721,
          0.0,
          0.0,
          0.3826834323650898,
          0.0,
          0.22961005941905385,
          0.0,
          0.0,
          0.0,
          -0.6,
          0.0,
          0.0,
          0.0,
          0.7933533402912352,
          0.0,
          0.4760120041747411,
          0.0,
          0.0,
          0.6087614290087207,
          0.0,
          0.3652568574052324,
          0.0,
          0.0,
          0.0,
          -0.6,
          0.0,
          0.0,
          0.0
        ],
        "solver_options": {
          "device": "gpu",
          "ftol": 0.0,
          "gtol": 1e-10,
          "intent": "fast",
          "maxcor": 10,
          "maxfun": null,
          "maxiter": 20,
          "maxls": 20,
          "method": "lbfgs"
        },
        "source_path": "examples/jax/3_Advanced/single_stage_optimization.py",
        "source_sha256": "00f2f9b45a2a1c5fc7136952818e19d649f20e141d4e626ed9a8c18e8114287e",
        "tolerances": {
          "gradient_inf_norm_abs": 1e-08,
          "objective_abs": 1e-12,
          "objective_rel": 1e-10,
          "parameters_abs": 1e-10
        }
      },
      "fixture_metadata": [
        [
          "source_example",
          "examples/jax/3_Advanced/single_stage_optimization.py"
        ],
        [
          "surface_kind",
          "analytic_surface_rz_fourier"
        ],
        [
          "surface_nfp",
          4
        ],
        [
          "surface_mpol",
          1
        ],
        [
          "surface_ntor",
          1
        ],
        [
          "surface_quadpoints",
          8
        ],
        [
          "curve_count",
          3
        ],
        [
          "curve_order",
          2
        ],
        [
          "curve_quadpoints",
          16
        ],
        [
          "current_value",
          100000.0
        ],
        [
          "fixed_current_index",
          0
        ],
        [
          "objective_definition",
          "quadratic flux"
        ],
        [
          "native_objective_provider",
          "simsopt.field.BiotSavart + simsopt.objectives.SquaredFlux"
        ],
        [
          "target_min",
          0.1
        ],
        [
          "target_max",
          0.2
        ],
        [
          "dtype",
          "float64"
        ],
        [
          "seed",
          0
        ]
      ],
      "initial_gradient_inf_norm": 0.0037469236744501573,
      "initial_objective": 0.13792118300896355,
      "initial_parameters": [
        1.0,
        1.0,
        0.9914448613738104,
        0.0,
        0.5948669168242862,
        0.0,
        0.0,
        0.13052619222005157,
        0.0,
        0.07831571533203094,
        0.0,
        0.0,
        0.0,
        -0.6,
        0.0,
        0.0,
        0.0,
        0.9238795325112867,
        0.0,
        0.5543277195067721,
        0.0,
        0.0,
        0.3826834323650898,
        0.0,
        0.22961005941905385,
        0.0,
        0.0,
        0.0,
        -0.6,
        0.0,
        0.0,
        0.0,
        0.7933533402912352,
        0.0,
        0.4760120041747411,
        0.0,
        0.0,
        0.6087614290087207,
        0.0,
        0.3652568574052324,
        0.0,
        0.0,
        0.0,
        -0.6,
        0.0,
        0.0,
        0.0
      ],
      "inner_success": true,
      "intent": "fast",
      "iterations": 12,
      "maxcor": 10,
      "maxiter": 20,
      "method": "lbfgs",
      "observables_finite": true,
      "parameters_finite": true,
      "peak_rss_kib": 2037800,
      "peak_rss_scope": "self_proc_status_phase_max",
      "peak_vram_mib": 2058,
      "phase_rss": [
        {
          "end_rss_kib": 1256184,
          "peak_rss_kib": 1256184,
          "phase": "fixture_build",
          "sample_count": 189,
          "scope": "self_proc_status_poll_10ms",
          "start_rss_kib": 680116
        },
        {
          "end_rss_kib": 2030836,
          "peak_rss_kib": 2037800,
          "phase": "preparation",
          "sample_count": 1193,
          "scope": "self_proc_status_poll_10ms",
          "start_rss_kib": 1425792
        },
        {
          "end_rss_kib": 2030912,
          "peak_rss_kib": 2030912,
          "phase": "cold_solver",
          "sample_count": 4,
          "scope": "self_proc_status_poll_10ms",
          "start_rss_kib": 2030836
        },
        {
          "end_rss_kib": 2030916,
          "peak_rss_kib": 2030920,
          "phase": "warm_solver",
          "sample_count": 3,
          "scope": "self_proc_status_poll_10ms",
          "start_rss_kib": 2030912
        }
      ],
      "preparation_seconds": 13.622147411922924,
      "process_pid": 2834288,
      "provider": "custom",
      "ru_maxrss_kib": 2013076,
      "scientific_certification_seconds": 3.92599031329155e-06,
      "scientific_observables": {},
      "solver_peak_rss_delta_kib": 612008,
      "solver_peak_rss_kib": 2037800,
      "solver_route": "fused_stepwise",
      "solver_start_rss_kib": 1425792,
      "status": 0,
      "stopping_reason": "converged",
      "success": true,
      "warm_seconds": 0.013139054062776268,
      "warm_transfer_audit": [
        {
          "bytes": 8700,
          "calls": 15,
          "leaves": 15,
          "phase": "final_result"
        }
      ],
      "work_counters": {
        "accepted_iterations": 12,
        "advance_observations": 0,
        "objective_evaluations": 15,
        "transfer_bytes": 8700,
        "transfer_calls": 15,
        "transfer_leaves": 15
      }
    }
  ],
  "method": "lbfgs",
  "numpy_version": "2.4.6",
  "optax_version": "0.2.8",
  "orchestrator_git_clean": true,
  "provider_child": false,
  "provider_child_rss_limit_kib": 8388608,
  "provider_child_term_grace_seconds": 5,
  "provider_child_timeout_seconds": 120,
  "provider_children": [
    {
      "device_identity": {
        "backend": "gpu",
        "compute_capability": "12.0",
        "cuda_version": "PJRT C API\ncuda 12090",
        "device_id": 0,
        "device_kind": "NVIDIA GeForce RTX 5090",
        "driver_version": "595.84",
        "gpu_model": "NVIDIA GeForce RTX 5090",
        "gpu_uuid": "GPU-7951f78e-c05d-e01c-303f-d644f4341fe1",
        "hostname": "jungdaesuh-playstation",
        "jax_device": "cuda:0",
        "platform": "gpu",
        "process_index": 0,
        "requested_device": "gpu",
        "scheduler_job_id": null,
        "total_memory_bytes": 34190917632,
        "visible_devices": "GPU-7951f78e-c05d-e01c-303f-d644f4341fe1"
      },
      "git_clean": true,
      "git_commit": "359fd41fc4535c6ae68f9a94f3e69c2315f1c2f4",
      "gpu_memory_path": "optax/gpu_memory.json",
      "gpu_memory_sha256": "6912524a5c1f212f51b119336b0c681f86b1db21d0d232750a79efc8c8bae96c",
      "measurement_count": 1,
      "measurements_path": "optax/measurements.json",
      "measurements_sha256": "60f8d376de64fee456a686970bb7a07f9bfd1290c9c7fdc08f711a6890759267",
      "method": "lbfgs",
      "provider": "optax",
      "requested_device": "gpu",
      "runtime_environment": {
        "JAX_ENABLE_X64": "true",
        "JAX_PLATFORMS": "cuda",
        "SIMSOPT_BACKEND_MODE": "jax_gpu_fast",
        "SIMSOPT_BACKEND_STRICT": "1",
        "SIMSOPT_PRECISION": "fp64",
        "XLA_PYTHON_CLIENT_ALLOCATOR": "platform",
        "XLA_PYTHON_CLIENT_MEM_FRACTION": null,
        "XLA_PYTHON_CLIENT_PREALLOCATE": "false"
      }
    },
    {
      "device_identity": {
        "backend": "gpu",
        "compute_capability": "12.0",
        "cuda_version": "PJRT C API\ncuda 12090",
        "device_id": 0,
        "device_kind": "NVIDIA GeForce RTX 5090",
        "driver_version": "595.84",
        "gpu_model": "NVIDIA GeForce RTX 5090",
        "gpu_uuid": "GPU-7951f78e-c05d-e01c-303f-d644f4341fe1",
        "hostname": "jungdaesuh-playstation",
        "jax_device": "cuda:0",
        "platform": "gpu",
        "process_index": 0,
        "requested_device": "gpu",
        "scheduler_job_id": null,
        "total_memory_bytes": 34190917632,
        "visible_devices": "GPU-7951f78e-c05d-e01c-303f-d644f4341fe1"
      },
      "git_clean": true,
      "git_commit": "359fd41fc4535c6ae68f9a94f3e69c2315f1c2f4",
      "gpu_memory_path": "custom/gpu_memory.json",
      "gpu_memory_sha256": "4a0fd30dc4499535847b2ba495aec7b1b3e59e4dc0e7c5cba65844c2a9352f1f",
      "measurement_count": 1,
      "measurements_path": "custom/measurements.json",
      "measurements_sha256": "3d07ab51d5957fe2a10da30840446ea1609d5a11fb5d5523da767f80e15cae89",
      "method": "lbfgs",
      "provider": "custom",
      "requested_device": "gpu",
      "runtime_environment": {
        "JAX_ENABLE_X64": "true",
        "JAX_PLATFORMS": "cuda",
        "SIMSOPT_BACKEND_MODE": "jax_gpu_fast",
        "SIMSOPT_BACKEND_STRICT": "1",
        "SIMSOPT_PRECISION": "fp64",
        "XLA_PYTHON_CLIENT_ALLOCATOR": "platform",
        "XLA_PYTHON_CLIENT_MEM_FRACTION": null,
        "XLA_PYTHON_CLIENT_PREALLOCATE": "false"
      }
    }
  ],
  "python_version": "3.11.15",
  "requested_device": "gpu",
  "runtime_environment": {
    "JAX_ENABLE_X64": "true",
    "JAX_PLATFORMS": "cuda",
    "SIMSOPT_BACKEND_MODE": "jax_gpu_fast",
    "SIMSOPT_BACKEND_STRICT": "1",
    "SIMSOPT_PRECISION": "fp64",
    "XLA_PYTHON_CLIENT_ALLOCATOR": "platform",
    "XLA_PYTHON_CLIENT_MEM_FRACTION": null,
    "XLA_PYTHON_CLIENT_PREALLOCATE": "false"
  },
  "schema_version": 9,
  "scipy_version": "1.17.1"
}
