E0821 20:46:28.192099 1664553 cuda_executor.cc:1526] Could not get kernel mode driver version: (INVALID_ARGUMENT: Version does not match the format X.Y.Z)
E0821 20:46:28.200423 1664343 cuda_executor.cc:1526] Could not get kernel mode driver version: (INVALID_ARGUMENT: Version does not match the format X.Y.Z)
backend gpu
devices ['cuda:0']
banana omp repeat=0 threads=4 s=146.73739716177806 bfgs_iter=682 newton_iter=1 pinned=True
banana omp repeat=0 threads=8 s=130.2764381680172 bfgs_iter=682 newton_iter=1 pinned=True
banana omp repeat=0 threads=16 s=118.65259790001437 bfgs_iter=682 newton_iter=1 pinned=True
banana omp repeat=0 threads=32 s=145.13844463624991 bfgs_iter=683 newton_iter=1 pinned=True
banana omp repeat=1 threads=4 s=134.06920743291266 bfgs_iter=682 newton_iter=1 pinned=True
banana omp repeat=1 threads=8 s=122.0590865360573 bfgs_iter=682 newton_iter=1 pinned=True
banana omp repeat=1 threads=16 s=116.0183689862024 bfgs_iter=682 newton_iter=1 pinned=True
banana omp repeat=1 threads=32 s=149.01064050383866 bfgs_iter=683 newton_iter=1 pinned=True
banana_omp fail None rows 8
wrote /home/jungdaesuh/code/columbia/simsopt-pr-jax-port-squashed/docs/receipts/evidence/nested_ls_reduced_gpu_banana_omp_20260821.json
chunk warm width=8 samples=[15.994427282828838, 18.478418891783804, 16.49085390707478] mean=16.988
chunk warm width=16 samples=[16.501643140101805, 16.770761793013662, 16.676042860141024] mean=16.649
chunk warm width=32 samples=[17.44355641119182, 17.782745135948062, 17.54928102181293] mean=17.592
chunk warm width=64 samples=[17.573506203945726, 18.944668225944042, 17.58503183396533] mean=18.034
chunk_warm fail None rows 4
wrote /home/jungdaesuh/code/columbia/simsopt-pr-jax-port-squashed/docs/receipts/evidence/nested_ls_reduced_gpu_chunk_warm_20260821.json
banana_ok True warm_ok True
