driver benchmarks.nested_ls_outer_fd0 git_head a9129519440bb03fc500f8d989ec87b66f4274e0
step_rule eps_i = NESTED_LS_OUTER_FD0_STEP_RELATIVE * max(abs(coil_i), NESTED_LS_OUTER_FD0_STEP_SCALE_FLOOR); the halved step is NESTED_LS_OUTER_FD0_STEP_HALVING * eps_i
base J=0.014334402048909437 ||g||_2=4.411002788848308 live_eta=3.539035427554808e-13 tol=1e-10 mixed_form_max_abs=6.443734434924409e-13
base scatter delta_J=0.0 over 3 evaluations min_step_rule eps_min_i = NESTED_LS_OUTER_FD0_NOISE_SAFETY * delta_J / (2 * NESTED_LS_OUTER_FD0_REL_TOL * abs(g.d_i)), with delta_J the measured max pairwise |J - J'| over the base-point re-solves; infinite when g.d_i is zero
dir=0 coil=1.5827818995037548 eps0=0.0004748345698511264 eps_min=0.0 pred=-0.09999273828878544 rungs=2 halvings=1 best_rel=7.015747342804563e-07 best_eps=0.0002374172849255632 halved_better=True pass=True reason=None
  rung=0 eps=0.0004748345698511264 span=0.0009496691397021806 J+=0.01428706738536461 J-=0.014382027669815221 fd=-0.09999301912705127 rel=2.8085866098190615e-06
    step=0.0004748345698511264 realized=0.0004748345698510903 J=0.01428706738536461 inner_iter=3 inner_grad=1.479241659263083e-15 rejudge_iter=0 rejudge_grad=2.7986947035920403e-15 step_exact=True
    step=-0.0004748345698511264 realized=-0.0004748345698510903 J=0.014382027669815221 inner_iter=3 inner_grad=1.4530767756472668e-15 rejudge_iter=0 rejudge_grad=2.8443098753103106e-15 step_exact=True
  rung=1 eps=0.0002374172849255632 span=0.0004748345698510903 J+=0.014310698393076597 J-=0.01435817843526096 fd=-0.09999280844116423 rel=7.015747342804563e-07
    step=0.0002374172849255632 realized=0.00023741728492554515 J=0.014310698393076597 inner_iter=3 inner_grad=1.5181707747751189e-15 rejudge_iter=0 rejudge_grad=2.8514747931280217e-15 step_exact=True
    step=-0.0002374172849255632 realized=-0.00023741728492554515 J=0.01435817843526096 inner_iter=3 inner_grad=1.6506839984386503e-15 rejudge_iter=0 rejudge_grad=2.3395464245880866e-15 step_exact=True
dir=1 coil=0.11896968147748736 eps0=3.569090444324621e-05 eps_min=0.0 pred=2.2720851921740377 rungs=2 halvings=1 best_rel=4.661959517103158e-06 best_eps=1.7845452221623104e-05 halved_better=True pass=True reason=None
  rung=0 eps=3.569090444324621e-05 span=7.138180888649481e-05 J+=0.014417258384640896 J-=0.014255075856038588 fd=2.2720428514244673 rel=1.863519454124064e-05
    step=3.569090444324621e-05 realized=3.5690904443247407e-05 J=0.014417258384640896 inner_iter=3 inner_grad=2.6200460813892996e-15 rejudge_iter=0 rejudge_grad=3.2157972218875856e-15 step_exact=True
    step=-3.569090444324621e-05 realized=-3.5690904443247407e-05 J=0.014255075856038588 inner_iter=3 inner_grad=2.6791998991348947e-15 rejudge_iter=0 rejudge_grad=3.575577473249008e-15 step_exact=True
  rung=1 eps=1.7845452221623104e-05 span=3.5690904443247407e-05 J+=0.014375389527293314 J-=0.01429429712986375 fd=2.2720745998048524 rel=4.661959517103158e-06
    step=1.7845452221623104e-05 realized=1.7845452221623703e-05 J=0.014375389527293314 inner_iter=3 inner_grad=1.800486175683787e-15 rejudge_iter=0 rejudge_grad=2.701537222299866e-15 step_exact=True
    step=-1.7845452221623104e-05 realized=-1.7845452221623703e-05 J=0.01429429712986375 inner_iter=3 inner_grad=1.3082219024682066e-15 rejudge_iter=0 rejudge_grad=2.541941713223736e-15 step_exact=True
dir=2 coil=0.007276651889817603 eps0=2.9999999999999997e-05 eps_min=0.0 pred=0.8837796445545538 rungs=6 halvings=5 best_rel=2.7223456735445263e-06 best_eps=9.374999999999999e-07 halved_better=True pass=True reason=None
  rung=0 eps=2.9999999999999997e-05 span=5.999999999999929e-05 J+=0.014375895952027299 J-=0.014319327165220662 fd=0.9428131134439628 rel=0.06679659262707194
    step=2.9999999999999997e-05 realized=2.9999999999999645e-05 J=0.014375895952027299 inner_iter=3 inner_grad=1.3228366015699595e-15 rejudge_iter=0 rejudge_grad=3.110512865330884e-15 step_exact=True
    step=-2.9999999999999997e-05 realized=-2.9999999999999645e-05 J=0.014319327165220662 inner_iter=3 inner_grad=1.546369251315236e-15 rejudge_iter=0 rejudge_grad=2.50297585189985e-15 step_exact=True
  rung=1 eps=1.4999999999999999e-05 span=3.0000000000000512e-05 J+=0.014350614105309396 J-=0.014323995728047897 fd=0.8872792420499483 rel=0.003959807760856956
    step=1.4999999999999999e-05 realized=1.5000000000000256e-05 J=0.014350614105309396 inner_iter=3 inner_grad=1.7573734864534791e-15 rejudge_iter=0 rejudge_grad=2.3023315024086915e-15 step_exact=True
    step=-1.4999999999999999e-05 realized=-1.5000000000000256e-05 J=0.014323995728047897 inner_iter=3 inner_grad=1.7737557258922755e-15 rejudge_iter=0 rejudge_grad=2.4197236270149167e-15 step_exact=True
  rung=2 eps=7.499999999999999e-06 span=1.4999999999999389e-05 J+=0.014341739518387445 J-=0.014328485134300411 fd=0.883625605802286 rel=0.00017429542897592513
    step=7.499999999999999e-06 realized=7.499999999999694e-06 J=0.014341739518387445 inner_iter=3 inner_grad=1.5625292931710488e-15 rejudge_iter=0 rejudge_grad=2.2229108269049728e-15 step_exact=True
    step=-7.499999999999999e-06 realized=-7.499999999999694e-06 J=0.014328485134300411 inner_iter=3 inner_grad=1.8376192013071506e-15 rejudge_iter=0 rejudge_grad=2.5064853728023778e-15 step_exact=True
  rung=3 eps=3.7499999999999997e-06 span=7.500000000000562e-06 J+=0.014337893643046811 J-=0.014331265584532918 fd=0.8837411351856972 rel=4.357349605629518e-05
    step=3.7499999999999997e-06 realized=3.750000000000281e-06 J=0.014337893643046811 inner_iter=2 inner_grad=8.821689843072488e-15 rejudge_iter=0 rejudge_grad=8.231814208733814e-15 step_exact=True
    step=-3.7499999999999997e-06 realized=-3.750000000000281e-06 J=0.014331265584532918 inner_iter=2 inner_grad=8.92375252940432e-15 rejudge_iter=0 rejudge_grad=8.744990334325274e-15 step_exact=True
  rung=4 eps=1.8749999999999998e-06 span=3.750000000000281e-06 J+=0.01433610350452026 J-=0.014332789366951922 fd=0.8837700182233255 rel=1.089223007983486e-05
    step=1.8749999999999998e-06 realized=1.8750000000001404e-06 J=0.01433610350452026 inner_iter=2 inner_grad=1.7553402559477903e-15 rejudge_iter=0 rejudge_grad=2.8527043984790738e-15 step_exact=True
    step=-1.8749999999999998e-06 realized=-1.8750000000001404e-06 J=0.014332789366951922 inner_iter=2 inner_grad=1.5339982517344864e-15 rejudge_iter=0 rejudge_grad=2.8819297841706365e-15 step_exact=True
  rung=5 eps=9.374999999999999e-07 span=1.8750000000001404e-06 J+=0.014335241682383964 J-=0.014333584600061587 fd=0.8837772386008621 rel=2.7223456735445263e-06
    step=9.374999999999999e-07 realized=9.375000000000702e-07 J=0.014335241682383964 inner_iter=2 inner_grad=1.7153312437409153e-15 rejudge_iter=0 rejudge_grad=3.5176049223735067e-15 step_exact=True
    step=-9.374999999999999e-07 realized=-9.375000000000702e-07 J=0.014333584600061587 inner_iter=2 inner_grad=1.7733954472163183e-15 rejudge_iter=0 rejudge_grad=2.607944931428727e-15 step_exact=True
dir=3 coil=-0.014725766620607145 eps0=2.9999999999999997e-05 eps_min=0.0 pred=-0.322105251545155 rungs=6 halvings=5 best_rel=7.916818074690794e-06 best_eps=9.374999999999999e-07 halved_better=True pass=True reason=None
  rung=0 eps=2.9999999999999997e-05 span=6.0000000000001025e-05 J+=0.014433182505528842 J-=0.014372840614107936 fd=1.005698190348417 rel=4.122265736196577
    step=2.9999999999999997e-05 realized=3.0000000000000512e-05 J=0.014433182505528842 inner_iter=3 inner_grad=1.9472820566570315e-15 rejudge_iter=0 rejudge_grad=2.659491348017728e-15 step_exact=True
    step=-2.9999999999999997e-05 realized=-3.0000000000000512e-05 J=0.014372840614107936 inner_iter=3 inner_grad=1.6146031218446418e-15 rejudge_iter=0 rejudge_grad=3.174273890983446e-15 step_exact=True
  rung=1 eps=1.4999999999999999e-05 span=2.9999999999998778e-05 J+=0.014353053610864872 J-=0.014351277106106437 fd=0.05921682528116609 rel=1.183843091651254
    step=1.4999999999999999e-05 realized=1.4999999999999389e-05 J=0.014353053610864872 inner_iter=3 inner_grad=1.261133458306806e-15 rejudge_iter=0 rejudge_grad=2.5034590080048588e-15 step_exact=True
    step=-1.4999999999999999e-05 realized=-1.4999999999999389e-05 J=0.014351277106106437 inner_iter=3 inner_grad=1.4169799576230455e-15 rejudge_iter=0 rejudge_grad=2.5377476011454287e-15 step_exact=True
  rung=2 eps=7.499999999999999e-06 span=1.5000000000001124e-05 J+=0.014336610228542341 J-=0.014340923321975275 fd=-0.28753956219556814 rel=0.10731178452935346
    step=7.499999999999999e-06 realized=7.500000000000562e-06 J=0.014336610228542341 inner_iter=3 inner_grad=1.4046873779908957e-15 rejudge_iter=0 rejudge_grad=2.3783677044059606e-15 step_exact=True
    step=-7.499999999999999e-06 realized=-7.500000000000562e-06 J=0.014340923321975275 inner_iter=3 inner_grad=1.817842563552625e-15 rejudge_iter=0 rejudge_grad=2.576763244647271e-15 step_exact=True
  rung=3 eps=3.7499999999999997e-06 span=7.500000000000562e-06 J+=0.01433422400729066 J-=0.014336639490865888 fd=-0.32206447669692784 rel=0.00012658858566129357
    step=3.7499999999999997e-06 realized=3.750000000000281e-06 J=0.01433422400729066 inner_iter=2 inner_grad=3.7572431302751956e-14 rejudge_iter=0 rejudge_grad=3.7517128529553996e-14 step_exact=True
    step=-3.7499999999999997e-06 realized=-3.750000000000281e-06 J=0.014336639490865888 inner_iter=2 inner_grad=3.803689389427615e-14 rejudge_iter=0 rejudge_grad=3.8085377333477674e-14 step_exact=True
  rung=4 eps=1.8749999999999998e-06 span=3.750000000000281e-06 J+=0.014334055541313546 J-=0.014335263397774451 fd=-0.32209505624138 rel=3.165208802429764e-05
    step=1.8749999999999998e-06 realized=1.8750000000001404e-06 J=0.014334055541313546 inner_iter=2 inner_grad=3.0715865469069558e-15 rejudge_iter=0 rejudge_grad=3.4146417130734572e-15 step_exact=True
    step=-1.8749999999999998e-06 realized=-1.8750000000001404e-06 J=0.014335263397774451 inner_iter=2 inner_grad=2.7898019381823905e-15 rejudge_iter=0 rejudge_grad=3.6405618159628535e-15 step_exact=True
  rung=5 eps=9.374999999999999e-07 span=1.8749999999984057e-06 J+=0.014334164428391 J-=0.014334768370956305 fd=-0.32210270149647763 rel=7.916818074690794e-06
    step=9.374999999999999e-07 realized=9.374999999992029e-07 J=0.014334164428391 inner_iter=2 inner_grad=1.6970291186482216e-15 rejudge_iter=0 rejudge_grad=2.59992813133295e-15 step_exact=True
    step=-9.374999999999999e-07 realized=-9.374999999992029e-07 J=0.014334768370956305 inner_iter=2 inner_grad=1.8777404992626075e-15 rejudge_iter=0 rejudge_grad=2.6699942227851368e-15 step_exact=True
dir=4 coil=-0.0693468567159572 eps0=2.9999999999999997e-05 eps_min=0.0 pred=1.2119213038279022 rungs=3 halvings=2 best_rel=4.016264064161921e-06 best_eps=7.499999999999999e-06 halved_better=True pass=True reason=None
  rung=0 eps=2.9999999999999997e-05 span=6.0000000000004494e-05 J+=0.014374971858792383 J-=0.014302769535161372 fd=1.2033720605167642 rel=0.007054289155686029
    step=2.9999999999999997e-05 realized=3.0000000000002247e-05 J=0.014374971858792383 inner_iter=3 inner_grad=1.8623447378425145e-15 rejudge_iter=0 rejudge_grad=2.9190995378127677e-15 step_exact=True
    step=-2.9999999999999997e-05 realized=-3.0000000000002247e-05 J=0.014302769535161372 inner_iter=3 inner_grad=1.6918802430627905e-15 rejudge_iter=0 rejudge_grad=2.368894716841199e-15 step_exact=True
  rung=1 eps=1.4999999999999999e-05 span=3.0000000000002247e-05 J+=0.014353637033486523 J-=0.014317278810176543 fd=1.211940776999246 rel=1.6068016365723426e-05
    step=1.4999999999999999e-05 realized=1.5000000000001124e-05 J=0.014353637033486523 inner_iter=3 inner_grad=1.2950109962314215e-15 rejudge_iter=0 rejudge_grad=2.6208070765243505e-15 step_exact=True
    step=-1.4999999999999999e-05 realized=-1.5000000000001124e-05 J=0.014317278810176543 inner_iter=3 inner_grad=1.7186693587149974e-15 rejudge_iter=0 rejudge_grad=2.931395042495887e-15 step_exact=True
  rung=2 eps=7.499999999999999e-06 span=1.4999999999987246e-05 J+=0.014343755458636226 J-=0.014325576566067883 fd=1.2119261712238834 rel=4.016264064161921e-06
    step=7.499999999999999e-06 realized=7.499999999993623e-06 J=0.014343755458636226 inner_iter=3 inner_grad=1.6660093445262594e-15 rejudge_iter=0 rejudge_grad=2.8864606070290665e-15 step_exact=True
    step=-7.499999999999999e-06 realized=-7.499999999993623e-06 J=0.014325576566067883 inner_iter=3 inner_grad=1.5691705929840814e-15 rejudge_iter=0 rejudge_grad=2.4019810441459175e-15 step_exact=True
dir=5 coil=-0.006116313381802991 eps0=2.9999999999999997e-05 eps_min=0.0 pred=2.2281396248825835 rungs=6 halvings=5 best_rel=6.4510928865747125e-06 best_eps=9.374999999999999e-07 halved_better=True pass=True reason=None
  rung=0 eps=2.9999999999999997e-05 span=5.999999999999929e-05 J+=0.01446688220581281 J-=0.014306848531751508 fd=2.667227901021731 rel=0.19706497350330374
    step=2.9999999999999997e-05 realized=2.9999999999999645e-05 J=0.01446688220581281 inner_iter=3 inner_grad=1.7202050730543962e-15 rejudge_iter=0 rejudge_grad=2.6878097548778246e-15 step_exact=True
    step=-2.9999999999999997e-05 realized=-2.9999999999999645e-05 J=0.014306848531751508 inner_iter=3 inner_grad=1.6372638888166897e-15 rejudge_iter=0 rejudge_grad=2.2151125364210735e-15 step_exact=True
  rung=1 eps=1.4999999999999999e-05 span=3.0000000000000512e-05 J+=0.014381634300851109 J-=0.014311210617690267 fd=2.3474561053613647 rel=0.05354982207861808
    step=1.4999999999999999e-05 realized=1.5000000000000256e-05 J=0.014381634300851109 inner_iter=3 inner_grad=1.6382601022161147e-15 rejudge_iter=0 rejudge_grad=3.1842136070009755e-15 step_exact=True
    step=-1.4999999999999999e-05 realized=-1.5000000000000256e-05 J=0.014311210617690267 inner_iter=3 inner_grad=1.6813552311736413e-15 rejudge_iter=0 rejudge_grad=2.463522249225385e-15 step_exact=True
  rung=2 eps=7.499999999999999e-06 span=1.4999999999999389e-05 J+=0.014353773510743888 J-=0.0143202417375605 fd=2.2354515455593362 rel=0.003281625888744741
    step=7.499999999999999e-06 realized=7.499999999999694e-06 J=0.014353773510743888 inner_iter=3 inner_grad=1.7869722197082985e-15 rejudge_iter=0 rejudge_grad=2.9498398814648424e-15 step_exact=True
    step=-7.499999999999999e-06 realized=-7.499999999999694e-06 J=0.0143202417375605 inner_iter=3 inner_grad=1.4304400286841006e-15 rejudge_iter=0 rejudge_grad=2.6183465961221778e-15 step_exact=True
  rung=3 eps=3.7499999999999997e-06 span=7.500000000000562e-06 J+=0.014343392663896955 J-=0.014326683340971284 fd=2.2279097234225995 rel=0.00010318090366358562
    step=3.7499999999999997e-06 realized=3.750000000000281e-06 J=0.014343392663896955 inner_iter=3 inner_grad=1.267678389185131e-15 rejudge_iter=0 rejudge_grad=2.7973769231786837e-15 step_exact=True
    step=-3.7499999999999997e-06 realized=-3.750000000000281e-06 J=0.014326683340971284 inner_iter=3 inner_grad=1.5273769183941115e-15 rejudge_iter=0 rejudge_grad=2.3991622935088144e-15 step_exact=True
  rung=4 eps=1.8749999999999998e-06 span=3.750000000000281e-06 J+=0.014338738686774696 J-=0.014330383378731552 fd=2.228082144838402 rel=2.5797325957407862e-05
    step=1.8749999999999998e-06 realized=1.8750000000001404e-06 J=0.014338738686774696 inner_iter=2 inner_grad=1.7627938354964886e-14 rejudge_iter=0 rejudge_grad=1.76295839407683e-14 step_exact=True
    step=-1.8749999999999998e-06 realized=-1.8750000000001404e-06 J=0.014330383378731552 inner_iter=2 inner_grad=1.7915848545695138e-14 rejudge_iter=0 rejudge_grad=1.8151255874235467e-14 step_exact=True
  rung=5 eps=9.374999999999999e-07 span=1.8750000000001404e-06 J+=0.014336530657898292 J-=0.014332352923052766 fd=2.228125250946899 rel=6.4510928865747125e-06
    step=9.374999999999999e-07 realized=9.375000000000702e-07 J=0.014336530657898292 inner_iter=2 inner_grad=1.9202745486696554e-15 rejudge_iter=0 rejudge_grad=2.5904472716307717e-15 step_exact=True
    step=-9.374999999999999e-07 realized=-9.375000000000702e-07 J=0.014332352923052766 inner_iter=2 inner_grad=2.1598180144434196e-15 rejudge_iter=0 rejudge_grad=3.0874579421790033e-15 step_exact=True
dir=6 coil=0.43225983827729125 eps0=0.00012967795148318738 eps_min=0.0 pred=0.16362761486719624 rungs=5 halvings=4 best_rel=7.199911643811092e-06 best_eps=8.104871967699211e-06 halved_better=True pass=True reason=None
  rung=0 eps=0.00012967795148318738 span=0.0002593559029663295 J+=0.01436724909793544 J-=0.014324733192640972 fd=0.16392881290998548 rel=0.0018407531212485486
    step=0.00012967795148318738 realized=0.00012967795148316474 J=0.01436724909793544 inner_iter=3 inner_grad=6.224529516473199e-15 rejudge_iter=0 rejudge_grad=6.584087143574678e-15 step_exact=True
    step=-0.00012967795148318738 realized=-0.00012967795148316474 J=0.014324733192640972 inner_iter=3 inner_grad=9.116421695176826e-15 rejudge_iter=0 rejudge_grad=9.732850535716762e-15 step_exact=True
  rung=1 eps=6.483897574159369e-05 span=0.00012967795148322026 J+=0.014347913175921845 J-=0.01432668450509831 fd=0.16370300872837565 rel=0.00046076489742030285
    step=6.483897574159369e-05 realized=6.483897574161013e-05 J=0.014347913175921845 inner_iter=3 inner_grad=1.4802929150737345e-15 rejudge_iter=0 rejudge_grad=3.167461637542877e-15 step_exact=True
    step=-6.483897574159369e-05 realized=-6.483897574161013e-05 J=0.01432668450509831 inner_iter=3 inner_grad=1.418792960614898e-15 rejudge_iter=0 rejudge_grad=2.691700684080824e-15 step_exact=True
  rung=2 eps=3.2419487870796844e-05 span=6.483897574161013e-05 J+=0.014340431547269359 J-=0.014329820877834522 fd=0.16364646901767008 rel=0.00011522596897316426
    step=3.2419487870796844e-05 realized=3.2419487870805064e-05 J=0.014340431547269359 inner_iter=3 inner_grad=1.7647443299915416e-15 rejudge_iter=0 rejudge_grad=2.8606027296780977e-15 step_exact=True
    step=-3.2419487870796844e-05 realized=-3.2419487870805064e-05 J=0.014329820877834522 inner_iter=3 inner_grad=1.6632878605769352e-15 rejudge_iter=0 rejudge_grad=2.5749535300552225e-15 step_exact=True
  rung=3 eps=1.6209743935398422e-05 span=3.2419487870805064e-05 J+=0.014337235521706139 J-=0.014331930645415271 fd=0.1636323285552147 rel=2.8807411403575056e-05
    step=1.6209743935398422e-05 realized=1.6209743935402532e-05 J=0.014337235521706139 inner_iter=3 inner_grad=1.564940969614617e-15 rejudge_iter=0 rejudge_grad=2.7300842393094974e-15 step_exact=True
    step=-1.6209743935398422e-05 realized=-1.6209743935402532e-05 J=0.014331930645415271 inner_iter=3 inner_grad=1.8162903796822635e-15 rejudge_iter=0 rejudge_grad=2.446297180646334e-15 step_exact=True
  rung=4 eps=8.104871967699211e-06 span=1.620974393534702e-05 J+=0.01433577349347933 J-=0.014333121112644811 fd=0.16362879297156577 rel=7.199911643811092e-06
    step=8.104871967699211e-06 realized=8.10487196767351e-06 J=0.01433577349347933 inner_iter=3 inner_grad=1.6006694526920556e-15 rejudge_iter=0 rejudge_grad=2.681082269785095e-15 step_exact=True
    step=-8.104871967699211e-06 realized=-8.10487196767351e-06 J=0.014333121112644811 inner_iter=3 inner_grad=1.4435379022582713e-15 rejudge_iter=0 rejudge_grad=2.9146002479238013e-15 step_exact=True
dir=7 coil=0.08471032264854489 eps0=2.9999999999999997e-05 eps_min=0.0 pred=-1.1312597922109882 rungs=4 halvings=3 best_rel=3.135678375559763e-06 best_eps=3.7499999999999997e-06 halved_better=True pass=True reason=None
  rung=0 eps=2.9999999999999997e-05 span=6.0000000000004494e-05 J+=0.014306333184233395 J-=0.014375013546031046 fd=-1.144672696627425 rel=0.011856608454386956
    step=2.9999999999999997e-05 realized=3.0000000000002247e-05 J=0.014306333184233395 inner_iter=3 inner_grad=1.5901681983264617e-15 rejudge_iter=0 rejudge_grad=2.1738908638464003e-15 step_exact=True
    step=-2.9999999999999997e-05 realized=-3.0000000000002247e-05 J=0.014375013546031046 inner_iter=3 inner_grad=1.5372176146582875e-15 rejudge_iter=0 rejudge_grad=2.694825503046162e-15 step_exact=True
  rung=1 eps=1.4999999999999999e-05 span=3.0000000000002247e-05 J+=0.014318917655398297 J-=0.01435285715192681 fd=-1.1313165509503467 rel=5.017303695341011e-05
    step=1.4999999999999999e-05 realized=1.5000000000001124e-05 J=0.014318917655398297 inner_iter=3 inner_grad=1.4022852334694614e-15 rejudge_iter=0 rejudge_grad=2.3136175800059815e-15 step_exact=True
    step=-1.4999999999999999e-05 realized=-1.5000000000001124e-05 J=0.01435285715192681 inner_iter=3 inner_grad=1.5167467512751515e-15 rejudge_iter=0 rejudge_grad=3.0937148444939874e-15 step_exact=True
  rung=2 eps=7.499999999999999e-06 span=1.4999999999987246e-05 J+=0.014326288828263456 J-=0.014343257937990588 fd=-1.1312739818097788 rel=1.2543183173595475e-05
    step=7.499999999999999e-06 realized=7.499999999993623e-06 J=0.014326288828263456 inner_iter=2 inner_grad=1.1535870452847977e-14 rejudge_iter=0 rejudge_grad=1.1843481232269043e-14 step_exact=True
    step=-7.499999999999999e-06 realized=-7.499999999993623e-06 J=0.014343257937990588 inner_iter=2 inner_grad=1.1833270664254186e-14 rejudge_iter=0 rejudge_grad=1.214132389749311e-14 step_exact=True
  rung=3 eps=3.7499999999999997e-06 span=7.499999999993623e-06 J+=0.014330252640544416 J-=0.014338737115590493 fd=-1.1312633394778557 rel=3.135678375559763e-06
    step=3.7499999999999997e-06 realized=3.7499999999968114e-06 J=0.014330252640544416 inner_iter=2 inner_grad=1.8323594422464e-15 rejudge_iter=0 rejudge_grad=2.7311128449981065e-15 step_exact=True
    step=-3.7499999999999997e-06 realized=-3.7499999999968114e-06 J=0.014338737115590493 inner_iter=2 inner_grad=1.6500713503479353e-15 rejudge_iter=0 rejudge_grad=2.3655019022905396e-15 step_exact=True
dir=8 coil=-0.011687720934130775 eps0=2.9999999999999997e-05 eps_min=0.0 pred=0.9384645536182445 rungs=3 halvings=2 best_rel=3.8011028768503133e-06 best_eps=7.499999999999999e-06 halved_better=True pass=True reason=None
  rung=0 eps=2.9999999999999997e-05 span=6.0000000000001025e-05 J+=0.014364922126877629 J-=0.014308617676698672 fd=0.9384075029825955 rel=6.079146562236524e-05
    step=2.9999999999999997e-05 realized=3.0000000000000512e-05 J=0.014364922126877629 inner_iter=3 inner_grad=1.6863151361751943e-15 rejudge_iter=0 rejudge_grad=2.7210836302640887e-15 step_exact=True
    step=-2.9999999999999997e-05 realized=-3.0000000000000512e-05 J=0.014308617676698672 inner_iter=3 inner_grad=1.7679011533224218e-15 rejudge_iter=0 rejudge_grad=2.251597062313071e-15 step_exact=True
  rung=1 eps=1.4999999999999999e-05 span=2.9999999999998778e-05 J+=0.0143490707621047 J-=0.014320917253413753 fd=0.9384502896983132 rel=1.519921011008641e-05
    step=1.4999999999999999e-05 realized=1.4999999999999389e-05 J=0.0143490707621047 inner_iter=3 inner_grad=2.0414028645518263e-15 rejudge_iter=0 rejudge_grad=2.986413693821023e-15 step_exact=True
    step=-1.4999999999999999e-05 realized=-1.4999999999999389e-05 J=0.014320917253413753 inner_iter=3 inner_grad=1.5201945166104167e-15 rejudge_iter=0 rejudge_grad=2.791588093142382e-15 step_exact=True
  rung=2 eps=7.499999999999999e-06 span=1.5000000000001124e-05 J+=0.014341588491654147 J-=0.014327511576857877 fd=0.93846098641793 rel=3.8011028768503133e-06
    step=7.499999999999999e-06 realized=7.500000000000562e-06 J=0.014341588491654147 inner_iter=2 inner_grad=6.658214329155263e-14 rejudge_iter=0 rejudge_grad=6.663695915523686e-14 step_exact=True
    step=-7.499999999999999e-06 realized=-7.500000000000562e-06 J=0.014327511576857877 inner_iter=2 inner_grad=6.651599527362875e-14 rejudge_iter=0 rejudge_grad=6.681239455295519e-14 step_exact=True
dir=9 coil=-0.11453906103096274 eps0=3.436171830928882e-05 eps_min=0.0 pred=1.2827483202530012 rungs=2 halvings=1 best_rel=8.085632566541958e-06 best_eps=1.718085915464441e-05 halved_better=True pass=True reason=None
  rung=0 eps=3.436171830928882e-05 span=6.872343661856739e-05 J+=0.014379029371278806 J-=0.014290871646968423 fd=1.282789811570113 rel=3.234564135204473e-05
    step=3.436171830928882e-05 realized=3.4361718309283695e-05 J=0.014379029371278806 inner_iter=3 inner_grad=1.2376414303460747e-15 rejudge_iter=0 rejudge_grad=2.5179844200138744e-15 step_exact=True
    step=-3.436171830928882e-05 realized=-3.4361718309283695e-05 J=0.014290871646968423 inner_iter=3 inner_grad=1.8714015912944408e-15 rejudge_iter=0 rejudge_grad=2.9533915366732696e-15 step_exact=True
  rung=1 eps=1.718085915464441e-05 span=3.4361718309283695e-05 J+=0.014356578054604744 J-=0.014312500261768548 fd=1.2827586920845941 rel=8.085632566541958e-06
    step=1.718085915464441e-05 realized=1.7180859154641848e-05 J=0.014356578054604744 inner_iter=3 inner_grad=1.6713121231689004e-15 rejudge_iter=0 rejudge_grad=2.962760050797767e-15 step_exact=True
    step=-1.718085915464441e-05 realized=-1.7180859154641848e-05 J=0.014312500261768548 inner_iter=3 inner_grad=1.8138367928119106e-15 rejudge_iter=0 rejudge_grad=2.9495772357879957e-15 step_exact=True
dir=10 coil=-0.026506547616069808 eps0=2.9999999999999997e-05 eps_min=0.0 pred=-1.770230652159375 rungs=5 halvings=4 best_rel=3.6900471876104647e-06 best_eps=1.8749999999999998e-06 halved_better=True pass=True reason=None
  rung=0 eps=2.9999999999999997e-05 span=5.9999999999997555e-05 J+=0.014298338400535437 J-=0.014419236993197965 fd=-2.0149765443755476 rel=0.13825649890178157
    step=2.9999999999999997e-05 realized=2.9999999999998778e-05 J=0.014298338400535437 inner_iter=3 inner_grad=1.564142107592396e-15 rejudge_iter=0 rejudge_grad=2.1322934393274337e-15 step_exact=True
    step=-2.9999999999999997e-05 realized=-2.9999999999998778e-05 J=0.014419236993197965 inner_iter=3 inner_grad=1.4877744255188276e-15 rejudge_iter=0 rejudge_grad=2.6585990207980508e-15 step_exact=True
  rung=1 eps=1.4999999999999999e-05 span=3.0000000000002247e-05 J+=0.014313532760447924 J-=0.014367458074638429 fd=-1.7975104730166993 rel=0.01541032001905951
    step=1.4999999999999999e-05 realized=1.5000000000001124e-05 J=0.014313532760447924 inner_iter=3 inner_grad=1.6188254544469765e-15 rejudge_iter=0 rejudge_grad=2.8720878122755175e-15 step_exact=True
    step=-1.4999999999999999e-05 realized=-1.5000000000001124e-05 J=0.014367458074638429 inner_iter=3 inner_grad=1.4881204045246686e-15 rejudge_iter=0 rejudge_grad=2.5655221283411643e-15 step_exact=True
  rung=2 eps=7.499999999999999e-06 span=1.5000000000001124e-05 J+=0.014322567239477394 J-=0.014349122267678099 fd=-1.7703352133801973 rel=5.9066438994724686e-05
    step=7.499999999999999e-06 realized=7.500000000000562e-06 J=0.014322567239477394 inner_iter=3 inner_grad=1.4073972313129634e-15 rejudge_iter=0 rejudge_grad=2.925396489321452e-15 step_exact=True
    step=-7.499999999999999e-06 realized=-7.500000000000562e-06 J=0.014349122267678099 inner_iter=3 inner_grad=1.915177759541689e-15 rejudge_iter=0 rejudge_grad=2.5676407275332993e-15 step_exact=True
  rung=3 eps=3.7499999999999997e-06 span=7.500000000000562e-06 J+=0.01432812425758317 J-=0.01434140118351079 fd=-1.7702567903492807 rel=1.4765414819779619e-05
    step=3.7499999999999997e-06 realized=3.750000000000281e-06 J=0.01432812425758317 inner_iter=2 inner_grad=3.802112227504456e-14 rejudge_iter=0 rejudge_grad=3.8440543957862775e-14 step_exact=True
    step=-3.7499999999999997e-06 realized=-3.750000000000281e-06 J=0.01434140118351079 inner_iter=2 inner_grad=3.779828074452258e-14 rejudge_iter=0 rejudge_grad=3.775137024466343e-14 step_exact=True
  rung=4 eps=1.8749999999999998e-06 span=3.7499999999968114e-06 J+=0.014331173017712173 J-=0.014337811407153645 fd=-1.7702371843940143 rel=3.6900471876104647e-06
    step=1.8749999999999998e-06 realized=1.8749999999984057e-06 J=0.014331173017712173 inner_iter=2 inner_grad=3.064126221447881e-15 rejudge_iter=0 rejudge_grad=3.4050173416260734e-15 step_exact=True
    step=-1.8749999999999998e-06 realized=-1.8749999999984057e-06 J=0.014337811407153645 inner_iter=2 inner_grad=2.848562886441208e-15 rejudge_iter=0 rejudge_grad=3.372000011375222e-15 step_exact=True
directions_passed 11/11 worst_rel=8.085632566541958e-06 fail_closed_reason None
