outer prime jax cache budget 3 maxcor 10 omp 20 omp_provenance swept_artifact git_head af66c572b3bf3bdb927c0d225a9818a36f00a8b0
outer omp evidence path docs/receipts/evidence/nested_ls_outer_native_omp_sweep_20260823.a100.json sha256 064d6afc31606c7dac4def2d5ea40d55707b35adbc83a97eca8c8359102660e8 best_omp 20 rows 8
outer jax success=True nit=3 nfev=7 accepted=4 rejected=3 J=0.013104620459185128 grad_l2=4.4683851193175785 wall=949.0621333059971
outer native success=True nit=3 nfev=7 J=0.013104620459204158 iota=0.14468195002368966 wall=2987.9604936519754 omp=20
outer jax success=True nit=3 nfev=7 accepted=4 rejected=3 J=0.013104620459185128 grad_l2=4.4683851193175785 wall=767.7111801380524
outer native success=True nit=3 nfev=7 J=0.013104620459204158 iota=0.14468195002368966 wall=2959.91202057997 omp=20
outer jax success=True nit=3 nfev=7 accepted=4 rejected=3 J=0.013104620459185128 grad_l2=4.4683851193175785 wall=767.5954643809819
outer native success=True nit=3 nfev=7 J=0.013104620459204158 iota=0.14468195002368966 wall=3054.17988467298 omp=20
outer jax success=True nit=3 nfev=7 accepted=4 rejected=3 J=0.013104620459185128 grad_l2=4.4683851193175785 wall=768.4216700679972
outer rejudge lane=native noop=True iter=0 native_grad_l2=2.7214315867968932e-15 reduced_grad_l2=3.164305053348343e-15 reason=None wall=96.70621264795773
outer rejudge lane=jax noop=True iter=0 native_grad_l2=2.3612613221549086e-15 reduced_grad_l2=1.374090293133031e-15 reason=None wall=98.08528335398296
outer pair repeat=0 physics=True native_wall=2987.9604936519754 jax_wall=767.7111801380524 native_J=0.013104620459204158 jax_J=0.013104620459185128 j_rel_gap=-1.4521531997593816e-12 reason=None
outer rejudge lane=native noop=True iter=0 native_grad_l2=2.7214315867968932e-15 reduced_grad_l2=3.164305053348343e-15 reason=None wall=94.83443069300847
outer rejudge lane=jax noop=True iter=0 native_grad_l2=2.3612613221549086e-15 reduced_grad_l2=1.374090293133031e-15 reason=None wall=95.37685589300236
outer pair repeat=1 physics=True native_wall=2959.91202057997 jax_wall=767.5954643809819 native_J=0.013104620459204158 jax_J=0.013104620459185128 j_rel_gap=-1.4521531997593816e-12 reason=None
outer rejudge lane=native noop=True iter=0 native_grad_l2=2.7214315867968932e-15 reduced_grad_l2=3.164305053348343e-15 reason=None wall=98.42288208001992
outer rejudge lane=jax noop=True iter=0 native_grad_l2=2.3612613221549086e-15 reduced_grad_l2=1.374090293133031e-15 reason=None wall=95.3036220530048
outer pair repeat=2 physics=True native_wall=3054.17988467298 jax_wall=768.4216700679972 native_J=0.013104620459204158 jax_J=0.013104620459185128 j_rel_gap=-1.4521531997593816e-12 reason=None
wrote /mnt/homes_global/jdsuh/code/columbia/simsopt-pr-jax-port-squashed/docs/receipts/evidence/nested_ls_outer_b3_20260823.a100.json
ok True nested_speed_claim True jax_min 767.5954643809819 native_min 2959.91202057997 speedup 3.8560832599069035
