driver benchmarks.nested_ls_outer_fd0 git_head e90a661c37b98a9b554921fc88ec57db049ca02e
step_rule eps_i = NESTED_LS_OUTER_FD0_STEP_RELATIVE * max(abs(coil_i), NESTED_LS_OUTER_FD0_STEP_SCALE_FLOOR); the halved step is NESTED_LS_OUTER_FD0_STEP_HALVING * eps_i
base J=0.014334402048909437 ||g||_2=4.411002788848308 live_eta=3.539035427554808e-13 tol=1e-10 mixed_form_max_abs=6.443734434924409e-13
dir=0 coil=1.5827818995037548 eps=0.0004748345698511264 eps_half=0.0002374172849255632 pred=-0.09999273828878544 fd=-0.09999301912705127 fd_half=-0.09999280844116423 rel=2.8085866098190615e-06 rel_half=7.015747342804563e-07 halved_better=True pass=True
  dir=0 step=0.0004748345698511264 realized=0.0004748345698510903 J=0.01428706738536461 inner_iter=3 inner_grad=1.479241659263083e-15 rejudge_iter=0 rejudge_grad=2.7986947035920403e-15 step_exact=True
  dir=0 step=-0.0004748345698511264 realized=-0.0004748345698510903 J=0.014382027669815221 inner_iter=3 inner_grad=1.4530767756472668e-15 rejudge_iter=0 rejudge_grad=2.8443098753103106e-15 step_exact=True
  dir=0 step=0.0002374172849255632 realized=0.00023741728492554515 J=0.014310698393076597 inner_iter=3 inner_grad=1.5181707747751189e-15 rejudge_iter=0 rejudge_grad=2.8514747931280217e-15 step_exact=True
  dir=0 step=-0.0002374172849255632 realized=-0.00023741728492554515 J=0.01435817843526096 inner_iter=3 inner_grad=1.6506839984386503e-15 rejudge_iter=0 rejudge_grad=2.3395464245880866e-15 step_exact=True
dir=1 coil=0.11896968147748736 eps=3.569090444324621e-05 eps_half=1.7845452221623104e-05 pred=2.2720851921740377 fd=2.2720428514244673 fd_half=2.2720745998048524 rel=1.863519454124064e-05 rel_half=4.661959517103158e-06 halved_better=True pass=True
  dir=1 step=3.569090444324621e-05 realized=3.5690904443247407e-05 J=0.014417258384640896 inner_iter=3 inner_grad=2.6200460813892996e-15 rejudge_iter=0 rejudge_grad=3.2157972218875856e-15 step_exact=True
  dir=1 step=-3.569090444324621e-05 realized=-3.5690904443247407e-05 J=0.014255075856038588 inner_iter=3 inner_grad=2.6791998991348947e-15 rejudge_iter=0 rejudge_grad=3.575577473249008e-15 step_exact=True
  dir=1 step=1.7845452221623104e-05 realized=1.7845452221623703e-05 J=0.014375389527293314 inner_iter=3 inner_grad=1.800486175683787e-15 rejudge_iter=0 rejudge_grad=2.701537222299866e-15 step_exact=True
  dir=1 step=-1.7845452221623104e-05 realized=-1.7845452221623703e-05 J=0.01429429712986375 inner_iter=3 inner_grad=1.3082219024682066e-15 rejudge_iter=0 rejudge_grad=2.541941713223736e-15 step_exact=True
dir=2 coil=0.007276651889817603 eps=2.9999999999999997e-05 eps_half=1.4999999999999999e-05 pred=0.8837796445545538 fd=0.9428131134439628 fd_half=0.8872792420499483 rel=0.06679659262707194 rel_half=0.003959807760856956 halved_better=True pass=False
  dir=2 step=2.9999999999999997e-05 realized=2.9999999999999645e-05 J=0.014375895952027299 inner_iter=3 inner_grad=1.3228366015699595e-15 rejudge_iter=0 rejudge_grad=3.110512865330884e-15 step_exact=True
  dir=2 step=-2.9999999999999997e-05 realized=-2.9999999999999645e-05 J=0.014319327165220662 inner_iter=3 inner_grad=1.546369251315236e-15 rejudge_iter=0 rejudge_grad=2.50297585189985e-15 step_exact=True
  dir=2 step=1.4999999999999999e-05 realized=1.5000000000000256e-05 J=0.014350614105309396 inner_iter=3 inner_grad=1.7573734864534791e-15 rejudge_iter=0 rejudge_grad=2.3023315024086915e-15 step_exact=True
  dir=2 step=-1.4999999999999999e-05 realized=-1.5000000000000256e-05 J=0.014323995728047897 inner_iter=3 inner_grad=1.7737557258922755e-15 rejudge_iter=0 rejudge_grad=2.4197236270149167e-15 step_exact=True
dir=3 coil=-0.014725766620607145 eps=2.9999999999999997e-05 eps_half=1.4999999999999999e-05 pred=-0.322105251545155 fd=1.005698190348417 fd_half=0.05921682528116609 rel=4.122265736196577 rel_half=1.183843091651254 halved_better=True pass=False
  dir=3 step=2.9999999999999997e-05 realized=3.0000000000000512e-05 J=0.014433182505528842 inner_iter=3 inner_grad=1.9472820566570315e-15 rejudge_iter=0 rejudge_grad=2.659491348017728e-15 step_exact=True
  dir=3 step=-2.9999999999999997e-05 realized=-3.0000000000000512e-05 J=0.014372840614107936 inner_iter=3 inner_grad=1.6146031218446418e-15 rejudge_iter=0 rejudge_grad=3.174273890983446e-15 step_exact=True
  dir=3 step=1.4999999999999999e-05 realized=1.4999999999999389e-05 J=0.014353053610864872 inner_iter=3 inner_grad=1.261133458306806e-15 rejudge_iter=0 rejudge_grad=2.5034590080048588e-15 step_exact=True
  dir=3 step=-1.4999999999999999e-05 realized=-1.4999999999999389e-05 J=0.014351277106106437 inner_iter=3 inner_grad=1.4169799576230455e-15 rejudge_iter=0 rejudge_grad=2.5377476011454287e-15 step_exact=True
dir=4 coil=-0.0693468567159572 eps=2.9999999999999997e-05 eps_half=1.4999999999999999e-05 pred=1.2119213038279022 fd=1.2033720605167642 fd_half=1.211940776999246 rel=0.007054289155686029 rel_half=1.6068016365723426e-05 halved_better=True pass=False
  dir=4 step=2.9999999999999997e-05 realized=3.0000000000002247e-05 J=0.014374971858792383 inner_iter=3 inner_grad=1.8623447378425145e-15 rejudge_iter=0 rejudge_grad=2.9190995378127677e-15 step_exact=True
  dir=4 step=-2.9999999999999997e-05 realized=-3.0000000000002247e-05 J=0.014302769535161372 inner_iter=3 inner_grad=1.6918802430627905e-15 rejudge_iter=0 rejudge_grad=2.368894716841199e-15 step_exact=True
  dir=4 step=1.4999999999999999e-05 realized=1.5000000000001124e-05 J=0.014353637033486523 inner_iter=3 inner_grad=1.2950109962314215e-15 rejudge_iter=0 rejudge_grad=2.6208070765243505e-15 step_exact=True
  dir=4 step=-1.4999999999999999e-05 realized=-1.5000000000001124e-05 J=0.014317278810176543 inner_iter=3 inner_grad=1.7186693587149974e-15 rejudge_iter=0 rejudge_grad=2.931395042495887e-15 step_exact=True
dir=5 coil=-0.006116313381802991 eps=2.9999999999999997e-05 eps_half=1.4999999999999999e-05 pred=2.2281396248825835 fd=2.667227901021731 fd_half=2.3474561053613647 rel=0.19706497350330374 rel_half=0.05354982207861808 halved_better=True pass=False
  dir=5 step=2.9999999999999997e-05 realized=2.9999999999999645e-05 J=0.01446688220581281 inner_iter=3 inner_grad=1.7202050730543962e-15 rejudge_iter=0 rejudge_grad=2.6878097548778246e-15 step_exact=True
  dir=5 step=-2.9999999999999997e-05 realized=-2.9999999999999645e-05 J=0.014306848531751508 inner_iter=3 inner_grad=1.6372638888166897e-15 rejudge_iter=0 rejudge_grad=2.2151125364210735e-15 step_exact=True
  dir=5 step=1.4999999999999999e-05 realized=1.5000000000000256e-05 J=0.014381634300851109 inner_iter=3 inner_grad=1.6382601022161147e-15 rejudge_iter=0 rejudge_grad=3.1842136070009755e-15 step_exact=True
  dir=5 step=-1.4999999999999999e-05 realized=-1.5000000000000256e-05 J=0.014311210617690267 inner_iter=3 inner_grad=1.6813552311736413e-15 rejudge_iter=0 rejudge_grad=2.463522249225385e-15 step_exact=True
dir=6 coil=0.43225983827729125 eps=0.00012967795148318738 eps_half=6.483897574159369e-05 pred=0.16362761486719624 fd=0.16392881290998548 fd_half=0.16370300872837565 rel=0.0018407531212485486 rel_half=0.00046076489742030285 halved_better=True pass=False
  dir=6 step=0.00012967795148318738 realized=0.00012967795148316474 J=0.01436724909793544 inner_iter=3 inner_grad=6.224529516473199e-15 rejudge_iter=0 rejudge_grad=6.584087143574678e-15 step_exact=True
  dir=6 step=-0.00012967795148318738 realized=-0.00012967795148316474 J=0.014324733192640972 inner_iter=3 inner_grad=9.116421695176826e-15 rejudge_iter=0 rejudge_grad=9.732850535716762e-15 step_exact=True
  dir=6 step=6.483897574159369e-05 realized=6.483897574161013e-05 J=0.014347913175921845 inner_iter=3 inner_grad=1.4802929150737345e-15 rejudge_iter=0 rejudge_grad=3.167461637542877e-15 step_exact=True
  dir=6 step=-6.483897574159369e-05 realized=-6.483897574161013e-05 J=0.01432668450509831 inner_iter=3 inner_grad=1.418792960614898e-15 rejudge_iter=0 rejudge_grad=2.691700684080824e-15 step_exact=True
dir=7 coil=0.08471032264854489 eps=2.9999999999999997e-05 eps_half=1.4999999999999999e-05 pred=-1.1312597922109882 fd=-1.144672696627425 fd_half=-1.1313165509503467 rel=0.011856608454386956 rel_half=5.017303695341011e-05 halved_better=True pass=False
  dir=7 step=2.9999999999999997e-05 realized=3.0000000000002247e-05 J=0.014306333184233395 inner_iter=3 inner_grad=1.5901681983264617e-15 rejudge_iter=0 rejudge_grad=2.1738908638464003e-15 step_exact=True
  dir=7 step=-2.9999999999999997e-05 realized=-3.0000000000002247e-05 J=0.014375013546031046 inner_iter=3 inner_grad=1.5372176146582875e-15 rejudge_iter=0 rejudge_grad=2.694825503046162e-15 step_exact=True
  dir=7 step=1.4999999999999999e-05 realized=1.5000000000001124e-05 J=0.014318917655398297 inner_iter=3 inner_grad=1.4022852334694614e-15 rejudge_iter=0 rejudge_grad=2.3136175800059815e-15 step_exact=True
  dir=7 step=-1.4999999999999999e-05 realized=-1.5000000000001124e-05 J=0.01435285715192681 inner_iter=3 inner_grad=1.5167467512751515e-15 rejudge_iter=0 rejudge_grad=3.0937148444939874e-15 step_exact=True
dir=8 coil=-0.011687720934130775 eps=2.9999999999999997e-05 eps_half=1.4999999999999999e-05 pred=0.9384645536182445 fd=0.9384075029825955 fd_half=0.9384502896983132 rel=6.079146562236524e-05 rel_half=1.519921011008641e-05 halved_better=True pass=False
  dir=8 step=2.9999999999999997e-05 realized=3.0000000000000512e-05 J=0.014364922126877629 inner_iter=3 inner_grad=1.6863151361751943e-15 rejudge_iter=0 rejudge_grad=2.7210836302640887e-15 step_exact=True
  dir=8 step=-2.9999999999999997e-05 realized=-3.0000000000000512e-05 J=0.014308617676698672 inner_iter=3 inner_grad=1.7679011533224218e-15 rejudge_iter=0 rejudge_grad=2.251597062313071e-15 step_exact=True
  dir=8 step=1.4999999999999999e-05 realized=1.4999999999999389e-05 J=0.0143490707621047 inner_iter=3 inner_grad=2.0414028645518263e-15 rejudge_iter=0 rejudge_grad=2.986413693821023e-15 step_exact=True
  dir=8 step=-1.4999999999999999e-05 realized=-1.4999999999999389e-05 J=0.014320917253413753 inner_iter=3 inner_grad=1.5201945166104167e-15 rejudge_iter=0 rejudge_grad=2.791588093142382e-15 step_exact=True
dir=9 coil=-0.11453906103096274 eps=3.436171830928882e-05 eps_half=1.718085915464441e-05 pred=1.2827483202530012 fd=1.282789811570113 fd_half=1.2827586920845941 rel=3.234564135204473e-05 rel_half=8.085632566541958e-06 halved_better=True pass=True
  dir=9 step=3.436171830928882e-05 realized=3.4361718309283695e-05 J=0.014379029371278806 inner_iter=3 inner_grad=1.2376414303460747e-15 rejudge_iter=0 rejudge_grad=2.5179844200138744e-15 step_exact=True
  dir=9 step=-3.436171830928882e-05 realized=-3.4361718309283695e-05 J=0.014290871646968423 inner_iter=3 inner_grad=1.8714015912944408e-15 rejudge_iter=0 rejudge_grad=2.9533915366732696e-15 step_exact=True
  dir=9 step=1.718085915464441e-05 realized=1.7180859154641848e-05 J=0.014356578054604744 inner_iter=3 inner_grad=1.6713121231689004e-15 rejudge_iter=0 rejudge_grad=2.962760050797767e-15 step_exact=True
  dir=9 step=-1.718085915464441e-05 realized=-1.7180859154641848e-05 J=0.014312500261768548 inner_iter=3 inner_grad=1.8138367928119106e-15 rejudge_iter=0 rejudge_grad=2.9495772357879957e-15 step_exact=True
dir=10 coil=-0.026506547616069808 eps=2.9999999999999997e-05 eps_half=1.4999999999999999e-05 pred=-1.770230652159375 fd=-2.0149765443755476 fd_half=-1.7975104730166993 rel=0.13825649890178157 rel_half=0.01541032001905951 halved_better=True pass=False
  dir=10 step=2.9999999999999997e-05 realized=2.9999999999998778e-05 J=0.014298338400535437 inner_iter=3 inner_grad=1.564142107592396e-15 rejudge_iter=0 rejudge_grad=2.1322934393274337e-15 step_exact=True
  dir=10 step=-2.9999999999999997e-05 realized=-2.9999999999998778e-05 J=0.014419236993197965 inner_iter=3 inner_grad=1.4877744255188276e-15 rejudge_iter=0 rejudge_grad=2.6585990207980508e-15 step_exact=True
  dir=10 step=1.4999999999999999e-05 realized=1.5000000000001124e-05 J=0.014313532760447924 inner_iter=3 inner_grad=1.6188254544469765e-15 rejudge_iter=0 rejudge_grad=2.8720878122755175e-15 step_exact=True
  dir=10 step=-1.4999999999999999e-05 realized=-1.5000000000001124e-05 J=0.014367458074638429 inner_iter=3 inner_grad=1.4881204045246686e-15 rejudge_iter=0 rejudge_grad=2.5655221283411643e-15 step_exact=True
directions_passed 3/11 worst_rel=1.183843091651254 fail_closed_reason 'fd_rel_error_unmet'
