E0821 17:03:13.872258 3996262 cuda_executor.cc:1526] Could not get kernel mode driver version: (INVALID_ARGUMENT: Version does not match the format X.Y.Z)
E0821 17:03:13.886392 3996202 cuda_executor.cc:1526] Could not get kernel mode driver version: (INVALID_ARGUMENT: Version does not match the format X.Y.Z)
backend gpu
devices ['cuda:0']
loaded F3 B37 GPU lane; architecture canary at frozen step-6 vector
arch row dense_lu eta_live=3.639183978533474e-13 eta_dense=1.5079291048423344e-13 dense_s=24.593 lu_s=0.066
arch row option_b_dense_inverse_m eta=1.4006073139979399e-13 apps=4 s=16.602
arch row full_gmres_dense_matvec eta=4.4197056301694625e-11 apps=664 s=3.977
arch row live_restart_8_incremental eta=0.2695105240913992 apps=146 s=13.174
arch row live_restart_8_batched eta=0.26951052409140186 apps=146 s=13.463
arch row live_restart_32_incremental eta=0.22905784975691404 apps=134 s=12.890
arch row live_restart_32_batched eta=0.22906400698559218 apps=134 s=12.847
arch row live_restart_64_incremental eta=0.20222218426435068 apps=132 s=12.904
arch row live_restart_64_batched eta=0.20222218409802228 apps=132 s=12.624
arch row live_restart_128_incremental eta=0.19168609725871308 apps=131 s=12.494
arch row live_restart_128_batched eta=0.1916860972587153 apps=131 s=12.310
backend gpu
sha a0493560d7ebe3455b68bb834830ad59fb1fb510f79a447c61267547cdc0effe reloaded a0493560d7ebe3455b68bb834830ad59fb1fb510f79a447c61267547cdc0effe match True expected a0493560d7ebe3455b68bb834830ad59fb1fb510f79a447c61267547cdc0effe
iota 0.1484103489869863 G 2.0106193052280394 g 0.0001449305895138173 eta_requested 0.027034810094191494 historical 0.027034810094191494
dense_meets True fail None rows 11 coil 0.0
spectrum {'dimension': 661, 'symmetry_frobenius': 1.2173977752791638e-11, 'symmetry_frobenius_rel': 9.103635854146265e-16, 'eig_real_min': 0.009522556084243076, 'eig_real_max': 2008.1972588118224, 'eig_abs_min': 0.009522556084243076, 'eig_abs_max': 2008.1972588118224, 'eig_condition': 210888.46744990832, 'n_eig_negative_real': 0, 'n_eig_complex': 0, 'rayleigh_rhs': 66.34942450006547, 'rayleigh_delta': 0.011582340793139523}
row {'row': 'dense_lu', 'linear_solver': 'dense_lu', 'operator': 'chunked_dense', 'preconditioner': 'none', 'solve_method': None, 'gmres_restart': None, 'gmres_maxiter': None, 'gmres_info': 0, 'operator_applications': 661, 'eta_achieved': 3.639183978533474e-13, 'eta_achieved_dense_materialization': 1.5079291048423344e-13, 'eta_requested': 0.027034810094191494, 'meets_forcing': True, 'gmres_residual_l2': 5.274290793580954e-17, 'dense_residual_l2': 2.1854505410984236e-17, 'dense_seconds': 24.592809767927974, 'lu_seconds': 0.065504769096151, 'gmres_seconds': 24.658314537024125, 'dense_bytes': 3495368, 'surface_sha256': 'a0493560d7ebe3455b68bb834830ad59fb1fb510f79a447c61267547cdc0effe', 'state_digest_drift': False}
row {'row': 'option_b_dense_inverse_m', 'linear_solver': 'gmres', 'operator': 'live_schur_hvp', 'preconditioner': 'dense_inverse', 'solve_method': 'incremental', 'gmres_restart': 8, 'gmres_maxiter': 1, 'gmres_info': 0, 'operator_applications': 4, 'eta_achieved': 1.4006073139979399e-13, 'eta_requested': 0.027034810094191494, 'meets_forcing': True, 'gmres_residual_l2': 2.0299084369508563e-17, 'gmres_seconds': 16.60217927908525, 'surface_sha256': 'a0493560d7ebe3455b68bb834830ad59fb1fb510f79a447c61267547cdc0effe', 'state_digest_drift': False}
row {'row': 'full_gmres_dense_matvec', 'linear_solver': 'gmres', 'operator': 'dense_matvec', 'preconditioner': 'none', 'solve_method': 'incremental', 'gmres_restart': 661, 'gmres_maxiter': 1, 'gmres_info': 0, 'operator_applications': 664, 'eta_achieved': 4.4197056301694625e-11, 'eta_requested': 0.027034810094191494, 'meets_forcing': True, 'gmres_residual_l2': 6.405505424579976e-15, 'gmres_seconds': 3.977363987825811, 'surface_sha256': 'a0493560d7ebe3455b68bb834830ad59fb1fb510f79a447c61267547cdc0effe', 'state_digest_drift': False}
row {'row': 'live_restart_8_incremental', 'linear_solver': 'gmres', 'operator': 'live_schur_hvp', 'preconditioner': 'none', 'solve_method': 'incremental', 'gmres_restart': 8, 'gmres_maxiter': 16, 'gmres_info': 0, 'operator_applications': 146, 'eta_achieved': 0.2695105240913992, 'eta_requested': 0.027034810094191494, 'meets_forcing': False, 'gmres_residual_l2': 3.906031913674434e-05, 'gmres_seconds': 13.174303621985018, 'surface_sha256': 'a0493560d7ebe3455b68bb834830ad59fb1fb510f79a447c61267547cdc0effe', 'state_digest_drift': False}
row {'row': 'live_restart_8_batched', 'linear_solver': 'gmres', 'operator': 'live_schur_hvp', 'preconditioner': 'none', 'solve_method': 'batched', 'gmres_restart': 8, 'gmres_maxiter': 16, 'gmres_info': 0, 'operator_applications': 146, 'eta_achieved': 0.26951052409140186, 'eta_requested': 0.027034810094191494, 'meets_forcing': False, 'gmres_residual_l2': 3.906031913674473e-05, 'gmres_seconds': 13.463235293980688, 'surface_sha256': 'a0493560d7ebe3455b68bb834830ad59fb1fb510f79a447c61267547cdc0effe', 'state_digest_drift': False}
row {'row': 'live_restart_32_incremental', 'linear_solver': 'gmres', 'operator': 'live_schur_hvp', 'preconditioner': 'none', 'solve_method': 'incremental', 'gmres_restart': 32, 'gmres_maxiter': 4, 'gmres_info': 0, 'operator_applications': 134, 'eta_achieved': 0.22905784975691404, 'eta_requested': 0.027034810094191494, 'meets_forcing': False, 'gmres_residual_l2': 3.3197489198036945e-05, 'gmres_seconds': 12.889986944152042, 'surface_sha256': 'a0493560d7ebe3455b68bb834830ad59fb1fb510f79a447c61267547cdc0effe', 'state_digest_drift': False}
row {'row': 'live_restart_32_batched', 'linear_solver': 'gmres', 'operator': 'live_schur_hvp', 'preconditioner': 'none', 'solve_method': 'batched', 'gmres_restart': 32, 'gmres_maxiter': 4, 'gmres_info': 0, 'operator_applications': 134, 'eta_achieved': 0.22906400698559218, 'eta_requested': 0.027034810094191494, 'meets_forcing': False, 'gmres_residual_l2': 3.319838156881904e-05, 'gmres_seconds': 12.846535400021821, 'surface_sha256': 'a0493560d7ebe3455b68bb834830ad59fb1fb510f79a447c61267547cdc0effe', 'state_digest_drift': False}
row {'row': 'live_restart_64_incremental', 'linear_solver': 'gmres', 'operator': 'live_schur_hvp', 'preconditioner': 'none', 'solve_method': 'incremental', 'gmres_restart': 64, 'gmres_maxiter': 2, 'gmres_info': 0, 'operator_applications': 132, 'eta_achieved': 0.20222218426435068, 'eta_requested': 0.027034810094191494, 'meets_forcing': False, 'gmres_residual_l2': 2.9308180378204135e-05, 'gmres_seconds': 12.903577825054526, 'surface_sha256': 'a0493560d7ebe3455b68bb834830ad59fb1fb510f79a447c61267547cdc0effe', 'state_digest_drift': False}
row {'row': 'live_restart_64_batched', 'linear_solver': 'gmres', 'operator': 'live_schur_hvp', 'preconditioner': 'none', 'solve_method': 'batched', 'gmres_restart': 64, 'gmres_maxiter': 2, 'gmres_info': 0, 'operator_applications': 132, 'eta_achieved': 0.20222218409802228, 'eta_requested': 0.027034810094191494, 'meets_forcing': False, 'gmres_residual_l2': 2.930818035409806e-05, 'gmres_seconds': 12.624161037849262, 'surface_sha256': 'a0493560d7ebe3455b68bb834830ad59fb1fb510f79a447c61267547cdc0effe', 'state_digest_drift': False}
row {'row': 'live_restart_128_incremental', 'linear_solver': 'gmres', 'operator': 'live_schur_hvp', 'preconditioner': 'none', 'solve_method': 'incremental', 'gmres_restart': 128, 'gmres_maxiter': 1, 'gmres_info': 0, 'operator_applications': 131, 'eta_achieved': 0.19168609725871308, 'eta_requested': 0.027034810094191494, 'meets_forcing': False, 'gmres_residual_l2': 2.7781179077308206e-05, 'gmres_seconds': 12.49416567501612, 'surface_sha256': 'a0493560d7ebe3455b68bb834830ad59fb1fb510f79a447c61267547cdc0effe', 'state_digest_drift': False}
row {'row': 'live_restart_128_batched', 'linear_solver': 'gmres', 'operator': 'live_schur_hvp', 'preconditioner': 'none', 'solve_method': 'batched', 'gmres_restart': 128, 'gmres_maxiter': 1, 'gmres_info': 0, 'operator_applications': 131, 'eta_achieved': 0.1916860972587153, 'eta_requested': 0.027034810094191494, 'meets_forcing': False, 'gmres_residual_l2': 2.7781179077308528e-05, 'gmres_seconds': 12.310218378901482, 'surface_sha256': 'a0493560d7ebe3455b68bb834830ad59fb1fb510f79a447c61267547cdc0effe', 'state_digest_drift': False}
wrote /tmp/nested_ls_reduced_gpu_step6_architecture_20260821.json
