banana omp repeat=0 threads=4 s=441.8876198590151 wall=468.467560657009 bfgs_iter=682 newton_iter=1 pinned=True
banana omp repeat=0 threads=8 s=392.78375015204074 wall=421.8799462299794 bfgs_iter=682 newton_iter=1 pinned=True
banana omp repeat=0 threads=12 s=374.0420330709894 wall=402.4303768859827 bfgs_iter=682 newton_iter=1 pinned=True
banana omp repeat=0 threads=14 s=369.47818634996656 wall=397.9770302840043 bfgs_iter=682 newton_iter=1 pinned=True
banana omp repeat=0 threads=16 s=364.33855467499234 wall=392.59784098301316 bfgs_iter=682 newton_iter=1 pinned=True
banana omp repeat=0 threads=20 s=350.86140600807266 wall=379.1644644399639 bfgs_iter=682 newton_iter=1 pinned=True
banana omp repeat=0 threads=24 s=357.7150621720357 wall=385.8495708120172 bfgs_iter=682 newton_iter=1 pinned=True
banana omp repeat=0 threads=32 s=358.43861332401866 wall=386.26107830402907 bfgs_iter=682 newton_iter=1 pinned=True
banana omp repeat=1 threads=4 s=441.5032313480042 wall=469.57621386199025 bfgs_iter=682 newton_iter=1 pinned=True
banana omp repeat=1 threads=8 s=393.4872147330316 wall=421.6317788659944 bfgs_iter=682 newton_iter=1 pinned=True
banana omp repeat=1 threads=12 s=372.6277301760274 wall=400.71392203803407 bfgs_iter=682 newton_iter=1 pinned=True
banana omp repeat=1 threads=14 s=368.7551368250279 wall=397.0070613800199 bfgs_iter=682 newton_iter=1 pinned=True
banana omp repeat=1 threads=16 s=365.20280520198867 wall=393.35911778500304 bfgs_iter=682 newton_iter=1 pinned=True
banana omp repeat=1 threads=20 s=351.89837532205274 wall=379.58277466899017 bfgs_iter=682 newton_iter=1 pinned=True
banana omp repeat=1 threads=24 s=356.0981703720172 wall=383.9140737759881 bfgs_iter=682 newton_iter=1 pinned=True
banana omp repeat=1 threads=32 s=358.70035853004083 wall=386.932263382012 bfgs_iter=682 newton_iter=1 pinned=True
banana_omp_a100 fail None rows 16
row {'repeat': 0, 'omp_num_threads': 4, 'observed_omp_num_threads': '4', 'omp_pinned': True, 'omp_proc_bind': None, 'omp_places': None, 'success': True, 'bfgs_iter': 682, 'newton_iter': 1, 'bfgs_seconds': 331.7965813430492, 'newton_seconds': 110.09103851596592, 'seconds': 441.8876198590151, 'inner_solver_seconds': 441.8876198590151, 'process_wall_seconds': 468.467560657009, 'iota': 0.14085710958307146, 'G': 2.0106193053897154, 'coil_delta_inf': 0.0}
row {'repeat': 0, 'omp_num_threads': 8, 'observed_omp_num_threads': '8', 'omp_pinned': True, 'omp_proc_bind': None, 'omp_places': None, 'success': True, 'bfgs_iter': 682, 'newton_iter': 1, 'bfgs_seconds': 282.75791419803863, 'newton_seconds': 110.0258359540021, 'seconds': 392.78375015204074, 'inner_solver_seconds': 392.78375015204074, 'process_wall_seconds': 421.8799462299794, 'iota': 0.14085710958307146, 'G': 2.0106193053897154, 'coil_delta_inf': 0.0}
row {'repeat': 0, 'omp_num_threads': 12, 'observed_omp_num_threads': '12', 'omp_pinned': True, 'omp_proc_bind': None, 'omp_places': None, 'success': True, 'bfgs_iter': 682, 'newton_iter': 1, 'bfgs_seconds': 263.65531359100714, 'newton_seconds': 110.38671947998228, 'seconds': 374.0420330709894, 'inner_solver_seconds': 374.0420330709894, 'process_wall_seconds': 402.4303768859827, 'iota': 0.14085710958307085, 'G': 2.0106193053897154, 'coil_delta_inf': 0.0}
row {'repeat': 0, 'omp_num_threads': 14, 'observed_omp_num_threads': '14', 'omp_pinned': True, 'omp_proc_bind': None, 'omp_places': None, 'success': True, 'bfgs_iter': 682, 'newton_iter': 1, 'bfgs_seconds': 259.2152387209935, 'newton_seconds': 110.26294762897305, 'seconds': 369.47818634996656, 'inner_solver_seconds': 369.47818634996656, 'process_wall_seconds': 397.9770302840043, 'iota': 0.14085710958307146, 'G': 2.0106193053897154, 'coil_delta_inf': 0.0}
row {'repeat': 0, 'omp_num_threads': 16, 'observed_omp_num_threads': '16', 'omp_pinned': True, 'omp_proc_bind': None, 'omp_places': None, 'success': True, 'bfgs_iter': 682, 'newton_iter': 1, 'bfgs_seconds': 254.4566634700168, 'newton_seconds': 109.88189120497555, 'seconds': 364.33855467499234, 'inner_solver_seconds': 364.33855467499234, 'process_wall_seconds': 392.59784098301316, 'iota': 0.14085710958307052, 'G': 2.0106193053897154, 'coil_delta_inf': 0.0}
row {'repeat': 0, 'omp_num_threads': 20, 'observed_omp_num_threads': '20', 'omp_pinned': True, 'omp_proc_bind': None, 'omp_places': None, 'success': True, 'bfgs_iter': 682, 'newton_iter': 1, 'bfgs_seconds': 240.9619405080448, 'newton_seconds': 109.89946550002787, 'seconds': 350.86140600807266, 'inner_solver_seconds': 350.86140600807266, 'process_wall_seconds': 379.1644644399639, 'iota': 0.1408571095830711, 'G': 2.0106193053897154, 'coil_delta_inf': 0.0}
row {'repeat': 0, 'omp_num_threads': 24, 'observed_omp_num_threads': '24', 'omp_pinned': True, 'omp_proc_bind': None, 'omp_places': None, 'success': True, 'bfgs_iter': 682, 'newton_iter': 1, 'bfgs_seconds': 247.45587046601577, 'newton_seconds': 110.25919170601992, 'seconds': 357.7150621720357, 'inner_solver_seconds': 357.7150621720357, 'process_wall_seconds': 385.8495708120172, 'iota': 0.14085710958307007, 'G': 2.0106193053897154, 'coil_delta_inf': 0.0}
row {'repeat': 0, 'omp_num_threads': 32, 'observed_omp_num_threads': '32', 'omp_pinned': True, 'omp_proc_bind': None, 'omp_places': None, 'success': True, 'bfgs_iter': 682, 'newton_iter': 1, 'bfgs_seconds': 248.19526347599458, 'newton_seconds': 110.24334984802408, 'seconds': 358.43861332401866, 'inner_solver_seconds': 358.43861332401866, 'process_wall_seconds': 386.26107830402907, 'iota': 0.14085710958307007, 'G': 2.0106193053897154, 'coil_delta_inf': 0.0}
row {'repeat': 1, 'omp_num_threads': 4, 'observed_omp_num_threads': '4', 'omp_pinned': True, 'omp_proc_bind': None, 'omp_places': None, 'success': True, 'bfgs_iter': 682, 'newton_iter': 1, 'bfgs_seconds': 330.68550225900253, 'newton_seconds': 110.81772908900166, 'seconds': 441.5032313480042, 'inner_solver_seconds': 441.5032313480042, 'process_wall_seconds': 469.57621386199025, 'iota': 0.14085710958307146, 'G': 2.0106193053897154, 'coil_delta_inf': 0.0}
row {'repeat': 1, 'omp_num_threads': 8, 'observed_omp_num_threads': '8', 'omp_pinned': True, 'omp_proc_bind': None, 'omp_places': None, 'success': True, 'bfgs_iter': 682, 'newton_iter': 1, 'bfgs_seconds': 282.83419282903196, 'newton_seconds': 110.65302190399962, 'seconds': 393.4872147330316, 'inner_solver_seconds': 393.4872147330316, 'process_wall_seconds': 421.6317788659944, 'iota': 0.14085710958307146, 'G': 2.0106193053897154, 'coil_delta_inf': 0.0}
row {'repeat': 1, 'omp_num_threads': 12, 'observed_omp_num_threads': '12', 'omp_pinned': True, 'omp_proc_bind': None, 'omp_places': None, 'success': True, 'bfgs_iter': 682, 'newton_iter': 1, 'bfgs_seconds': 262.47660692600766, 'newton_seconds': 110.15112325001974, 'seconds': 372.6277301760274, 'inner_solver_seconds': 372.6277301760274, 'process_wall_seconds': 400.71392203803407, 'iota': 0.14085710958307085, 'G': 2.0106193053897154, 'coil_delta_inf': 0.0}
row {'repeat': 1, 'omp_num_threads': 14, 'observed_omp_num_threads': '14', 'omp_pinned': True, 'omp_proc_bind': None, 'omp_places': None, 'success': True, 'bfgs_iter': 682, 'newton_iter': 1, 'bfgs_seconds': 258.37542656000005, 'newton_seconds': 110.37971026502782, 'seconds': 368.7551368250279, 'inner_solver_seconds': 368.7551368250279, 'process_wall_seconds': 397.0070613800199, 'iota': 0.14085710958307146, 'G': 2.0106193053897154, 'coil_delta_inf': 0.0}
row {'repeat': 1, 'omp_num_threads': 16, 'observed_omp_num_threads': '16', 'omp_pinned': True, 'omp_proc_bind': None, 'omp_places': None, 'success': True, 'bfgs_iter': 682, 'newton_iter': 1, 'bfgs_seconds': 255.36325828399276, 'newton_seconds': 109.8395469179959, 'seconds': 365.20280520198867, 'inner_solver_seconds': 365.20280520198867, 'process_wall_seconds': 393.35911778500304, 'iota': 0.14085710958307052, 'G': 2.0106193053897154, 'coil_delta_inf': 0.0}
row {'repeat': 1, 'omp_num_threads': 20, 'observed_omp_num_threads': '20', 'omp_pinned': True, 'omp_proc_bind': None, 'omp_places': None, 'success': True, 'bfgs_iter': 682, 'newton_iter': 1, 'bfgs_seconds': 241.99388719000854, 'newton_seconds': 109.90448813204421, 'seconds': 351.89837532205274, 'inner_solver_seconds': 351.89837532205274, 'process_wall_seconds': 379.58277466899017, 'iota': 0.1408571095830711, 'G': 2.0106193053897154, 'coil_delta_inf': 0.0}
row {'repeat': 1, 'omp_num_threads': 24, 'observed_omp_num_threads': '24', 'omp_pinned': True, 'omp_proc_bind': None, 'omp_places': None, 'success': True, 'bfgs_iter': 682, 'newton_iter': 1, 'bfgs_seconds': 246.21252329001436, 'newton_seconds': 109.88564708200283, 'seconds': 356.0981703720172, 'inner_solver_seconds': 356.0981703720172, 'process_wall_seconds': 383.9140737759881, 'iota': 0.14085710958307007, 'G': 2.0106193053897154, 'coil_delta_inf': 0.0}
row {'repeat': 1, 'omp_num_threads': 32, 'observed_omp_num_threads': '32', 'omp_pinned': True, 'omp_proc_bind': None, 'omp_places': None, 'success': True, 'bfgs_iter': 682, 'newton_iter': 1, 'bfgs_seconds': 248.75477301503997, 'newton_seconds': 109.94558551500086, 'seconds': 358.70035853004083, 'inner_solver_seconds': 358.70035853004083, 'process_wall_seconds': 386.932263382012, 'iota': 0.14085710958307007, 'G': 2.0106193053897154, 'coil_delta_inf': 0.0}
wrote /mnt/homes_global/jdsuh/code/columbia/simsopt-pr-jax-port-squashed/docs/receipts/evidence/nested_ls_reduced_a100_banana_omp_20260822.json
best_omp 20 best_inner 350.86140600807266
ok True
