{
  "argv": [
    "benchmarks/custom_quasi_newton_runtime.py",
    "--device",
    "gpu",
    "--intent",
    "fast",
    "--providers",
    "optax,custom",
    "--cases",
    "coil47",
    "--method",
    "lbfgs",
    "--maxiter",
    "20",
    "--output",
    "/mnt/homes_global/jdsuh/qn-a100/artifacts/coil47-a100-contended3-63638856f/round-3"
  ],
  "backend": "gpu",
  "device_identity": {
    "backend": "gpu",
    "compute_capability": "8.0",
    "cuda_version": "PJRT C API\ncuda 12090",
    "device_id": 0,
    "device_kind": "NVIDIA A100-PCIE-40GB",
    "driver_version": "470.256.02",
    "gpu_model": "NVIDIA A100-PCIE-40GB",
    "gpu_uuid": "GPU-250014ca-8cb3-bdcd-ad1d-2f6f64529b8d",
    "hostname": "landau",
    "jax_device": "cuda:0",
    "platform": "gpu",
    "process_index": 0,
    "requested_device": "gpu",
    "scheduler_job_id": null,
    "total_memory_bytes": 42505076736,
    "visible_devices": "GPU-250014ca-8cb3-bdcd-ad1d-2f6f64529b8d"
  },
  "devices": [
    "cuda:0"
  ],
  "git_clean": true,
  "git_commit": "63638856f195166bbf8453ab52629e4bfdfc6898",
  "jax_version": "0.10.0",
  "jaxlib_version": "0.10.0",
  "measurements": [
    {
      "algorithm_memory_contract": null,
      "case": "coil47",
      "certificate": "source-owned VMEC-free coil physics; native/JAX objective parity",
      "cold_seconds": 8.963314710999839,
      "constraint_norm": null,
      "device": "gpu",
      "device_identity": {
        "backend": "gpu",
        "compute_capability": "8.0",
        "cuda_version": "PJRT C API\ncuda 12090",
        "device_id": 0,
        "device_kind": "NVIDIA A100-PCIE-40GB",
        "driver_version": "470.256.02",
        "gpu_model": "NVIDIA A100-PCIE-40GB",
        "gpu_uuid": "GPU-250014ca-8cb3-bdcd-ad1d-2f6f64529b8d",
        "hostname": "landau",
        "jax_device": "cuda:0",
        "platform": "gpu",
        "process_index": 0,
        "requested_device": "gpu",
        "scheduler_job_id": null,
        "total_memory_bytes": 42505076736,
        "visible_devices": "GPU-250014ca-8cb3-bdcd-ad1d-2f6f64529b8d"
      },
      "diagnostic_artifacts": {
        "memory_trace": "gpu_memory.json",
        "trial_trace": null
      },
      "dimension": 47,
      "endpoint_certificate": {
        "constraints_satisfied": true,
        "initial_stationary": false,
        "stopping_reason": "converged",
        "success": true,
        "terminal_stationary": true
      },
      "evaluations": null,
      "final_gradient_inf_norm": 1.8156811449308863e-11,
      "final_objective": 0.13786263284430206,
      "final_parameters": [
        1.0000013846254774,
        1.0000261917923243,
        0.9914342927502289,
        0.003857781630124653,
        0.5947624824555503,
        0.007530702242724759,
        -7.780145027138017e-05,
        0.13037664031063786,
        -0.005148727489040715,
        0.07799572250295449,
        -0.0019781884901173066,
        -0.00014920135176135958,
        -0.004848428445783806,
        -0.6000609290271182,
        -0.00315180078500693,
        0.00015749360481809912,
        -0.0023621537266981228,
        0.9238758394984012,
        0.0003209619542305781,
        0.554331899274356,
        -0.0008504193116476102,
        -2.892218566896236e-06,
        0.3826819839765153,
        -0.0007749075709397442,
        0.22961174186701822,
        0.0020533122575119903,
        -1.202632430169458e-06,
        -2.3478797092316317e-08,
        -0.5999991523387485,
        1.4068076489004455e-08,
        -1.0164748533102587e-07,
        -6.045242722654899e-08,
        0.793240111851225,
        0.000912806750891067,
        0.4757117733567867,
        -0.003926186634944415,
        -0.00016042063849060922,
        0.6088598791274896,
        -0.006368435068402369,
        0.3654091237030707,
        -0.006723611570918008,
        5.038223775681467e-05,
        0.004848293912716668,
        -0.6000608913317179,
        0.0031517461693202618,
        0.00015744369636567127,
        0.002362143833900648
      ],
      "first_execution_seconds": 0.6101790720022109,
      "fixture_build_peak_rss_kib": 1120344,
      "fixture_build_seconds": 4.843536421001772,
      "fixture_contract": {
        "certificate": "source-owned VMEC-free coil physics; native/JAX objective parity",
        "expected_initial_observables": {
          "gradient_inf_norm": 0.003746923674450162,
          "objective": 0.13792118300896355
        },
        "final_certificate_fields": {
          "evaluations": null,
          "final_gradient_inf_norm": 1.8156811449308863e-11,
          "final_objective": 0.13786263284430206,
          "final_parameters": [
            1.0000013846254774,
            1.0000261917923243,
            0.9914342927502289,
            0.003857781630124653,
            0.5947624824555503,
            0.007530702242724759,
            -7.780145027138017e-05,
            0.13037664031063786,
            -0.005148727489040715,
            0.07799572250295449,
            -0.0019781884901173066,
            -0.00014920135176135958,
            -0.004848428445783806,
            -0.6000609290271182,
            -0.00315180078500693,
            0.00015749360481809912,
            -0.0023621537266981228,
            0.9238758394984012,
            0.0003209619542305781,
            0.554331899274356,
            -0.0008504193116476102,
            -2.892218566896236e-06,
            0.3826819839765153,
            -0.0007749075709397442,
            0.22961174186701822,
            0.0020533122575119903,
            -1.202632430169458e-06,
            -2.3478797092316317e-08,
            -0.5999991523387485,
            1.4068076489004455e-08,
            -1.0164748533102587e-07,
            -6.045242722654899e-08,
            0.793240111851225,
            0.000912806750891067,
            0.4757117733567867,
            -0.003926186634944415,
            -0.00016042063849060922,
            0.6088598791274896,
            -0.006368435068402369,
            0.3654091237030707,
            -0.006723611570918008,
            5.038223775681467e-05,
            0.004848293912716668,
            -0.6000608913317179,
            0.0031517461693202618,
            0.00015744369636567127,
            0.002362143833900648
          ],
          "iterations": 15,
          "status": 0,
          "stopping_reason": "converged",
          "success": true
        },
        "fixture_metadata": {
          "current_value": 100000.0,
          "curve_count": 3,
          "curve_order": 2,
          "curve_quadpoints": 16,
          "dtype": "float64",
          "fixed_current_index": 0,
          "native_objective_provider": "simsopt.field.BiotSavart + simsopt.objectives.SquaredFlux",
          "objective_definition": "quadratic flux",
          "seed": 0,
          "source_example": "examples/jax/3_Advanced/single_stage_optimization.py",
          "surface_kind": "analytic_surface_rz_fourier",
          "surface_mpol": 1,
          "surface_nfp": 4,
          "surface_ntor": 1,
          "surface_quadpoints": 8,
          "target_max": 0.2,
          "target_min": 0.1
        },
        "generator_path": "benchmarks/fixtures/custom_quasi_newton.py",
        "generator_sha256": "7b8e1543265f8db62a627e5292762b6464a8b6960187857022fc08c6a9785ff2",
        "initial_parameters": [
          1.0,
          1.0,
          0.9914448613738104,
          0.0,
          0.5948669168242862,
          0.0,
          0.0,
          0.13052619222005157,
          0.0,
          0.07831571533203094,
          0.0,
          0.0,
          0.0,
          -0.6,
          0.0,
          0.0,
          0.0,
          0.9238795325112867,
          0.0,
          0.5543277195067721,
          0.0,
          0.0,
          0.3826834323650898,
          0.0,
          0.22961005941905385,
          0.0,
          0.0,
          0.0,
          -0.6,
          0.0,
          0.0,
          0.0,
          0.7933533402912352,
          0.0,
          0.4760120041747411,
          0.0,
          0.0,
          0.6087614290087207,
          0.0,
          0.3652568574052324,
          0.0,
          0.0,
          0.0,
          -0.6,
          0.0,
          0.0,
          0.0
        ],
        "solver_options": {
          "device": "gpu",
          "ftol": 0.0,
          "gtol": 1e-10,
          "intent": "fast",
          "maxcor": 10,
          "maxfun": null,
          "maxiter": 20,
          "maxls": 20,
          "method": "lbfgs"
        },
        "source_path": "examples/jax/3_Advanced/single_stage_optimization.py",
        "source_sha256": "00f2f9b45a2a1c5fc7136952818e19d649f20e141d4e626ed9a8c18e8114287e",
        "tolerances": {
          "gradient_inf_norm_abs": 1e-08,
          "objective_abs": 1e-12,
          "objective_rel": 1e-10,
          "parameters_abs": 1e-10
        }
      },
      "fixture_metadata": [
        [
          "source_example",
          "examples/jax/3_Advanced/single_stage_optimization.py"
        ],
        [
          "surface_kind",
          "analytic_surface_rz_fourier"
        ],
        [
          "surface_nfp",
          4
        ],
        [
          "surface_mpol",
          1
        ],
        [
          "surface_ntor",
          1
        ],
        [
          "surface_quadpoints",
          8
        ],
        [
          "curve_count",
          3
        ],
        [
          "curve_order",
          2
        ],
        [
          "curve_quadpoints",
          16
        ],
        [
          "current_value",
          100000.0
        ],
        [
          "fixed_current_index",
          0
        ],
        [
          "objective_definition",
          "quadratic flux"
        ],
        [
          "native_objective_provider",
          "simsopt.field.BiotSavart + simsopt.objectives.SquaredFlux"
        ],
        [
          "target_min",
          0.1
        ],
        [
          "target_max",
          0.2
        ],
        [
          "dtype",
          "float64"
        ],
        [
          "seed",
          0
        ]
      ],
      "initial_gradient_inf_norm": 0.003746923674450162,
      "initial_objective": 0.13792118300896355,
      "initial_parameters": [
        1.0,
        1.0,
        0.9914448613738104,
        0.0,
        0.5948669168242862,
        0.0,
        0.0,
        0.13052619222005157,
        0.0,
        0.07831571533203094,
        0.0,
        0.0,
        0.0,
        -0.6,
        0.0,
        0.0,
        0.0,
        0.9238795325112867,
        0.0,
        0.5543277195067721,
        0.0,
        0.0,
        0.3826834323650898,
        0.0,
        0.22961005941905385,
        0.0,
        0.0,
        0.0,
        -0.6,
        0.0,
        0.0,
        0.0,
        0.7933533402912352,
        0.0,
        0.4760120041747411,
        0.0,
        0.0,
        0.6087614290087207,
        0.0,
        0.3652568574052324,
        0.0,
        0.0,
        0.0,
        -0.6,
        0.0,
        0.0,
        0.0
      ],
      "inner_success": true,
      "intent": "fast",
      "iterations": 15,
      "maxcor": 10,
      "maxiter": 20,
      "method": "lbfgs",
      "observables_finite": true,
      "parameters_finite": true,
      "peak_rss_kib": 1510160,
      "peak_rss_scope": "self_proc_status_phase_max",
      "peak_vram_mib": 480,
      "phase_rss": [
        {
          "end_rss_kib": 1120344,
          "peak_rss_kib": 1120344,
          "phase": "fixture_build",
          "sample_count": 414,
          "scope": "self_proc_status_poll_10ms",
          "start_rss_kib": 670432
        },
        {
          "end_rss_kib": 1504228,
          "peak_rss_kib": 1504244,
          "phase": "preparation",
          "sample_count": 764,
          "scope": "self_proc_status_poll_10ms",
          "start_rss_kib": 1316848
        },
        {
          "end_rss_kib": 1510160,
          "peak_rss_kib": 1510160,
          "phase": "cold_solver",
          "sample_count": 58,
          "scope": "self_proc_status_poll_10ms",
          "start_rss_kib": 1504228
        },
        {
          "end_rss_kib": 1510160,
          "peak_rss_kib": 1510160,
          "phase": "warm_solver",
          "sample_count": 8,
          "scope": "self_proc_status_poll_10ms",
          "start_rss_kib": 1510160
        }
      ],
      "preparation_seconds": 8.353135638997628,
      "process_pid": 140932,
      "provider": "optax",
      "ru_maxrss_kib": 1510164,
      "scientific_certification_seconds": 1.5159999747993425e-05,
      "scientific_observables": {},
      "solver_peak_rss_delta_kib": 187396,
      "solver_peak_rss_kib": 1510160,
      "solver_route": "optax_lbfgs",
      "solver_start_rss_kib": 1316848,
      "status": 0,
      "stopping_reason": "converged",
      "success": true,
      "warm_seconds": 0.07122361000074307,
      "warm_transfer_audit": [],
      "work_counters": {
        "accepted_iterations": 15,
        "advance_observations": 0,
        "objective_evaluations": null,
        "transfer_bytes": 0,
        "transfer_calls": 0,
        "transfer_leaves": 0
      }
    },
    {
      "algorithm_memory_contract": null,
      "case": "coil47",
      "certificate": "source-owned VMEC-free coil physics; native/JAX objective parity",
      "cold_seconds": 37.51021829000092,
      "constraint_norm": null,
      "device": "gpu",
      "device_identity": {
        "backend": "gpu",
        "compute_capability": "8.0",
        "cuda_version": "PJRT C API\ncuda 12090",
        "device_id": 0,
        "device_kind": "NVIDIA A100-PCIE-40GB",
        "driver_version": "470.256.02",
        "gpu_model": "NVIDIA A100-PCIE-40GB",
        "gpu_uuid": "GPU-250014ca-8cb3-bdcd-ad1d-2f6f64529b8d",
        "hostname": "landau",
        "jax_device": "cuda:0",
        "platform": "gpu",
        "process_index": 0,
        "requested_device": "gpu",
        "scheduler_job_id": null,
        "total_memory_bytes": 42505076736,
        "visible_devices": "GPU-250014ca-8cb3-bdcd-ad1d-2f6f64529b8d"
      },
      "diagnostic_artifacts": {
        "memory_trace": "gpu_memory.json",
        "trial_trace": null
      },
      "dimension": 47,
      "endpoint_certificate": {
        "constraints_satisfied": true,
        "initial_stationary": false,
        "stopping_reason": "converged",
        "success": true,
        "terminal_stationary": true
      },
      "evaluations": 15,
      "final_gradient_inf_norm": 5.874340934747344e-10,
      "final_objective": 0.13786263284430206,
      "final_parameters": [
        1.0000024716256084,
        0.9999934701767149,
        0.9914891605908426,
        0.0038629140214101513,
        0.594800900834328,
        0.007538972433228824,
        -7.722151423032102e-05,
        0.1305086704668867,
        -0.00515536796954965,
        0.07804915123490529,
        -0.0019850228861809033,
        -0.00016328605277693962,
        -0.004852772755665139,
        -0.6001677932857686,
        -0.0031555757200792895,
        0.00010375571309416522,
        -0.0023658763660854335,
        0.9238719469458305,
        0.00032122026138934565,
        0.5543354270277174,
        -0.0008518331737640549,
        -3.205523918904991e-06,
        0.3826803182315006,
        -0.0007755046668864966,
        0.22961325043873593,
        0.0020565053002934352,
        -1.3356667475873506e-06,
        9.89101522374325e-09,
        -0.5999998253231017,
        3.998163198899223e-09,
        3.7120387936893423e-06,
        -9.402164041149118e-09,
        0.7933721856173225,
        0.0009139061690896775,
        0.4757767814450858,
        -0.00392724253330923,
        -0.00017005376306127387,
        0.6088052746519288,
        -0.006376928166945849,
        0.3653986568842579,
        -0.006734501468057389,
        6.085304521563742e-05,
        0.004852784850371596,
        -0.600167488465175,
        0.0031555959622227396,
        0.00010373581899297008,
        0.0023658781207501513
      ],
      "first_execution_seconds": 0.053490638001676416,
      "fixture_build_peak_rss_kib": 1117880,
      "fixture_build_seconds": 4.282217134001257,
      "fixture_contract": {
        "certificate": "source-owned VMEC-free coil physics; native/JAX objective parity",
        "expected_initial_observables": {
          "gradient_inf_norm": 0.003746923674450162,
          "objective": 0.13792118300896355
        },
        "final_certificate_fields": {
          "evaluations": 15,
          "final_gradient_inf_norm": 5.874340934747344e-10,
          "final_objective": 0.13786263284430206,
          "final_parameters": [
            1.0000024716256084,
            0.9999934701767149,
            0.9914891605908426,
            0.0038629140214101513,
            0.594800900834328,
            0.007538972433228824,
            -7.722151423032102e-05,
            0.1305086704668867,
            -0.00515536796954965,
            0.07804915123490529,
            -0.0019850228861809033,
            -0.00016328605277693962,
            -0.004852772755665139,
            -0.6001677932857686,
            -0.0031555757200792895,
            0.00010375571309416522,
            -0.0023658763660854335,
            0.9238719469458305,
            0.00032122026138934565,
            0.5543354270277174,
            -0.0008518331737640549,
            -3.205523918904991e-06,
            0.3826803182315006,
            -0.0007755046668864966,
            0.22961325043873593,
            0.0020565053002934352,
            -1.3356667475873506e-06,
            9.89101522374325e-09,
            -0.5999998253231017,
            3.998163198899223e-09,
            3.7120387936893423e-06,
            -9.402164041149118e-09,
            0.7933721856173225,
            0.0009139061690896775,
            0.4757767814450858,
            -0.00392724253330923,
            -0.00017005376306127387,
            0.6088052746519288,
            -0.006376928166945849,
            0.3653986568842579,
            -0.006734501468057389,
            6.085304521563742e-05,
            0.004852784850371596,
            -0.600167488465175,
            0.0031555959622227396,
            0.00010373581899297008,
            0.0023658781207501513
          ],
          "iterations": 12,
          "status": 0,
          "stopping_reason": "converged",
          "success": true
        },
        "fixture_metadata": {
          "current_value": 100000.0,
          "curve_count": 3,
          "curve_order": 2,
          "curve_quadpoints": 16,
          "dtype": "float64",
          "fixed_current_index": 0,
          "native_objective_provider": "simsopt.field.BiotSavart + simsopt.objectives.SquaredFlux",
          "objective_definition": "quadratic flux",
          "seed": 0,
          "source_example": "examples/jax/3_Advanced/single_stage_optimization.py",
          "surface_kind": "analytic_surface_rz_fourier",
          "surface_mpol": 1,
          "surface_nfp": 4,
          "surface_ntor": 1,
          "surface_quadpoints": 8,
          "target_max": 0.2,
          "target_min": 0.1
        },
        "generator_path": "benchmarks/fixtures/custom_quasi_newton.py",
        "generator_sha256": "7b8e1543265f8db62a627e5292762b6464a8b6960187857022fc08c6a9785ff2",
        "initial_parameters": [
          1.0,
          1.0,
          0.9914448613738104,
          0.0,
          0.5948669168242862,
          0.0,
          0.0,
          0.13052619222005157,
          0.0,
          0.07831571533203094,
          0.0,
          0.0,
          0.0,
          -0.6,
          0.0,
          0.0,
          0.0,
          0.9238795325112867,
          0.0,
          0.5543277195067721,
          0.0,
          0.0,
          0.3826834323650898,
          0.0,
          0.22961005941905385,
          0.0,
          0.0,
          0.0,
          -0.6,
          0.0,
          0.0,
          0.0,
          0.7933533402912352,
          0.0,
          0.4760120041747411,
          0.0,
          0.0,
          0.6087614290087207,
          0.0,
          0.3652568574052324,
          0.0,
          0.0,
          0.0,
          -0.6,
          0.0,
          0.0,
          0.0
        ],
        "solver_options": {
          "device": "gpu",
          "ftol": 0.0,
          "gtol": 1e-10,
          "intent": "fast",
          "maxcor": 10,
          "maxfun": null,
          "maxiter": 20,
          "maxls": 20,
          "method": "lbfgs"
        },
        "source_path": "examples/jax/3_Advanced/single_stage_optimization.py",
        "source_sha256": "00f2f9b45a2a1c5fc7136952818e19d649f20e141d4e626ed9a8c18e8114287e",
        "tolerances": {
          "gradient_inf_norm_abs": 1e-08,
          "objective_abs": 1e-12,
          "objective_rel": 1e-10,
          "parameters_abs": 1e-10
        }
      },
      "fixture_metadata": [
        [
          "source_example",
          "examples/jax/3_Advanced/single_stage_optimization.py"
        ],
        [
          "surface_kind",
          "analytic_surface_rz_fourier"
        ],
        [
          "surface_nfp",
          4
        ],
        [
          "surface_mpol",
          1
        ],
        [
          "surface_ntor",
          1
        ],
        [
          "surface_quadpoints",
          8
        ],
        [
          "curve_count",
          3
        ],
        [
          "curve_order",
          2
        ],
        [
          "curve_quadpoints",
          16
        ],
        [
          "current_value",
          100000.0
        ],
        [
          "fixed_current_index",
          0
        ],
        [
          "objective_definition",
          "quadratic flux"
        ],
        [
          "native_objective_provider",
          "simsopt.field.BiotSavart + simsopt.objectives.SquaredFlux"
        ],
        [
          "target_min",
          0.1
        ],
        [
          "target_max",
          0.2
        ],
        [
          "dtype",
          "float64"
        ],
        [
          "seed",
          0
        ]
      ],
      "initial_gradient_inf_norm": 0.003746923674450162,
      "initial_objective": 0.13792118300896355,
      "initial_parameters": [
        1.0,
        1.0,
        0.9914448613738104,
        0.0,
        0.5948669168242862,
        0.0,
        0.0,
        0.13052619222005157,
        0.0,
        0.07831571533203094,
        0.0,
        0.0,
        0.0,
        -0.6,
        0.0,
        0.0,
        0.0,
        0.9238795325112867,
        0.0,
        0.5543277195067721,
        0.0,
        0.0,
        0.3826834323650898,
        0.0,
        0.22961005941905385,
        0.0,
        0.0,
        0.0,
        -0.6,
        0.0,
        0.0,
        0.0,
        0.7933533402912352,
        0.0,
        0.4760120041747411,
        0.0,
        0.0,
        0.6087614290087207,
        0.0,
        0.3652568574052324,
        0.0,
        0.0,
        0.0,
        -0.6,
        0.0,
        0.0,
        0.0
      ],
      "inner_success": true,
      "intent": "fast",
      "iterations": 12,
      "maxcor": 10,
      "maxiter": 20,
      "method": "lbfgs",
      "observables_finite": true,
      "parameters_finite": true,
      "peak_rss_kib": 2327280,
      "peak_rss_scope": "self_proc_status_phase_max",
      "peak_vram_mib": 490,
      "phase_rss": [
        {
          "end_rss_kib": 1117880,
          "peak_rss_kib": 1117880,
          "phase": "fixture_build",
          "sample_count": 372,
          "scope": "self_proc_status_poll_10ms",
          "start_rss_kib": 670888
        },
        {
          "end_rss_kib": 2317112,
          "peak_rss_kib": 2327280,
          "phase": "preparation",
          "sample_count": 3327,
          "scope": "self_proc_status_poll_10ms",
          "start_rss_kib": 1321576
        },
        {
          "end_rss_kib": 2317256,
          "peak_rss_kib": 2317256,
          "phase": "cold_solver",
          "sample_count": 7,
          "scope": "self_proc_status_poll_10ms",
          "start_rss_kib": 2317112
        },
        {
          "end_rss_kib": 2317316,
          "peak_rss_kib": 2317316,
          "phase": "warm_solver",
          "sample_count": 4,
          "scope": "self_proc_status_poll_10ms",
          "start_rss_kib": 2317256
        }
      ],
      "preparation_seconds": 37.456727651999245,
      "process_pid": 141816,
      "provider": "custom",
      "ru_maxrss_kib": 2327280,
      "scientific_certification_seconds": 1.1440999514888972e-05,
      "scientific_observables": {},
      "solver_peak_rss_delta_kib": 1005704,
      "solver_peak_rss_kib": 2327280,
      "solver_route": "fused_stepwise",
      "solver_start_rss_kib": 1321564,
      "status": 0,
      "stopping_reason": "converged",
      "success": true,
      "warm_seconds": 0.027513334000104805,
      "warm_transfer_audit": [
        {
          "bytes": 8700,
          "calls": 15,
          "leaves": 15,
          "phase": "final_result"
        }
      ],
      "work_counters": {
        "accepted_iterations": 12,
        "advance_observations": 0,
        "objective_evaluations": 15,
        "transfer_bytes": 8700,
        "transfer_calls": 15,
        "transfer_leaves": 15
      }
    }
  ],
  "method": "lbfgs",
  "numpy_version": "2.4.6",
  "optax_version": "0.2.8",
  "orchestrator_git_clean": true,
  "provider_child": false,
  "provider_child_rss_limit_kib": 8388608,
  "provider_child_term_grace_seconds": 5,
  "provider_child_timeout_seconds": 120,
  "provider_children": [
    {
      "device_identity": {
        "backend": "gpu",
        "compute_capability": "8.0",
        "cuda_version": "PJRT C API\ncuda 12090",
        "device_id": 0,
        "device_kind": "NVIDIA A100-PCIE-40GB",
        "driver_version": "470.256.02",
        "gpu_model": "NVIDIA A100-PCIE-40GB",
        "gpu_uuid": "GPU-250014ca-8cb3-bdcd-ad1d-2f6f64529b8d",
        "hostname": "landau",
        "jax_device": "cuda:0",
        "platform": "gpu",
        "process_index": 0,
        "requested_device": "gpu",
        "scheduler_job_id": null,
        "total_memory_bytes": 42505076736,
        "visible_devices": "GPU-250014ca-8cb3-bdcd-ad1d-2f6f64529b8d"
      },
      "git_clean": true,
      "git_commit": "63638856f195166bbf8453ab52629e4bfdfc6898",
      "gpu_memory_path": "optax/gpu_memory.json",
      "gpu_memory_sha256": "f4f8b8612b7741eb6a8437bcbdeb0feab093fa70d92875e9345e2e4099f5c499",
      "measurement_count": 1,
      "measurements_path": "optax/measurements.json",
      "measurements_sha256": "592cb9b1b12a6fa66ea7303c0ccf0ddb533988134c5eab4c0bed36179cd14cef",
      "method": "lbfgs",
      "provider": "optax",
      "requested_device": "gpu",
      "runtime_environment": {
        "JAX_ENABLE_X64": "true",
        "JAX_PLATFORMS": "cuda",
        "SIMSOPT_BACKEND_MODE": "jax_gpu_fast",
        "SIMSOPT_BACKEND_STRICT": "1",
        "SIMSOPT_PRECISION": "fp64",
        "XLA_PYTHON_CLIENT_ALLOCATOR": "platform",
        "XLA_PYTHON_CLIENT_MEM_FRACTION": null,
        "XLA_PYTHON_CLIENT_PREALLOCATE": "false"
      }
    },
    {
      "device_identity": {
        "backend": "gpu",
        "compute_capability": "8.0",
        "cuda_version": "PJRT C API\ncuda 12090",
        "device_id": 0,
        "device_kind": "NVIDIA A100-PCIE-40GB",
        "driver_version": "470.256.02",
        "gpu_model": "NVIDIA A100-PCIE-40GB",
        "gpu_uuid": "GPU-250014ca-8cb3-bdcd-ad1d-2f6f64529b8d",
        "hostname": "landau",
        "jax_device": "cuda:0",
        "platform": "gpu",
        "process_index": 0,
        "requested_device": "gpu",
        "scheduler_job_id": null,
        "total_memory_bytes": 42505076736,
        "visible_devices": "GPU-250014ca-8cb3-bdcd-ad1d-2f6f64529b8d"
      },
      "git_clean": true,
      "git_commit": "63638856f195166bbf8453ab52629e4bfdfc6898",
      "gpu_memory_path": "custom/gpu_memory.json",
      "gpu_memory_sha256": "05b0c9d2dfa3f56e75692d8063063dc543bdf95fe5875177535e402334469495",
      "measurement_count": 1,
      "measurements_path": "custom/measurements.json",
      "measurements_sha256": "5e355cd6a1557bb7e1b96f82115d1afadc2a8eaf655ce100c5dcbadfb40147f6",
      "method": "lbfgs",
      "provider": "custom",
      "requested_device": "gpu",
      "runtime_environment": {
        "JAX_ENABLE_X64": "true",
        "JAX_PLATFORMS": "cuda",
        "SIMSOPT_BACKEND_MODE": "jax_gpu_fast",
        "SIMSOPT_BACKEND_STRICT": "1",
        "SIMSOPT_PRECISION": "fp64",
        "XLA_PYTHON_CLIENT_ALLOCATOR": "platform",
        "XLA_PYTHON_CLIENT_MEM_FRACTION": null,
        "XLA_PYTHON_CLIENT_PREALLOCATE": "false"
      }
    }
  ],
  "python_version": "3.11.15",
  "requested_device": "gpu",
  "runtime_environment": {
    "JAX_ENABLE_X64": "true",
    "JAX_PLATFORMS": "cuda",
    "SIMSOPT_BACKEND_MODE": "jax_gpu_fast",
    "SIMSOPT_BACKEND_STRICT": "1",
    "SIMSOPT_PRECISION": "fp64",
    "XLA_PYTHON_CLIENT_ALLOCATOR": "platform",
    "XLA_PYTHON_CLIENT_MEM_FRACTION": null,
    "XLA_PYTHON_CLIENT_PREALLOCATE": "false"
  },
  "schema_version": 9,
  "scipy_version": "1.17.1"
}
