{
  "argv": [
    "benchmarks/custom_quasi_newton_runtime.py",
    "--device",
    "gpu",
    "--intent",
    "fast",
    "--providers",
    "custom,optax",
    "--cases",
    "coil47",
    "--method",
    "lbfgs",
    "--maxiter",
    "20",
    "--output",
    "/mnt/homes_global/jdsuh/qn-a100/artifacts/coil47-a100-quiet3-63638856f/round-4"
  ],
  "backend": "gpu",
  "device_identity": {
    "backend": "gpu",
    "compute_capability": "8.0",
    "cuda_version": "PJRT C API\ncuda 12090",
    "device_id": 0,
    "device_kind": "NVIDIA A100-PCIE-40GB",
    "driver_version": "470.256.02",
    "gpu_model": "NVIDIA A100-PCIE-40GB",
    "gpu_uuid": "GPU-250014ca-8cb3-bdcd-ad1d-2f6f64529b8d",
    "hostname": "landau",
    "jax_device": "cuda:0",
    "platform": "gpu",
    "process_index": 0,
    "requested_device": "gpu",
    "scheduler_job_id": null,
    "total_memory_bytes": 42505076736,
    "visible_devices": "GPU-250014ca-8cb3-bdcd-ad1d-2f6f64529b8d"
  },
  "devices": [
    "cuda:0"
  ],
  "git_clean": true,
  "git_commit": "63638856f195166bbf8453ab52629e4bfdfc6898",
  "jax_version": "0.10.0",
  "jaxlib_version": "0.10.0",
  "measurements": [
    {
      "algorithm_memory_contract": null,
      "case": "coil47",
      "certificate": "source-owned VMEC-free coil physics; native/JAX objective parity",
      "cold_seconds": 36.45217470499847,
      "constraint_norm": null,
      "device": "gpu",
      "device_identity": {
        "backend": "gpu",
        "compute_capability": "8.0",
        "cuda_version": "PJRT C API\ncuda 12090",
        "device_id": 0,
        "device_kind": "NVIDIA A100-PCIE-40GB",
        "driver_version": "470.256.02",
        "gpu_model": "NVIDIA A100-PCIE-40GB",
        "gpu_uuid": "GPU-250014ca-8cb3-bdcd-ad1d-2f6f64529b8d",
        "hostname": "landau",
        "jax_device": "cuda:0",
        "platform": "gpu",
        "process_index": 0,
        "requested_device": "gpu",
        "scheduler_job_id": null,
        "total_memory_bytes": 42505076736,
        "visible_devices": "GPU-250014ca-8cb3-bdcd-ad1d-2f6f64529b8d"
      },
      "diagnostic_artifacts": {
        "memory_trace": "gpu_memory.json",
        "trial_trace": null
      },
      "dimension": 47,
      "endpoint_certificate": {
        "constraints_satisfied": true,
        "initial_stationary": false,
        "stopping_reason": "converged",
        "success": true,
        "terminal_stationary": true
      },
      "evaluations": 15,
      "final_gradient_inf_norm": 5.874341099003973e-10,
      "final_objective": 0.13786263284430203,
      "final_parameters": [
        1.0000024716256086,
        0.9999934701767142,
        0.9914891605908425,
        0.0038629140214101352,
        0.5948009008343282,
        0.007538972433228653,
        -7.722151423046425e-05,
        0.13050867046688672,
        -0.005155367969549787,
        0.07804915123490534,
        -0.001985022886180983,
        -0.00016328605277684822,
        -0.0048527727556650115,
        -0.6001677932857687,
        -0.003155575720079274,
        0.00010375571309409642,
        -0.0023658763660854907,
        0.9238719469458305,
        0.00032122026138940507,
        0.5543354270277174,
        -0.0008518331737641264,
        -3.2055239188081844e-06,
        0.382680318231501,
        -0.0007755046668863712,
        0.229613250438736,
        0.002056505300293647,
        -1.335666747610975e-06,
        9.891015161678956e-09,
        -0.5999998253231017,
        3.998163223466321e-09,
        3.7120387937194675e-06,
        -9.402164096049632e-09,
        0.7933721856173225,
        0.0009139061690895429,
        0.47577678144508584,
        -0.003927242533309404,
        -0.00017005376306115341,
        0.6088052746519287,
        -0.006376928166945917,
        0.36539865688425816,
        -0.0067345014680574205,
        6.0853045215582406e-05,
        0.004852784850371726,
        -0.6001674884651749,
        0.0031555959622228172,
        0.0001037358189930539,
        0.002365878120750311
      ],
      "first_execution_seconds": 0.05384378699818626,
      "fixture_build_peak_rss_kib": 1117904,
      "fixture_build_seconds": 4.681096472999343,
      "fixture_contract": {
        "certificate": "source-owned VMEC-free coil physics; native/JAX objective parity",
        "expected_initial_observables": {
          "gradient_inf_norm": 0.003746923674450162,
          "objective": 0.13792118300896355
        },
        "final_certificate_fields": {
          "evaluations": 15,
          "final_gradient_inf_norm": 5.874341099003973e-10,
          "final_objective": 0.13786263284430203,
          "final_parameters": [
            1.0000024716256086,
            0.9999934701767142,
            0.9914891605908425,
            0.0038629140214101352,
            0.5948009008343282,
            0.007538972433228653,
            -7.722151423046425e-05,
            0.13050867046688672,
            -0.005155367969549787,
            0.07804915123490534,
            -0.001985022886180983,
            -0.00016328605277684822,
            -0.0048527727556650115,
            -0.6001677932857687,
            -0.003155575720079274,
            0.00010375571309409642,
            -0.0023658763660854907,
            0.9238719469458305,
            0.00032122026138940507,
            0.5543354270277174,
            -0.0008518331737641264,
            -3.2055239188081844e-06,
            0.382680318231501,
            -0.0007755046668863712,
            0.229613250438736,
            0.002056505300293647,
            -1.335666747610975e-06,
            9.891015161678956e-09,
            -0.5999998253231017,
            3.998163223466321e-09,
            3.7120387937194675e-06,
            -9.402164096049632e-09,
            0.7933721856173225,
            0.0009139061690895429,
            0.47577678144508584,
            -0.003927242533309404,
            -0.00017005376306115341,
            0.6088052746519287,
            -0.006376928166945917,
            0.36539865688425816,
            -0.0067345014680574205,
            6.0853045215582406e-05,
            0.004852784850371726,
            -0.6001674884651749,
            0.0031555959622228172,
            0.0001037358189930539,
            0.002365878120750311
          ],
          "iterations": 12,
          "status": 0,
          "stopping_reason": "converged",
          "success": true
        },
        "fixture_metadata": {
          "current_value": 100000.0,
          "curve_count": 3,
          "curve_order": 2,
          "curve_quadpoints": 16,
          "dtype": "float64",
          "fixed_current_index": 0,
          "native_objective_provider": "simsopt.field.BiotSavart + simsopt.objectives.SquaredFlux",
          "objective_definition": "quadratic flux",
          "seed": 0,
          "source_example": "examples/jax/3_Advanced/single_stage_optimization.py",
          "surface_kind": "analytic_surface_rz_fourier",
          "surface_mpol": 1,
          "surface_nfp": 4,
          "surface_ntor": 1,
          "surface_quadpoints": 8,
          "target_max": 0.2,
          "target_min": 0.1
        },
        "generator_path": "benchmarks/fixtures/custom_quasi_newton.py",
        "generator_sha256": "7b8e1543265f8db62a627e5292762b6464a8b6960187857022fc08c6a9785ff2",
        "initial_parameters": [
          1.0,
          1.0,
          0.9914448613738104,
          0.0,
          0.5948669168242862,
          0.0,
          0.0,
          0.13052619222005157,
          0.0,
          0.07831571533203094,
          0.0,
          0.0,
          0.0,
          -0.6,
          0.0,
          0.0,
          0.0,
          0.9238795325112867,
          0.0,
          0.5543277195067721,
          0.0,
          0.0,
          0.3826834323650898,
          0.0,
          0.22961005941905385,
          0.0,
          0.0,
          0.0,
          -0.6,
          0.0,
          0.0,
          0.0,
          0.7933533402912352,
          0.0,
          0.4760120041747411,
          0.0,
          0.0,
          0.6087614290087207,
          0.0,
          0.3652568574052324,
          0.0,
          0.0,
          0.0,
          -0.6,
          0.0,
          0.0,
          0.0
        ],
        "solver_options": {
          "device": "gpu",
          "ftol": 0.0,
          "gtol": 1e-10,
          "intent": "fast",
          "maxcor": 10,
          "maxfun": null,
          "maxiter": 20,
          "maxls": 20,
          "method": "lbfgs"
        },
        "source_path": "examples/jax/3_Advanced/single_stage_optimization.py",
        "source_sha256": "00f2f9b45a2a1c5fc7136952818e19d649f20e141d4e626ed9a8c18e8114287e",
        "tolerances": {
          "gradient_inf_norm_abs": 1e-08,
          "objective_abs": 1e-12,
          "objective_rel": 1e-10,
          "parameters_abs": 1e-10
        }
      },
      "fixture_metadata": [
        [
          "source_example",
          "examples/jax/3_Advanced/single_stage_optimization.py"
        ],
        [
          "surface_kind",
          "analytic_surface_rz_fourier"
        ],
        [
          "surface_nfp",
          4
        ],
        [
          "surface_mpol",
          1
        ],
        [
          "surface_ntor",
          1
        ],
        [
          "surface_quadpoints",
          8
        ],
        [
          "curve_count",
          3
        ],
        [
          "curve_order",
          2
        ],
        [
          "curve_quadpoints",
          16
        ],
        [
          "current_value",
          100000.0
        ],
        [
          "fixed_current_index",
          0
        ],
        [
          "objective_definition",
          "quadratic flux"
        ],
        [
          "native_objective_provider",
          "simsopt.field.BiotSavart + simsopt.objectives.SquaredFlux"
        ],
        [
          "target_min",
          0.1
        ],
        [
          "target_max",
          0.2
        ],
        [
          "dtype",
          "float64"
        ],
        [
          "seed",
          0
        ]
      ],
      "initial_gradient_inf_norm": 0.003746923674450162,
      "initial_objective": 0.13792118300896355,
      "initial_parameters": [
        1.0,
        1.0,
        0.9914448613738104,
        0.0,
        0.5948669168242862,
        0.0,
        0.0,
        0.13052619222005157,
        0.0,
        0.07831571533203094,
        0.0,
        0.0,
        0.0,
        -0.6,
        0.0,
        0.0,
        0.0,
        0.9238795325112867,
        0.0,
        0.5543277195067721,
        0.0,
        0.0,
        0.3826834323650898,
        0.0,
        0.22961005941905385,
        0.0,
        0.0,
        0.0,
        -0.6,
        0.0,
        0.0,
        0.0,
        0.7933533402912352,
        0.0,
        0.4760120041747411,
        0.0,
        0.0,
        0.6087614290087207,
        0.0,
        0.3652568574052324,
        0.0,
        0.0,
        0.0,
        -0.6,
        0.0,
        0.0,
        0.0
      ],
      "inner_success": true,
      "intent": "fast",
      "iterations": 12,
      "maxcor": 10,
      "maxiter": 20,
      "method": "lbfgs",
      "observables_finite": true,
      "parameters_finite": true,
      "peak_rss_kib": 2329148,
      "peak_rss_scope": "self_proc_status_phase_max",
      "peak_vram_mib": 478,
      "phase_rss": [
        {
          "end_rss_kib": 1117900,
          "peak_rss_kib": 1117900,
          "phase": "fixture_build",
          "sample_count": 399,
          "scope": "self_proc_status_poll_10ms",
          "start_rss_kib": 670984
        },
        {
          "end_rss_kib": 2319292,
          "peak_rss_kib": 2329148,
          "phase": "preparation",
          "sample_count": 3235,
          "scope": "self_proc_status_poll_10ms",
          "start_rss_kib": 1327444
        },
        {
          "end_rss_kib": 2319600,
          "peak_rss_kib": 2319600,
          "phase": "cold_solver",
          "sample_count": 7,
          "scope": "self_proc_status_poll_10ms",
          "start_rss_kib": 2319292
        },
        {
          "end_rss_kib": 2319600,
          "peak_rss_kib": 2319600,
          "phase": "warm_solver",
          "sample_count": 4,
          "scope": "self_proc_status_poll_10ms",
          "start_rss_kib": 2319600
        }
      ],
      "preparation_seconds": 36.39833091800028,
      "process_pid": 129601,
      "provider": "custom",
      "ru_maxrss_kib": 2329676,
      "scientific_certification_seconds": 1.0570001904852688e-05,
      "scientific_observables": {},
      "solver_peak_rss_delta_kib": 1001704,
      "solver_peak_rss_kib": 2329148,
      "solver_route": "fused_stepwise",
      "solver_start_rss_kib": 1327444,
      "status": 0,
      "stopping_reason": "converged",
      "success": true,
      "warm_seconds": 0.026598763000947656,
      "warm_transfer_audit": [
        {
          "bytes": 8700,
          "calls": 15,
          "leaves": 15,
          "phase": "final_result"
        }
      ],
      "work_counters": {
        "accepted_iterations": 12,
        "advance_observations": 0,
        "objective_evaluations": 15,
        "transfer_bytes": 8700,
        "transfer_calls": 15,
        "transfer_leaves": 15
      }
    },
    {
      "algorithm_memory_contract": null,
      "case": "coil47",
      "certificate": "source-owned VMEC-free coil physics; native/JAX objective parity",
      "cold_seconds": 8.272782143998484,
      "constraint_norm": null,
      "device": "gpu",
      "device_identity": {
        "backend": "gpu",
        "compute_capability": "8.0",
        "cuda_version": "PJRT C API\ncuda 12090",
        "device_id": 0,
        "device_kind": "NVIDIA A100-PCIE-40GB",
        "driver_version": "470.256.02",
        "gpu_model": "NVIDIA A100-PCIE-40GB",
        "gpu_uuid": "GPU-250014ca-8cb3-bdcd-ad1d-2f6f64529b8d",
        "hostname": "landau",
        "jax_device": "cuda:0",
        "platform": "gpu",
        "process_index": 0,
        "requested_device": "gpu",
        "scheduler_job_id": null,
        "total_memory_bytes": 42505076736,
        "visible_devices": "GPU-250014ca-8cb3-bdcd-ad1d-2f6f64529b8d"
      },
      "diagnostic_artifacts": {
        "memory_trace": "gpu_memory.json",
        "trial_trace": null
      },
      "dimension": 47,
      "endpoint_certificate": {
        "constraints_satisfied": true,
        "initial_stationary": false,
        "stopping_reason": "converged",
        "success": true,
        "terminal_stationary": true
      },
      "evaluations": null,
      "final_gradient_inf_norm": 1.8156808521962997e-11,
      "final_objective": 0.137862632844302,
      "final_parameters": [
        1.000001384625478,
        1.000026191792323,
        0.9914342927502303,
        0.0038577816301247616,
        0.5947624824555506,
        0.0075307022427251085,
        -7.780145027153815e-05,
        0.1303766403106393,
        -0.0051487274890409844,
        0.07799572250295501,
        -0.001978188490117327,
        -0.00014920135176167768,
        -0.004848428445783746,
        -0.6000609290271183,
        -0.003151800785006976,
        0.00015749360481712846,
        -0.002362153726698337,
        0.923875839498401,
        0.00032096195423062733,
        0.5543318992743559,
        -0.0008504193116476899,
        -2.8922185670935172e-06,
        0.3826819839765156,
        -0.000774907570939771,
        0.22961174186701816,
        0.0020533122575119344,
        -1.202632430161192e-06,
        -2.3478796895002338e-08,
        -0.5999991523387483,
        1.4068076423388064e-08,
        -1.0164748548862822e-07,
        -6.04524272153781e-08,
        0.793240111851226,
        0.0009128067508911104,
        0.47571177335678777,
        -0.003926186634944384,
        -0.00016042063849051744,
        0.608859879127489,
        -0.006368435068402403,
        0.3654091237030708,
        -0.006723611570918069,
        5.038223775701359e-05,
        0.004848293912716697,
        -0.6000608913317171,
        0.0031517461693203195,
        0.0001574436963645906,
        0.00236214383390084
      ],
      "first_execution_seconds": 0.6096072680011275,
      "fixture_build_peak_rss_kib": 1121792,
      "fixture_build_seconds": 4.488797071997396,
      "fixture_contract": {
        "certificate": "source-owned VMEC-free coil physics; native/JAX objective parity",
        "expected_initial_observables": {
          "gradient_inf_norm": 0.003746923674450162,
          "objective": 0.13792118300896355
        },
        "final_certificate_fields": {
          "evaluations": null,
          "final_gradient_inf_norm": 1.8156808521962997e-11,
          "final_objective": 0.137862632844302,
          "final_parameters": [
            1.000001384625478,
            1.000026191792323,
            0.9914342927502303,
            0.0038577816301247616,
            0.5947624824555506,
            0.0075307022427251085,
            -7.780145027153815e-05,
            0.1303766403106393,
            -0.0051487274890409844,
            0.07799572250295501,
            -0.001978188490117327,
            -0.00014920135176167768,
            -0.004848428445783746,
            -0.6000609290271183,
            -0.003151800785006976,
            0.00015749360481712846,
            -0.002362153726698337,
            0.923875839498401,
            0.00032096195423062733,
            0.5543318992743559,
            -0.0008504193116476899,
            -2.8922185670935172e-06,
            0.3826819839765156,
            -0.000774907570939771,
            0.22961174186701816,
            0.0020533122575119344,
            -1.202632430161192e-06,
            -2.3478796895002338e-08,
            -0.5999991523387483,
            1.4068076423388064e-08,
            -1.0164748548862822e-07,
            -6.04524272153781e-08,
            0.793240111851226,
            0.0009128067508911104,
            0.47571177335678777,
            -0.003926186634944384,
            -0.00016042063849051744,
            0.608859879127489,
            -0.006368435068402403,
            0.3654091237030708,
            -0.006723611570918069,
            5.038223775701359e-05,
            0.004848293912716697,
            -0.6000608913317171,
            0.0031517461693203195,
            0.0001574436963645906,
            0.00236214383390084
          ],
          "iterations": 15,
          "status": 0,
          "stopping_reason": "converged",
          "success": true
        },
        "fixture_metadata": {
          "current_value": 100000.0,
          "curve_count": 3,
          "curve_order": 2,
          "curve_quadpoints": 16,
          "dtype": "float64",
          "fixed_current_index": 0,
          "native_objective_provider": "simsopt.field.BiotSavart + simsopt.objectives.SquaredFlux",
          "objective_definition": "quadratic flux",
          "seed": 0,
          "source_example": "examples/jax/3_Advanced/single_stage_optimization.py",
          "surface_kind": "analytic_surface_rz_fourier",
          "surface_mpol": 1,
          "surface_nfp": 4,
          "surface_ntor": 1,
          "surface_quadpoints": 8,
          "target_max": 0.2,
          "target_min": 0.1
        },
        "generator_path": "benchmarks/fixtures/custom_quasi_newton.py",
        "generator_sha256": "7b8e1543265f8db62a627e5292762b6464a8b6960187857022fc08c6a9785ff2",
        "initial_parameters": [
          1.0,
          1.0,
          0.9914448613738104,
          0.0,
          0.5948669168242862,
          0.0,
          0.0,
          0.13052619222005157,
          0.0,
          0.07831571533203094,
          0.0,
          0.0,
          0.0,
          -0.6,
          0.0,
          0.0,
          0.0,
          0.9238795325112867,
          0.0,
          0.5543277195067721,
          0.0,
          0.0,
          0.3826834323650898,
          0.0,
          0.22961005941905385,
          0.0,
          0.0,
          0.0,
          -0.6,
          0.0,
          0.0,
          0.0,
          0.7933533402912352,
          0.0,
          0.4760120041747411,
          0.0,
          0.0,
          0.6087614290087207,
          0.0,
          0.3652568574052324,
          0.0,
          0.0,
          0.0,
          -0.6,
          0.0,
          0.0,
          0.0
        ],
        "solver_options": {
          "device": "gpu",
          "ftol": 0.0,
          "gtol": 1e-10,
          "intent": "fast",
          "maxcor": 10,
          "maxfun": null,
          "maxiter": 20,
          "maxls": 20,
          "method": "lbfgs"
        },
        "source_path": "examples/jax/3_Advanced/single_stage_optimization.py",
        "source_sha256": "00f2f9b45a2a1c5fc7136952818e19d649f20e141d4e626ed9a8c18e8114287e",
        "tolerances": {
          "gradient_inf_norm_abs": 1e-08,
          "objective_abs": 1e-12,
          "objective_rel": 1e-10,
          "parameters_abs": 1e-10
        }
      },
      "fixture_metadata": [
        [
          "source_example",
          "examples/jax/3_Advanced/single_stage_optimization.py"
        ],
        [
          "surface_kind",
          "analytic_surface_rz_fourier"
        ],
        [
          "surface_nfp",
          4
        ],
        [
          "surface_mpol",
          1
        ],
        [
          "surface_ntor",
          1
        ],
        [
          "surface_quadpoints",
          8
        ],
        [
          "curve_count",
          3
        ],
        [
          "curve_order",
          2
        ],
        [
          "curve_quadpoints",
          16
        ],
        [
          "current_value",
          100000.0
        ],
        [
          "fixed_current_index",
          0
        ],
        [
          "objective_definition",
          "quadratic flux"
        ],
        [
          "native_objective_provider",
          "simsopt.field.BiotSavart + simsopt.objectives.SquaredFlux"
        ],
        [
          "target_min",
          0.1
        ],
        [
          "target_max",
          0.2
        ],
        [
          "dtype",
          "float64"
        ],
        [
          "seed",
          0
        ]
      ],
      "initial_gradient_inf_norm": 0.003746923674450162,
      "initial_objective": 0.13792118300896355,
      "initial_parameters": [
        1.0,
        1.0,
        0.9914448613738104,
        0.0,
        0.5948669168242862,
        0.0,
        0.0,
        0.13052619222005157,
        0.0,
        0.07831571533203094,
        0.0,
        0.0,
        0.0,
        -0.6,
        0.0,
        0.0,
        0.0,
        0.9238795325112867,
        0.0,
        0.5543277195067721,
        0.0,
        0.0,
        0.3826834323650898,
        0.0,
        0.22961005941905385,
        0.0,
        0.0,
        0.0,
        -0.6,
        0.0,
        0.0,
        0.0,
        0.7933533402912352,
        0.0,
        0.4760120041747411,
        0.0,
        0.0,
        0.6087614290087207,
        0.0,
        0.3652568574052324,
        0.0,
        0.0,
        0.0,
        -0.6,
        0.0,
        0.0,
        0.0
      ],
      "inner_success": true,
      "intent": "fast",
      "iterations": 15,
      "maxcor": 10,
      "maxiter": 20,
      "method": "lbfgs",
      "observables_finite": true,
      "parameters_finite": true,
      "peak_rss_kib": 1521380,
      "peak_rss_scope": "self_proc_status_phase_max",
      "peak_vram_mib": 480,
      "phase_rss": [
        {
          "end_rss_kib": 1121788,
          "peak_rss_kib": 1121788,
          "phase": "fixture_build",
          "sample_count": 379,
          "scope": "self_proc_status_poll_10ms",
          "start_rss_kib": 671656
        },
        {
          "end_rss_kib": 1520596,
          "peak_rss_kib": 1520612,
          "phase": "preparation",
          "sample_count": 681,
          "scope": "self_proc_status_poll_10ms",
          "start_rss_kib": 1334520
        },
        {
          "end_rss_kib": 1521156,
          "peak_rss_kib": 1521156,
          "phase": "cold_solver",
          "sample_count": 57,
          "scope": "self_proc_status_poll_10ms",
          "start_rss_kib": 1520596
        },
        {
          "end_rss_kib": 1521380,
          "peak_rss_kib": 1521380,
          "phase": "warm_solver",
          "sample_count": 8,
          "scope": "self_proc_status_poll_10ms",
          "start_rss_kib": 1521156
        }
      ],
      "preparation_seconds": 7.663174875997356,
      "process_pid": 130852,
      "provider": "optax",
      "ru_maxrss_kib": 1521384,
      "scientific_certification_seconds": 1.3339998986339197e-05,
      "scientific_observables": {},
      "solver_peak_rss_delta_kib": 186092,
      "solver_peak_rss_kib": 1521380,
      "solver_route": "optax_lbfgs",
      "solver_start_rss_kib": 1334520,
      "status": 0,
      "stopping_reason": "converged",
      "success": true,
      "warm_seconds": 0.07001633699837839,
      "warm_transfer_audit": [],
      "work_counters": {
        "accepted_iterations": 15,
        "advance_observations": 0,
        "objective_evaluations": null,
        "transfer_bytes": 0,
        "transfer_calls": 0,
        "transfer_leaves": 0
      }
    }
  ],
  "method": "lbfgs",
  "numpy_version": "2.4.6",
  "optax_version": "0.2.8",
  "orchestrator_git_clean": true,
  "provider_child": false,
  "provider_child_rss_limit_kib": 8388608,
  "provider_child_term_grace_seconds": 5,
  "provider_child_timeout_seconds": 120,
  "provider_children": [
    {
      "device_identity": {
        "backend": "gpu",
        "compute_capability": "8.0",
        "cuda_version": "PJRT C API\ncuda 12090",
        "device_id": 0,
        "device_kind": "NVIDIA A100-PCIE-40GB",
        "driver_version": "470.256.02",
        "gpu_model": "NVIDIA A100-PCIE-40GB",
        "gpu_uuid": "GPU-250014ca-8cb3-bdcd-ad1d-2f6f64529b8d",
        "hostname": "landau",
        "jax_device": "cuda:0",
        "platform": "gpu",
        "process_index": 0,
        "requested_device": "gpu",
        "scheduler_job_id": null,
        "total_memory_bytes": 42505076736,
        "visible_devices": "GPU-250014ca-8cb3-bdcd-ad1d-2f6f64529b8d"
      },
      "git_clean": true,
      "git_commit": "63638856f195166bbf8453ab52629e4bfdfc6898",
      "gpu_memory_path": "custom/gpu_memory.json",
      "gpu_memory_sha256": "f34a006118b3d9564df514b240d4f5b0e8865039232ada4cf5d6983cbc754112",
      "measurement_count": 1,
      "measurements_path": "custom/measurements.json",
      "measurements_sha256": "d9c910024e44de507e1e5a3029b1be534d87933403de1180b9b86b058817c2ae",
      "method": "lbfgs",
      "provider": "custom",
      "requested_device": "gpu",
      "runtime_environment": {
        "JAX_ENABLE_X64": "true",
        "JAX_PLATFORMS": "cuda",
        "SIMSOPT_BACKEND_MODE": "jax_gpu_fast",
        "SIMSOPT_BACKEND_STRICT": "1",
        "SIMSOPT_PRECISION": "fp64",
        "XLA_PYTHON_CLIENT_ALLOCATOR": "platform",
        "XLA_PYTHON_CLIENT_MEM_FRACTION": null,
        "XLA_PYTHON_CLIENT_PREALLOCATE": "false"
      }
    },
    {
      "device_identity": {
        "backend": "gpu",
        "compute_capability": "8.0",
        "cuda_version": "PJRT C API\ncuda 12090",
        "device_id": 0,
        "device_kind": "NVIDIA A100-PCIE-40GB",
        "driver_version": "470.256.02",
        "gpu_model": "NVIDIA A100-PCIE-40GB",
        "gpu_uuid": "GPU-250014ca-8cb3-bdcd-ad1d-2f6f64529b8d",
        "hostname": "landau",
        "jax_device": "cuda:0",
        "platform": "gpu",
        "process_index": 0,
        "requested_device": "gpu",
        "scheduler_job_id": null,
        "total_memory_bytes": 42505076736,
        "visible_devices": "GPU-250014ca-8cb3-bdcd-ad1d-2f6f64529b8d"
      },
      "git_clean": true,
      "git_commit": "63638856f195166bbf8453ab52629e4bfdfc6898",
      "gpu_memory_path": "optax/gpu_memory.json",
      "gpu_memory_sha256": "e3683592d863ae22f0a857702253b6d65f2d344d12d63627ba7a04540d689727",
      "measurement_count": 1,
      "measurements_path": "optax/measurements.json",
      "measurements_sha256": "00c7fbf349c4d52eb8850b89ab9aef7f7b54f580bee5112c86ff01021a655534",
      "method": "lbfgs",
      "provider": "optax",
      "requested_device": "gpu",
      "runtime_environment": {
        "JAX_ENABLE_X64": "true",
        "JAX_PLATFORMS": "cuda",
        "SIMSOPT_BACKEND_MODE": "jax_gpu_fast",
        "SIMSOPT_BACKEND_STRICT": "1",
        "SIMSOPT_PRECISION": "fp64",
        "XLA_PYTHON_CLIENT_ALLOCATOR": "platform",
        "XLA_PYTHON_CLIENT_MEM_FRACTION": null,
        "XLA_PYTHON_CLIENT_PREALLOCATE": "false"
      }
    }
  ],
  "python_version": "3.11.15",
  "requested_device": "gpu",
  "runtime_environment": {
    "JAX_ENABLE_X64": "true",
    "JAX_PLATFORMS": "cuda",
    "SIMSOPT_BACKEND_MODE": "jax_gpu_fast",
    "SIMSOPT_BACKEND_STRICT": "1",
    "SIMSOPT_PRECISION": "fp64",
    "XLA_PYTHON_CLIENT_ALLOCATOR": "platform",
    "XLA_PYTHON_CLIENT_MEM_FRACTION": null,
    "XLA_PYTHON_CLIENT_PREALLOCATE": "false"
  },
  "schema_version": 9,
  "scipy_version": "1.17.1"
}
