{
  "argv": [
    "benchmarks/custom_quasi_newton_runtime.py",
    "--device",
    "gpu",
    "--intent",
    "fast",
    "--providers",
    "optax,custom",
    "--cases",
    "coil47",
    "--method",
    "lbfgs",
    "--maxiter",
    "20",
    "--output",
    "/home/jungdaesuh/code/columbia/simsopt-pr-jax-port-squashed/.artifacts/custom-quasi-newton/final-359fd41fc-coil47-fused-optax-qualification-quiet/round-5"
  ],
  "backend": "gpu",
  "device_identity": {
    "backend": "gpu",
    "compute_capability": "12.0",
    "cuda_version": "PJRT C API\ncuda 12090",
    "device_id": 0,
    "device_kind": "NVIDIA GeForce RTX 5090",
    "driver_version": "595.84",
    "gpu_model": "NVIDIA GeForce RTX 5090",
    "gpu_uuid": "GPU-7951f78e-c05d-e01c-303f-d644f4341fe1",
    "hostname": "jungdaesuh-playstation",
    "jax_device": "cuda:0",
    "platform": "gpu",
    "process_index": 0,
    "requested_device": "gpu",
    "scheduler_job_id": null,
    "total_memory_bytes": 34190917632,
    "visible_devices": "GPU-7951f78e-c05d-e01c-303f-d644f4341fe1"
  },
  "devices": [
    "cuda:0"
  ],
  "git_clean": true,
  "git_commit": "359fd41fc4535c6ae68f9a94f3e69c2315f1c2f4",
  "jax_version": "0.10.0",
  "jaxlib_version": "0.10.0",
  "measurements": [
    {
      "algorithm_memory_contract": null,
      "case": "coil47",
      "certificate": "source-owned VMEC-free coil physics; native/JAX objective parity",
      "cold_seconds": 3.902219866984524,
      "constraint_norm": null,
      "device": "gpu",
      "device_identity": {
        "backend": "gpu",
        "compute_capability": "12.0",
        "cuda_version": "PJRT C API\ncuda 12090",
        "device_id": 0,
        "device_kind": "NVIDIA GeForce RTX 5090",
        "driver_version": "595.84",
        "gpu_model": "NVIDIA GeForce RTX 5090",
        "gpu_uuid": "GPU-7951f78e-c05d-e01c-303f-d644f4341fe1",
        "hostname": "jungdaesuh-playstation",
        "jax_device": "cuda:0",
        "platform": "gpu",
        "process_index": 0,
        "requested_device": "gpu",
        "scheduler_job_id": null,
        "total_memory_bytes": 34190917632,
        "visible_devices": "GPU-7951f78e-c05d-e01c-303f-d644f4341fe1"
      },
      "diagnostic_artifacts": {
        "memory_trace": "gpu_memory.json",
        "trial_trace": null
      },
      "dimension": 47,
      "endpoint_certificate": {
        "constraints_satisfied": true,
        "initial_stationary": false,
        "stopping_reason": "converged",
        "success": true,
        "terminal_stationary": true
      },
      "evaluations": null,
      "final_gradient_inf_norm": 1.815677567063717e-11,
      "final_objective": 0.137862632844302,
      "final_parameters": [
        1.0000013846254783,
        1.0000261917923263,
        0.9914342927502271,
        0.0038577816301245955,
        0.5947624824555489,
        0.007530702242724974,
        -7.780145027119678e-05,
        0.1303766403106361,
        -0.005148727489040845,
        0.07799572250295358,
        -0.001978188490117178,
        -0.00014920135176134402,
        -0.004848428445783533,
        -0.6000609290271193,
        -0.0031518007850068184,
        0.00015749360481942553,
        -0.002362153726698269,
        0.9238758394984012,
        0.0003209619542306799,
        0.554331899274356,
        -0.0008504193116475432,
        -2.892218566826429e-06,
        0.3826819839765155,
        -0.0007749075709398088,
        0.22961174186701816,
        0.0020533122575119205,
        -1.2026324302403162e-06,
        -2.3478797140821014e-08,
        -0.5999991523387483,
        1.4068076466103017e-08,
        -1.016474851839724e-07,
        -6.045242721853089e-08,
        0.793240111851222,
        0.0009128067508909926,
        0.4757117733567848,
        -0.0039261866349444546,
        -0.00016042063849047958,
        0.6088598791274896,
        -0.006368435068402238,
        0.36540912370307077,
        -0.0067236115709177185,
        5.038223775679615e-05,
        0.004848293912716393,
        -0.6000608913317171,
        0.003151746169320261,
        0.00015744369636711008,
        0.0023621438339008023
      ],
      "first_execution_seconds": 0.2545534659875557,
      "fixture_build_peak_rss_kib": 1237456,
      "fixture_build_seconds": 2.2079357020556927,
      "fixture_contract": {
        "certificate": "source-owned VMEC-free coil physics; native/JAX objective parity",
        "expected_initial_observables": {
          "gradient_inf_norm": 0.0037469236744501573,
          "objective": 0.13792118300896355
        },
        "final_certificate_fields": {
          "evaluations": null,
          "final_gradient_inf_norm": 1.815677567063717e-11,
          "final_objective": 0.137862632844302,
          "final_parameters": [
            1.0000013846254783,
            1.0000261917923263,
            0.9914342927502271,
            0.0038577816301245955,
            0.5947624824555489,
            0.007530702242724974,
            -7.780145027119678e-05,
            0.1303766403106361,
            -0.005148727489040845,
            0.07799572250295358,
            -0.001978188490117178,
            -0.00014920135176134402,
            -0.004848428445783533,
            -0.6000609290271193,
            -0.0031518007850068184,
            0.00015749360481942553,
            -0.002362153726698269,
            0.9238758394984012,
            0.0003209619542306799,
            0.554331899274356,
            -0.0008504193116475432,
            -2.892218566826429e-06,
            0.3826819839765155,
            -0.0007749075709398088,
            0.22961174186701816,
            0.0020533122575119205,
            -1.2026324302403162e-06,
            -2.3478797140821014e-08,
            -0.5999991523387483,
            1.4068076466103017e-08,
            -1.016474851839724e-07,
            -6.045242721853089e-08,
            0.793240111851222,
            0.0009128067508909926,
            0.4757117733567848,
            -0.0039261866349444546,
            -0.00016042063849047958,
            0.6088598791274896,
            -0.006368435068402238,
            0.36540912370307077,
            -0.0067236115709177185,
            5.038223775679615e-05,
            0.004848293912716393,
            -0.6000608913317171,
            0.003151746169320261,
            0.00015744369636711008,
            0.0023621438339008023
          ],
          "iterations": 15,
          "status": 0,
          "stopping_reason": "converged",
          "success": true
        },
        "fixture_metadata": {
          "current_value": 100000.0,
          "curve_count": 3,
          "curve_order": 2,
          "curve_quadpoints": 16,
          "dtype": "float64",
          "fixed_current_index": 0,
          "native_objective_provider": "simsopt.field.BiotSavart + simsopt.objectives.SquaredFlux",
          "objective_definition": "quadratic flux",
          "seed": 0,
          "source_example": "examples/jax/3_Advanced/single_stage_optimization.py",
          "surface_kind": "analytic_surface_rz_fourier",
          "surface_mpol": 1,
          "surface_nfp": 4,
          "surface_ntor": 1,
          "surface_quadpoints": 8,
          "target_max": 0.2,
          "target_min": 0.1
        },
        "generator_path": "benchmarks/fixtures/custom_quasi_newton.py",
        "generator_sha256": "ad8f736212c80158dfd636d2c824d5606c3914f70e2f8db42f8a755eb2b6acdf",
        "initial_parameters": [
          1.0,
          1.0,
          0.9914448613738104,
          0.0,
          0.5948669168242862,
          0.0,
          0.0,
          0.13052619222005157,
          0.0,
          0.07831571533203094,
          0.0,
          0.0,
          0.0,
          -0.6,
          0.0,
          0.0,
          0.0,
          0.9238795325112867,
          0.0,
          0.5543277195067721,
          0.0,
          0.0,
          0.3826834323650898,
          0.0,
          0.22961005941905385,
          0.0,
          0.0,
          0.0,
          -0.6,
          0.0,
          0.0,
          0.0,
          0.7933533402912352,
          0.0,
          0.4760120041747411,
          0.0,
          0.0,
          0.6087614290087207,
          0.0,
          0.3652568574052324,
          0.0,
          0.0,
          0.0,
          -0.6,
          0.0,
          0.0,
          0.0
        ],
        "solver_options": {
          "device": "gpu",
          "ftol": 0.0,
          "gtol": 1e-10,
          "intent": "fast",
          "maxcor": 10,
          "maxfun": null,
          "maxiter": 20,
          "maxls": 20,
          "method": "lbfgs"
        },
        "source_path": "examples/jax/3_Advanced/single_stage_optimization.py",
        "source_sha256": "00f2f9b45a2a1c5fc7136952818e19d649f20e141d4e626ed9a8c18e8114287e",
        "tolerances": {
          "gradient_inf_norm_abs": 1e-08,
          "objective_abs": 1e-12,
          "objective_rel": 1e-10,
          "parameters_abs": 1e-10
        }
      },
      "fixture_metadata": [
        [
          "source_example",
          "examples/jax/3_Advanced/single_stage_optimization.py"
        ],
        [
          "surface_kind",
          "analytic_surface_rz_fourier"
        ],
        [
          "surface_nfp",
          4
        ],
        [
          "surface_mpol",
          1
        ],
        [
          "surface_ntor",
          1
        ],
        [
          "surface_quadpoints",
          8
        ],
        [
          "curve_count",
          3
        ],
        [
          "curve_order",
          2
        ],
        [
          "curve_quadpoints",
          16
        ],
        [
          "current_value",
          100000.0
        ],
        [
          "fixed_current_index",
          0
        ],
        [
          "objective_definition",
          "quadratic flux"
        ],
        [
          "native_objective_provider",
          "simsopt.field.BiotSavart + simsopt.objectives.SquaredFlux"
        ],
        [
          "target_min",
          0.1
        ],
        [
          "target_max",
          0.2
        ],
        [
          "dtype",
          "float64"
        ],
        [
          "seed",
          0
        ]
      ],
      "initial_gradient_inf_norm": 0.0037469236744501573,
      "initial_objective": 0.13792118300896355,
      "initial_parameters": [
        1.0,
        1.0,
        0.9914448613738104,
        0.0,
        0.5948669168242862,
        0.0,
        0.0,
        0.13052619222005157,
        0.0,
        0.07831571533203094,
        0.0,
        0.0,
        0.0,
        -0.6,
        0.0,
        0.0,
        0.0,
        0.9238795325112867,
        0.0,
        0.5543277195067721,
        0.0,
        0.0,
        0.3826834323650898,
        0.0,
        0.22961005941905385,
        0.0,
        0.0,
        0.0,
        -0.6,
        0.0,
        0.0,
        0.0,
        0.7933533402912352,
        0.0,
        0.4760120041747411,
        0.0,
        0.0,
        0.6087614290087207,
        0.0,
        0.3652568574052324,
        0.0,
        0.0,
        0.0,
        -0.6,
        0.0,
        0.0,
        0.0
      ],
      "inner_success": true,
      "intent": "fast",
      "iterations": 15,
      "maxcor": 10,
      "maxiter": 20,
      "method": "lbfgs",
      "observables_finite": true,
      "parameters_finite": true,
      "peak_rss_kib": 1634636,
      "peak_rss_scope": "self_proc_status_phase_max",
      "peak_vram_mib": 962,
      "phase_rss": [
        {
          "end_rss_kib": 1254356,
          "peak_rss_kib": 1254356,
          "phase": "fixture_build",
          "sample_count": 192,
          "scope": "self_proc_status_poll_10ms",
          "start_rss_kib": 680340
        },
        {
          "end_rss_kib": 1634524,
          "peak_rss_kib": 1634540,
          "phase": "preparation",
          "sample_count": 326,
          "scope": "self_proc_status_poll_10ms",
          "start_rss_kib": 1436780
        },
        {
          "end_rss_kib": 1634616,
          "peak_rss_kib": 1634620,
          "phase": "cold_solver",
          "sample_count": 27,
          "scope": "self_proc_status_poll_10ms",
          "start_rss_kib": 1634524
        },
        {
          "end_rss_kib": 1634632,
          "peak_rss_kib": 1634636,
          "phase": "warm_solver",
          "sample_count": 4,
          "scope": "self_proc_status_poll_10ms",
          "start_rss_kib": 1634616
        }
      ],
      "preparation_seconds": 3.647666400996968,
      "process_pid": 2849931,
      "provider": "optax",
      "ru_maxrss_kib": 1612996,
      "scientific_certification_seconds": 4.105968400835991e-06,
      "scientific_observables": {},
      "solver_peak_rss_delta_kib": 197760,
      "solver_peak_rss_kib": 1634636,
      "solver_route": "optax_lbfgs",
      "solver_start_rss_kib": 1436780,
      "status": 0,
      "stopping_reason": "converged",
      "success": true,
      "warm_seconds": 0.021198038011789322,
      "warm_transfer_audit": [],
      "work_counters": {
        "accepted_iterations": 15,
        "advance_observations": 0,
        "objective_evaluations": null,
        "transfer_bytes": 0,
        "transfer_calls": 0,
        "transfer_leaves": 0
      }
    },
    {
      "algorithm_memory_contract": null,
      "case": "coil47",
      "certificate": "source-owned VMEC-free coil physics; native/JAX objective parity",
      "cold_seconds": 13.545432921033353,
      "constraint_norm": null,
      "device": "gpu",
      "device_identity": {
        "backend": "gpu",
        "compute_capability": "12.0",
        "cuda_version": "PJRT C API\ncuda 12090",
        "device_id": 0,
        "device_kind": "NVIDIA GeForce RTX 5090",
        "driver_version": "595.84",
        "gpu_model": "NVIDIA GeForce RTX 5090",
        "gpu_uuid": "GPU-7951f78e-c05d-e01c-303f-d644f4341fe1",
        "hostname": "jungdaesuh-playstation",
        "jax_device": "cuda:0",
        "platform": "gpu",
        "process_index": 0,
        "requested_device": "gpu",
        "scheduler_job_id": null,
        "total_memory_bytes": 34190917632,
        "visible_devices": "GPU-7951f78e-c05d-e01c-303f-d644f4341fe1"
      },
      "diagnostic_artifacts": {
        "memory_trace": "gpu_memory.json",
        "trial_trace": null
      },
      "dimension": 47,
      "endpoint_certificate": {
        "constraints_satisfied": true,
        "initial_stationary": false,
        "stopping_reason": "converged",
        "success": true,
        "terminal_stationary": true
      },
      "evaluations": 15,
      "final_gradient_inf_norm": 5.874340861563698e-10,
      "final_objective": 0.13786263284430206,
      "final_parameters": [
        1.0000024716256082,
        0.9999934701767159,
        0.9914891605908392,
        0.003862914021410086,
        0.5948009008343262,
        0.007538972433228409,
        -7.722151423108118e-05,
        0.13050867046688452,
        -0.005155367969549553,
        0.07804915123490377,
        -0.001985022886180697,
        -0.00016328605277665556,
        -0.004852772755664898,
        -0.6001677932857673,
        -0.003155575720079236,
        0.00010375571309640031,
        -0.0023658763660852292,
        0.923871946945831,
        0.000321220261389326,
        0.5543354270277172,
        -0.0008518331737638959,
        -3.2055239186479313e-06,
        0.382680318231501,
        -0.0007755046668864764,
        0.22961325043873615,
        0.002056505300293351,
        -1.335666747632884e-06,
        9.89101495501844e-09,
        -0.5999998253231016,
        3.998163259934629e-09,
        3.71203879377953e-06,
        -9.402164056502181e-09,
        0.7933721856173188,
        0.000913906169089442,
        0.47577678144508345,
        -0.003927242533309417,
        -0.00017005376306151795,
        0.608805274651928,
        -0.006376928166945495,
        0.36539865688425777,
        -0.006734501468056875,
        6.085304521508762e-05,
        0.004852784850371894,
        -0.6001674884651736,
        0.0031555959622226633,
        0.00010373581899503751,
        0.0023658781207500103
      ],
      "first_execution_seconds": 0.023215268040075898,
      "fixture_build_peak_rss_kib": 1240980,
      "fixture_build_seconds": 2.2015734059968963,
      "fixture_contract": {
        "certificate": "source-owned VMEC-free coil physics; native/JAX objective parity",
        "expected_initial_observables": {
          "gradient_inf_norm": 0.0037469236744501573,
          "objective": 0.13792118300896355
        },
        "final_certificate_fields": {
          "evaluations": 15,
          "final_gradient_inf_norm": 5.874340861563698e-10,
          "final_objective": 0.13786263284430206,
          "final_parameters": [
            1.0000024716256082,
            0.9999934701767159,
            0.9914891605908392,
            0.003862914021410086,
            0.5948009008343262,
            0.007538972433228409,
            -7.722151423108118e-05,
            0.13050867046688452,
            -0.005155367969549553,
            0.07804915123490377,
            -0.001985022886180697,
            -0.00016328605277665556,
            -0.004852772755664898,
            -0.6001677932857673,
            -0.003155575720079236,
            0.00010375571309640031,
            -0.0023658763660852292,
            0.923871946945831,
            0.000321220261389326,
            0.5543354270277172,
            -0.0008518331737638959,
            -3.2055239186479313e-06,
            0.382680318231501,
            -0.0007755046668864764,
            0.22961325043873615,
            0.002056505300293351,
            -1.335666747632884e-06,
            9.89101495501844e-09,
            -0.5999998253231016,
            3.998163259934629e-09,
            3.71203879377953e-06,
            -9.402164056502181e-09,
            0.7933721856173188,
            0.000913906169089442,
            0.47577678144508345,
            -0.003927242533309417,
            -0.00017005376306151795,
            0.608805274651928,
            -0.006376928166945495,
            0.36539865688425777,
            -0.006734501468056875,
            6.085304521508762e-05,
            0.004852784850371894,
            -0.6001674884651736,
            0.0031555959622226633,
            0.00010373581899503751,
            0.0023658781207500103
          ],
          "iterations": 12,
          "status": 0,
          "stopping_reason": "converged",
          "success": true
        },
        "fixture_metadata": {
          "current_value": 100000.0,
          "curve_count": 3,
          "curve_order": 2,
          "curve_quadpoints": 16,
          "dtype": "float64",
          "fixed_current_index": 0,
          "native_objective_provider": "simsopt.field.BiotSavart + simsopt.objectives.SquaredFlux",
          "objective_definition": "quadratic flux",
          "seed": 0,
          "source_example": "examples/jax/3_Advanced/single_stage_optimization.py",
          "surface_kind": "analytic_surface_rz_fourier",
          "surface_mpol": 1,
          "surface_nfp": 4,
          "surface_ntor": 1,
          "surface_quadpoints": 8,
          "target_max": 0.2,
          "target_min": 0.1
        },
        "generator_path": "benchmarks/fixtures/custom_quasi_newton.py",
        "generator_sha256": "ad8f736212c80158dfd636d2c824d5606c3914f70e2f8db42f8a755eb2b6acdf",
        "initial_parameters": [
          1.0,
          1.0,
          0.9914448613738104,
          0.0,
          0.5948669168242862,
          0.0,
          0.0,
          0.13052619222005157,
          0.0,
          0.07831571533203094,
          0.0,
          0.0,
          0.0,
          -0.6,
          0.0,
          0.0,
          0.0,
          0.9238795325112867,
          0.0,
          0.5543277195067721,
          0.0,
          0.0,
          0.3826834323650898,
          0.0,
          0.22961005941905385,
          0.0,
          0.0,
          0.0,
          -0.6,
          0.0,
          0.0,
          0.0,
          0.7933533402912352,
          0.0,
          0.4760120041747411,
          0.0,
          0.0,
          0.6087614290087207,
          0.0,
          0.3652568574052324,
          0.0,
          0.0,
          0.0,
          -0.6,
          0.0,
          0.0,
          0.0
        ],
        "solver_options": {
          "device": "gpu",
          "ftol": 0.0,
          "gtol": 1e-10,
          "intent": "fast",
          "maxcor": 10,
          "maxfun": null,
          "maxiter": 20,
          "maxls": 20,
          "method": "lbfgs"
        },
        "source_path": "examples/jax/3_Advanced/single_stage_optimization.py",
        "source_sha256": "00f2f9b45a2a1c5fc7136952818e19d649f20e141d4e626ed9a8c18e8114287e",
        "tolerances": {
          "gradient_inf_norm_abs": 1e-08,
          "objective_abs": 1e-12,
          "objective_rel": 1e-10,
          "parameters_abs": 1e-10
        }
      },
      "fixture_metadata": [
        [
          "source_example",
          "examples/jax/3_Advanced/single_stage_optimization.py"
        ],
        [
          "surface_kind",
          "analytic_surface_rz_fourier"
        ],
        [
          "surface_nfp",
          4
        ],
        [
          "surface_mpol",
          1
        ],
        [
          "surface_ntor",
          1
        ],
        [
          "surface_quadpoints",
          8
        ],
        [
          "curve_count",
          3
        ],
        [
          "curve_order",
          2
        ],
        [
          "curve_quadpoints",
          16
        ],
        [
          "current_value",
          100000.0
        ],
        [
          "fixed_current_index",
          0
        ],
        [
          "objective_definition",
          "quadratic flux"
        ],
        [
          "native_objective_provider",
          "simsopt.field.BiotSavart + simsopt.objectives.SquaredFlux"
        ],
        [
          "target_min",
          0.1
        ],
        [
          "target_max",
          0.2
        ],
        [
          "dtype",
          "float64"
        ],
        [
          "seed",
          0
        ]
      ],
      "initial_gradient_inf_norm": 0.0037469236744501573,
      "initial_objective": 0.13792118300896355,
      "initial_parameters": [
        1.0,
        1.0,
        0.9914448613738104,
        0.0,
        0.5948669168242862,
        0.0,
        0.0,
        0.13052619222005157,
        0.0,
        0.07831571533203094,
        0.0,
        0.0,
        0.0,
        -0.6,
        0.0,
        0.0,
        0.0,
        0.9238795325112867,
        0.0,
        0.5543277195067721,
        0.0,
        0.0,
        0.3826834323650898,
        0.0,
        0.22961005941905385,
        0.0,
        0.0,
        0.0,
        -0.6,
        0.0,
        0.0,
        0.0,
        0.7933533402912352,
        0.0,
        0.4760120041747411,
        0.0,
        0.0,
        0.6087614290087207,
        0.0,
        0.3652568574052324,
        0.0,
        0.0,
        0.0,
        -0.6,
        0.0,
        0.0,
        0.0
      ],
      "inner_success": true,
      "intent": "fast",
      "iterations": 12,
      "maxcor": 10,
      "maxiter": 20,
      "method": "lbfgs",
      "observables_finite": true,
      "parameters_finite": true,
      "peak_rss_kib": 2033332,
      "peak_rss_scope": "self_proc_status_phase_max",
      "peak_vram_mib": 936,
      "phase_rss": [
        {
          "end_rss_kib": 1256516,
          "peak_rss_kib": 1256516,
          "phase": "fixture_build",
          "sample_count": 191,
          "scope": "self_proc_status_poll_10ms",
          "start_rss_kib": 680052
        },
        {
          "end_rss_kib": 2026880,
          "peak_rss_kib": 2033332,
          "phase": "preparation",
          "sample_count": 1175,
          "scope": "self_proc_status_poll_10ms",
          "start_rss_kib": 1433592
        },
        {
          "end_rss_kib": 2026956,
          "peak_rss_kib": 2026956,
          "phase": "cold_solver",
          "sample_count": 4,
          "scope": "self_proc_status_poll_10ms",
          "start_rss_kib": 2026880
        },
        {
          "end_rss_kib": 2026964,
          "peak_rss_kib": 2026964,
          "phase": "warm_solver",
          "sample_count": 3,
          "scope": "self_proc_status_poll_10ms",
          "start_rss_kib": 2026956
        }
      ],
      "preparation_seconds": 13.522217652993277,
      "process_pid": 2851476,
      "provider": "custom",
      "ru_maxrss_kib": 2013536,
      "scientific_certification_seconds": 3.936002030968666e-06,
      "scientific_observables": {},
      "solver_peak_rss_delta_kib": 599740,
      "solver_peak_rss_kib": 2033332,
      "solver_route": "fused_stepwise",
      "solver_start_rss_kib": 1433592,
      "status": 0,
      "stopping_reason": "converged",
      "success": true,
      "warm_seconds": 0.013016389915719628,
      "warm_transfer_audit": [
        {
          "bytes": 8700,
          "calls": 15,
          "leaves": 15,
          "phase": "final_result"
        }
      ],
      "work_counters": {
        "accepted_iterations": 12,
        "advance_observations": 0,
        "objective_evaluations": 15,
        "transfer_bytes": 8700,
        "transfer_calls": 15,
        "transfer_leaves": 15
      }
    }
  ],
  "method": "lbfgs",
  "numpy_version": "2.4.6",
  "optax_version": "0.2.8",
  "orchestrator_git_clean": true,
  "provider_child": false,
  "provider_child_rss_limit_kib": 8388608,
  "provider_child_term_grace_seconds": 5,
  "provider_child_timeout_seconds": 120,
  "provider_children": [
    {
      "device_identity": {
        "backend": "gpu",
        "compute_capability": "12.0",
        "cuda_version": "PJRT C API\ncuda 12090",
        "device_id": 0,
        "device_kind": "NVIDIA GeForce RTX 5090",
        "driver_version": "595.84",
        "gpu_model": "NVIDIA GeForce RTX 5090",
        "gpu_uuid": "GPU-7951f78e-c05d-e01c-303f-d644f4341fe1",
        "hostname": "jungdaesuh-playstation",
        "jax_device": "cuda:0",
        "platform": "gpu",
        "process_index": 0,
        "requested_device": "gpu",
        "scheduler_job_id": null,
        "total_memory_bytes": 34190917632,
        "visible_devices": "GPU-7951f78e-c05d-e01c-303f-d644f4341fe1"
      },
      "git_clean": true,
      "git_commit": "359fd41fc4535c6ae68f9a94f3e69c2315f1c2f4",
      "gpu_memory_path": "optax/gpu_memory.json",
      "gpu_memory_sha256": "78c837ddad70641477ec5633a20358e7b20175d8901b6fa6ee969b99a9567818",
      "measurement_count": 1,
      "measurements_path": "optax/measurements.json",
      "measurements_sha256": "6e317b748b265ac2528d30c140efaac58a3305b0e2cf139f38c9a9d433e72dcd",
      "method": "lbfgs",
      "provider": "optax",
      "requested_device": "gpu",
      "runtime_environment": {
        "JAX_ENABLE_X64": "true",
        "JAX_PLATFORMS": "cuda",
        "SIMSOPT_BACKEND_MODE": "jax_gpu_fast",
        "SIMSOPT_BACKEND_STRICT": "1",
        "SIMSOPT_PRECISION": "fp64",
        "XLA_PYTHON_CLIENT_ALLOCATOR": "platform",
        "XLA_PYTHON_CLIENT_MEM_FRACTION": null,
        "XLA_PYTHON_CLIENT_PREALLOCATE": "false"
      }
    },
    {
      "device_identity": {
        "backend": "gpu",
        "compute_capability": "12.0",
        "cuda_version": "PJRT C API\ncuda 12090",
        "device_id": 0,
        "device_kind": "NVIDIA GeForce RTX 5090",
        "driver_version": "595.84",
        "gpu_model": "NVIDIA GeForce RTX 5090",
        "gpu_uuid": "GPU-7951f78e-c05d-e01c-303f-d644f4341fe1",
        "hostname": "jungdaesuh-playstation",
        "jax_device": "cuda:0",
        "platform": "gpu",
        "process_index": 0,
        "requested_device": "gpu",
        "scheduler_job_id": null,
        "total_memory_bytes": 34190917632,
        "visible_devices": "GPU-7951f78e-c05d-e01c-303f-d644f4341fe1"
      },
      "git_clean": true,
      "git_commit": "359fd41fc4535c6ae68f9a94f3e69c2315f1c2f4",
      "gpu_memory_path": "custom/gpu_memory.json",
      "gpu_memory_sha256": "552b69cd26461b755bc7ae5cd8bc8c31d90b55b3f319ef9ca34ccafbce738c23",
      "measurement_count": 1,
      "measurements_path": "custom/measurements.json",
      "measurements_sha256": "1e7f41e0029ad62503454cd5b51b2ac03b794dbf8ece546740d194b9c1812d8f",
      "method": "lbfgs",
      "provider": "custom",
      "requested_device": "gpu",
      "runtime_environment": {
        "JAX_ENABLE_X64": "true",
        "JAX_PLATFORMS": "cuda",
        "SIMSOPT_BACKEND_MODE": "jax_gpu_fast",
        "SIMSOPT_BACKEND_STRICT": "1",
        "SIMSOPT_PRECISION": "fp64",
        "XLA_PYTHON_CLIENT_ALLOCATOR": "platform",
        "XLA_PYTHON_CLIENT_MEM_FRACTION": null,
        "XLA_PYTHON_CLIENT_PREALLOCATE": "false"
      }
    }
  ],
  "python_version": "3.11.15",
  "requested_device": "gpu",
  "runtime_environment": {
    "JAX_ENABLE_X64": "true",
    "JAX_PLATFORMS": "cuda",
    "SIMSOPT_BACKEND_MODE": "jax_gpu_fast",
    "SIMSOPT_BACKEND_STRICT": "1",
    "SIMSOPT_PRECISION": "fp64",
    "XLA_PYTHON_CLIENT_ALLOCATOR": "platform",
    "XLA_PYTHON_CLIENT_MEM_FRACTION": null,
    "XLA_PYTHON_CLIENT_PREALLOCATE": "false"
  },
  "schema_version": 9,
  "scipy_version": "1.17.1"
}
