{
  "argv": [
    "benchmarks/custom_quasi_newton_runtime.py",
    "--device",
    "gpu",
    "--intent",
    "fast",
    "--providers",
    "optax,custom",
    "--cases",
    "coil47",
    "--method",
    "lbfgs",
    "--maxiter",
    "20",
    "--output",
    "/home/jungdaesuh/code/columbia/simsopt-pr-jax-port-squashed/.artifacts/custom-quasi-newton/final-359fd41fc-coil47-fused-optax-qualification-contended/round-3"
  ],
  "backend": "gpu",
  "device_identity": {
    "backend": "gpu",
    "compute_capability": "12.0",
    "cuda_version": "PJRT C API\ncuda 12090",
    "device_id": 0,
    "device_kind": "NVIDIA GeForce RTX 5090",
    "driver_version": "595.84",
    "gpu_model": "NVIDIA GeForce RTX 5090",
    "gpu_uuid": "GPU-7951f78e-c05d-e01c-303f-d644f4341fe1",
    "hostname": "jungdaesuh-playstation",
    "jax_device": "cuda:0",
    "platform": "gpu",
    "process_index": 0,
    "requested_device": "gpu",
    "scheduler_job_id": null,
    "total_memory_bytes": 34190917632,
    "visible_devices": "GPU-7951f78e-c05d-e01c-303f-d644f4341fe1"
  },
  "devices": [
    "cuda:0"
  ],
  "git_clean": true,
  "git_commit": "359fd41fc4535c6ae68f9a94f3e69c2315f1c2f4",
  "jax_version": "0.10.0",
  "jaxlib_version": "0.10.0",
  "measurements": [
    {
      "algorithm_memory_contract": null,
      "case": "coil47",
      "certificate": "source-owned VMEC-free coil physics; native/JAX objective parity",
      "cold_seconds": 3.8624988780356944,
      "constraint_norm": null,
      "device": "gpu",
      "device_identity": {
        "backend": "gpu",
        "compute_capability": "12.0",
        "cuda_version": "PJRT C API\ncuda 12090",
        "device_id": 0,
        "device_kind": "NVIDIA GeForce RTX 5090",
        "driver_version": "595.84",
        "gpu_model": "NVIDIA GeForce RTX 5090",
        "gpu_uuid": "GPU-7951f78e-c05d-e01c-303f-d644f4341fe1",
        "hostname": "jungdaesuh-playstation",
        "jax_device": "cuda:0",
        "platform": "gpu",
        "process_index": 0,
        "requested_device": "gpu",
        "scheduler_job_id": null,
        "total_memory_bytes": 34190917632,
        "visible_devices": "GPU-7951f78e-c05d-e01c-303f-d644f4341fe1"
      },
      "diagnostic_artifacts": {
        "memory_trace": "gpu_memory.json",
        "trial_trace": null
      },
      "dimension": 47,
      "endpoint_certificate": {
        "constraints_satisfied": true,
        "initial_stationary": false,
        "stopping_reason": "converged",
        "success": true,
        "terminal_stationary": true
      },
      "evaluations": null,
      "final_gradient_inf_norm": 1.8156804727255393e-11,
      "final_objective": 0.13786263284430203,
      "final_parameters": [
        1.0000013846254776,
        1.0000261917923237,
        0.9914342927502299,
        0.0038577816301246883,
        0.5947624824555505,
        0.007530702242725229,
        -7.780145027117364e-05,
        0.1303766403106391,
        -0.00514872748904078,
        0.07799572250295489,
        -0.0019781884901173257,
        -0.00014920135176144642,
        -0.00484842844578386,
        -0.6000609290271195,
        -0.003151800785007038,
        0.00015749360481746941,
        -0.00236215372669836,
        0.9238758394984014,
        0.00032096195423071477,
        0.5543318992743559,
        -0.000850419311647761,
        -2.8922185670022634e-06,
        0.3826819839765156,
        -0.0007749075709397926,
        0.2296117418670183,
        0.0020533122575121195,
        -1.2026324300179582e-06,
        -2.347879705777699e-08,
        -0.5999991523387482,
        1.4068076366215663e-08,
        -1.0164748550686701e-07,
        -6.045242712648679e-08,
        0.7932401118512259,
        0.0009128067508910598,
        0.4757117733567878,
        -0.003926186634944478,
        -0.00016042063849061166,
        0.6088598791274891,
        -0.0063684350684024855,
        0.3654091237030707,
        -0.006723611570918069,
        5.0382237757095356e-05,
        0.004848293912716768,
        -0.6000608913317181,
        0.003151746169320434,
        0.00015744369636494726,
        0.0023621438339010504
      ],
      "first_execution_seconds": 0.26657542202156037,
      "fixture_build_peak_rss_kib": 1242756,
      "fixture_build_seconds": 2.2241909459698945,
      "fixture_contract": {
        "certificate": "source-owned VMEC-free coil physics; native/JAX objective parity",
        "expected_initial_observables": {
          "gradient_inf_norm": 0.003746923674450157,
          "objective": 0.13792118300896355
        },
        "final_certificate_fields": {
          "evaluations": null,
          "final_gradient_inf_norm": 1.8156804727255393e-11,
          "final_objective": 0.13786263284430203,
          "final_parameters": [
            1.0000013846254776,
            1.0000261917923237,
            0.9914342927502299,
            0.0038577816301246883,
            0.5947624824555505,
            0.007530702242725229,
            -7.780145027117364e-05,
            0.1303766403106391,
            -0.00514872748904078,
            0.07799572250295489,
            -0.0019781884901173257,
            -0.00014920135176144642,
            -0.00484842844578386,
            -0.6000609290271195,
            -0.003151800785007038,
            0.00015749360481746941,
            -0.00236215372669836,
            0.9238758394984014,
            0.00032096195423071477,
            0.5543318992743559,
            -0.000850419311647761,
            -2.8922185670022634e-06,
            0.3826819839765156,
            -0.0007749075709397926,
            0.2296117418670183,
            0.0020533122575121195,
            -1.2026324300179582e-06,
            -2.347879705777699e-08,
            -0.5999991523387482,
            1.4068076366215663e-08,
            -1.0164748550686701e-07,
            -6.045242712648679e-08,
            0.7932401118512259,
            0.0009128067508910598,
            0.4757117733567878,
            -0.003926186634944478,
            -0.00016042063849061166,
            0.6088598791274891,
            -0.0063684350684024855,
            0.3654091237030707,
            -0.006723611570918069,
            5.0382237757095356e-05,
            0.004848293912716768,
            -0.6000608913317181,
            0.003151746169320434,
            0.00015744369636494726,
            0.0023621438339010504
          ],
          "iterations": 15,
          "status": 0,
          "stopping_reason": "converged",
          "success": true
        },
        "fixture_metadata": {
          "current_value": 100000.0,
          "curve_count": 3,
          "curve_order": 2,
          "curve_quadpoints": 16,
          "dtype": "float64",
          "fixed_current_index": 0,
          "native_objective_provider": "simsopt.field.BiotSavart + simsopt.objectives.SquaredFlux",
          "objective_definition": "quadratic flux",
          "seed": 0,
          "source_example": "examples/jax/3_Advanced/single_stage_optimization.py",
          "surface_kind": "analytic_surface_rz_fourier",
          "surface_mpol": 1,
          "surface_nfp": 4,
          "surface_ntor": 1,
          "surface_quadpoints": 8,
          "target_max": 0.2,
          "target_min": 0.1
        },
        "generator_path": "benchmarks/fixtures/custom_quasi_newton.py",
        "generator_sha256": "ad8f736212c80158dfd636d2c824d5606c3914f70e2f8db42f8a755eb2b6acdf",
        "initial_parameters": [
          1.0,
          1.0,
          0.9914448613738104,
          0.0,
          0.5948669168242862,
          0.0,
          0.0,
          0.13052619222005157,
          0.0,
          0.07831571533203094,
          0.0,
          0.0,
          0.0,
          -0.6,
          0.0,
          0.0,
          0.0,
          0.9238795325112867,
          0.0,
          0.5543277195067721,
          0.0,
          0.0,
          0.3826834323650898,
          0.0,
          0.22961005941905385,
          0.0,
          0.0,
          0.0,
          -0.6,
          0.0,
          0.0,
          0.0,
          0.7933533402912352,
          0.0,
          0.4760120041747411,
          0.0,
          0.0,
          0.6087614290087207,
          0.0,
          0.3652568574052324,
          0.0,
          0.0,
          0.0,
          -0.6,
          0.0,
          0.0,
          0.0
        ],
        "solver_options": {
          "device": "gpu",
          "ftol": 0.0,
          "gtol": 1e-10,
          "intent": "fast",
          "maxcor": 10,
          "maxfun": null,
          "maxiter": 20,
          "maxls": 20,
          "method": "lbfgs"
        },
        "source_path": "examples/jax/3_Advanced/single_stage_optimization.py",
        "source_sha256": "00f2f9b45a2a1c5fc7136952818e19d649f20e141d4e626ed9a8c18e8114287e",
        "tolerances": {
          "gradient_inf_norm_abs": 1e-08,
          "objective_abs": 1e-12,
          "objective_rel": 1e-10,
          "parameters_abs": 1e-10
        }
      },
      "fixture_metadata": [
        [
          "source_example",
          "examples/jax/3_Advanced/single_stage_optimization.py"
        ],
        [
          "surface_kind",
          "analytic_surface_rz_fourier"
        ],
        [
          "surface_nfp",
          4
        ],
        [
          "surface_mpol",
          1
        ],
        [
          "surface_ntor",
          1
        ],
        [
          "surface_quadpoints",
          8
        ],
        [
          "curve_count",
          3
        ],
        [
          "curve_order",
          2
        ],
        [
          "curve_quadpoints",
          16
        ],
        [
          "current_value",
          100000.0
        ],
        [
          "fixed_current_index",
          0
        ],
        [
          "objective_definition",
          "quadratic flux"
        ],
        [
          "native_objective_provider",
          "simsopt.field.BiotSavart + simsopt.objectives.SquaredFlux"
        ],
        [
          "target_min",
          0.1
        ],
        [
          "target_max",
          0.2
        ],
        [
          "dtype",
          "float64"
        ],
        [
          "seed",
          0
        ]
      ],
      "initial_gradient_inf_norm": 0.003746923674450157,
      "initial_objective": 0.13792118300896355,
      "initial_parameters": [
        1.0,
        1.0,
        0.9914448613738104,
        0.0,
        0.5948669168242862,
        0.0,
        0.0,
        0.13052619222005157,
        0.0,
        0.07831571533203094,
        0.0,
        0.0,
        0.0,
        -0.6,
        0.0,
        0.0,
        0.0,
        0.9238795325112867,
        0.0,
        0.5543277195067721,
        0.0,
        0.0,
        0.3826834323650898,
        0.0,
        0.22961005941905385,
        0.0,
        0.0,
        0.0,
        -0.6,
        0.0,
        0.0,
        0.0,
        0.7933533402912352,
        0.0,
        0.4760120041747411,
        0.0,
        0.0,
        0.6087614290087207,
        0.0,
        0.3652568574052324,
        0.0,
        0.0,
        0.0,
        -0.6,
        0.0,
        0.0,
        0.0
      ],
      "inner_success": true,
      "intent": "fast",
      "iterations": 15,
      "maxcor": 10,
      "maxiter": 20,
      "method": "lbfgs",
      "observables_finite": true,
      "parameters_finite": true,
      "peak_rss_kib": 1631936,
      "peak_rss_scope": "self_proc_status_phase_max",
      "peak_vram_mib": 928,
      "phase_rss": [
        {
          "end_rss_kib": 1255296,
          "peak_rss_kib": 1255296,
          "phase": "fixture_build",
          "sample_count": 192,
          "scope": "self_proc_status_poll_10ms",
          "start_rss_kib": 679716
        },
        {
          "end_rss_kib": 1630968,
          "peak_rss_kib": 1631164,
          "phase": "preparation",
          "sample_count": 324,
          "scope": "self_proc_status_poll_10ms",
          "start_rss_kib": 1427836
        },
        {
          "end_rss_kib": 1631928,
          "peak_rss_kib": 1631932,
          "phase": "cold_solver",
          "sample_count": 27,
          "scope": "self_proc_status_poll_10ms",
          "start_rss_kib": 1630968
        },
        {
          "end_rss_kib": 1631932,
          "peak_rss_kib": 1631936,
          "phase": "warm_solver",
          "sample_count": 4,
          "scope": "self_proc_status_poll_10ms",
          "start_rss_kib": 1631928
        }
      ],
      "preparation_seconds": 3.595923456014134,
      "process_pid": 2815231,
      "provider": "optax",
      "ru_maxrss_kib": 1610968,
      "scientific_certification_seconds": 4.617031663656235e-06,
      "scientific_observables": {},
      "solver_peak_rss_delta_kib": 203328,
      "solver_peak_rss_kib": 1631936,
      "solver_route": "optax_lbfgs",
      "solver_start_rss_kib": 1427836,
      "status": 0,
      "stopping_reason": "converged",
      "success": true,
      "warm_seconds": 0.026760863955132663,
      "warm_transfer_audit": [],
      "work_counters": {
        "accepted_iterations": 15,
        "advance_observations": 0,
        "objective_evaluations": null,
        "transfer_bytes": 0,
        "transfer_calls": 0,
        "transfer_leaves": 0
      }
    },
    {
      "algorithm_memory_contract": null,
      "case": "coil47",
      "certificate": "source-owned VMEC-free coil physics; native/JAX objective parity",
      "cold_seconds": 13.427633111947216,
      "constraint_norm": null,
      "device": "gpu",
      "device_identity": {
        "backend": "gpu",
        "compute_capability": "12.0",
        "cuda_version": "PJRT C API\ncuda 12090",
        "device_id": 0,
        "device_kind": "NVIDIA GeForce RTX 5090",
        "driver_version": "595.84",
        "gpu_model": "NVIDIA GeForce RTX 5090",
        "gpu_uuid": "GPU-7951f78e-c05d-e01c-303f-d644f4341fe1",
        "hostname": "jungdaesuh-playstation",
        "jax_device": "cuda:0",
        "platform": "gpu",
        "process_index": 0,
        "requested_device": "gpu",
        "scheduler_job_id": null,
        "total_memory_bytes": 34190917632,
        "visible_devices": "GPU-7951f78e-c05d-e01c-303f-d644f4341fe1"
      },
      "diagnostic_artifacts": {
        "memory_trace": "gpu_memory.json",
        "trial_trace": null
      },
      "dimension": 47,
      "endpoint_certificate": {
        "constraints_satisfied": true,
        "initial_stationary": false,
        "stopping_reason": "converged",
        "success": true,
        "terminal_stationary": true
      },
      "evaluations": 15,
      "final_gradient_inf_norm": 5.874340878368831e-10,
      "final_objective": 0.13786263284430206,
      "final_parameters": [
        1.0000024716256088,
        0.9999934701767175,
        0.991489160590831,
        0.0038629140214098447,
        0.5948009008343212,
        0.007538972433227912,
        -7.72215142319597e-05,
        0.130508670466879,
        -0.005155367969548905,
        0.07804915123489997,
        -0.001985022886180033,
        -0.00016328605277610565,
        -0.00485277275566478,
        -0.6001677932857635,
        -0.0031555757200791034,
        0.0001037557131019914,
        -0.002365876366084891,
        0.923871946945831,
        0.0003212202613894076,
        0.5543354270277168,
        -0.0008518331737638605,
        -3.2055239183469072e-06,
        0.38268031823150067,
        -0.0007755046668864186,
        0.2296132504387358,
        0.0020565053002931507,
        -1.3356667475221811e-06,
        9.891014924866702e-09,
        -0.5999998253231018,
        3.9981630924138e-09,
        3.7120387937229056e-06,
        -9.402163976169201e-09,
        0.7933721856173084,
        0.0009139061690893967,
        0.47577678144507735,
        -0.00392724253330936,
        -0.0001700537630619613,
        0.6088052746519262,
        -0.006376928166945185,
        0.36539865688425727,
        -0.006734501468056094,
        6.085304521386543e-05,
        0.004852784850371405,
        -0.6001674884651691,
        0.003155595962222512,
        0.00010373581900062465,
        0.002365878120749709
      ],
      "first_execution_seconds": 0.0247804889222607,
      "fixture_build_peak_rss_kib": 1241508,
      "fixture_build_seconds": 2.188808834995143,
      "fixture_contract": {
        "certificate": "source-owned VMEC-free coil physics; native/JAX objective parity",
        "expected_initial_observables": {
          "gradient_inf_norm": 0.0037469236744501573,
          "objective": 0.13792118300896355
        },
        "final_certificate_fields": {
          "evaluations": 15,
          "final_gradient_inf_norm": 5.874340878368831e-10,
          "final_objective": 0.13786263284430206,
          "final_parameters": [
            1.0000024716256088,
            0.9999934701767175,
            0.991489160590831,
            0.0038629140214098447,
            0.5948009008343212,
            0.007538972433227912,
            -7.72215142319597e-05,
            0.130508670466879,
            -0.005155367969548905,
            0.07804915123489997,
            -0.001985022886180033,
            -0.00016328605277610565,
            -0.00485277275566478,
            -0.6001677932857635,
            -0.0031555757200791034,
            0.0001037557131019914,
            -0.002365876366084891,
            0.923871946945831,
            0.0003212202613894076,
            0.5543354270277168,
            -0.0008518331737638605,
            -3.2055239183469072e-06,
            0.38268031823150067,
            -0.0007755046668864186,
            0.2296132504387358,
            0.0020565053002931507,
            -1.3356667475221811e-06,
            9.891014924866702e-09,
            -0.5999998253231018,
            3.9981630924138e-09,
            3.7120387937229056e-06,
            -9.402163976169201e-09,
            0.7933721856173084,
            0.0009139061690893967,
            0.47577678144507735,
            -0.00392724253330936,
            -0.0001700537630619613,
            0.6088052746519262,
            -0.006376928166945185,
            0.36539865688425727,
            -0.006734501468056094,
            6.085304521386543e-05,
            0.004852784850371405,
            -0.6001674884651691,
            0.003155595962222512,
            0.00010373581900062465,
            0.002365878120749709
          ],
          "iterations": 12,
          "status": 0,
          "stopping_reason": "converged",
          "success": true
        },
        "fixture_metadata": {
          "current_value": 100000.0,
          "curve_count": 3,
          "curve_order": 2,
          "curve_quadpoints": 16,
          "dtype": "float64",
          "fixed_current_index": 0,
          "native_objective_provider": "simsopt.field.BiotSavart + simsopt.objectives.SquaredFlux",
          "objective_definition": "quadratic flux",
          "seed": 0,
          "source_example": "examples/jax/3_Advanced/single_stage_optimization.py",
          "surface_kind": "analytic_surface_rz_fourier",
          "surface_mpol": 1,
          "surface_nfp": 4,
          "surface_ntor": 1,
          "surface_quadpoints": 8,
          "target_max": 0.2,
          "target_min": 0.1
        },
        "generator_path": "benchmarks/fixtures/custom_quasi_newton.py",
        "generator_sha256": "ad8f736212c80158dfd636d2c824d5606c3914f70e2f8db42f8a755eb2b6acdf",
        "initial_parameters": [
          1.0,
          1.0,
          0.9914448613738104,
          0.0,
          0.5948669168242862,
          0.0,
          0.0,
          0.13052619222005157,
          0.0,
          0.07831571533203094,
          0.0,
          0.0,
          0.0,
          -0.6,
          0.0,
          0.0,
          0.0,
          0.9238795325112867,
          0.0,
          0.5543277195067721,
          0.0,
          0.0,
          0.3826834323650898,
          0.0,
          0.22961005941905385,
          0.0,
          0.0,
          0.0,
          -0.6,
          0.0,
          0.0,
          0.0,
          0.7933533402912352,
          0.0,
          0.4760120041747411,
          0.0,
          0.0,
          0.6087614290087207,
          0.0,
          0.3652568574052324,
          0.0,
          0.0,
          0.0,
          -0.6,
          0.0,
          0.0,
          0.0
        ],
        "solver_options": {
          "device": "gpu",
          "ftol": 0.0,
          "gtol": 1e-10,
          "intent": "fast",
          "maxcor": 10,
          "maxfun": null,
          "maxiter": 20,
          "maxls": 20,
          "method": "lbfgs"
        },
        "source_path": "examples/jax/3_Advanced/single_stage_optimization.py",
        "source_sha256": "00f2f9b45a2a1c5fc7136952818e19d649f20e141d4e626ed9a8c18e8114287e",
        "tolerances": {
          "gradient_inf_norm_abs": 1e-08,
          "objective_abs": 1e-12,
          "objective_rel": 1e-10,
          "parameters_abs": 1e-10
        }
      },
      "fixture_metadata": [
        [
          "source_example",
          "examples/jax/3_Advanced/single_stage_optimization.py"
        ],
        [
          "surface_kind",
          "analytic_surface_rz_fourier"
        ],
        [
          "surface_nfp",
          4
        ],
        [
          "surface_mpol",
          1
        ],
        [
          "surface_ntor",
          1
        ],
        [
          "surface_quadpoints",
          8
        ],
        [
          "curve_count",
          3
        ],
        [
          "curve_order",
          2
        ],
        [
          "curve_quadpoints",
          16
        ],
        [
          "current_value",
          100000.0
        ],
        [
          "fixed_current_index",
          0
        ],
        [
          "objective_definition",
          "quadratic flux"
        ],
        [
          "native_objective_provider",
          "simsopt.field.BiotSavart + simsopt.objectives.SquaredFlux"
        ],
        [
          "target_min",
          0.1
        ],
        [
          "target_max",
          0.2
        ],
        [
          "dtype",
          "float64"
        ],
        [
          "seed",
          0
        ]
      ],
      "initial_gradient_inf_norm": 0.0037469236744501573,
      "initial_objective": 0.13792118300896355,
      "initial_parameters": [
        1.0,
        1.0,
        0.9914448613738104,
        0.0,
        0.5948669168242862,
        0.0,
        0.0,
        0.13052619222005157,
        0.0,
        0.07831571533203094,
        0.0,
        0.0,
        0.0,
        -0.6,
        0.0,
        0.0,
        0.0,
        0.9238795325112867,
        0.0,
        0.5543277195067721,
        0.0,
        0.0,
        0.3826834323650898,
        0.0,
        0.22961005941905385,
        0.0,
        0.0,
        0.0,
        -0.6,
        0.0,
        0.0,
        0.0,
        0.7933533402912352,
        0.0,
        0.4760120041747411,
        0.0,
        0.0,
        0.6087614290087207,
        0.0,
        0.3652568574052324,
        0.0,
        0.0,
        0.0,
        -0.6,
        0.0,
        0.0,
        0.0
      ],
      "inner_success": true,
      "intent": "fast",
      "iterations": 12,
      "maxcor": 10,
      "maxiter": 20,
      "method": "lbfgs",
      "observables_finite": true,
      "parameters_finite": true,
      "peak_rss_kib": 2038852,
      "peak_rss_scope": "self_proc_status_phase_max",
      "peak_vram_mib": 970,
      "phase_rss": [
        {
          "end_rss_kib": 1256416,
          "peak_rss_kib": 1256416,
          "phase": "fixture_build",
          "sample_count": 190,
          "scope": "self_proc_status_poll_10ms",
          "start_rss_kib": 679852
        },
        {
          "end_rss_kib": 2031456,
          "peak_rss_kib": 2038852,
          "phase": "preparation",
          "sample_count": 1161,
          "scope": "self_proc_status_poll_10ms",
          "start_rss_kib": 1435016
        },
        {
          "end_rss_kib": 2031532,
          "peak_rss_kib": 2031532,
          "phase": "cold_solver",
          "sample_count": 4,
          "scope": "self_proc_status_poll_10ms",
          "start_rss_kib": 2031456
        },
        {
          "end_rss_kib": 2031536,
          "peak_rss_kib": 2031540,
          "phase": "warm_solver",
          "sample_count": 3,
          "scope": "self_proc_status_poll_10ms",
          "start_rss_kib": 2031532
        }
      ],
      "preparation_seconds": 13.402852623024955,
      "process_pid": 2816827,
      "provider": "custom",
      "ru_maxrss_kib": 2018328,
      "scientific_certification_seconds": 4.697008989751339e-06,
      "scientific_observables": {},
      "solver_peak_rss_delta_kib": 603836,
      "solver_peak_rss_kib": 2038852,
      "solver_route": "fused_stepwise",
      "solver_start_rss_kib": 1435016,
      "status": 0,
      "stopping_reason": "converged",
      "success": true,
      "warm_seconds": 0.01478084095288068,
      "warm_transfer_audit": [
        {
          "bytes": 8700,
          "calls": 15,
          "leaves": 15,
          "phase": "final_result"
        }
      ],
      "work_counters": {
        "accepted_iterations": 12,
        "advance_observations": 0,
        "objective_evaluations": 15,
        "transfer_bytes": 8700,
        "transfer_calls": 15,
        "transfer_leaves": 15
      }
    }
  ],
  "method": "lbfgs",
  "numpy_version": "2.4.6",
  "optax_version": "0.2.8",
  "orchestrator_git_clean": true,
  "provider_child": false,
  "provider_child_rss_limit_kib": 8388608,
  "provider_child_term_grace_seconds": 5,
  "provider_child_timeout_seconds": 120,
  "provider_children": [
    {
      "device_identity": {
        "backend": "gpu",
        "compute_capability": "12.0",
        "cuda_version": "PJRT C API\ncuda 12090",
        "device_id": 0,
        "device_kind": "NVIDIA GeForce RTX 5090",
        "driver_version": "595.84",
        "gpu_model": "NVIDIA GeForce RTX 5090",
        "gpu_uuid": "GPU-7951f78e-c05d-e01c-303f-d644f4341fe1",
        "hostname": "jungdaesuh-playstation",
        "jax_device": "cuda:0",
        "platform": "gpu",
        "process_index": 0,
        "requested_device": "gpu",
        "scheduler_job_id": null,
        "total_memory_bytes": 34190917632,
        "visible_devices": "GPU-7951f78e-c05d-e01c-303f-d644f4341fe1"
      },
      "git_clean": true,
      "git_commit": "359fd41fc4535c6ae68f9a94f3e69c2315f1c2f4",
      "gpu_memory_path": "optax/gpu_memory.json",
      "gpu_memory_sha256": "d351b392fd77196a3bd2dfe7f70fd2bf78b6048ca1b0e78f409d706926d942f5",
      "measurement_count": 1,
      "measurements_path": "optax/measurements.json",
      "measurements_sha256": "e240eda1667790b5588417ba1762bce39d0bbf9ee6c770cb945011471042974d",
      "method": "lbfgs",
      "provider": "optax",
      "requested_device": "gpu",
      "runtime_environment": {
        "JAX_ENABLE_X64": "true",
        "JAX_PLATFORMS": "cuda",
        "SIMSOPT_BACKEND_MODE": "jax_gpu_fast",
        "SIMSOPT_BACKEND_STRICT": "1",
        "SIMSOPT_PRECISION": "fp64",
        "XLA_PYTHON_CLIENT_ALLOCATOR": "platform",
        "XLA_PYTHON_CLIENT_MEM_FRACTION": null,
        "XLA_PYTHON_CLIENT_PREALLOCATE": "false"
      }
    },
    {
      "device_identity": {
        "backend": "gpu",
        "compute_capability": "12.0",
        "cuda_version": "PJRT C API\ncuda 12090",
        "device_id": 0,
        "device_kind": "NVIDIA GeForce RTX 5090",
        "driver_version": "595.84",
        "gpu_model": "NVIDIA GeForce RTX 5090",
        "gpu_uuid": "GPU-7951f78e-c05d-e01c-303f-d644f4341fe1",
        "hostname": "jungdaesuh-playstation",
        "jax_device": "cuda:0",
        "platform": "gpu",
        "process_index": 0,
        "requested_device": "gpu",
        "scheduler_job_id": null,
        "total_memory_bytes": 34190917632,
        "visible_devices": "GPU-7951f78e-c05d-e01c-303f-d644f4341fe1"
      },
      "git_clean": true,
      "git_commit": "359fd41fc4535c6ae68f9a94f3e69c2315f1c2f4",
      "gpu_memory_path": "custom/gpu_memory.json",
      "gpu_memory_sha256": "557f20827b9713ce30c9b656224caceb298e3e9b5bf95fd7e34f5569d8257b91",
      "measurement_count": 1,
      "measurements_path": "custom/measurements.json",
      "measurements_sha256": "86106b504b9d98b75d588ab23abe212f2eac40d31f8b7a4f6aacdad81de5278c",
      "method": "lbfgs",
      "provider": "custom",
      "requested_device": "gpu",
      "runtime_environment": {
        "JAX_ENABLE_X64": "true",
        "JAX_PLATFORMS": "cuda",
        "SIMSOPT_BACKEND_MODE": "jax_gpu_fast",
        "SIMSOPT_BACKEND_STRICT": "1",
        "SIMSOPT_PRECISION": "fp64",
        "XLA_PYTHON_CLIENT_ALLOCATOR": "platform",
        "XLA_PYTHON_CLIENT_MEM_FRACTION": null,
        "XLA_PYTHON_CLIENT_PREALLOCATE": "false"
      }
    }
  ],
  "python_version": "3.11.15",
  "requested_device": "gpu",
  "runtime_environment": {
    "JAX_ENABLE_X64": "true",
    "JAX_PLATFORMS": "cuda",
    "SIMSOPT_BACKEND_MODE": "jax_gpu_fast",
    "SIMSOPT_BACKEND_STRICT": "1",
    "SIMSOPT_PRECISION": "fp64",
    "XLA_PYTHON_CLIENT_ALLOCATOR": "platform",
    "XLA_PYTHON_CLIENT_MEM_FRACTION": null,
    "XLA_PYTHON_CLIENT_PREALLOCATE": "false"
  },
  "schema_version": 9,
  "scipy_version": "1.17.1"
}
