{
  "argv": [
    "benchmarks/custom_quasi_newton_runtime.py",
    "--device",
    "gpu",
    "--intent",
    "fast",
    "--providers",
    "optax,custom",
    "--cases",
    "coil47",
    "--method",
    "lbfgs",
    "--maxiter",
    "20",
    "--output",
    "/mnt/homes_global/jdsuh/qn-a100/artifacts/coil47-fused-optax-a100-qualification/round-1"
  ],
  "backend": "gpu",
  "device_identity": {
    "backend": "gpu",
    "compute_capability": "8.0",
    "cuda_version": "PJRT C API\ncuda 12090",
    "device_id": 0,
    "device_kind": "NVIDIA A100-PCIE-40GB",
    "driver_version": "470.256.02",
    "gpu_model": "NVIDIA A100-PCIE-40GB",
    "gpu_uuid": "GPU-250014ca-8cb3-bdcd-ad1d-2f6f64529b8d",
    "hostname": "landau",
    "jax_device": "cuda:0",
    "platform": "gpu",
    "process_index": 0,
    "requested_device": "gpu",
    "scheduler_job_id": null,
    "total_memory_bytes": 42505076736,
    "visible_devices": "GPU-250014ca-8cb3-bdcd-ad1d-2f6f64529b8d"
  },
  "devices": [
    "cuda:0"
  ],
  "git_clean": true,
  "git_commit": "55745feaf939bb5b0c40fa85493e72ec506ac41a",
  "jax_version": "0.10.0",
  "jaxlib_version": "0.10.0",
  "measurements": [
    {
      "algorithm_memory_contract": null,
      "case": "coil47",
      "certificate": "source-owned VMEC-free coil physics; native/JAX objective parity",
      "cold_seconds": 8.262871313000687,
      "constraint_norm": null,
      "device": "gpu",
      "device_identity": {
        "backend": "gpu",
        "compute_capability": "8.0",
        "cuda_version": "PJRT C API\ncuda 12090",
        "device_id": 0,
        "device_kind": "NVIDIA A100-PCIE-40GB",
        "driver_version": "470.256.02",
        "gpu_model": "NVIDIA A100-PCIE-40GB",
        "gpu_uuid": "GPU-250014ca-8cb3-bdcd-ad1d-2f6f64529b8d",
        "hostname": "landau",
        "jax_device": "cuda:0",
        "platform": "gpu",
        "process_index": 0,
        "requested_device": "gpu",
        "scheduler_job_id": null,
        "total_memory_bytes": 42505076736,
        "visible_devices": "GPU-250014ca-8cb3-bdcd-ad1d-2f6f64529b8d"
      },
      "diagnostic_artifacts": {
        "memory_trace": "gpu_memory.json",
        "trial_trace": null
      },
      "dimension": 47,
      "endpoint_certificate": {
        "constraints_satisfied": true,
        "initial_stationary": false,
        "stopping_reason": "converged",
        "success": true,
        "terminal_stationary": true
      },
      "evaluations": null,
      "final_gradient_inf_norm": 1.8156771875929567e-11,
      "final_objective": 0.137862632844302,
      "final_parameters": [
        1.0000013846254772,
        1.0000261917923239,
        0.9914342927502289,
        0.0038577816301247373,
        0.5947624824555502,
        0.007530702242724918,
        -7.780145027119965e-05,
        0.1303766403106382,
        -0.005148727489040745,
        0.07799572250295443,
        -0.001978188490117225,
        -0.00014920135176149096,
        -0.004848428445783812,
        -0.6000609290271184,
        -0.0031518007850069875,
        0.00015749360481807966,
        -0.0023621537266982355,
        0.9238758394984014,
        0.0003209619542306356,
        0.5543318992743561,
        -0.0008504193116476898,
        -2.8922185669864476e-06,
        0.3826819839765153,
        -0.0007749075709398604,
        0.2296117418670182,
        0.002053312257512129,
        -1.2026324301467189e-06,
        -2.347879704794013e-08,
        -0.5999991523387483,
        1.4068076489244019e-08,
        -1.0164748530315503e-07,
        -6.045242715516335e-08,
        0.7932401118512248,
        0.0009128067508909881,
        0.47571177335678627,
        -0.003926186634944508,
        -0.0001604206384905695,
        0.6088598791274894,
        -0.006368435068402485,
        0.3654091237030709,
        -0.006723611570918067,
        5.038223775676651e-05,
        0.004848293912716505,
        -0.6000608913317179,
        0.003151746169320402,
        0.00015744369636552986,
        0.0023621438339009367
      ],
      "first_execution_seconds": 0.5831433190005555,
      "fixture_build_peak_rss_kib": 1121600,
      "fixture_build_seconds": 4.405809275000138,
      "fixture_contract": {
        "certificate": "source-owned VMEC-free coil physics; native/JAX objective parity",
        "expected_initial_observables": {
          "gradient_inf_norm": 0.003746923674450162,
          "objective": 0.13792118300896355
        },
        "final_certificate_fields": {
          "evaluations": null,
          "final_gradient_inf_norm": 1.8156771875929567e-11,
          "final_objective": 0.137862632844302,
          "final_parameters": [
            1.0000013846254772,
            1.0000261917923239,
            0.9914342927502289,
            0.0038577816301247373,
            0.5947624824555502,
            0.007530702242724918,
            -7.780145027119965e-05,
            0.1303766403106382,
            -0.005148727489040745,
            0.07799572250295443,
            -0.001978188490117225,
            -0.00014920135176149096,
            -0.004848428445783812,
            -0.6000609290271184,
            -0.0031518007850069875,
            0.00015749360481807966,
            -0.0023621537266982355,
            0.9238758394984014,
            0.0003209619542306356,
            0.5543318992743561,
            -0.0008504193116476898,
            -2.8922185669864476e-06,
            0.3826819839765153,
            -0.0007749075709398604,
            0.2296117418670182,
            0.002053312257512129,
            -1.2026324301467189e-06,
            -2.347879704794013e-08,
            -0.5999991523387483,
            1.4068076489244019e-08,
            -1.0164748530315503e-07,
            -6.045242715516335e-08,
            0.7932401118512248,
            0.0009128067508909881,
            0.47571177335678627,
            -0.003926186634944508,
            -0.0001604206384905695,
            0.6088598791274894,
            -0.006368435068402485,
            0.3654091237030709,
            -0.006723611570918067,
            5.038223775676651e-05,
            0.004848293912716505,
            -0.6000608913317179,
            0.003151746169320402,
            0.00015744369636552986,
            0.0023621438339009367
          ],
          "iterations": 15,
          "status": 0,
          "stopping_reason": "converged",
          "success": true
        },
        "fixture_metadata": {
          "current_value": 100000.0,
          "curve_count": 3,
          "curve_order": 2,
          "curve_quadpoints": 16,
          "dtype": "float64",
          "fixed_current_index": 0,
          "native_objective_provider": "simsopt.field.BiotSavart + simsopt.objectives.SquaredFlux",
          "objective_definition": "quadratic flux",
          "seed": 0,
          "source_example": "examples/jax/3_Advanced/single_stage_optimization.py",
          "surface_kind": "analytic_surface_rz_fourier",
          "surface_mpol": 1,
          "surface_nfp": 4,
          "surface_ntor": 1,
          "surface_quadpoints": 8,
          "target_max": 0.2,
          "target_min": 0.1
        },
        "generator_path": "benchmarks/fixtures/custom_quasi_newton.py",
        "generator_sha256": "7b8e1543265f8db62a627e5292762b6464a8b6960187857022fc08c6a9785ff2",
        "initial_parameters": [
          1.0,
          1.0,
          0.9914448613738104,
          0.0,
          0.5948669168242862,
          0.0,
          0.0,
          0.13052619222005157,
          0.0,
          0.07831571533203094,
          0.0,
          0.0,
          0.0,
          -0.6,
          0.0,
          0.0,
          0.0,
          0.9238795325112867,
          0.0,
          0.5543277195067721,
          0.0,
          0.0,
          0.3826834323650898,
          0.0,
          0.22961005941905385,
          0.0,
          0.0,
          0.0,
          -0.6,
          0.0,
          0.0,
          0.0,
          0.7933533402912352,
          0.0,
          0.4760120041747411,
          0.0,
          0.0,
          0.6087614290087207,
          0.0,
          0.3652568574052324,
          0.0,
          0.0,
          0.0,
          -0.6,
          0.0,
          0.0,
          0.0
        ],
        "solver_options": {
          "device": "gpu",
          "ftol": 0.0,
          "gtol": 1e-10,
          "intent": "fast",
          "maxcor": 10,
          "maxfun": null,
          "maxiter": 20,
          "maxls": 20,
          "method": "lbfgs"
        },
        "source_path": "examples/jax/3_Advanced/single_stage_optimization.py",
        "source_sha256": "00f2f9b45a2a1c5fc7136952818e19d649f20e141d4e626ed9a8c18e8114287e",
        "tolerances": {
          "gradient_inf_norm_abs": 1e-08,
          "objective_abs": 1e-12,
          "objective_rel": 1e-10,
          "parameters_abs": 1e-10
        }
      },
      "fixture_metadata": [
        [
          "source_example",
          "examples/jax/3_Advanced/single_stage_optimization.py"
        ],
        [
          "surface_kind",
          "analytic_surface_rz_fourier"
        ],
        [
          "surface_nfp",
          4
        ],
        [
          "surface_mpol",
          1
        ],
        [
          "surface_ntor",
          1
        ],
        [
          "surface_quadpoints",
          8
        ],
        [
          "curve_count",
          3
        ],
        [
          "curve_order",
          2
        ],
        [
          "curve_quadpoints",
          16
        ],
        [
          "current_value",
          100000.0
        ],
        [
          "fixed_current_index",
          0
        ],
        [
          "objective_definition",
          "quadratic flux"
        ],
        [
          "native_objective_provider",
          "simsopt.field.BiotSavart + simsopt.objectives.SquaredFlux"
        ],
        [
          "target_min",
          0.1
        ],
        [
          "target_max",
          0.2
        ],
        [
          "dtype",
          "float64"
        ],
        [
          "seed",
          0
        ]
      ],
      "initial_gradient_inf_norm": 0.003746923674450162,
      "initial_objective": 0.13792118300896355,
      "initial_parameters": [
        1.0,
        1.0,
        0.9914448613738104,
        0.0,
        0.5948669168242862,
        0.0,
        0.0,
        0.13052619222005157,
        0.0,
        0.07831571533203094,
        0.0,
        0.0,
        0.0,
        -0.6,
        0.0,
        0.0,
        0.0,
        0.9238795325112867,
        0.0,
        0.5543277195067721,
        0.0,
        0.0,
        0.3826834323650898,
        0.0,
        0.22961005941905385,
        0.0,
        0.0,
        0.0,
        -0.6,
        0.0,
        0.0,
        0.0,
        0.7933533402912352,
        0.0,
        0.4760120041747411,
        0.0,
        0.0,
        0.6087614290087207,
        0.0,
        0.3652568574052324,
        0.0,
        0.0,
        0.0,
        -0.6,
        0.0,
        0.0,
        0.0
      ],
      "inner_success": true,
      "intent": "fast",
      "iterations": 15,
      "maxcor": 10,
      "maxiter": 20,
      "method": "lbfgs",
      "observables_finite": true,
      "parameters_finite": true,
      "peak_rss_kib": 1511012,
      "peak_rss_scope": "self_proc_status_phase_max",
      "peak_vram_mib": 472,
      "phase_rss": [
        {
          "end_rss_kib": 1121596,
          "peak_rss_kib": 1121596,
          "phase": "fixture_build",
          "sample_count": 375,
          "scope": "self_proc_status_poll_10ms",
          "start_rss_kib": 671276
        },
        {
          "end_rss_kib": 1510820,
          "peak_rss_kib": 1510820,
          "phase": "preparation",
          "sample_count": 681,
          "scope": "self_proc_status_poll_10ms",
          "start_rss_kib": 1317964
        },
        {
          "end_rss_kib": 1511012,
          "peak_rss_kib": 1511012,
          "phase": "cold_solver",
          "sample_count": 55,
          "scope": "self_proc_status_poll_10ms",
          "start_rss_kib": 1510820
        },
        {
          "end_rss_kib": 1511012,
          "peak_rss_kib": 1511012,
          "phase": "warm_solver",
          "sample_count": 8,
          "scope": "self_proc_status_poll_10ms",
          "start_rss_kib": 1511012
        }
      ],
      "preparation_seconds": 7.679727994000132,
      "process_pid": 16849,
      "provider": "optax",
      "ru_maxrss_kib": 1511012,
      "scientific_certification_seconds": 8.630000593257137e-06,
      "scientific_observables": {},
      "solver_peak_rss_delta_kib": 192856,
      "solver_peak_rss_kib": 1511012,
      "solver_route": "optax_lbfgs",
      "solver_start_rss_kib": 1317964,
      "status": 0,
      "stopping_reason": "converged",
      "success": true,
      "warm_seconds": 0.06928607999998349,
      "warm_transfer_audit": [],
      "work_counters": {
        "accepted_iterations": 15,
        "advance_observations": 0,
        "objective_evaluations": null,
        "transfer_bytes": 0,
        "transfer_calls": 0,
        "transfer_leaves": 0
      }
    },
    {
      "algorithm_memory_contract": null,
      "case": "coil47",
      "certificate": "source-owned VMEC-free coil physics; native/JAX objective parity",
      "cold_seconds": 30.981501061000017,
      "constraint_norm": null,
      "device": "gpu",
      "device_identity": {
        "backend": "gpu",
        "compute_capability": "8.0",
        "cuda_version": "PJRT C API\ncuda 12090",
        "device_id": 0,
        "device_kind": "NVIDIA A100-PCIE-40GB",
        "driver_version": "470.256.02",
        "gpu_model": "NVIDIA A100-PCIE-40GB",
        "gpu_uuid": "GPU-250014ca-8cb3-bdcd-ad1d-2f6f64529b8d",
        "hostname": "landau",
        "jax_device": "cuda:0",
        "platform": "gpu",
        "process_index": 0,
        "requested_device": "gpu",
        "scheduler_job_id": null,
        "total_memory_bytes": 42505076736,
        "visible_devices": "GPU-250014ca-8cb3-bdcd-ad1d-2f6f64529b8d"
      },
      "diagnostic_artifacts": {
        "memory_trace": "gpu_memory.json",
        "trial_trace": null
      },
      "dimension": 47,
      "endpoint_certificate": {
        "constraints_satisfied": true,
        "initial_stationary": false,
        "stopping_reason": "converged",
        "success": true,
        "terminal_stationary": true
      },
      "evaluations": 15,
      "final_gradient_inf_norm": 5.874340885687196e-10,
      "final_objective": 0.13786263284430206,
      "final_parameters": [
        1.0000024716256082,
        0.9999934701767149,
        0.9914891605908417,
        0.003862914021410137,
        0.5948009008343281,
        0.007538972433228691,
        -7.722151423077073e-05,
        0.13050867046688622,
        -0.0051553679695497895,
        0.07804915123490491,
        -0.001985022886180926,
        -0.00016328605277698613,
        -0.0048527727556648805,
        -0.6001677932857683,
        -0.0031555757200791533,
        0.00010375571309450869,
        -0.0023658763660852917,
        0.9238719469458306,
        0.0003212202613894395,
        0.5543354270277174,
        -0.0008518331737641479,
        -3.2055239186712514e-06,
        0.3826803182315009,
        -0.0007755046668865462,
        0.2296132504387361,
        0.002056505300293656,
        -1.335666747837271e-06,
        9.891015123804053e-09,
        -0.5999998253231018,
        3.998163202347508e-09,
        3.712038793671023e-06,
        -9.402164040080474e-09,
        0.7933721856173214,
        0.000913906169089739,
        0.47577678144508556,
        -0.0039272425333091755,
        -0.00017005376306150586,
        0.6088052746519287,
        -0.006376928166945734,
        0.3653986568842579,
        -0.006734501468057371,
        6.085304521532576e-05,
        0.00485278485037171,
        -0.600167488465175,
        0.003155595962222526,
        0.00010373581899332632,
        0.002365878120750137
      ],
      "first_execution_seconds": 0.12424388799990993,
      "fixture_build_peak_rss_kib": 1121396,
      "fixture_build_seconds": 4.443493845000376,
      "fixture_contract": {
        "certificate": "source-owned VMEC-free coil physics; native/JAX objective parity",
        "expected_initial_observables": {
          "gradient_inf_norm": 0.003746923674450162,
          "objective": 0.13792118300896355
        },
        "final_certificate_fields": {
          "evaluations": 15,
          "final_gradient_inf_norm": 5.874340885687196e-10,
          "final_objective": 0.13786263284430206,
          "final_parameters": [
            1.0000024716256082,
            0.9999934701767149,
            0.9914891605908417,
            0.003862914021410137,
            0.5948009008343281,
            0.007538972433228691,
            -7.722151423077073e-05,
            0.13050867046688622,
            -0.0051553679695497895,
            0.07804915123490491,
            -0.001985022886180926,
            -0.00016328605277698613,
            -0.0048527727556648805,
            -0.6001677932857683,
            -0.0031555757200791533,
            0.00010375571309450869,
            -0.0023658763660852917,
            0.9238719469458306,
            0.0003212202613894395,
            0.5543354270277174,
            -0.0008518331737641479,
            -3.2055239186712514e-06,
            0.3826803182315009,
            -0.0007755046668865462,
            0.2296132504387361,
            0.002056505300293656,
            -1.335666747837271e-06,
            9.891015123804053e-09,
            -0.5999998253231018,
            3.998163202347508e-09,
            3.712038793671023e-06,
            -9.402164040080474e-09,
            0.7933721856173214,
            0.000913906169089739,
            0.47577678144508556,
            -0.0039272425333091755,
            -0.00017005376306150586,
            0.6088052746519287,
            -0.006376928166945734,
            0.3653986568842579,
            -0.006734501468057371,
            6.085304521532576e-05,
            0.00485278485037171,
            -0.600167488465175,
            0.003155595962222526,
            0.00010373581899332632,
            0.002365878120750137
          ],
          "iterations": 12,
          "status": 0,
          "stopping_reason": "converged",
          "success": true
        },
        "fixture_metadata": {
          "current_value": 100000.0,
          "curve_count": 3,
          "curve_order": 2,
          "curve_quadpoints": 16,
          "dtype": "float64",
          "fixed_current_index": 0,
          "native_objective_provider": "simsopt.field.BiotSavart + simsopt.objectives.SquaredFlux",
          "objective_definition": "quadratic flux",
          "seed": 0,
          "source_example": "examples/jax/3_Advanced/single_stage_optimization.py",
          "surface_kind": "analytic_surface_rz_fourier",
          "surface_mpol": 1,
          "surface_nfp": 4,
          "surface_ntor": 1,
          "surface_quadpoints": 8,
          "target_max": 0.2,
          "target_min": 0.1
        },
        "generator_path": "benchmarks/fixtures/custom_quasi_newton.py",
        "generator_sha256": "7b8e1543265f8db62a627e5292762b6464a8b6960187857022fc08c6a9785ff2",
        "initial_parameters": [
          1.0,
          1.0,
          0.9914448613738104,
          0.0,
          0.5948669168242862,
          0.0,
          0.0,
          0.13052619222005157,
          0.0,
          0.07831571533203094,
          0.0,
          0.0,
          0.0,
          -0.6,
          0.0,
          0.0,
          0.0,
          0.9238795325112867,
          0.0,
          0.5543277195067721,
          0.0,
          0.0,
          0.3826834323650898,
          0.0,
          0.22961005941905385,
          0.0,
          0.0,
          0.0,
          -0.6,
          0.0,
          0.0,
          0.0,
          0.7933533402912352,
          0.0,
          0.4760120041747411,
          0.0,
          0.0,
          0.6087614290087207,
          0.0,
          0.3652568574052324,
          0.0,
          0.0,
          0.0,
          -0.6,
          0.0,
          0.0,
          0.0
        ],
        "solver_options": {
          "device": "gpu",
          "ftol": 0.0,
          "gtol": 1e-10,
          "intent": "fast",
          "maxcor": 10,
          "maxfun": null,
          "maxiter": 20,
          "maxls": 20,
          "method": "lbfgs"
        },
        "source_path": "examples/jax/3_Advanced/single_stage_optimization.py",
        "source_sha256": "00f2f9b45a2a1c5fc7136952818e19d649f20e141d4e626ed9a8c18e8114287e",
        "tolerances": {
          "gradient_inf_norm_abs": 1e-08,
          "objective_abs": 1e-12,
          "objective_rel": 1e-10,
          "parameters_abs": 1e-10
        }
      },
      "fixture_metadata": [
        [
          "source_example",
          "examples/jax/3_Advanced/single_stage_optimization.py"
        ],
        [
          "surface_kind",
          "analytic_surface_rz_fourier"
        ],
        [
          "surface_nfp",
          4
        ],
        [
          "surface_mpol",
          1
        ],
        [
          "surface_ntor",
          1
        ],
        [
          "surface_quadpoints",
          8
        ],
        [
          "curve_count",
          3
        ],
        [
          "curve_order",
          2
        ],
        [
          "curve_quadpoints",
          16
        ],
        [
          "current_value",
          100000.0
        ],
        [
          "fixed_current_index",
          0
        ],
        [
          "objective_definition",
          "quadratic flux"
        ],
        [
          "native_objective_provider",
          "simsopt.field.BiotSavart + simsopt.objectives.SquaredFlux"
        ],
        [
          "target_min",
          0.1
        ],
        [
          "target_max",
          0.2
        ],
        [
          "dtype",
          "float64"
        ],
        [
          "seed",
          0
        ]
      ],
      "initial_gradient_inf_norm": 0.003746923674450162,
      "initial_objective": 0.13792118300896355,
      "initial_parameters": [
        1.0,
        1.0,
        0.9914448613738104,
        0.0,
        0.5948669168242862,
        0.0,
        0.0,
        0.13052619222005157,
        0.0,
        0.07831571533203094,
        0.0,
        0.0,
        0.0,
        -0.6,
        0.0,
        0.0,
        0.0,
        0.9238795325112867,
        0.0,
        0.5543277195067721,
        0.0,
        0.0,
        0.3826834323650898,
        0.0,
        0.22961005941905385,
        0.0,
        0.0,
        0.0,
        -0.6,
        0.0,
        0.0,
        0.0,
        0.7933533402912352,
        0.0,
        0.4760120041747411,
        0.0,
        0.0,
        0.6087614290087207,
        0.0,
        0.3652568574052324,
        0.0,
        0.0,
        0.0,
        -0.6,
        0.0,
        0.0,
        0.0
      ],
      "inner_success": true,
      "intent": "fast",
      "iterations": 12,
      "maxcor": 10,
      "maxiter": 20,
      "method": "lbfgs",
      "observables_finite": true,
      "parameters_finite": true,
      "peak_rss_kib": 2232452,
      "peak_rss_scope": "self_proc_status_phase_max",
      "peak_vram_mib": 742,
      "phase_rss": [
        {
          "end_rss_kib": 1121396,
          "peak_rss_kib": 1121396,
          "phase": "fixture_build",
          "sample_count": 377,
          "scope": "self_proc_status_poll_10ms",
          "start_rss_kib": 672308
        },
        {
          "end_rss_kib": 2224864,
          "peak_rss_kib": 2232452,
          "phase": "preparation",
          "sample_count": 2690,
          "scope": "self_proc_status_poll_10ms",
          "start_rss_kib": 1331960
        },
        {
          "end_rss_kib": 2225324,
          "peak_rss_kib": 2225324,
          "phase": "cold_solver",
          "sample_count": 14,
          "scope": "self_proc_status_poll_10ms",
          "start_rss_kib": 2224864
        },
        {
          "end_rss_kib": 2225336,
          "peak_rss_kib": 2225336,
          "phase": "warm_solver",
          "sample_count": 9,
          "scope": "self_proc_status_poll_10ms",
          "start_rss_kib": 2225324
        }
      ],
      "preparation_seconds": 30.857257173000107,
      "process_pid": 17726,
      "provider": "custom",
      "ru_maxrss_kib": 2232716,
      "scientific_certification_seconds": 1.4549999832524918e-05,
      "scientific_observables": {},
      "solver_peak_rss_delta_kib": 900492,
      "solver_peak_rss_kib": 2232452,
      "solver_route": "fused_stepwise",
      "solver_start_rss_kib": 1331960,
      "status": 0,
      "stopping_reason": "converged",
      "success": true,
      "warm_seconds": 0.0753820159998213,
      "warm_transfer_audit": [
        {
          "bytes": 8700,
          "calls": 15,
          "leaves": 15,
          "phase": "final_result"
        }
      ],
      "work_counters": {
        "accepted_iterations": 12,
        "advance_observations": 0,
        "objective_evaluations": 15,
        "transfer_bytes": 8700,
        "transfer_calls": 15,
        "transfer_leaves": 15
      }
    }
  ],
  "method": "lbfgs",
  "numpy_version": "2.4.6",
  "optax_version": "0.2.8",
  "orchestrator_git_clean": true,
  "provider_child": false,
  "provider_child_rss_limit_kib": 8388608,
  "provider_child_term_grace_seconds": 5,
  "provider_child_timeout_seconds": 120,
  "provider_children": [
    {
      "device_identity": {
        "backend": "gpu",
        "compute_capability": "8.0",
        "cuda_version": "PJRT C API\ncuda 12090",
        "device_id": 0,
        "device_kind": "NVIDIA A100-PCIE-40GB",
        "driver_version": "470.256.02",
        "gpu_model": "NVIDIA A100-PCIE-40GB",
        "gpu_uuid": "GPU-250014ca-8cb3-bdcd-ad1d-2f6f64529b8d",
        "hostname": "landau",
        "jax_device": "cuda:0",
        "platform": "gpu",
        "process_index": 0,
        "requested_device": "gpu",
        "scheduler_job_id": null,
        "total_memory_bytes": 42505076736,
        "visible_devices": "GPU-250014ca-8cb3-bdcd-ad1d-2f6f64529b8d"
      },
      "git_clean": true,
      "git_commit": "55745feaf939bb5b0c40fa85493e72ec506ac41a",
      "gpu_memory_path": "optax/gpu_memory.json",
      "gpu_memory_sha256": "5380bf7d192dba2a9cb9162cb23244f32eb422dbad47a50d30510b053720a5c0",
      "measurement_count": 1,
      "measurements_path": "optax/measurements.json",
      "measurements_sha256": "4d5cdeec90768699907bc5455025d2fb331c75cc5a69402ef7f224c68fa7570a",
      "method": "lbfgs",
      "provider": "optax",
      "requested_device": "gpu",
      "runtime_environment": {
        "JAX_ENABLE_X64": "true",
        "JAX_PLATFORMS": "cuda",
        "SIMSOPT_BACKEND_MODE": "jax_gpu_fast",
        "SIMSOPT_BACKEND_STRICT": "1",
        "SIMSOPT_PRECISION": "fp64",
        "XLA_PYTHON_CLIENT_ALLOCATOR": "platform",
        "XLA_PYTHON_CLIENT_MEM_FRACTION": null,
        "XLA_PYTHON_CLIENT_PREALLOCATE": "false"
      }
    },
    {
      "device_identity": {
        "backend": "gpu",
        "compute_capability": "8.0",
        "cuda_version": "PJRT C API\ncuda 12090",
        "device_id": 0,
        "device_kind": "NVIDIA A100-PCIE-40GB",
        "driver_version": "470.256.02",
        "gpu_model": "NVIDIA A100-PCIE-40GB",
        "gpu_uuid": "GPU-250014ca-8cb3-bdcd-ad1d-2f6f64529b8d",
        "hostname": "landau",
        "jax_device": "cuda:0",
        "platform": "gpu",
        "process_index": 0,
        "requested_device": "gpu",
        "scheduler_job_id": null,
        "total_memory_bytes": 42505076736,
        "visible_devices": "GPU-250014ca-8cb3-bdcd-ad1d-2f6f64529b8d"
      },
      "git_clean": true,
      "git_commit": "55745feaf939bb5b0c40fa85493e72ec506ac41a",
      "gpu_memory_path": "custom/gpu_memory.json",
      "gpu_memory_sha256": "a9ba0537b784cce642cdc23a8d28f2ce90fc4c65acce18028658317e0b0064e7",
      "measurement_count": 1,
      "measurements_path": "custom/measurements.json",
      "measurements_sha256": "d73e047f90ee2c7756986540f53e1e87bbbd963802cc25816edf431692d52443",
      "method": "lbfgs",
      "provider": "custom",
      "requested_device": "gpu",
      "runtime_environment": {
        "JAX_ENABLE_X64": "true",
        "JAX_PLATFORMS": "cuda",
        "SIMSOPT_BACKEND_MODE": "jax_gpu_fast",
        "SIMSOPT_BACKEND_STRICT": "1",
        "SIMSOPT_PRECISION": "fp64",
        "XLA_PYTHON_CLIENT_ALLOCATOR": "platform",
        "XLA_PYTHON_CLIENT_MEM_FRACTION": null,
        "XLA_PYTHON_CLIENT_PREALLOCATE": "false"
      }
    }
  ],
  "python_version": "3.11.15",
  "requested_device": "gpu",
  "runtime_environment": {
    "JAX_ENABLE_X64": "true",
    "JAX_PLATFORMS": "cuda",
    "SIMSOPT_BACKEND_MODE": "jax_gpu_fast",
    "SIMSOPT_BACKEND_STRICT": "1",
    "SIMSOPT_PRECISION": "fp64",
    "XLA_PYTHON_CLIENT_ALLOCATOR": "platform",
    "XLA_PYTHON_CLIENT_MEM_FRACTION": null,
    "XLA_PYTHON_CLIENT_PREALLOCATE": "false"
  },
  "schema_version": 9,
  "scipy_version": "1.17.1"
}
