{
  "argv": [
    "benchmarks/custom_quasi_newton_runtime.py",
    "--device",
    "gpu",
    "--intent",
    "fast",
    "--providers",
    "custom,optax",
    "--cases",
    "coil47",
    "--method",
    "lbfgs",
    "--maxiter",
    "20",
    "--output",
    "/home/jungdaesuh/code/columbia/simsopt-pr-jax-port-squashed/.artifacts/custom-quasi-newton/final-359fd41fc-coil47-fused-optax-qualification-quiet/round-4"
  ],
  "backend": "gpu",
  "device_identity": {
    "backend": "gpu",
    "compute_capability": "12.0",
    "cuda_version": "PJRT C API\ncuda 12090",
    "device_id": 0,
    "device_kind": "NVIDIA GeForce RTX 5090",
    "driver_version": "595.84",
    "gpu_model": "NVIDIA GeForce RTX 5090",
    "gpu_uuid": "GPU-7951f78e-c05d-e01c-303f-d644f4341fe1",
    "hostname": "jungdaesuh-playstation",
    "jax_device": "cuda:0",
    "platform": "gpu",
    "process_index": 0,
    "requested_device": "gpu",
    "scheduler_job_id": null,
    "total_memory_bytes": 34190917632,
    "visible_devices": "GPU-7951f78e-c05d-e01c-303f-d644f4341fe1"
  },
  "devices": [
    "cuda:0"
  ],
  "git_clean": true,
  "git_commit": "359fd41fc4535c6ae68f9a94f3e69c2315f1c2f4",
  "jax_version": "0.10.0",
  "jaxlib_version": "0.10.0",
  "measurements": [
    {
      "algorithm_memory_contract": null,
      "case": "coil47",
      "certificate": "source-owned VMEC-free coil physics; native/JAX objective parity",
      "cold_seconds": 13.448509678128175,
      "constraint_norm": null,
      "device": "gpu",
      "device_identity": {
        "backend": "gpu",
        "compute_capability": "12.0",
        "cuda_version": "PJRT C API\ncuda 12090",
        "device_id": 0,
        "device_kind": "NVIDIA GeForce RTX 5090",
        "driver_version": "595.84",
        "gpu_model": "NVIDIA GeForce RTX 5090",
        "gpu_uuid": "GPU-7951f78e-c05d-e01c-303f-d644f4341fe1",
        "hostname": "jungdaesuh-playstation",
        "jax_device": "cuda:0",
        "platform": "gpu",
        "process_index": 0,
        "requested_device": "gpu",
        "scheduler_job_id": null,
        "total_memory_bytes": 34190917632,
        "visible_devices": "GPU-7951f78e-c05d-e01c-303f-d644f4341fe1"
      },
      "diagnostic_artifacts": {
        "memory_trace": "gpu_memory.json",
        "trial_trace": null
      },
      "dimension": 47,
      "endpoint_certificate": {
        "constraints_satisfied": true,
        "initial_stationary": false,
        "stopping_reason": "converged",
        "success": true,
        "terminal_stationary": true
      },
      "evaluations": 15,
      "final_gradient_inf_norm": 5.874340855058485e-10,
      "final_objective": 0.13786263284430206,
      "final_parameters": [
        1.0000024716256088,
        0.999993470176716,
        0.9914891605908389,
        0.003862914021410031,
        0.5948009008343259,
        0.007538972433228374,
        -7.722151423097845e-05,
        0.1305086704668842,
        -0.005155367969549526,
        0.07804915123490357,
        -0.0019850228861806565,
        -0.0001632860527765004,
        -0.004852772755664947,
        -0.600167793285767,
        -0.0031555757200791806,
        0.00010375571309676683,
        -0.0023658763660851993,
        0.9238719469458306,
        0.000321220261389459,
        0.5543354270277172,
        -0.0008518331737640279,
        -3.2055239186245494e-06,
        0.38268031823150034,
        -0.0007755046668864176,
        0.22961325043873593,
        0.0020565053002934127,
        -1.335666747774599e-06,
        9.891015118733024e-09,
        -0.5999998253231017,
        3.9981631742612276e-09,
        3.7120387937369396e-06,
        -9.402164093012641e-09,
        0.7933721856173176,
        0.0009139061690895483,
        0.47577678144508306,
        -0.003927242533309261,
        -0.00017005376306158867,
        0.6088052746519279,
        -0.006376928166945443,
        0.36539865688425766,
        -0.006734501468056876,
        6.08530452148938e-05,
        0.00485278485037175,
        -0.600167488465173,
        0.0031555959622226516,
        0.00010373581899584405,
        0.002365878120749949
      ],
      "first_execution_seconds": 0.022157560102641582,
      "fixture_build_peak_rss_kib": 1239456,
      "fixture_build_seconds": 2.218882302986458,
      "fixture_contract": {
        "certificate": "source-owned VMEC-free coil physics; native/JAX objective parity",
        "expected_initial_observables": {
          "gradient_inf_norm": 0.0037469236744501573,
          "objective": 0.13792118300896355
        },
        "final_certificate_fields": {
          "evaluations": 15,
          "final_gradient_inf_norm": 5.874340855058485e-10,
          "final_objective": 0.13786263284430206,
          "final_parameters": [
            1.0000024716256088,
            0.999993470176716,
            0.9914891605908389,
            0.003862914021410031,
            0.5948009008343259,
            0.007538972433228374,
            -7.722151423097845e-05,
            0.1305086704668842,
            -0.005155367969549526,
            0.07804915123490357,
            -0.0019850228861806565,
            -0.0001632860527765004,
            -0.004852772755664947,
            -0.600167793285767,
            -0.0031555757200791806,
            0.00010375571309676683,
            -0.0023658763660851993,
            0.9238719469458306,
            0.000321220261389459,
            0.5543354270277172,
            -0.0008518331737640279,
            -3.2055239186245494e-06,
            0.38268031823150034,
            -0.0007755046668864176,
            0.22961325043873593,
            0.0020565053002934127,
            -1.335666747774599e-06,
            9.891015118733024e-09,
            -0.5999998253231017,
            3.9981631742612276e-09,
            3.7120387937369396e-06,
            -9.402164093012641e-09,
            0.7933721856173176,
            0.0009139061690895483,
            0.47577678144508306,
            -0.003927242533309261,
            -0.00017005376306158867,
            0.6088052746519279,
            -0.006376928166945443,
            0.36539865688425766,
            -0.006734501468056876,
            6.08530452148938e-05,
            0.00485278485037175,
            -0.600167488465173,
            0.0031555959622226516,
            0.00010373581899584405,
            0.002365878120749949
          ],
          "iterations": 12,
          "status": 0,
          "stopping_reason": "converged",
          "success": true
        },
        "fixture_metadata": {
          "current_value": 100000.0,
          "curve_count": 3,
          "curve_order": 2,
          "curve_quadpoints": 16,
          "dtype": "float64",
          "fixed_current_index": 0,
          "native_objective_provider": "simsopt.field.BiotSavart + simsopt.objectives.SquaredFlux",
          "objective_definition": "quadratic flux",
          "seed": 0,
          "source_example": "examples/jax/3_Advanced/single_stage_optimization.py",
          "surface_kind": "analytic_surface_rz_fourier",
          "surface_mpol": 1,
          "surface_nfp": 4,
          "surface_ntor": 1,
          "surface_quadpoints": 8,
          "target_max": 0.2,
          "target_min": 0.1
        },
        "generator_path": "benchmarks/fixtures/custom_quasi_newton.py",
        "generator_sha256": "ad8f736212c80158dfd636d2c824d5606c3914f70e2f8db42f8a755eb2b6acdf",
        "initial_parameters": [
          1.0,
          1.0,
          0.9914448613738104,
          0.0,
          0.5948669168242862,
          0.0,
          0.0,
          0.13052619222005157,
          0.0,
          0.07831571533203094,
          0.0,
          0.0,
          0.0,
          -0.6,
          0.0,
          0.0,
          0.0,
          0.9238795325112867,
          0.0,
          0.5543277195067721,
          0.0,
          0.0,
          0.3826834323650898,
          0.0,
          0.22961005941905385,
          0.0,
          0.0,
          0.0,
          -0.6,
          0.0,
          0.0,
          0.0,
          0.7933533402912352,
          0.0,
          0.4760120041747411,
          0.0,
          0.0,
          0.6087614290087207,
          0.0,
          0.3652568574052324,
          0.0,
          0.0,
          0.0,
          -0.6,
          0.0,
          0.0,
          0.0
        ],
        "solver_options": {
          "device": "gpu",
          "ftol": 0.0,
          "gtol": 1e-10,
          "intent": "fast",
          "maxcor": 10,
          "maxfun": null,
          "maxiter": 20,
          "maxls": 20,
          "method": "lbfgs"
        },
        "source_path": "examples/jax/3_Advanced/single_stage_optimization.py",
        "source_sha256": "00f2f9b45a2a1c5fc7136952818e19d649f20e141d4e626ed9a8c18e8114287e",
        "tolerances": {
          "gradient_inf_norm_abs": 1e-08,
          "objective_abs": 1e-12,
          "objective_rel": 1e-10,
          "parameters_abs": 1e-10
        }
      },
      "fixture_metadata": [
        [
          "source_example",
          "examples/jax/3_Advanced/single_stage_optimization.py"
        ],
        [
          "surface_kind",
          "analytic_surface_rz_fourier"
        ],
        [
          "surface_nfp",
          4
        ],
        [
          "surface_mpol",
          1
        ],
        [
          "surface_ntor",
          1
        ],
        [
          "surface_quadpoints",
          8
        ],
        [
          "curve_count",
          3
        ],
        [
          "curve_order",
          2
        ],
        [
          "curve_quadpoints",
          16
        ],
        [
          "current_value",
          100000.0
        ],
        [
          "fixed_current_index",
          0
        ],
        [
          "objective_definition",
          "quadratic flux"
        ],
        [
          "native_objective_provider",
          "simsopt.field.BiotSavart + simsopt.objectives.SquaredFlux"
        ],
        [
          "target_min",
          0.1
        ],
        [
          "target_max",
          0.2
        ],
        [
          "dtype",
          "float64"
        ],
        [
          "seed",
          0
        ]
      ],
      "initial_gradient_inf_norm": 0.0037469236744501573,
      "initial_objective": 0.13792118300896355,
      "initial_parameters": [
        1.0,
        1.0,
        0.9914448613738104,
        0.0,
        0.5948669168242862,
        0.0,
        0.0,
        0.13052619222005157,
        0.0,
        0.07831571533203094,
        0.0,
        0.0,
        0.0,
        -0.6,
        0.0,
        0.0,
        0.0,
        0.9238795325112867,
        0.0,
        0.5543277195067721,
        0.0,
        0.0,
        0.3826834323650898,
        0.0,
        0.22961005941905385,
        0.0,
        0.0,
        0.0,
        -0.6,
        0.0,
        0.0,
        0.0,
        0.7933533402912352,
        0.0,
        0.4760120041747411,
        0.0,
        0.0,
        0.6087614290087207,
        0.0,
        0.3652568574052324,
        0.0,
        0.0,
        0.0,
        -0.6,
        0.0,
        0.0,
        0.0
      ],
      "inner_success": true,
      "intent": "fast",
      "iterations": 12,
      "maxcor": 10,
      "maxiter": 20,
      "method": "lbfgs",
      "observables_finite": true,
      "parameters_finite": true,
      "peak_rss_kib": 2029316,
      "peak_rss_scope": "self_proc_status_phase_max",
      "peak_vram_mib": 936,
      "phase_rss": [
        {
          "end_rss_kib": 1256768,
          "peak_rss_kib": 1256772,
          "phase": "fixture_build",
          "sample_count": 193,
          "scope": "self_proc_status_poll_10ms",
          "start_rss_kib": 680020
        },
        {
          "end_rss_kib": 2022232,
          "peak_rss_kib": 2029316,
          "phase": "preparation",
          "sample_count": 1172,
          "scope": "self_proc_status_poll_10ms",
          "start_rss_kib": 1430896
        },
        {
          "end_rss_kib": 2022308,
          "peak_rss_kib": 2022308,
          "phase": "cold_solver",
          "sample_count": 4,
          "scope": "self_proc_status_poll_10ms",
          "start_rss_kib": 2022232
        },
        {
          "end_rss_kib": 2022312,
          "peak_rss_kib": 2022316,
          "phase": "warm_solver",
          "sample_count": 3,
          "scope": "self_proc_status_poll_10ms",
          "start_rss_kib": 2022308
        }
      ],
      "preparation_seconds": 13.426352118025534,
      "process_pid": 2845549,
      "provider": "custom",
      "ru_maxrss_kib": 2006548,
      "scientific_certification_seconds": 3.985944204032421e-06,
      "scientific_observables": {},
      "solver_peak_rss_delta_kib": 598420,
      "solver_peak_rss_kib": 2029316,
      "solver_route": "fused_stepwise",
      "solver_start_rss_kib": 1430896,
      "status": 0,
      "stopping_reason": "converged",
      "success": true,
      "warm_seconds": 0.012795156915672123,
      "warm_transfer_audit": [
        {
          "bytes": 8700,
          "calls": 15,
          "leaves": 15,
          "phase": "final_result"
        }
      ],
      "work_counters": {
        "accepted_iterations": 12,
        "advance_observations": 0,
        "objective_evaluations": 15,
        "transfer_bytes": 8700,
        "transfer_calls": 15,
        "transfer_leaves": 15
      }
    },
    {
      "algorithm_memory_contract": null,
      "case": "coil47",
      "certificate": "source-owned VMEC-free coil physics; native/JAX objective parity",
      "cold_seconds": 3.9206136940047145,
      "constraint_norm": null,
      "device": "gpu",
      "device_identity": {
        "backend": "gpu",
        "compute_capability": "12.0",
        "cuda_version": "PJRT C API\ncuda 12090",
        "device_id": 0,
        "device_kind": "NVIDIA GeForce RTX 5090",
        "driver_version": "595.84",
        "gpu_model": "NVIDIA GeForce RTX 5090",
        "gpu_uuid": "GPU-7951f78e-c05d-e01c-303f-d644f4341fe1",
        "hostname": "jungdaesuh-playstation",
        "jax_device": "cuda:0",
        "platform": "gpu",
        "process_index": 0,
        "requested_device": "gpu",
        "scheduler_job_id": null,
        "total_memory_bytes": 34190917632,
        "visible_devices": "GPU-7951f78e-c05d-e01c-303f-d644f4341fe1"
      },
      "diagnostic_artifacts": {
        "memory_trace": "gpu_memory.json",
        "trial_trace": null
      },
      "dimension": 47,
      "endpoint_certificate": {
        "constraints_satisfied": true,
        "initial_stationary": false,
        "stopping_reason": "converged",
        "success": true,
        "terminal_stationary": true
      },
      "evaluations": null,
      "final_gradient_inf_norm": 1.8156751601348942e-11,
      "final_objective": 0.137862632844302,
      "final_parameters": [
        1.0000013846254783,
        1.0000261917923232,
        0.99143429275023,
        0.003857781630124785,
        0.5947624824555506,
        0.007530702242725141,
        -7.780145027136878e-05,
        0.13037664031063953,
        -0.005148727489040789,
        0.07799572250295497,
        -0.001978188490117338,
        -0.00014920135176150692,
        -0.004848428445783645,
        -0.6000609290271183,
        -0.003151800785007044,
        0.00015749360481729402,
        -0.002362153726698304,
        0.9238758394984014,
        0.000320961954230537,
        0.5543318992743559,
        -0.0008504193116476102,
        -2.892218567163275e-06,
        0.38268198397651526,
        -0.0007749075709398524,
        0.2296117418670182,
        0.002053312257512,
        -1.2026324302295017e-06,
        -2.3478797139801573e-08,
        -0.5999991523387482,
        1.4068076536709237e-08,
        -1.0164748554428599e-07,
        -6.045242714807702e-08,
        0.7932401118512264,
        0.0009128067508911709,
        0.4757117733567875,
        -0.003926186634944192,
        -0.00016042063849059282,
        0.608859879127489,
        -0.006368435068402399,
        0.36540912370307105,
        -0.006723611570918072,
        5.0382237756849974e-05,
        0.004848293912716696,
        -0.6000608913317184,
        0.0031517461693203173,
        0.00015744369636455703,
        0.0023621438339008764
      ],
      "first_execution_seconds": 0.2619443070143461,
      "fixture_build_peak_rss_kib": 1242152,
      "fixture_build_seconds": 2.1672199099557474,
      "fixture_contract": {
        "certificate": "source-owned VMEC-free coil physics; native/JAX objective parity",
        "expected_initial_observables": {
          "gradient_inf_norm": 0.0037469236744501573,
          "objective": 0.13792118300896355
        },
        "final_certificate_fields": {
          "evaluations": null,
          "final_gradient_inf_norm": 1.8156751601348942e-11,
          "final_objective": 0.137862632844302,
          "final_parameters": [
            1.0000013846254783,
            1.0000261917923232,
            0.99143429275023,
            0.003857781630124785,
            0.5947624824555506,
            0.007530702242725141,
            -7.780145027136878e-05,
            0.13037664031063953,
            -0.005148727489040789,
            0.07799572250295497,
            -0.001978188490117338,
            -0.00014920135176150692,
            -0.004848428445783645,
            -0.6000609290271183,
            -0.003151800785007044,
            0.00015749360481729402,
            -0.002362153726698304,
            0.9238758394984014,
            0.000320961954230537,
            0.5543318992743559,
            -0.0008504193116476102,
            -2.892218567163275e-06,
            0.38268198397651526,
            -0.0007749075709398524,
            0.2296117418670182,
            0.002053312257512,
            -1.2026324302295017e-06,
            -2.3478797139801573e-08,
            -0.5999991523387482,
            1.4068076536709237e-08,
            -1.0164748554428599e-07,
            -6.045242714807702e-08,
            0.7932401118512264,
            0.0009128067508911709,
            0.4757117733567875,
            -0.003926186634944192,
            -0.00016042063849059282,
            0.608859879127489,
            -0.006368435068402399,
            0.36540912370307105,
            -0.006723611570918072,
            5.0382237756849974e-05,
            0.004848293912716696,
            -0.6000608913317184,
            0.0031517461693203173,
            0.00015744369636455703,
            0.0023621438339008764
          ],
          "iterations": 15,
          "status": 0,
          "stopping_reason": "converged",
          "success": true
        },
        "fixture_metadata": {
          "current_value": 100000.0,
          "curve_count": 3,
          "curve_order": 2,
          "curve_quadpoints": 16,
          "dtype": "float64",
          "fixed_current_index": 0,
          "native_objective_provider": "simsopt.field.BiotSavart + simsopt.objectives.SquaredFlux",
          "objective_definition": "quadratic flux",
          "seed": 0,
          "source_example": "examples/jax/3_Advanced/single_stage_optimization.py",
          "surface_kind": "analytic_surface_rz_fourier",
          "surface_mpol": 1,
          "surface_nfp": 4,
          "surface_ntor": 1,
          "surface_quadpoints": 8,
          "target_max": 0.2,
          "target_min": 0.1
        },
        "generator_path": "benchmarks/fixtures/custom_quasi_newton.py",
        "generator_sha256": "ad8f736212c80158dfd636d2c824d5606c3914f70e2f8db42f8a755eb2b6acdf",
        "initial_parameters": [
          1.0,
          1.0,
          0.9914448613738104,
          0.0,
          0.5948669168242862,
          0.0,
          0.0,
          0.13052619222005157,
          0.0,
          0.07831571533203094,
          0.0,
          0.0,
          0.0,
          -0.6,
          0.0,
          0.0,
          0.0,
          0.9238795325112867,
          0.0,
          0.5543277195067721,
          0.0,
          0.0,
          0.3826834323650898,
          0.0,
          0.22961005941905385,
          0.0,
          0.0,
          0.0,
          -0.6,
          0.0,
          0.0,
          0.0,
          0.7933533402912352,
          0.0,
          0.4760120041747411,
          0.0,
          0.0,
          0.6087614290087207,
          0.0,
          0.3652568574052324,
          0.0,
          0.0,
          0.0,
          -0.6,
          0.0,
          0.0,
          0.0
        ],
        "solver_options": {
          "device": "gpu",
          "ftol": 0.0,
          "gtol": 1e-10,
          "intent": "fast",
          "maxcor": 10,
          "maxfun": null,
          "maxiter": 20,
          "maxls": 20,
          "method": "lbfgs"
        },
        "source_path": "examples/jax/3_Advanced/single_stage_optimization.py",
        "source_sha256": "00f2f9b45a2a1c5fc7136952818e19d649f20e141d4e626ed9a8c18e8114287e",
        "tolerances": {
          "gradient_inf_norm_abs": 1e-08,
          "objective_abs": 1e-12,
          "objective_rel": 1e-10,
          "parameters_abs": 1e-10
        }
      },
      "fixture_metadata": [
        [
          "source_example",
          "examples/jax/3_Advanced/single_stage_optimization.py"
        ],
        [
          "surface_kind",
          "analytic_surface_rz_fourier"
        ],
        [
          "surface_nfp",
          4
        ],
        [
          "surface_mpol",
          1
        ],
        [
          "surface_ntor",
          1
        ],
        [
          "surface_quadpoints",
          8
        ],
        [
          "curve_count",
          3
        ],
        [
          "curve_order",
          2
        ],
        [
          "curve_quadpoints",
          16
        ],
        [
          "current_value",
          100000.0
        ],
        [
          "fixed_current_index",
          0
        ],
        [
          "objective_definition",
          "quadratic flux"
        ],
        [
          "native_objective_provider",
          "simsopt.field.BiotSavart + simsopt.objectives.SquaredFlux"
        ],
        [
          "target_min",
          0.1
        ],
        [
          "target_max",
          0.2
        ],
        [
          "dtype",
          "float64"
        ],
        [
          "seed",
          0
        ]
      ],
      "initial_gradient_inf_norm": 0.0037469236744501573,
      "initial_objective": 0.13792118300896355,
      "initial_parameters": [
        1.0,
        1.0,
        0.9914448613738104,
        0.0,
        0.5948669168242862,
        0.0,
        0.0,
        0.13052619222005157,
        0.0,
        0.07831571533203094,
        0.0,
        0.0,
        0.0,
        -0.6,
        0.0,
        0.0,
        0.0,
        0.9238795325112867,
        0.0,
        0.5543277195067721,
        0.0,
        0.0,
        0.3826834323650898,
        0.0,
        0.22961005941905385,
        0.0,
        0.0,
        0.0,
        -0.6,
        0.0,
        0.0,
        0.0,
        0.7933533402912352,
        0.0,
        0.4760120041747411,
        0.0,
        0.0,
        0.6087614290087207,
        0.0,
        0.3652568574052324,
        0.0,
        0.0,
        0.0,
        -0.6,
        0.0,
        0.0,
        0.0
      ],
      "inner_success": true,
      "intent": "fast",
      "iterations": 15,
      "maxcor": 10,
      "maxiter": 20,
      "method": "lbfgs",
      "observables_finite": true,
      "parameters_finite": true,
      "peak_rss_kib": 1636800,
      "peak_rss_scope": "self_proc_status_phase_max",
      "peak_vram_mib": 928,
      "phase_rss": [
        {
          "end_rss_kib": 1255500,
          "peak_rss_kib": 1255500,
          "phase": "fixture_build",
          "sample_count": 188,
          "scope": "self_proc_status_poll_10ms",
          "start_rss_kib": 679724
        },
        {
          "end_rss_kib": 1636652,
          "peak_rss_kib": 1636672,
          "phase": "preparation",
          "sample_count": 329,
          "scope": "self_proc_status_poll_10ms",
          "start_rss_kib": 1434020
        },
        {
          "end_rss_kib": 1636784,
          "peak_rss_kib": 1636788,
          "phase": "cold_solver",
          "sample_count": 27,
          "scope": "self_proc_status_poll_10ms",
          "start_rss_kib": 1636652
        },
        {
          "end_rss_kib": 1636800,
          "peak_rss_kib": 1636800,
          "phase": "warm_solver",
          "sample_count": 4,
          "scope": "self_proc_status_poll_10ms",
          "start_rss_kib": 1636784
        }
      ],
      "preparation_seconds": 3.6586693869903684,
      "process_pid": 2848253,
      "provider": "optax",
      "ru_maxrss_kib": 1615492,
      "scientific_certification_seconds": 4.315981641411781e-06,
      "scientific_observables": {},
      "solver_peak_rss_delta_kib": 202652,
      "solver_peak_rss_kib": 1636800,
      "solver_route": "optax_lbfgs",
      "solver_start_rss_kib": 1434020,
      "status": 0,
      "stopping_reason": "converged",
      "success": true,
      "warm_seconds": 0.02216009295079857,
      "warm_transfer_audit": [],
      "work_counters": {
        "accepted_iterations": 15,
        "advance_observations": 0,
        "objective_evaluations": null,
        "transfer_bytes": 0,
        "transfer_calls": 0,
        "transfer_leaves": 0
      }
    }
  ],
  "method": "lbfgs",
  "numpy_version": "2.4.6",
  "optax_version": "0.2.8",
  "orchestrator_git_clean": true,
  "provider_child": false,
  "provider_child_rss_limit_kib": 8388608,
  "provider_child_term_grace_seconds": 5,
  "provider_child_timeout_seconds": 120,
  "provider_children": [
    {
      "device_identity": {
        "backend": "gpu",
        "compute_capability": "12.0",
        "cuda_version": "PJRT C API\ncuda 12090",
        "device_id": 0,
        "device_kind": "NVIDIA GeForce RTX 5090",
        "driver_version": "595.84",
        "gpu_model": "NVIDIA GeForce RTX 5090",
        "gpu_uuid": "GPU-7951f78e-c05d-e01c-303f-d644f4341fe1",
        "hostname": "jungdaesuh-playstation",
        "jax_device": "cuda:0",
        "platform": "gpu",
        "process_index": 0,
        "requested_device": "gpu",
        "scheduler_job_id": null,
        "total_memory_bytes": 34190917632,
        "visible_devices": "GPU-7951f78e-c05d-e01c-303f-d644f4341fe1"
      },
      "git_clean": true,
      "git_commit": "359fd41fc4535c6ae68f9a94f3e69c2315f1c2f4",
      "gpu_memory_path": "custom/gpu_memory.json",
      "gpu_memory_sha256": "76e5d5f1e08587bbbf74372f4783fab1844ff6bce42de682557d6174d686831f",
      "measurement_count": 1,
      "measurements_path": "custom/measurements.json",
      "measurements_sha256": "82005540424871945b427bc79a347ed75de6a7fab0496974a866f5fb75c0d957",
      "method": "lbfgs",
      "provider": "custom",
      "requested_device": "gpu",
      "runtime_environment": {
        "JAX_ENABLE_X64": "true",
        "JAX_PLATFORMS": "cuda",
        "SIMSOPT_BACKEND_MODE": "jax_gpu_fast",
        "SIMSOPT_BACKEND_STRICT": "1",
        "SIMSOPT_PRECISION": "fp64",
        "XLA_PYTHON_CLIENT_ALLOCATOR": "platform",
        "XLA_PYTHON_CLIENT_MEM_FRACTION": null,
        "XLA_PYTHON_CLIENT_PREALLOCATE": "false"
      }
    },
    {
      "device_identity": {
        "backend": "gpu",
        "compute_capability": "12.0",
        "cuda_version": "PJRT C API\ncuda 12090",
        "device_id": 0,
        "device_kind": "NVIDIA GeForce RTX 5090",
        "driver_version": "595.84",
        "gpu_model": "NVIDIA GeForce RTX 5090",
        "gpu_uuid": "GPU-7951f78e-c05d-e01c-303f-d644f4341fe1",
        "hostname": "jungdaesuh-playstation",
        "jax_device": "cuda:0",
        "platform": "gpu",
        "process_index": 0,
        "requested_device": "gpu",
        "scheduler_job_id": null,
        "total_memory_bytes": 34190917632,
        "visible_devices": "GPU-7951f78e-c05d-e01c-303f-d644f4341fe1"
      },
      "git_clean": true,
      "git_commit": "359fd41fc4535c6ae68f9a94f3e69c2315f1c2f4",
      "gpu_memory_path": "optax/gpu_memory.json",
      "gpu_memory_sha256": "738e98f9d84da7827bf845246c532a99761d862f618eb64364e1171189c97add",
      "measurement_count": 1,
      "measurements_path": "optax/measurements.json",
      "measurements_sha256": "c2ec965bd2461544bd8d7abca2e215fbda7354e800d4ba3c729adca8153c8efb",
      "method": "lbfgs",
      "provider": "optax",
      "requested_device": "gpu",
      "runtime_environment": {
        "JAX_ENABLE_X64": "true",
        "JAX_PLATFORMS": "cuda",
        "SIMSOPT_BACKEND_MODE": "jax_gpu_fast",
        "SIMSOPT_BACKEND_STRICT": "1",
        "SIMSOPT_PRECISION": "fp64",
        "XLA_PYTHON_CLIENT_ALLOCATOR": "platform",
        "XLA_PYTHON_CLIENT_MEM_FRACTION": null,
        "XLA_PYTHON_CLIENT_PREALLOCATE": "false"
      }
    }
  ],
  "python_version": "3.11.15",
  "requested_device": "gpu",
  "runtime_environment": {
    "JAX_ENABLE_X64": "true",
    "JAX_PLATFORMS": "cuda",
    "SIMSOPT_BACKEND_MODE": "jax_gpu_fast",
    "SIMSOPT_BACKEND_STRICT": "1",
    "SIMSOPT_PRECISION": "fp64",
    "XLA_PYTHON_CLIENT_ALLOCATOR": "platform",
    "XLA_PYTHON_CLIENT_MEM_FRACTION": null,
    "XLA_PYTHON_CLIENT_PREALLOCATE": "false"
  },
  "schema_version": 9,
  "scipy_version": "1.17.1"
}
