{
  "argv": [
    "benchmarks/custom_quasi_newton_runtime.py",
    "--device",
    "gpu",
    "--intent",
    "fast",
    "--providers",
    "optax,custom",
    "--cases",
    "coil47",
    "--method",
    "lbfgs",
    "--maxiter",
    "20",
    "--output",
    "/mnt/homes_global/jdsuh/qn-a100/artifacts/coil47-a100-contended3-63638856f/round-1"
  ],
  "backend": "gpu",
  "device_identity": {
    "backend": "gpu",
    "compute_capability": "8.0",
    "cuda_version": "PJRT C API\ncuda 12090",
    "device_id": 0,
    "device_kind": "NVIDIA A100-PCIE-40GB",
    "driver_version": "470.256.02",
    "gpu_model": "NVIDIA A100-PCIE-40GB",
    "gpu_uuid": "GPU-250014ca-8cb3-bdcd-ad1d-2f6f64529b8d",
    "hostname": "landau",
    "jax_device": "cuda:0",
    "platform": "gpu",
    "process_index": 0,
    "requested_device": "gpu",
    "scheduler_job_id": null,
    "total_memory_bytes": 42505076736,
    "visible_devices": "GPU-250014ca-8cb3-bdcd-ad1d-2f6f64529b8d"
  },
  "devices": [
    "cuda:0"
  ],
  "git_clean": true,
  "git_commit": "63638856f195166bbf8453ab52629e4bfdfc6898",
  "jax_version": "0.10.0",
  "jaxlib_version": "0.10.0",
  "measurements": [
    {
      "algorithm_memory_contract": null,
      "case": "coil47",
      "certificate": "source-owned VMEC-free coil physics; native/JAX objective parity",
      "cold_seconds": 8.693906956996216,
      "constraint_norm": null,
      "device": "gpu",
      "device_identity": {
        "backend": "gpu",
        "compute_capability": "8.0",
        "cuda_version": "PJRT C API\ncuda 12090",
        "device_id": 0,
        "device_kind": "NVIDIA A100-PCIE-40GB",
        "driver_version": "470.256.02",
        "gpu_model": "NVIDIA A100-PCIE-40GB",
        "gpu_uuid": "GPU-250014ca-8cb3-bdcd-ad1d-2f6f64529b8d",
        "hostname": "landau",
        "jax_device": "cuda:0",
        "platform": "gpu",
        "process_index": 0,
        "requested_device": "gpu",
        "scheduler_job_id": null,
        "total_memory_bytes": 42505076736,
        "visible_devices": "GPU-250014ca-8cb3-bdcd-ad1d-2f6f64529b8d"
      },
      "diagnostic_artifacts": {
        "memory_trace": "gpu_memory.json",
        "trial_trace": null
      },
      "dimension": 47,
      "endpoint_certificate": {
        "constraints_satisfied": true,
        "initial_stationary": false,
        "stopping_reason": "converged",
        "success": true,
        "terminal_stationary": true
      },
      "evaluations": null,
      "final_gradient_inf_norm": 1.8156820448186894e-11,
      "final_objective": 0.137862632844302,
      "final_parameters": [
        1.0000013846254774,
        1.0000261917923243,
        0.9914342927502288,
        0.0038577816301246706,
        0.5947624824555503,
        0.007530702242724816,
        -7.780145027132265e-05,
        0.13037664031063817,
        -0.005148727489040792,
        0.07799572250295453,
        -0.0019781884901173257,
        -0.0001492013517614589,
        -0.0048484284457837356,
        -0.6000609290271183,
        -0.003151800785006919,
        0.00015749360481811598,
        -0.002362153726698084,
        0.9238758394984012,
        0.0003209619542306816,
        0.5543318992743559,
        -0.0008504193116477269,
        -2.8922185668568283e-06,
        0.3826819839765156,
        -0.0007749075709398474,
        0.2296117418670184,
        0.002053312257511967,
        -1.2026324301713927e-06,
        -2.3478797070136197e-08,
        -0.5999991523387485,
        1.4068076511442555e-08,
        -1.0164748527103311e-07,
        -6.045242719273517e-08,
        0.7932401118512241,
        0.0009128067508910874,
        0.47571177335678655,
        -0.00392618663494446,
        -0.0001604206384905955,
        0.6088598791274897,
        -0.006368435068402434,
        0.3654091237030707,
        -0.006723611570917886,
        5.0382237756849825e-05,
        0.004848293912716613,
        -0.6000608913317172,
        0.0031517461693204253,
        0.00015744369636570485,
        0.0023621438339009033
      ],
      "first_execution_seconds": 0.6071984839982179,
      "fixture_build_peak_rss_kib": 1119112,
      "fixture_build_seconds": 4.518730749998213,
      "fixture_contract": {
        "certificate": "source-owned VMEC-free coil physics; native/JAX objective parity",
        "expected_initial_observables": {
          "gradient_inf_norm": 0.003746923674450162,
          "objective": 0.13792118300896355
        },
        "final_certificate_fields": {
          "evaluations": null,
          "final_gradient_inf_norm": 1.8156820448186894e-11,
          "final_objective": 0.137862632844302,
          "final_parameters": [
            1.0000013846254774,
            1.0000261917923243,
            0.9914342927502288,
            0.0038577816301246706,
            0.5947624824555503,
            0.007530702242724816,
            -7.780145027132265e-05,
            0.13037664031063817,
            -0.005148727489040792,
            0.07799572250295453,
            -0.0019781884901173257,
            -0.0001492013517614589,
            -0.0048484284457837356,
            -0.6000609290271183,
            -0.003151800785006919,
            0.00015749360481811598,
            -0.002362153726698084,
            0.9238758394984012,
            0.0003209619542306816,
            0.5543318992743559,
            -0.0008504193116477269,
            -2.8922185668568283e-06,
            0.3826819839765156,
            -0.0007749075709398474,
            0.2296117418670184,
            0.002053312257511967,
            -1.2026324301713927e-06,
            -2.3478797070136197e-08,
            -0.5999991523387485,
            1.4068076511442555e-08,
            -1.0164748527103311e-07,
            -6.045242719273517e-08,
            0.7932401118512241,
            0.0009128067508910874,
            0.47571177335678655,
            -0.00392618663494446,
            -0.0001604206384905955,
            0.6088598791274897,
            -0.006368435068402434,
            0.3654091237030707,
            -0.006723611570917886,
            5.0382237756849825e-05,
            0.004848293912716613,
            -0.6000608913317172,
            0.0031517461693204253,
            0.00015744369636570485,
            0.0023621438339009033
          ],
          "iterations": 15,
          "status": 0,
          "stopping_reason": "converged",
          "success": true
        },
        "fixture_metadata": {
          "current_value": 100000.0,
          "curve_count": 3,
          "curve_order": 2,
          "curve_quadpoints": 16,
          "dtype": "float64",
          "fixed_current_index": 0,
          "native_objective_provider": "simsopt.field.BiotSavart + simsopt.objectives.SquaredFlux",
          "objective_definition": "quadratic flux",
          "seed": 0,
          "source_example": "examples/jax/3_Advanced/single_stage_optimization.py",
          "surface_kind": "analytic_surface_rz_fourier",
          "surface_mpol": 1,
          "surface_nfp": 4,
          "surface_ntor": 1,
          "surface_quadpoints": 8,
          "target_max": 0.2,
          "target_min": 0.1
        },
        "generator_path": "benchmarks/fixtures/custom_quasi_newton.py",
        "generator_sha256": "7b8e1543265f8db62a627e5292762b6464a8b6960187857022fc08c6a9785ff2",
        "initial_parameters": [
          1.0,
          1.0,
          0.9914448613738104,
          0.0,
          0.5948669168242862,
          0.0,
          0.0,
          0.13052619222005157,
          0.0,
          0.07831571533203094,
          0.0,
          0.0,
          0.0,
          -0.6,
          0.0,
          0.0,
          0.0,
          0.9238795325112867,
          0.0,
          0.5543277195067721,
          0.0,
          0.0,
          0.3826834323650898,
          0.0,
          0.22961005941905385,
          0.0,
          0.0,
          0.0,
          -0.6,
          0.0,
          0.0,
          0.0,
          0.7933533402912352,
          0.0,
          0.4760120041747411,
          0.0,
          0.0,
          0.6087614290087207,
          0.0,
          0.3652568574052324,
          0.0,
          0.0,
          0.0,
          -0.6,
          0.0,
          0.0,
          0.0
        ],
        "solver_options": {
          "device": "gpu",
          "ftol": 0.0,
          "gtol": 1e-10,
          "intent": "fast",
          "maxcor": 10,
          "maxfun": null,
          "maxiter": 20,
          "maxls": 20,
          "method": "lbfgs"
        },
        "source_path": "examples/jax/3_Advanced/single_stage_optimization.py",
        "source_sha256": "00f2f9b45a2a1c5fc7136952818e19d649f20e141d4e626ed9a8c18e8114287e",
        "tolerances": {
          "gradient_inf_norm_abs": 1e-08,
          "objective_abs": 1e-12,
          "objective_rel": 1e-10,
          "parameters_abs": 1e-10
        }
      },
      "fixture_metadata": [
        [
          "source_example",
          "examples/jax/3_Advanced/single_stage_optimization.py"
        ],
        [
          "surface_kind",
          "analytic_surface_rz_fourier"
        ],
        [
          "surface_nfp",
          4
        ],
        [
          "surface_mpol",
          1
        ],
        [
          "surface_ntor",
          1
        ],
        [
          "surface_quadpoints",
          8
        ],
        [
          "curve_count",
          3
        ],
        [
          "curve_order",
          2
        ],
        [
          "curve_quadpoints",
          16
        ],
        [
          "current_value",
          100000.0
        ],
        [
          "fixed_current_index",
          0
        ],
        [
          "objective_definition",
          "quadratic flux"
        ],
        [
          "native_objective_provider",
          "simsopt.field.BiotSavart + simsopt.objectives.SquaredFlux"
        ],
        [
          "target_min",
          0.1
        ],
        [
          "target_max",
          0.2
        ],
        [
          "dtype",
          "float64"
        ],
        [
          "seed",
          0
        ]
      ],
      "initial_gradient_inf_norm": 0.003746923674450162,
      "initial_objective": 0.13792118300896355,
      "initial_parameters": [
        1.0,
        1.0,
        0.9914448613738104,
        0.0,
        0.5948669168242862,
        0.0,
        0.0,
        0.13052619222005157,
        0.0,
        0.07831571533203094,
        0.0,
        0.0,
        0.0,
        -0.6,
        0.0,
        0.0,
        0.0,
        0.9238795325112867,
        0.0,
        0.5543277195067721,
        0.0,
        0.0,
        0.3826834323650898,
        0.0,
        0.22961005941905385,
        0.0,
        0.0,
        0.0,
        -0.6,
        0.0,
        0.0,
        0.0,
        0.7933533402912352,
        0.0,
        0.4760120041747411,
        0.0,
        0.0,
        0.6087614290087207,
        0.0,
        0.3652568574052324,
        0.0,
        0.0,
        0.0,
        -0.6,
        0.0,
        0.0,
        0.0
      ],
      "inner_success": true,
      "intent": "fast",
      "iterations": 15,
      "maxcor": 10,
      "maxiter": 20,
      "method": "lbfgs",
      "observables_finite": true,
      "parameters_finite": true,
      "peak_rss_kib": 1501020,
      "peak_rss_scope": "self_proc_status_phase_max",
      "peak_vram_mib": 474,
      "phase_rss": [
        {
          "end_rss_kib": 1119112,
          "peak_rss_kib": 1119112,
          "phase": "fixture_build",
          "sample_count": 397,
          "scope": "self_proc_status_poll_10ms",
          "start_rss_kib": 671640
        },
        {
          "end_rss_kib": 1500504,
          "peak_rss_kib": 1500524,
          "phase": "preparation",
          "sample_count": 720,
          "scope": "self_proc_status_poll_10ms",
          "start_rss_kib": 1304244
        },
        {
          "end_rss_kib": 1501020,
          "peak_rss_kib": 1501020,
          "phase": "cold_solver",
          "sample_count": 58,
          "scope": "self_proc_status_poll_10ms",
          "start_rss_kib": 1500504
        },
        {
          "end_rss_kib": 1501020,
          "peak_rss_kib": 1501020,
          "phase": "warm_solver",
          "sample_count": 8,
          "scope": "self_proc_status_poll_10ms",
          "start_rss_kib": 1501020
        }
      ],
      "preparation_seconds": 8.086708472997998,
      "process_pid": 136433,
      "provider": "optax",
      "ru_maxrss_kib": 1501024,
      "scientific_certification_seconds": 9.280000085709617e-06,
      "scientific_observables": {},
      "solver_peak_rss_delta_kib": 196280,
      "solver_peak_rss_kib": 1501020,
      "solver_route": "optax_lbfgs",
      "solver_start_rss_kib": 1304244,
      "status": 0,
      "stopping_reason": "converged",
      "success": true,
      "warm_seconds": 0.06654535400230088,
      "warm_transfer_audit": [],
      "work_counters": {
        "accepted_iterations": 15,
        "advance_observations": 0,
        "objective_evaluations": null,
        "transfer_bytes": 0,
        "transfer_calls": 0,
        "transfer_leaves": 0
      }
    },
    {
      "algorithm_memory_contract": null,
      "case": "coil47",
      "certificate": "source-owned VMEC-free coil physics; native/JAX objective parity",
      "cold_seconds": 37.41888684600053,
      "constraint_norm": null,
      "device": "gpu",
      "device_identity": {
        "backend": "gpu",
        "compute_capability": "8.0",
        "cuda_version": "PJRT C API\ncuda 12090",
        "device_id": 0,
        "device_kind": "NVIDIA A100-PCIE-40GB",
        "driver_version": "470.256.02",
        "gpu_model": "NVIDIA A100-PCIE-40GB",
        "gpu_uuid": "GPU-250014ca-8cb3-bdcd-ad1d-2f6f64529b8d",
        "hostname": "landau",
        "jax_device": "cuda:0",
        "platform": "gpu",
        "process_index": 0,
        "requested_device": "gpu",
        "scheduler_job_id": null,
        "total_memory_bytes": 42505076736,
        "visible_devices": "GPU-250014ca-8cb3-bdcd-ad1d-2f6f64529b8d"
      },
      "diagnostic_artifacts": {
        "memory_trace": "gpu_memory.json",
        "trial_trace": null
      },
      "dimension": 47,
      "endpoint_certificate": {
        "constraints_satisfied": true,
        "initial_stationary": false,
        "stopping_reason": "converged",
        "success": true,
        "terminal_stationary": true
      },
      "evaluations": 32,
      "final_gradient_inf_norm": 6.411273868571488e-10,
      "final_objective": 0.137862632844302,
      "final_parameters": [
        1.0000024716253515,
        0.9999934701979412,
        0.9914891605772497,
        0.0038629139011204174,
        0.5948009008519579,
        0.007538971708537089,
        -7.722149553664421e-05,
        0.1305086704213539,
        -0.005155368559768006,
        0.078049151276864,
        -0.0019850228562378123,
        -0.00016328602485971537,
        -0.0048527730732144635,
        -0.6001677932717435,
        -0.0031555755237175236,
        0.00010375571298085956,
        -0.00236587533332326,
        0.9238719469408837,
        0.000321220457996994,
        0.5543354270313685,
        -0.0008518338330894631,
        -3.2055236576708253e-06,
        0.3826803182413419,
        -0.0007755046591493389,
        0.2296132504282204,
        0.0020565051358195094,
        -1.335660898412047e-06,
        9.795662726092743e-09,
        -0.5999998253250656,
        3.81340715286305e-09,
        3.712042351084006e-06,
        -8.63441138153804e-09,
        0.793372185546387,
        0.000913906025342975,
        0.4757767813200003,
        -0.003927243489726939,
        -0.00017005379614418875,
        0.6088052746467837,
        -0.0063769284613968465,
        0.36539865690146994,
        -0.006734502164704038,
        6.08530474944844e-05,
        0.004852785016219918,
        -0.6001674884306966,
        0.0031555962550378546,
        0.00010373587820557914,
        0.002365879138141186
      ],
      "first_execution_seconds": 0.052524946000630734,
      "fixture_build_peak_rss_kib": 1121016,
      "fixture_build_seconds": 4.241277758999786,
      "fixture_contract": {
        "certificate": "source-owned VMEC-free coil physics; native/JAX objective parity",
        "expected_initial_observables": {
          "gradient_inf_norm": 0.003746923674450162,
          "objective": 0.13792118300896355
        },
        "final_certificate_fields": {
          "evaluations": 32,
          "final_gradient_inf_norm": 6.411273868571488e-10,
          "final_objective": 0.137862632844302,
          "final_parameters": [
            1.0000024716253515,
            0.9999934701979412,
            0.9914891605772497,
            0.0038629139011204174,
            0.5948009008519579,
            0.007538971708537089,
            -7.722149553664421e-05,
            0.1305086704213539,
            -0.005155368559768006,
            0.078049151276864,
            -0.0019850228562378123,
            -0.00016328602485971537,
            -0.0048527730732144635,
            -0.6001677932717435,
            -0.0031555755237175236,
            0.00010375571298085956,
            -0.00236587533332326,
            0.9238719469408837,
            0.000321220457996994,
            0.5543354270313685,
            -0.0008518338330894631,
            -3.2055236576708253e-06,
            0.3826803182413419,
            -0.0007755046591493389,
            0.2296132504282204,
            0.0020565051358195094,
            -1.335660898412047e-06,
            9.795662726092743e-09,
            -0.5999998253250656,
            3.81340715286305e-09,
            3.712042351084006e-06,
            -8.63441138153804e-09,
            0.793372185546387,
            0.000913906025342975,
            0.4757767813200003,
            -0.003927243489726939,
            -0.00017005379614418875,
            0.6088052746467837,
            -0.0063769284613968465,
            0.36539865690146994,
            -0.006734502164704038,
            6.08530474944844e-05,
            0.004852785016219918,
            -0.6001674884306966,
            0.0031555962550378546,
            0.00010373587820557914,
            0.002365879138141186
          ],
          "iterations": 14,
          "status": 0,
          "stopping_reason": "converged",
          "success": true
        },
        "fixture_metadata": {
          "current_value": 100000.0,
          "curve_count": 3,
          "curve_order": 2,
          "curve_quadpoints": 16,
          "dtype": "float64",
          "fixed_current_index": 0,
          "native_objective_provider": "simsopt.field.BiotSavart + simsopt.objectives.SquaredFlux",
          "objective_definition": "quadratic flux",
          "seed": 0,
          "source_example": "examples/jax/3_Advanced/single_stage_optimization.py",
          "surface_kind": "analytic_surface_rz_fourier",
          "surface_mpol": 1,
          "surface_nfp": 4,
          "surface_ntor": 1,
          "surface_quadpoints": 8,
          "target_max": 0.2,
          "target_min": 0.1
        },
        "generator_path": "benchmarks/fixtures/custom_quasi_newton.py",
        "generator_sha256": "7b8e1543265f8db62a627e5292762b6464a8b6960187857022fc08c6a9785ff2",
        "initial_parameters": [
          1.0,
          1.0,
          0.9914448613738104,
          0.0,
          0.5948669168242862,
          0.0,
          0.0,
          0.13052619222005157,
          0.0,
          0.07831571533203094,
          0.0,
          0.0,
          0.0,
          -0.6,
          0.0,
          0.0,
          0.0,
          0.9238795325112867,
          0.0,
          0.5543277195067721,
          0.0,
          0.0,
          0.3826834323650898,
          0.0,
          0.22961005941905385,
          0.0,
          0.0,
          0.0,
          -0.6,
          0.0,
          0.0,
          0.0,
          0.7933533402912352,
          0.0,
          0.4760120041747411,
          0.0,
          0.0,
          0.6087614290087207,
          0.0,
          0.3652568574052324,
          0.0,
          0.0,
          0.0,
          -0.6,
          0.0,
          0.0,
          0.0
        ],
        "solver_options": {
          "device": "gpu",
          "ftol": 0.0,
          "gtol": 1e-10,
          "intent": "fast",
          "maxcor": 10,
          "maxfun": null,
          "maxiter": 20,
          "maxls": 20,
          "method": "lbfgs"
        },
        "source_path": "examples/jax/3_Advanced/single_stage_optimization.py",
        "source_sha256": "00f2f9b45a2a1c5fc7136952818e19d649f20e141d4e626ed9a8c18e8114287e",
        "tolerances": {
          "gradient_inf_norm_abs": 1e-08,
          "objective_abs": 1e-12,
          "objective_rel": 1e-10,
          "parameters_abs": 1e-10
        }
      },
      "fixture_metadata": [
        [
          "source_example",
          "examples/jax/3_Advanced/single_stage_optimization.py"
        ],
        [
          "surface_kind",
          "analytic_surface_rz_fourier"
        ],
        [
          "surface_nfp",
          4
        ],
        [
          "surface_mpol",
          1
        ],
        [
          "surface_ntor",
          1
        ],
        [
          "surface_quadpoints",
          8
        ],
        [
          "curve_count",
          3
        ],
        [
          "curve_order",
          2
        ],
        [
          "curve_quadpoints",
          16
        ],
        [
          "current_value",
          100000.0
        ],
        [
          "fixed_current_index",
          0
        ],
        [
          "objective_definition",
          "quadratic flux"
        ],
        [
          "native_objective_provider",
          "simsopt.field.BiotSavart + simsopt.objectives.SquaredFlux"
        ],
        [
          "target_min",
          0.1
        ],
        [
          "target_max",
          0.2
        ],
        [
          "dtype",
          "float64"
        ],
        [
          "seed",
          0
        ]
      ],
      "initial_gradient_inf_norm": 0.003746923674450162,
      "initial_objective": 0.13792118300896355,
      "initial_parameters": [
        1.0,
        1.0,
        0.9914448613738104,
        0.0,
        0.5948669168242862,
        0.0,
        0.0,
        0.13052619222005157,
        0.0,
        0.07831571533203094,
        0.0,
        0.0,
        0.0,
        -0.6,
        0.0,
        0.0,
        0.0,
        0.9238795325112867,
        0.0,
        0.5543277195067721,
        0.0,
        0.0,
        0.3826834323650898,
        0.0,
        0.22961005941905385,
        0.0,
        0.0,
        0.0,
        -0.6,
        0.0,
        0.0,
        0.0,
        0.7933533402912352,
        0.0,
        0.4760120041747411,
        0.0,
        0.0,
        0.6087614290087207,
        0.0,
        0.3652568574052324,
        0.0,
        0.0,
        0.0,
        -0.6,
        0.0,
        0.0,
        0.0
      ],
      "inner_success": true,
      "intent": "fast",
      "iterations": 14,
      "maxcor": 10,
      "maxiter": 20,
      "method": "lbfgs",
      "observables_finite": true,
      "parameters_finite": true,
      "peak_rss_kib": 2325452,
      "peak_rss_scope": "self_proc_status_phase_max",
      "peak_vram_mib": 456,
      "phase_rss": [
        {
          "end_rss_kib": 1121016,
          "peak_rss_kib": 1121016,
          "phase": "fixture_build",
          "sample_count": 370,
          "scope": "self_proc_status_poll_10ms",
          "start_rss_kib": 671744
        },
        {
          "end_rss_kib": 2315440,
          "peak_rss_kib": 2325452,
          "phase": "preparation",
          "sample_count": 3303,
          "scope": "self_proc_status_poll_10ms",
          "start_rss_kib": 1306632
        },
        {
          "end_rss_kib": 2315788,
          "peak_rss_kib": 2315788,
          "phase": "cold_solver",
          "sample_count": 7,
          "scope": "self_proc_status_poll_10ms",
          "start_rss_kib": 2315440
        },
        {
          "end_rss_kib": 2315792,
          "peak_rss_kib": 2315792,
          "phase": "warm_solver",
          "sample_count": 5,
          "scope": "self_proc_status_poll_10ms",
          "start_rss_kib": 2315788
        }
      ],
      "preparation_seconds": 37.3663618999999,
      "process_pid": 137321,
      "provider": "custom",
      "ru_maxrss_kib": 2325716,
      "scientific_certification_seconds": 1.4790002751396969e-05,
      "scientific_observables": {},
      "solver_peak_rss_delta_kib": 1018820,
      "solver_peak_rss_kib": 2325452,
      "solver_route": "fused_stepwise",
      "solver_start_rss_kib": 1306632,
      "status": 0,
      "stopping_reason": "converged",
      "success": true,
      "warm_seconds": 0.03844816900164005,
      "warm_transfer_audit": [
        {
          "bytes": 8700,
          "calls": 15,
          "leaves": 15,
          "phase": "final_result"
        }
      ],
      "work_counters": {
        "accepted_iterations": 14,
        "advance_observations": 0,
        "objective_evaluations": 32,
        "transfer_bytes": 8700,
        "transfer_calls": 15,
        "transfer_leaves": 15
      }
    }
  ],
  "method": "lbfgs",
  "numpy_version": "2.4.6",
  "optax_version": "0.2.8",
  "orchestrator_git_clean": true,
  "provider_child": false,
  "provider_child_rss_limit_kib": 8388608,
  "provider_child_term_grace_seconds": 5,
  "provider_child_timeout_seconds": 120,
  "provider_children": [
    {
      "device_identity": {
        "backend": "gpu",
        "compute_capability": "8.0",
        "cuda_version": "PJRT C API\ncuda 12090",
        "device_id": 0,
        "device_kind": "NVIDIA A100-PCIE-40GB",
        "driver_version": "470.256.02",
        "gpu_model": "NVIDIA A100-PCIE-40GB",
        "gpu_uuid": "GPU-250014ca-8cb3-bdcd-ad1d-2f6f64529b8d",
        "hostname": "landau",
        "jax_device": "cuda:0",
        "platform": "gpu",
        "process_index": 0,
        "requested_device": "gpu",
        "scheduler_job_id": null,
        "total_memory_bytes": 42505076736,
        "visible_devices": "GPU-250014ca-8cb3-bdcd-ad1d-2f6f64529b8d"
      },
      "git_clean": true,
      "git_commit": "63638856f195166bbf8453ab52629e4bfdfc6898",
      "gpu_memory_path": "optax/gpu_memory.json",
      "gpu_memory_sha256": "33e458e3301a87ace440c7b678b042250dc1bdf6b2ef79713703d20074f6c2f5",
      "measurement_count": 1,
      "measurements_path": "optax/measurements.json",
      "measurements_sha256": "f106fc972a6819c0737352b4fc8e05a908a4ef835e84a4a3283e5bcc180a4c3e",
      "method": "lbfgs",
      "provider": "optax",
      "requested_device": "gpu",
      "runtime_environment": {
        "JAX_ENABLE_X64": "true",
        "JAX_PLATFORMS": "cuda",
        "SIMSOPT_BACKEND_MODE": "jax_gpu_fast",
        "SIMSOPT_BACKEND_STRICT": "1",
        "SIMSOPT_PRECISION": "fp64",
        "XLA_PYTHON_CLIENT_ALLOCATOR": "platform",
        "XLA_PYTHON_CLIENT_MEM_FRACTION": null,
        "XLA_PYTHON_CLIENT_PREALLOCATE": "false"
      }
    },
    {
      "device_identity": {
        "backend": "gpu",
        "compute_capability": "8.0",
        "cuda_version": "PJRT C API\ncuda 12090",
        "device_id": 0,
        "device_kind": "NVIDIA A100-PCIE-40GB",
        "driver_version": "470.256.02",
        "gpu_model": "NVIDIA A100-PCIE-40GB",
        "gpu_uuid": "GPU-250014ca-8cb3-bdcd-ad1d-2f6f64529b8d",
        "hostname": "landau",
        "jax_device": "cuda:0",
        "platform": "gpu",
        "process_index": 0,
        "requested_device": "gpu",
        "scheduler_job_id": null,
        "total_memory_bytes": 42505076736,
        "visible_devices": "GPU-250014ca-8cb3-bdcd-ad1d-2f6f64529b8d"
      },
      "git_clean": true,
      "git_commit": "63638856f195166bbf8453ab52629e4bfdfc6898",
      "gpu_memory_path": "custom/gpu_memory.json",
      "gpu_memory_sha256": "c8c00aae0583c4e64b28a18188ac2d2b4dc82b4b88988a437c32a00f8395708e",
      "measurement_count": 1,
      "measurements_path": "custom/measurements.json",
      "measurements_sha256": "f1b621473964ffea1487ec4215de82b621563d8a7f8be12873b9cb1c31f4b8a0",
      "method": "lbfgs",
      "provider": "custom",
      "requested_device": "gpu",
      "runtime_environment": {
        "JAX_ENABLE_X64": "true",
        "JAX_PLATFORMS": "cuda",
        "SIMSOPT_BACKEND_MODE": "jax_gpu_fast",
        "SIMSOPT_BACKEND_STRICT": "1",
        "SIMSOPT_PRECISION": "fp64",
        "XLA_PYTHON_CLIENT_ALLOCATOR": "platform",
        "XLA_PYTHON_CLIENT_MEM_FRACTION": null,
        "XLA_PYTHON_CLIENT_PREALLOCATE": "false"
      }
    }
  ],
  "python_version": "3.11.15",
  "requested_device": "gpu",
  "runtime_environment": {
    "JAX_ENABLE_X64": "true",
    "JAX_PLATFORMS": "cuda",
    "SIMSOPT_BACKEND_MODE": "jax_gpu_fast",
    "SIMSOPT_BACKEND_STRICT": "1",
    "SIMSOPT_PRECISION": "fp64",
    "XLA_PYTHON_CLIENT_ALLOCATOR": "platform",
    "XLA_PYTHON_CLIENT_MEM_FRACTION": null,
    "XLA_PYTHON_CLIENT_PREALLOCATE": "false"
  },
  "schema_version": 9,
  "scipy_version": "1.17.1"
}
