{
  "argv": [
    "benchmarks/custom_quasi_newton_runtime.py",
    "--device",
    "gpu",
    "--intent",
    "fast",
    "--providers",
    "optax,custom",
    "--cases",
    "coil47",
    "--method",
    "lbfgs",
    "--maxiter",
    "20",
    "--output",
    "/mnt/homes_global/jdsuh/qn-a100/artifacts/coil47-fused-optax-a100-contended/round-3"
  ],
  "backend": "gpu",
  "device_identity": {
    "backend": "gpu",
    "compute_capability": "8.0",
    "cuda_version": "PJRT C API\ncuda 12090",
    "device_id": 0,
    "device_kind": "NVIDIA A100-PCIE-40GB",
    "driver_version": "470.256.02",
    "gpu_model": "NVIDIA A100-PCIE-40GB",
    "gpu_uuid": "GPU-250014ca-8cb3-bdcd-ad1d-2f6f64529b8d",
    "hostname": "landau",
    "jax_device": "cuda:0",
    "platform": "gpu",
    "process_index": 0,
    "requested_device": "gpu",
    "scheduler_job_id": null,
    "total_memory_bytes": 42505076736,
    "visible_devices": "GPU-250014ca-8cb3-bdcd-ad1d-2f6f64529b8d"
  },
  "devices": [
    "cuda:0"
  ],
  "git_clean": true,
  "git_commit": "55745feaf939bb5b0c40fa85493e72ec506ac41a",
  "jax_version": "0.10.0",
  "jaxlib_version": "0.10.0",
  "measurements": [
    {
      "algorithm_memory_contract": null,
      "case": "coil47",
      "certificate": "source-owned VMEC-free coil physics; native/JAX objective parity",
      "cold_seconds": 8.895174978999421,
      "constraint_norm": null,
      "device": "gpu",
      "device_identity": {
        "backend": "gpu",
        "compute_capability": "8.0",
        "cuda_version": "PJRT C API\ncuda 12090",
        "device_id": 0,
        "device_kind": "NVIDIA A100-PCIE-40GB",
        "driver_version": "470.256.02",
        "gpu_model": "NVIDIA A100-PCIE-40GB",
        "gpu_uuid": "GPU-250014ca-8cb3-bdcd-ad1d-2f6f64529b8d",
        "hostname": "landau",
        "jax_device": "cuda:0",
        "platform": "gpu",
        "process_index": 0,
        "requested_device": "gpu",
        "scheduler_job_id": null,
        "total_memory_bytes": 42505076736,
        "visible_devices": "GPU-250014ca-8cb3-bdcd-ad1d-2f6f64529b8d"
      },
      "diagnostic_artifacts": {
        "memory_trace": "gpu_memory.json",
        "trial_trace": null
      },
      "dimension": 47,
      "endpoint_certificate": {
        "constraints_satisfied": true,
        "initial_stationary": false,
        "stopping_reason": "converged",
        "success": true,
        "terminal_stationary": true
      },
      "evaluations": null,
      "final_gradient_inf_norm": 1.815683204915014e-11,
      "final_objective": 0.13786263284430206,
      "final_parameters": [
        1.0000013846254774,
        1.0000261917923243,
        0.9914342927502291,
        0.003857781630124665,
        0.5947624824555504,
        0.007530702242724888,
        -7.780145027126244e-05,
        0.1303766403106382,
        -0.005148727489040782,
        0.07799572250295456,
        -0.0019781884901173595,
        -0.00014920135176132776,
        -0.0048484284457838075,
        -0.6000609290271179,
        -0.0031518007850068735,
        0.0001574936048181111,
        -0.0023621537266983075,
        0.9238758394984014,
        0.0003209619542305768,
        0.5543318992743558,
        -0.0008504193116475919,
        -2.892218566806508e-06,
        0.3826819839765157,
        -0.0007749075709397186,
        0.2296117418670183,
        0.002053312257511863,
        -1.2026324301715134e-06,
        -2.3478797091582227e-08,
        -0.5999991523387485,
        1.406807651764151e-08,
        -1.0164748533713387e-07,
        -6.045242730589481e-08,
        0.7932401118512251,
        0.0009128067508909646,
        0.4757117733567867,
        -0.003926186634944545,
        -0.00016042063849045982,
        0.6088598791274891,
        -0.0063684350684023745,
        0.3654091237030706,
        -0.006723611570917942,
        5.038223775670332e-05,
        0.0048482939127166376,
        -0.6000608913317174,
        0.0031517461693203962,
        0.00015744369636564974,
        0.0023621438339008643
      ],
      "first_execution_seconds": 0.6090452599983109,
      "fixture_build_peak_rss_kib": 1119188,
      "fixture_build_seconds": 4.291316507000374,
      "fixture_contract": {
        "certificate": "source-owned VMEC-free coil physics; native/JAX objective parity",
        "expected_initial_observables": {
          "gradient_inf_norm": 0.003746923674450162,
          "objective": 0.13792118300896355
        },
        "final_certificate_fields": {
          "evaluations": null,
          "final_gradient_inf_norm": 1.815683204915014e-11,
          "final_objective": 0.13786263284430206,
          "final_parameters": [
            1.0000013846254774,
            1.0000261917923243,
            0.9914342927502291,
            0.003857781630124665,
            0.5947624824555504,
            0.007530702242724888,
            -7.780145027126244e-05,
            0.1303766403106382,
            -0.005148727489040782,
            0.07799572250295456,
            -0.0019781884901173595,
            -0.00014920135176132776,
            -0.0048484284457838075,
            -0.6000609290271179,
            -0.0031518007850068735,
            0.0001574936048181111,
            -0.0023621537266983075,
            0.9238758394984014,
            0.0003209619542305768,
            0.5543318992743558,
            -0.0008504193116475919,
            -2.892218566806508e-06,
            0.3826819839765157,
            -0.0007749075709397186,
            0.2296117418670183,
            0.002053312257511863,
            -1.2026324301715134e-06,
            -2.3478797091582227e-08,
            -0.5999991523387485,
            1.406807651764151e-08,
            -1.0164748533713387e-07,
            -6.045242730589481e-08,
            0.7932401118512251,
            0.0009128067508909646,
            0.4757117733567867,
            -0.003926186634944545,
            -0.00016042063849045982,
            0.6088598791274891,
            -0.0063684350684023745,
            0.3654091237030706,
            -0.006723611570917942,
            5.038223775670332e-05,
            0.0048482939127166376,
            -0.6000608913317174,
            0.0031517461693203962,
            0.00015744369636564974,
            0.0023621438339008643
          ],
          "iterations": 15,
          "status": 0,
          "stopping_reason": "converged",
          "success": true
        },
        "fixture_metadata": {
          "current_value": 100000.0,
          "curve_count": 3,
          "curve_order": 2,
          "curve_quadpoints": 16,
          "dtype": "float64",
          "fixed_current_index": 0,
          "native_objective_provider": "simsopt.field.BiotSavart + simsopt.objectives.SquaredFlux",
          "objective_definition": "quadratic flux",
          "seed": 0,
          "source_example": "examples/jax/3_Advanced/single_stage_optimization.py",
          "surface_kind": "analytic_surface_rz_fourier",
          "surface_mpol": 1,
          "surface_nfp": 4,
          "surface_ntor": 1,
          "surface_quadpoints": 8,
          "target_max": 0.2,
          "target_min": 0.1
        },
        "generator_path": "benchmarks/fixtures/custom_quasi_newton.py",
        "generator_sha256": "7b8e1543265f8db62a627e5292762b6464a8b6960187857022fc08c6a9785ff2",
        "initial_parameters": [
          1.0,
          1.0,
          0.9914448613738104,
          0.0,
          0.5948669168242862,
          0.0,
          0.0,
          0.13052619222005157,
          0.0,
          0.07831571533203094,
          0.0,
          0.0,
          0.0,
          -0.6,
          0.0,
          0.0,
          0.0,
          0.9238795325112867,
          0.0,
          0.5543277195067721,
          0.0,
          0.0,
          0.3826834323650898,
          0.0,
          0.22961005941905385,
          0.0,
          0.0,
          0.0,
          -0.6,
          0.0,
          0.0,
          0.0,
          0.7933533402912352,
          0.0,
          0.4760120041747411,
          0.0,
          0.0,
          0.6087614290087207,
          0.0,
          0.3652568574052324,
          0.0,
          0.0,
          0.0,
          -0.6,
          0.0,
          0.0,
          0.0
        ],
        "solver_options": {
          "device": "gpu",
          "ftol": 0.0,
          "gtol": 1e-10,
          "intent": "fast",
          "maxcor": 10,
          "maxfun": null,
          "maxiter": 20,
          "maxls": 20,
          "method": "lbfgs"
        },
        "source_path": "examples/jax/3_Advanced/single_stage_optimization.py",
        "source_sha256": "00f2f9b45a2a1c5fc7136952818e19d649f20e141d4e626ed9a8c18e8114287e",
        "tolerances": {
          "gradient_inf_norm_abs": 1e-08,
          "objective_abs": 1e-12,
          "objective_rel": 1e-10,
          "parameters_abs": 1e-10
        }
      },
      "fixture_metadata": [
        [
          "source_example",
          "examples/jax/3_Advanced/single_stage_optimization.py"
        ],
        [
          "surface_kind",
          "analytic_surface_rz_fourier"
        ],
        [
          "surface_nfp",
          4
        ],
        [
          "surface_mpol",
          1
        ],
        [
          "surface_ntor",
          1
        ],
        [
          "surface_quadpoints",
          8
        ],
        [
          "curve_count",
          3
        ],
        [
          "curve_order",
          2
        ],
        [
          "curve_quadpoints",
          16
        ],
        [
          "current_value",
          100000.0
        ],
        [
          "fixed_current_index",
          0
        ],
        [
          "objective_definition",
          "quadratic flux"
        ],
        [
          "native_objective_provider",
          "simsopt.field.BiotSavart + simsopt.objectives.SquaredFlux"
        ],
        [
          "target_min",
          0.1
        ],
        [
          "target_max",
          0.2
        ],
        [
          "dtype",
          "float64"
        ],
        [
          "seed",
          0
        ]
      ],
      "initial_gradient_inf_norm": 0.003746923674450162,
      "initial_objective": 0.13792118300896355,
      "initial_parameters": [
        1.0,
        1.0,
        0.9914448613738104,
        0.0,
        0.5948669168242862,
        0.0,
        0.0,
        0.13052619222005157,
        0.0,
        0.07831571533203094,
        0.0,
        0.0,
        0.0,
        -0.6,
        0.0,
        0.0,
        0.0,
        0.9238795325112867,
        0.0,
        0.5543277195067721,
        0.0,
        0.0,
        0.3826834323650898,
        0.0,
        0.22961005941905385,
        0.0,
        0.0,
        0.0,
        -0.6,
        0.0,
        0.0,
        0.0,
        0.7933533402912352,
        0.0,
        0.4760120041747411,
        0.0,
        0.0,
        0.6087614290087207,
        0.0,
        0.3652568574052324,
        0.0,
        0.0,
        0.0,
        -0.6,
        0.0,
        0.0,
        0.0
      ],
      "inner_success": true,
      "intent": "fast",
      "iterations": 15,
      "maxcor": 10,
      "maxiter": 20,
      "method": "lbfgs",
      "observables_finite": true,
      "parameters_finite": true,
      "peak_rss_kib": 1501168,
      "peak_rss_scope": "self_proc_status_phase_max",
      "peak_vram_mib": 742,
      "phase_rss": [
        {
          "end_rss_kib": 1119188,
          "peak_rss_kib": 1119188,
          "phase": "fixture_build",
          "sample_count": 370,
          "scope": "self_proc_status_poll_10ms",
          "start_rss_kib": 671200
        },
        {
          "end_rss_kib": 1500920,
          "peak_rss_kib": 1500940,
          "phase": "preparation",
          "sample_count": 737,
          "scope": "self_proc_status_poll_10ms",
          "start_rss_kib": 1301204
        },
        {
          "end_rss_kib": 1501168,
          "peak_rss_kib": 1501168,
          "phase": "cold_solver",
          "sample_count": 58,
          "scope": "self_proc_status_poll_10ms",
          "start_rss_kib": 1500920
        },
        {
          "end_rss_kib": 1501168,
          "peak_rss_kib": 1501168,
          "phase": "warm_solver",
          "sample_count": 9,
          "scope": "self_proc_status_poll_10ms",
          "start_rss_kib": 1501168
        }
      ],
      "preparation_seconds": 8.28612971900111,
      "process_pid": 34622,
      "provider": "optax",
      "ru_maxrss_kib": 1501176,
      "scientific_certification_seconds": 9.299999874201603e-06,
      "scientific_observables": {},
      "solver_peak_rss_delta_kib": 199736,
      "solver_peak_rss_kib": 1501168,
      "solver_route": "optax_lbfgs",
      "solver_start_rss_kib": 1301204,
      "status": 0,
      "stopping_reason": "converged",
      "success": true,
      "warm_seconds": 0.0730981709984917,
      "warm_transfer_audit": [],
      "work_counters": {
        "accepted_iterations": 15,
        "advance_observations": 0,
        "objective_evaluations": null,
        "transfer_bytes": 0,
        "transfer_calls": 0,
        "transfer_leaves": 0
      }
    },
    {
      "algorithm_memory_contract": null,
      "case": "coil47",
      "certificate": "source-owned VMEC-free coil physics; native/JAX objective parity",
      "cold_seconds": 33.17865178200191,
      "constraint_norm": null,
      "device": "gpu",
      "device_identity": {
        "backend": "gpu",
        "compute_capability": "8.0",
        "cuda_version": "PJRT C API\ncuda 12090",
        "device_id": 0,
        "device_kind": "NVIDIA A100-PCIE-40GB",
        "driver_version": "470.256.02",
        "gpu_model": "NVIDIA A100-PCIE-40GB",
        "gpu_uuid": "GPU-250014ca-8cb3-bdcd-ad1d-2f6f64529b8d",
        "hostname": "landau",
        "jax_device": "cuda:0",
        "platform": "gpu",
        "process_index": 0,
        "requested_device": "gpu",
        "scheduler_job_id": null,
        "total_memory_bytes": 42505076736,
        "visible_devices": "GPU-250014ca-8cb3-bdcd-ad1d-2f6f64529b8d"
      },
      "diagnostic_artifacts": {
        "memory_trace": "gpu_memory.json",
        "trial_trace": null
      },
      "dimension": 47,
      "endpoint_certificate": {
        "constraints_satisfied": true,
        "initial_stationary": false,
        "stopping_reason": "converged",
        "success": true,
        "terminal_stationary": true
      },
      "evaluations": 19,
      "final_gradient_inf_norm": 7.941252591495487e-10,
      "final_objective": 0.137862632844302,
      "final_parameters": [
        1.0000024716251228,
        0.9999934702627633,
        0.9914891606542258,
        0.003862912859695514,
        0.5948009010631862,
        0.00753896713712787,
        -7.722140094482913e-05,
        0.13050867039319436,
        -0.0051553696421521664,
        0.07804915160292693,
        -0.0019850230809912925,
        -0.00016328590256094798,
        -0.0048527732897128955,
        -0.6001677933180498,
        -0.00315557435082358,
        0.00010375558925557523,
        -0.0023658705525786594,
        0.9238719469184238,
        0.0003212213670546426,
        0.5543354270524453,
        -0.0008518371215462809,
        -3.2055310520981093e-06,
        0.3826803182931954,
        -0.0007755043837806879,
        0.22961325037592265,
        0.0020565039366263944,
        -1.3356361806971796e-06,
        9.710191571386668e-09,
        -0.5999998253273174,
        2.867388164387169e-09,
        3.712046261982342e-06,
        -5.050277607205994e-09,
        0.7933721853978719,
        0.0009139049230017176,
        0.47577678084830877,
        -0.00392724752852155,
        -0.00017005395375092034,
        0.6088052745926129,
        -0.006376929186682102,
        0.3653986569879127,
        -0.006734505458343141,
        6.085306464408607e-05,
        0.004852785358320512,
        -0.6001674883391576,
        0.0031555975696214117,
        0.00010373606426097322,
        0.002365884007709391
      ],
      "first_execution_seconds": 0.10120465900035924,
      "fixture_build_peak_rss_kib": 1115848,
      "fixture_build_seconds": 4.490619756999877,
      "fixture_contract": {
        "certificate": "source-owned VMEC-free coil physics; native/JAX objective parity",
        "expected_initial_observables": {
          "gradient_inf_norm": 0.003746923674450169,
          "objective": 0.13792118300896355
        },
        "final_certificate_fields": {
          "evaluations": 19,
          "final_gradient_inf_norm": 7.941252591495487e-10,
          "final_objective": 0.137862632844302,
          "final_parameters": [
            1.0000024716251228,
            0.9999934702627633,
            0.9914891606542258,
            0.003862912859695514,
            0.5948009010631862,
            0.00753896713712787,
            -7.722140094482913e-05,
            0.13050867039319436,
            -0.0051553696421521664,
            0.07804915160292693,
            -0.0019850230809912925,
            -0.00016328590256094798,
            -0.0048527732897128955,
            -0.6001677933180498,
            -0.00315557435082358,
            0.00010375558925557523,
            -0.0023658705525786594,
            0.9238719469184238,
            0.0003212213670546426,
            0.5543354270524453,
            -0.0008518371215462809,
            -3.2055310520981093e-06,
            0.3826803182931954,
            -0.0007755043837806879,
            0.22961325037592265,
            0.0020565039366263944,
            -1.3356361806971796e-06,
            9.710191571386668e-09,
            -0.5999998253273174,
            2.867388164387169e-09,
            3.712046261982342e-06,
            -5.050277607205994e-09,
            0.7933721853978719,
            0.0009139049230017176,
            0.47577678084830877,
            -0.00392724752852155,
            -0.00017005395375092034,
            0.6088052745926129,
            -0.006376929186682102,
            0.3653986569879127,
            -0.006734505458343141,
            6.085306464408607e-05,
            0.004852785358320512,
            -0.6001674883391576,
            0.0031555975696214117,
            0.00010373606426097322,
            0.002365884007709391
          ],
          "iterations": 14,
          "status": 0,
          "stopping_reason": "converged",
          "success": true
        },
        "fixture_metadata": {
          "current_value": 100000.0,
          "curve_count": 3,
          "curve_order": 2,
          "curve_quadpoints": 16,
          "dtype": "float64",
          "fixed_current_index": 0,
          "native_objective_provider": "simsopt.field.BiotSavart + simsopt.objectives.SquaredFlux",
          "objective_definition": "quadratic flux",
          "seed": 0,
          "source_example": "examples/jax/3_Advanced/single_stage_optimization.py",
          "surface_kind": "analytic_surface_rz_fourier",
          "surface_mpol": 1,
          "surface_nfp": 4,
          "surface_ntor": 1,
          "surface_quadpoints": 8,
          "target_max": 0.2,
          "target_min": 0.1
        },
        "generator_path": "benchmarks/fixtures/custom_quasi_newton.py",
        "generator_sha256": "7b8e1543265f8db62a627e5292762b6464a8b6960187857022fc08c6a9785ff2",
        "initial_parameters": [
          1.0,
          1.0,
          0.9914448613738104,
          0.0,
          0.5948669168242862,
          0.0,
          0.0,
          0.13052619222005157,
          0.0,
          0.07831571533203094,
          0.0,
          0.0,
          0.0,
          -0.6,
          0.0,
          0.0,
          0.0,
          0.9238795325112867,
          0.0,
          0.5543277195067721,
          0.0,
          0.0,
          0.3826834323650898,
          0.0,
          0.22961005941905385,
          0.0,
          0.0,
          0.0,
          -0.6,
          0.0,
          0.0,
          0.0,
          0.7933533402912352,
          0.0,
          0.4760120041747411,
          0.0,
          0.0,
          0.6087614290087207,
          0.0,
          0.3652568574052324,
          0.0,
          0.0,
          0.0,
          -0.6,
          0.0,
          0.0,
          0.0
        ],
        "solver_options": {
          "device": "gpu",
          "ftol": 0.0,
          "gtol": 1e-10,
          "intent": "fast",
          "maxcor": 10,
          "maxfun": null,
          "maxiter": 20,
          "maxls": 20,
          "method": "lbfgs"
        },
        "source_path": "examples/jax/3_Advanced/single_stage_optimization.py",
        "source_sha256": "00f2f9b45a2a1c5fc7136952818e19d649f20e141d4e626ed9a8c18e8114287e",
        "tolerances": {
          "gradient_inf_norm_abs": 1e-08,
          "objective_abs": 1e-12,
          "objective_rel": 1e-10,
          "parameters_abs": 1e-10
        }
      },
      "fixture_metadata": [
        [
          "source_example",
          "examples/jax/3_Advanced/single_stage_optimization.py"
        ],
        [
          "surface_kind",
          "analytic_surface_rz_fourier"
        ],
        [
          "surface_nfp",
          4
        ],
        [
          "surface_mpol",
          1
        ],
        [
          "surface_ntor",
          1
        ],
        [
          "surface_quadpoints",
          8
        ],
        [
          "curve_count",
          3
        ],
        [
          "curve_order",
          2
        ],
        [
          "curve_quadpoints",
          16
        ],
        [
          "current_value",
          100000.0
        ],
        [
          "fixed_current_index",
          0
        ],
        [
          "objective_definition",
          "quadratic flux"
        ],
        [
          "native_objective_provider",
          "simsopt.field.BiotSavart + simsopt.objectives.SquaredFlux"
        ],
        [
          "target_min",
          0.1
        ],
        [
          "target_max",
          0.2
        ],
        [
          "dtype",
          "float64"
        ],
        [
          "seed",
          0
        ]
      ],
      "initial_gradient_inf_norm": 0.003746923674450169,
      "initial_objective": 0.13792118300896355,
      "initial_parameters": [
        1.0,
        1.0,
        0.9914448613738104,
        0.0,
        0.5948669168242862,
        0.0,
        0.0,
        0.13052619222005157,
        0.0,
        0.07831571533203094,
        0.0,
        0.0,
        0.0,
        -0.6,
        0.0,
        0.0,
        0.0,
        0.9238795325112867,
        0.0,
        0.5543277195067721,
        0.0,
        0.0,
        0.3826834323650898,
        0.0,
        0.22961005941905385,
        0.0,
        0.0,
        0.0,
        -0.6,
        0.0,
        0.0,
        0.0,
        0.7933533402912352,
        0.0,
        0.4760120041747411,
        0.0,
        0.0,
        0.6087614290087207,
        0.0,
        0.3652568574052324,
        0.0,
        0.0,
        0.0,
        -0.6,
        0.0,
        0.0,
        0.0
      ],
      "inner_success": true,
      "intent": "fast",
      "iterations": 14,
      "maxcor": 10,
      "maxiter": 20,
      "method": "lbfgs",
      "observables_finite": true,
      "parameters_finite": true,
      "peak_rss_kib": 2219300,
      "peak_rss_scope": "self_proc_status_phase_max",
      "peak_vram_mib": 478,
      "phase_rss": [
        {
          "end_rss_kib": 1115848,
          "peak_rss_kib": 1115848,
          "phase": "fixture_build",
          "sample_count": 371,
          "scope": "self_proc_status_poll_10ms",
          "start_rss_kib": 671408
        },
        {
          "end_rss_kib": 2218852,
          "peak_rss_kib": 2218864,
          "phase": "preparation",
          "sample_count": 2900,
          "scope": "self_proc_status_poll_10ms",
          "start_rss_kib": 1316300
        },
        {
          "end_rss_kib": 2219096,
          "peak_rss_kib": 2219096,
          "phase": "cold_solver",
          "sample_count": 11,
          "scope": "self_proc_status_poll_10ms",
          "start_rss_kib": 2218852
        },
        {
          "end_rss_kib": 2219300,
          "peak_rss_kib": 2219300,
          "phase": "warm_solver",
          "sample_count": 10,
          "scope": "self_proc_status_poll_10ms",
          "start_rss_kib": 2219096
        }
      ],
      "preparation_seconds": 33.07744712300155,
      "process_pid": 35495,
      "provider": "custom",
      "ru_maxrss_kib": 2226728,
      "scientific_certification_seconds": 1.269000131287612e-05,
      "scientific_observables": {},
      "solver_peak_rss_delta_kib": 902564,
      "solver_peak_rss_kib": 2219300,
      "solver_route": "fused_stepwise",
      "solver_start_rss_kib": 1316288,
      "status": 0,
      "stopping_reason": "converged",
      "success": true,
      "warm_seconds": 0.0866703649990086,
      "warm_transfer_audit": [
        {
          "bytes": 8700,
          "calls": 15,
          "leaves": 15,
          "phase": "final_result"
        }
      ],
      "work_counters": {
        "accepted_iterations": 14,
        "advance_observations": 0,
        "objective_evaluations": 19,
        "transfer_bytes": 8700,
        "transfer_calls": 15,
        "transfer_leaves": 15
      }
    }
  ],
  "method": "lbfgs",
  "numpy_version": "2.4.6",
  "optax_version": "0.2.8",
  "orchestrator_git_clean": true,
  "provider_child": false,
  "provider_child_rss_limit_kib": 8388608,
  "provider_child_term_grace_seconds": 5,
  "provider_child_timeout_seconds": 120,
  "provider_children": [
    {
      "device_identity": {
        "backend": "gpu",
        "compute_capability": "8.0",
        "cuda_version": "PJRT C API\ncuda 12090",
        "device_id": 0,
        "device_kind": "NVIDIA A100-PCIE-40GB",
        "driver_version": "470.256.02",
        "gpu_model": "NVIDIA A100-PCIE-40GB",
        "gpu_uuid": "GPU-250014ca-8cb3-bdcd-ad1d-2f6f64529b8d",
        "hostname": "landau",
        "jax_device": "cuda:0",
        "platform": "gpu",
        "process_index": 0,
        "requested_device": "gpu",
        "scheduler_job_id": null,
        "total_memory_bytes": 42505076736,
        "visible_devices": "GPU-250014ca-8cb3-bdcd-ad1d-2f6f64529b8d"
      },
      "git_clean": true,
      "git_commit": "55745feaf939bb5b0c40fa85493e72ec506ac41a",
      "gpu_memory_path": "optax/gpu_memory.json",
      "gpu_memory_sha256": "e3e9110a063b08c584c2f4a1337843604438833860fd78f399a074ee0fbaf093",
      "measurement_count": 1,
      "measurements_path": "optax/measurements.json",
      "measurements_sha256": "3970f5e4768a632afd9999b6319655b797e04a6f18b063218bd245ddf2639f02",
      "method": "lbfgs",
      "provider": "optax",
      "requested_device": "gpu",
      "runtime_environment": {
        "JAX_ENABLE_X64": "true",
        "JAX_PLATFORMS": "cuda",
        "SIMSOPT_BACKEND_MODE": "jax_gpu_fast",
        "SIMSOPT_BACKEND_STRICT": "1",
        "SIMSOPT_PRECISION": "fp64",
        "XLA_PYTHON_CLIENT_ALLOCATOR": "platform",
        "XLA_PYTHON_CLIENT_MEM_FRACTION": null,
        "XLA_PYTHON_CLIENT_PREALLOCATE": "false"
      }
    },
    {
      "device_identity": {
        "backend": "gpu",
        "compute_capability": "8.0",
        "cuda_version": "PJRT C API\ncuda 12090",
        "device_id": 0,
        "device_kind": "NVIDIA A100-PCIE-40GB",
        "driver_version": "470.256.02",
        "gpu_model": "NVIDIA A100-PCIE-40GB",
        "gpu_uuid": "GPU-250014ca-8cb3-bdcd-ad1d-2f6f64529b8d",
        "hostname": "landau",
        "jax_device": "cuda:0",
        "platform": "gpu",
        "process_index": 0,
        "requested_device": "gpu",
        "scheduler_job_id": null,
        "total_memory_bytes": 42505076736,
        "visible_devices": "GPU-250014ca-8cb3-bdcd-ad1d-2f6f64529b8d"
      },
      "git_clean": true,
      "git_commit": "55745feaf939bb5b0c40fa85493e72ec506ac41a",
      "gpu_memory_path": "custom/gpu_memory.json",
      "gpu_memory_sha256": "55b82aaf0fb1b57acc9b99b1772a1907e46b908ffce51ce7c6fd770f58820abc",
      "measurement_count": 1,
      "measurements_path": "custom/measurements.json",
      "measurements_sha256": "90419f32bb61fb01a8c6fc2021c66da654551d2adaba6f16108e2eee37e53ef4",
      "method": "lbfgs",
      "provider": "custom",
      "requested_device": "gpu",
      "runtime_environment": {
        "JAX_ENABLE_X64": "true",
        "JAX_PLATFORMS": "cuda",
        "SIMSOPT_BACKEND_MODE": "jax_gpu_fast",
        "SIMSOPT_BACKEND_STRICT": "1",
        "SIMSOPT_PRECISION": "fp64",
        "XLA_PYTHON_CLIENT_ALLOCATOR": "platform",
        "XLA_PYTHON_CLIENT_MEM_FRACTION": null,
        "XLA_PYTHON_CLIENT_PREALLOCATE": "false"
      }
    }
  ],
  "python_version": "3.11.15",
  "requested_device": "gpu",
  "runtime_environment": {
    "JAX_ENABLE_X64": "true",
    "JAX_PLATFORMS": "cuda",
    "SIMSOPT_BACKEND_MODE": "jax_gpu_fast",
    "SIMSOPT_BACKEND_STRICT": "1",
    "SIMSOPT_PRECISION": "fp64",
    "XLA_PYTHON_CLIENT_ALLOCATOR": "platform",
    "XLA_PYTHON_CLIENT_MEM_FRACTION": null,
    "XLA_PYTHON_CLIENT_PREALLOCATE": "false"
  },
  "schema_version": 9,
  "scipy_version": "1.17.1"
}
