{
  "argv": [
    "benchmarks/custom_quasi_newton_runtime.py",
    "--device",
    "gpu",
    "--intent",
    "fast",
    "--providers",
    "custom,optax",
    "--cases",
    "coil47",
    "--method",
    "lbfgs",
    "--maxiter",
    "20",
    "--output",
    "/mnt/homes_global/jdsuh/qn-a100/artifacts/coil47-fused-optax-a100-qualification/round-4"
  ],
  "backend": "gpu",
  "device_identity": {
    "backend": "gpu",
    "compute_capability": "8.0",
    "cuda_version": "PJRT C API\ncuda 12090",
    "device_id": 0,
    "device_kind": "NVIDIA A100-PCIE-40GB",
    "driver_version": "470.256.02",
    "gpu_model": "NVIDIA A100-PCIE-40GB",
    "gpu_uuid": "GPU-250014ca-8cb3-bdcd-ad1d-2f6f64529b8d",
    "hostname": "landau",
    "jax_device": "cuda:0",
    "platform": "gpu",
    "process_index": 0,
    "requested_device": "gpu",
    "scheduler_job_id": null,
    "total_memory_bytes": 42505076736,
    "visible_devices": "GPU-250014ca-8cb3-bdcd-ad1d-2f6f64529b8d"
  },
  "devices": [
    "cuda:0"
  ],
  "git_clean": true,
  "git_commit": "55745feaf939bb5b0c40fa85493e72ec506ac41a",
  "jax_version": "0.10.0",
  "jaxlib_version": "0.10.0",
  "measurements": [
    {
      "algorithm_memory_contract": null,
      "case": "coil47",
      "certificate": "source-owned VMEC-free coil physics; native/JAX objective parity",
      "cold_seconds": 30.8797605689997,
      "constraint_norm": null,
      "device": "gpu",
      "device_identity": {
        "backend": "gpu",
        "compute_capability": "8.0",
        "cuda_version": "PJRT C API\ncuda 12090",
        "device_id": 0,
        "device_kind": "NVIDIA A100-PCIE-40GB",
        "driver_version": "470.256.02",
        "gpu_model": "NVIDIA A100-PCIE-40GB",
        "gpu_uuid": "GPU-250014ca-8cb3-bdcd-ad1d-2f6f64529b8d",
        "hostname": "landau",
        "jax_device": "cuda:0",
        "platform": "gpu",
        "process_index": 0,
        "requested_device": "gpu",
        "scheduler_job_id": null,
        "total_memory_bytes": 42505076736,
        "visible_devices": "GPU-250014ca-8cb3-bdcd-ad1d-2f6f64529b8d"
      },
      "diagnostic_artifacts": {
        "memory_trace": "gpu_memory.json",
        "trial_trace": null
      },
      "dimension": 47,
      "endpoint_certificate": {
        "constraints_satisfied": true,
        "initial_stationary": false,
        "stopping_reason": "converged",
        "success": true,
        "terminal_stationary": true
      },
      "evaluations": 15,
      "final_gradient_inf_norm": 5.874340899239723e-10,
      "final_objective": 0.13786263284430206,
      "final_parameters": [
        1.000002471625609,
        0.9999934701767148,
        0.9914891605908432,
        0.003862914021410134,
        0.5948009008343285,
        0.007538972433228803,
        -7.722151423038982e-05,
        0.13050867046688702,
        -0.00515536796954978,
        0.07804915123490566,
        -0.001985022886181037,
        -0.00016328605277686386,
        -0.0048527727556650305,
        -0.6001677932857691,
        -0.00315557572007926,
        0.00010375571309369845,
        -0.0023658763660854795,
        0.9238719469458309,
        0.0003212202613893124,
        0.5543354270277175,
        -0.0008518331737640259,
        -3.205523918773462e-06,
        0.3826803182315008,
        -0.0007755046668864373,
        0.22961325043873584,
        0.002056505300293588,
        -1.335666747835367e-06,
        9.891015025913465e-09,
        -0.5999998253231018,
        3.998163218456038e-09,
        3.7120387936891793e-06,
        -9.402164091673874e-09,
        0.7933721856173235,
        0.0009139061690895004,
        0.47577678144508634,
        -0.00392724253330949,
        -0.00017005376306156972,
        0.6088052746519286,
        -0.006376928166945771,
        0.36539865688425777,
        -0.006734501468057443,
        6.085304521558159e-05,
        0.004852784850372085,
        -0.6001674884651752,
        0.0031555959622229456,
        0.0001037358189924217,
        0.0023658781207502944
      ],
      "first_execution_seconds": 0.09911465200002567,
      "fixture_build_peak_rss_kib": 1121660,
      "fixture_build_seconds": 4.469316964000427,
      "fixture_contract": {
        "certificate": "source-owned VMEC-free coil physics; native/JAX objective parity",
        "expected_initial_observables": {
          "gradient_inf_norm": 0.003746923674450162,
          "objective": 0.13792118300896355
        },
        "final_certificate_fields": {
          "evaluations": 15,
          "final_gradient_inf_norm": 5.874340899239723e-10,
          "final_objective": 0.13786263284430206,
          "final_parameters": [
            1.000002471625609,
            0.9999934701767148,
            0.9914891605908432,
            0.003862914021410134,
            0.5948009008343285,
            0.007538972433228803,
            -7.722151423038982e-05,
            0.13050867046688702,
            -0.00515536796954978,
            0.07804915123490566,
            -0.001985022886181037,
            -0.00016328605277686386,
            -0.0048527727556650305,
            -0.6001677932857691,
            -0.00315557572007926,
            0.00010375571309369845,
            -0.0023658763660854795,
            0.9238719469458309,
            0.0003212202613893124,
            0.5543354270277175,
            -0.0008518331737640259,
            -3.205523918773462e-06,
            0.3826803182315008,
            -0.0007755046668864373,
            0.22961325043873584,
            0.002056505300293588,
            -1.335666747835367e-06,
            9.891015025913465e-09,
            -0.5999998253231018,
            3.998163218456038e-09,
            3.7120387936891793e-06,
            -9.402164091673874e-09,
            0.7933721856173235,
            0.0009139061690895004,
            0.47577678144508634,
            -0.00392724253330949,
            -0.00017005376306156972,
            0.6088052746519286,
            -0.006376928166945771,
            0.36539865688425777,
            -0.006734501468057443,
            6.085304521558159e-05,
            0.004852784850372085,
            -0.6001674884651752,
            0.0031555959622229456,
            0.0001037358189924217,
            0.0023658781207502944
          ],
          "iterations": 12,
          "status": 0,
          "stopping_reason": "converged",
          "success": true
        },
        "fixture_metadata": {
          "current_value": 100000.0,
          "curve_count": 3,
          "curve_order": 2,
          "curve_quadpoints": 16,
          "dtype": "float64",
          "fixed_current_index": 0,
          "native_objective_provider": "simsopt.field.BiotSavart + simsopt.objectives.SquaredFlux",
          "objective_definition": "quadratic flux",
          "seed": 0,
          "source_example": "examples/jax/3_Advanced/single_stage_optimization.py",
          "surface_kind": "analytic_surface_rz_fourier",
          "surface_mpol": 1,
          "surface_nfp": 4,
          "surface_ntor": 1,
          "surface_quadpoints": 8,
          "target_max": 0.2,
          "target_min": 0.1
        },
        "generator_path": "benchmarks/fixtures/custom_quasi_newton.py",
        "generator_sha256": "7b8e1543265f8db62a627e5292762b6464a8b6960187857022fc08c6a9785ff2",
        "initial_parameters": [
          1.0,
          1.0,
          0.9914448613738104,
          0.0,
          0.5948669168242862,
          0.0,
          0.0,
          0.13052619222005157,
          0.0,
          0.07831571533203094,
          0.0,
          0.0,
          0.0,
          -0.6,
          0.0,
          0.0,
          0.0,
          0.9238795325112867,
          0.0,
          0.5543277195067721,
          0.0,
          0.0,
          0.3826834323650898,
          0.0,
          0.22961005941905385,
          0.0,
          0.0,
          0.0,
          -0.6,
          0.0,
          0.0,
          0.0,
          0.7933533402912352,
          0.0,
          0.4760120041747411,
          0.0,
          0.0,
          0.6087614290087207,
          0.0,
          0.3652568574052324,
          0.0,
          0.0,
          0.0,
          -0.6,
          0.0,
          0.0,
          0.0
        ],
        "solver_options": {
          "device": "gpu",
          "ftol": 0.0,
          "gtol": 1e-10,
          "intent": "fast",
          "maxcor": 10,
          "maxfun": null,
          "maxiter": 20,
          "maxls": 20,
          "method": "lbfgs"
        },
        "source_path": "examples/jax/3_Advanced/single_stage_optimization.py",
        "source_sha256": "00f2f9b45a2a1c5fc7136952818e19d649f20e141d4e626ed9a8c18e8114287e",
        "tolerances": {
          "gradient_inf_norm_abs": 1e-08,
          "objective_abs": 1e-12,
          "objective_rel": 1e-10,
          "parameters_abs": 1e-10
        }
      },
      "fixture_metadata": [
        [
          "source_example",
          "examples/jax/3_Advanced/single_stage_optimization.py"
        ],
        [
          "surface_kind",
          "analytic_surface_rz_fourier"
        ],
        [
          "surface_nfp",
          4
        ],
        [
          "surface_mpol",
          1
        ],
        [
          "surface_ntor",
          1
        ],
        [
          "surface_quadpoints",
          8
        ],
        [
          "curve_count",
          3
        ],
        [
          "curve_order",
          2
        ],
        [
          "curve_quadpoints",
          16
        ],
        [
          "current_value",
          100000.0
        ],
        [
          "fixed_current_index",
          0
        ],
        [
          "objective_definition",
          "quadratic flux"
        ],
        [
          "native_objective_provider",
          "simsopt.field.BiotSavart + simsopt.objectives.SquaredFlux"
        ],
        [
          "target_min",
          0.1
        ],
        [
          "target_max",
          0.2
        ],
        [
          "dtype",
          "float64"
        ],
        [
          "seed",
          0
        ]
      ],
      "initial_gradient_inf_norm": 0.003746923674450162,
      "initial_objective": 0.13792118300896355,
      "initial_parameters": [
        1.0,
        1.0,
        0.9914448613738104,
        0.0,
        0.5948669168242862,
        0.0,
        0.0,
        0.13052619222005157,
        0.0,
        0.07831571533203094,
        0.0,
        0.0,
        0.0,
        -0.6,
        0.0,
        0.0,
        0.0,
        0.9238795325112867,
        0.0,
        0.5543277195067721,
        0.0,
        0.0,
        0.3826834323650898,
        0.0,
        0.22961005941905385,
        0.0,
        0.0,
        0.0,
        -0.6,
        0.0,
        0.0,
        0.0,
        0.7933533402912352,
        0.0,
        0.4760120041747411,
        0.0,
        0.0,
        0.6087614290087207,
        0.0,
        0.3652568574052324,
        0.0,
        0.0,
        0.0,
        -0.6,
        0.0,
        0.0,
        0.0
      ],
      "inner_success": true,
      "intent": "fast",
      "iterations": 12,
      "maxcor": 10,
      "maxiter": 20,
      "method": "lbfgs",
      "observables_finite": true,
      "parameters_finite": true,
      "peak_rss_kib": 2234352,
      "peak_rss_scope": "self_proc_status_phase_max",
      "peak_vram_mib": 472,
      "phase_rss": [
        {
          "end_rss_kib": 1121660,
          "peak_rss_kib": 1121660,
          "phase": "fixture_build",
          "sample_count": 378,
          "scope": "self_proc_status_poll_10ms",
          "start_rss_kib": 671772
        },
        {
          "end_rss_kib": 2226664,
          "peak_rss_kib": 2234352,
          "phase": "preparation",
          "sample_count": 2685,
          "scope": "self_proc_status_poll_10ms",
          "start_rss_kib": 1339760
        },
        {
          "end_rss_kib": 2226980,
          "peak_rss_kib": 2226980,
          "phase": "cold_solver",
          "sample_count": 11,
          "scope": "self_proc_status_poll_10ms",
          "start_rss_kib": 2226664
        },
        {
          "end_rss_kib": 2227048,
          "peak_rss_kib": 2227048,
          "phase": "warm_solver",
          "sample_count": 9,
          "scope": "self_proc_status_poll_10ms",
          "start_rss_kib": 2226980
        }
      ],
      "preparation_seconds": 30.780645916999674,
      "process_pid": 23336,
      "provider": "custom",
      "ru_maxrss_kib": 2234612,
      "scientific_certification_seconds": 1.185000019177096e-05,
      "scientific_observables": {},
      "solver_peak_rss_delta_kib": 894592,
      "solver_peak_rss_kib": 2234352,
      "solver_route": "fused_stepwise",
      "solver_start_rss_kib": 1339760,
      "status": 0,
      "stopping_reason": "converged",
      "success": true,
      "warm_seconds": 0.07406273700053134,
      "warm_transfer_audit": [
        {
          "bytes": 8700,
          "calls": 15,
          "leaves": 15,
          "phase": "final_result"
        }
      ],
      "work_counters": {
        "accepted_iterations": 12,
        "advance_observations": 0,
        "objective_evaluations": 15,
        "transfer_bytes": 8700,
        "transfer_calls": 15,
        "transfer_leaves": 15
      }
    },
    {
      "algorithm_memory_contract": null,
      "case": "coil47",
      "certificate": "source-owned VMEC-free coil physics; native/JAX objective parity",
      "cold_seconds": 8.2668093759994,
      "constraint_norm": null,
      "device": "gpu",
      "device_identity": {
        "backend": "gpu",
        "compute_capability": "8.0",
        "cuda_version": "PJRT C API\ncuda 12090",
        "device_id": 0,
        "device_kind": "NVIDIA A100-PCIE-40GB",
        "driver_version": "470.256.02",
        "gpu_model": "NVIDIA A100-PCIE-40GB",
        "gpu_uuid": "GPU-250014ca-8cb3-bdcd-ad1d-2f6f64529b8d",
        "hostname": "landau",
        "jax_device": "cuda:0",
        "platform": "gpu",
        "process_index": 0,
        "requested_device": "gpu",
        "scheduler_job_id": null,
        "total_memory_bytes": 42505076736,
        "visible_devices": "GPU-250014ca-8cb3-bdcd-ad1d-2f6f64529b8d"
      },
      "diagnostic_artifacts": {
        "memory_trace": "gpu_memory.json",
        "trial_trace": null
      },
      "dimension": 47,
      "endpoint_certificate": {
        "constraints_satisfied": true,
        "initial_stationary": false,
        "stopping_reason": "converged",
        "success": true,
        "terminal_stationary": true
      },
      "evaluations": null,
      "final_gradient_inf_norm": 1.8156797463100838e-11,
      "final_objective": 0.13786263284430203,
      "final_parameters": [
        1.0000013846254774,
        1.0000261917923239,
        0.9914342927502291,
        0.0038577816301247356,
        0.59476248245555,
        0.007530702242724842,
        -7.780145027123699e-05,
        0.1303766403106382,
        -0.005148727489040773,
        0.07799572250295439,
        -0.001978188490117318,
        -0.00014920135176139175,
        -0.004848428445783853,
        -0.6000609290271177,
        -0.003151800785006954,
        0.00015749360481818453,
        -0.002362153726698264,
        0.9238758394984012,
        0.00032096195423060787,
        0.5543318992743559,
        -0.0008504193116476105,
        -2.8922185668332007e-06,
        0.38268198397651526,
        -0.0007749075709398186,
        0.22961174186701833,
        0.002053312257511977,
        -1.202632430082785e-06,
        -2.347879708338067e-08,
        -0.5999991523387485,
        1.4068076584951108e-08,
        -1.0164748518541133e-07,
        -6.04524272533013e-08,
        0.7932401118512248,
        0.0009128067508910026,
        0.47571177335678644,
        -0.003926186634944432,
        -0.00016042063849070102,
        0.6088598791274896,
        -0.0063684350684024135,
        0.3654091237030706,
        -0.006723611570917909,
        5.038223775690718e-05,
        0.004848293912716653,
        -0.6000608913317172,
        0.003151746169320295,
        0.00015744369636557247,
        0.002362143833900941
      ],
      "first_execution_seconds": 0.6172883419994832,
      "fixture_build_peak_rss_kib": 1121620,
      "fixture_build_seconds": 4.327552509999805,
      "fixture_contract": {
        "certificate": "source-owned VMEC-free coil physics; native/JAX objective parity",
        "expected_initial_observables": {
          "gradient_inf_norm": 0.0037469236744501573,
          "objective": 0.13792118300896355
        },
        "final_certificate_fields": {
          "evaluations": null,
          "final_gradient_inf_norm": 1.8156797463100838e-11,
          "final_objective": 0.13786263284430203,
          "final_parameters": [
            1.0000013846254774,
            1.0000261917923239,
            0.9914342927502291,
            0.0038577816301247356,
            0.59476248245555,
            0.007530702242724842,
            -7.780145027123699e-05,
            0.1303766403106382,
            -0.005148727489040773,
            0.07799572250295439,
            -0.001978188490117318,
            -0.00014920135176139175,
            -0.004848428445783853,
            -0.6000609290271177,
            -0.003151800785006954,
            0.00015749360481818453,
            -0.002362153726698264,
            0.9238758394984012,
            0.00032096195423060787,
            0.5543318992743559,
            -0.0008504193116476105,
            -2.8922185668332007e-06,
            0.38268198397651526,
            -0.0007749075709398186,
            0.22961174186701833,
            0.002053312257511977,
            -1.202632430082785e-06,
            -2.347879708338067e-08,
            -0.5999991523387485,
            1.4068076584951108e-08,
            -1.0164748518541133e-07,
            -6.04524272533013e-08,
            0.7932401118512248,
            0.0009128067508910026,
            0.47571177335678644,
            -0.003926186634944432,
            -0.00016042063849070102,
            0.6088598791274896,
            -0.0063684350684024135,
            0.3654091237030706,
            -0.006723611570917909,
            5.038223775690718e-05,
            0.004848293912716653,
            -0.6000608913317172,
            0.003151746169320295,
            0.00015744369636557247,
            0.002362143833900941
          ],
          "iterations": 15,
          "status": 0,
          "stopping_reason": "converged",
          "success": true
        },
        "fixture_metadata": {
          "current_value": 100000.0,
          "curve_count": 3,
          "curve_order": 2,
          "curve_quadpoints": 16,
          "dtype": "float64",
          "fixed_current_index": 0,
          "native_objective_provider": "simsopt.field.BiotSavart + simsopt.objectives.SquaredFlux",
          "objective_definition": "quadratic flux",
          "seed": 0,
          "source_example": "examples/jax/3_Advanced/single_stage_optimization.py",
          "surface_kind": "analytic_surface_rz_fourier",
          "surface_mpol": 1,
          "surface_nfp": 4,
          "surface_ntor": 1,
          "surface_quadpoints": 8,
          "target_max": 0.2,
          "target_min": 0.1
        },
        "generator_path": "benchmarks/fixtures/custom_quasi_newton.py",
        "generator_sha256": "7b8e1543265f8db62a627e5292762b6464a8b6960187857022fc08c6a9785ff2",
        "initial_parameters": [
          1.0,
          1.0,
          0.9914448613738104,
          0.0,
          0.5948669168242862,
          0.0,
          0.0,
          0.13052619222005157,
          0.0,
          0.07831571533203094,
          0.0,
          0.0,
          0.0,
          -0.6,
          0.0,
          0.0,
          0.0,
          0.9238795325112867,
          0.0,
          0.5543277195067721,
          0.0,
          0.0,
          0.3826834323650898,
          0.0,
          0.22961005941905385,
          0.0,
          0.0,
          0.0,
          -0.6,
          0.0,
          0.0,
          0.0,
          0.7933533402912352,
          0.0,
          0.4760120041747411,
          0.0,
          0.0,
          0.6087614290087207,
          0.0,
          0.3652568574052324,
          0.0,
          0.0,
          0.0,
          -0.6,
          0.0,
          0.0,
          0.0
        ],
        "solver_options": {
          "device": "gpu",
          "ftol": 0.0,
          "gtol": 1e-10,
          "intent": "fast",
          "maxcor": 10,
          "maxfun": null,
          "maxiter": 20,
          "maxls": 20,
          "method": "lbfgs"
        },
        "source_path": "examples/jax/3_Advanced/single_stage_optimization.py",
        "source_sha256": "00f2f9b45a2a1c5fc7136952818e19d649f20e141d4e626ed9a8c18e8114287e",
        "tolerances": {
          "gradient_inf_norm_abs": 1e-08,
          "objective_abs": 1e-12,
          "objective_rel": 1e-10,
          "parameters_abs": 1e-10
        }
      },
      "fixture_metadata": [
        [
          "source_example",
          "examples/jax/3_Advanced/single_stage_optimization.py"
        ],
        [
          "surface_kind",
          "analytic_surface_rz_fourier"
        ],
        [
          "surface_nfp",
          4
        ],
        [
          "surface_mpol",
          1
        ],
        [
          "surface_ntor",
          1
        ],
        [
          "surface_quadpoints",
          8
        ],
        [
          "curve_count",
          3
        ],
        [
          "curve_order",
          2
        ],
        [
          "curve_quadpoints",
          16
        ],
        [
          "current_value",
          100000.0
        ],
        [
          "fixed_current_index",
          0
        ],
        [
          "objective_definition",
          "quadratic flux"
        ],
        [
          "native_objective_provider",
          "simsopt.field.BiotSavart + simsopt.objectives.SquaredFlux"
        ],
        [
          "target_min",
          0.1
        ],
        [
          "target_max",
          0.2
        ],
        [
          "dtype",
          "float64"
        ],
        [
          "seed",
          0
        ]
      ],
      "initial_gradient_inf_norm": 0.0037469236744501573,
      "initial_objective": 0.13792118300896355,
      "initial_parameters": [
        1.0,
        1.0,
        0.9914448613738104,
        0.0,
        0.5948669168242862,
        0.0,
        0.0,
        0.13052619222005157,
        0.0,
        0.07831571533203094,
        0.0,
        0.0,
        0.0,
        -0.6,
        0.0,
        0.0,
        0.0,
        0.9238795325112867,
        0.0,
        0.5543277195067721,
        0.0,
        0.0,
        0.3826834323650898,
        0.0,
        0.22961005941905385,
        0.0,
        0.0,
        0.0,
        -0.6,
        0.0,
        0.0,
        0.0,
        0.7933533402912352,
        0.0,
        0.4760120041747411,
        0.0,
        0.0,
        0.6087614290087207,
        0.0,
        0.3652568574052324,
        0.0,
        0.0,
        0.0,
        -0.6,
        0.0,
        0.0,
        0.0
      ],
      "inner_success": true,
      "intent": "fast",
      "iterations": 15,
      "maxcor": 10,
      "maxiter": 20,
      "method": "lbfgs",
      "observables_finite": true,
      "parameters_finite": true,
      "peak_rss_kib": 1521408,
      "peak_rss_scope": "self_proc_status_phase_max",
      "peak_vram_mib": 472,
      "phase_rss": [
        {
          "end_rss_kib": 1121620,
          "peak_rss_kib": 1121620,
          "phase": "fixture_build",
          "sample_count": 371,
          "scope": "self_proc_status_poll_10ms",
          "start_rss_kib": 672196
        },
        {
          "end_rss_kib": 1520704,
          "peak_rss_kib": 1520704,
          "phase": "preparation",
          "sample_count": 679,
          "scope": "self_proc_status_poll_10ms",
          "start_rss_kib": 1325444
        },
        {
          "end_rss_kib": 1521408,
          "peak_rss_kib": 1521408,
          "phase": "cold_solver",
          "sample_count": 57,
          "scope": "self_proc_status_poll_10ms",
          "start_rss_kib": 1520704
        },
        {
          "end_rss_kib": 1521408,
          "peak_rss_kib": 1521408,
          "phase": "warm_solver",
          "sample_count": 8,
          "scope": "self_proc_status_poll_10ms",
          "start_rss_kib": 1521408
        }
      ],
      "preparation_seconds": 7.649521033999918,
      "process_pid": 24472,
      "provider": "optax",
      "ru_maxrss_kib": 1521408,
      "scientific_certification_seconds": 6.9700008680229075e-06,
      "scientific_observables": {},
      "solver_peak_rss_delta_kib": 195260,
      "solver_peak_rss_kib": 1521408,
      "solver_route": "optax_lbfgs",
      "solver_start_rss_kib": 1325444,
      "status": 0,
      "stopping_reason": "converged",
      "success": true,
      "warm_seconds": 0.06672518100003799,
      "warm_transfer_audit": [],
      "work_counters": {
        "accepted_iterations": 15,
        "advance_observations": 0,
        "objective_evaluations": null,
        "transfer_bytes": 0,
        "transfer_calls": 0,
        "transfer_leaves": 0
      }
    }
  ],
  "method": "lbfgs",
  "numpy_version": "2.4.6",
  "optax_version": "0.2.8",
  "orchestrator_git_clean": true,
  "provider_child": false,
  "provider_child_rss_limit_kib": 8388608,
  "provider_child_term_grace_seconds": 5,
  "provider_child_timeout_seconds": 120,
  "provider_children": [
    {
      "device_identity": {
        "backend": "gpu",
        "compute_capability": "8.0",
        "cuda_version": "PJRT C API\ncuda 12090",
        "device_id": 0,
        "device_kind": "NVIDIA A100-PCIE-40GB",
        "driver_version": "470.256.02",
        "gpu_model": "NVIDIA A100-PCIE-40GB",
        "gpu_uuid": "GPU-250014ca-8cb3-bdcd-ad1d-2f6f64529b8d",
        "hostname": "landau",
        "jax_device": "cuda:0",
        "platform": "gpu",
        "process_index": 0,
        "requested_device": "gpu",
        "scheduler_job_id": null,
        "total_memory_bytes": 42505076736,
        "visible_devices": "GPU-250014ca-8cb3-bdcd-ad1d-2f6f64529b8d"
      },
      "git_clean": true,
      "git_commit": "55745feaf939bb5b0c40fa85493e72ec506ac41a",
      "gpu_memory_path": "custom/gpu_memory.json",
      "gpu_memory_sha256": "8dcc834137552fbd16e003d8de82d006bf6adf55a1f88d6ed63187eb986061fa",
      "measurement_count": 1,
      "measurements_path": "custom/measurements.json",
      "measurements_sha256": "083ca0c7fa3acdff098672687ec628a88d731e10a74769aaa07d67f81383e4d4",
      "method": "lbfgs",
      "provider": "custom",
      "requested_device": "gpu",
      "runtime_environment": {
        "JAX_ENABLE_X64": "true",
        "JAX_PLATFORMS": "cuda",
        "SIMSOPT_BACKEND_MODE": "jax_gpu_fast",
        "SIMSOPT_BACKEND_STRICT": "1",
        "SIMSOPT_PRECISION": "fp64",
        "XLA_PYTHON_CLIENT_ALLOCATOR": "platform",
        "XLA_PYTHON_CLIENT_MEM_FRACTION": null,
        "XLA_PYTHON_CLIENT_PREALLOCATE": "false"
      }
    },
    {
      "device_identity": {
        "backend": "gpu",
        "compute_capability": "8.0",
        "cuda_version": "PJRT C API\ncuda 12090",
        "device_id": 0,
        "device_kind": "NVIDIA A100-PCIE-40GB",
        "driver_version": "470.256.02",
        "gpu_model": "NVIDIA A100-PCIE-40GB",
        "gpu_uuid": "GPU-250014ca-8cb3-bdcd-ad1d-2f6f64529b8d",
        "hostname": "landau",
        "jax_device": "cuda:0",
        "platform": "gpu",
        "process_index": 0,
        "requested_device": "gpu",
        "scheduler_job_id": null,
        "total_memory_bytes": 42505076736,
        "visible_devices": "GPU-250014ca-8cb3-bdcd-ad1d-2f6f64529b8d"
      },
      "git_clean": true,
      "git_commit": "55745feaf939bb5b0c40fa85493e72ec506ac41a",
      "gpu_memory_path": "optax/gpu_memory.json",
      "gpu_memory_sha256": "939f1102b0df85b54fdb5115b368de7e22b0ec10d18ba8be839bb0bbef8e7266",
      "measurement_count": 1,
      "measurements_path": "optax/measurements.json",
      "measurements_sha256": "c259f962e2359ad5ef9bf2d429b60cb49d722212138a39a404250cad8acaccfd",
      "method": "lbfgs",
      "provider": "optax",
      "requested_device": "gpu",
      "runtime_environment": {
        "JAX_ENABLE_X64": "true",
        "JAX_PLATFORMS": "cuda",
        "SIMSOPT_BACKEND_MODE": "jax_gpu_fast",
        "SIMSOPT_BACKEND_STRICT": "1",
        "SIMSOPT_PRECISION": "fp64",
        "XLA_PYTHON_CLIENT_ALLOCATOR": "platform",
        "XLA_PYTHON_CLIENT_MEM_FRACTION": null,
        "XLA_PYTHON_CLIENT_PREALLOCATE": "false"
      }
    }
  ],
  "python_version": "3.11.15",
  "requested_device": "gpu",
  "runtime_environment": {
    "JAX_ENABLE_X64": "true",
    "JAX_PLATFORMS": "cuda",
    "SIMSOPT_BACKEND_MODE": "jax_gpu_fast",
    "SIMSOPT_BACKEND_STRICT": "1",
    "SIMSOPT_PRECISION": "fp64",
    "XLA_PYTHON_CLIENT_ALLOCATOR": "platform",
    "XLA_PYTHON_CLIENT_MEM_FRACTION": null,
    "XLA_PYTHON_CLIENT_PREALLOCATE": "false"
  },
  "schema_version": 9,
  "scipy_version": "1.17.1"
}
