+ date -u +%Y-%m-%dT%H:%M:%SZ
2026-08-03T22:15:47Z
+ hostname
landau
+ sha256sum /mnt/homes_global/jdsuh/qn-offhost-replay/qn-receipt-archives-53-c1451b11c.tar.gz /mnt/homes_global/jdsuh/qn-offhost-replay/simsopt-a100-full-validation.bundle
938061ebdc697df1240d195e4d3885f1484456fefcbb00e4467c7cda199fe918  /mnt/homes_global/jdsuh/qn-offhost-replay/qn-receipt-archives-53-c1451b11c.tar.gz
6b1e468afd2e52438763258d6c419a88ac495e3bac299b6a3180497a3a982329  /mnt/homes_global/jdsuh/qn-offhost-replay/simsopt-a100-full-validation.bundle
+ tar -C /mnt/homes_global/jdsuh/qn-offhost-replay/replay-53-c1451b11c/archive -xzf /mnt/homes_global/jdsuh/qn-offhost-replay/qn-receipt-archives-53-c1451b11c.tar.gz
+ chmod -R a-w /mnt/homes_global/jdsuh/qn-offhost-replay/replay-53-c1451b11c/archive/qn-receipt-archives
+ git clone --no-checkout /mnt/homes_global/jdsuh/qn-offhost-replay/simsopt-a100-full-validation.bundle /mnt/homes_global/jdsuh/qn-offhost-replay/replay-53-c1451b11c/checkout
Cloning into '/mnt/homes_global/jdsuh/qn-offhost-replay/replay-53-c1451b11c/checkout'...
+ git -C /mnt/homes_global/jdsuh/qn-offhost-replay/replay-53-c1451b11c/checkout checkout --detach c1451b11c3ab678abab03f6bcbb642da94afc093
HEAD is now at c1451b11 docs(jax): stage corrected A100 evidence
+ git -C /mnt/homes_global/jdsuh/qn-offhost-replay/replay-53-c1451b11c/checkout rev-parse HEAD
c1451b11c3ab678abab03f6bcbb642da94afc093
++ git -C /mnt/homes_global/jdsuh/qn-offhost-replay/replay-53-c1451b11c/checkout status --porcelain
++ wc -l
+ test 0 -eq 0
+ cd /mnt/homes_global/jdsuh/qn-offhost-replay/replay-53-c1451b11c/checkout
+ JAX_PLATFORMS=cpu
+ PYTHONPATH=src:.
+ /mnt/homes_global/jdsuh/qn-offhost-replay/venv/bin/python -m benchmarks.custom_quasi_newton_receipts validate-all --root docs/receipts/custom-quasi-newton --repo-root . --archive-root /mnt/homes_global/jdsuh/qn-offhost-replay/replay-53-c1451b11c/archive/qn-receipt-archives
{"validated": 53, "root": "docs/receipts/custom-quasi-newton"}
+ date -u +%Y-%m-%dT%H:%M:%SZ
2026-08-03T22:16:05Z
