{
  "argv": [
    "benchmarks/custom_quasi_newton_runtime.py",
    "--device",
    "gpu",
    "--intent",
    "fast",
    "--providers",
    "optax,custom",
    "--cases",
    "coil47",
    "--method",
    "lbfgs",
    "--maxiter",
    "20",
    "--output",
    "/mnt/homes_global/jdsuh/qn-a100/artifacts/coil47-fused-optax-a100-contended/round-1"
  ],
  "backend": "gpu",
  "device_identity": {
    "backend": "gpu",
    "compute_capability": "8.0",
    "cuda_version": "PJRT C API\ncuda 12090",
    "device_id": 0,
    "device_kind": "NVIDIA A100-PCIE-40GB",
    "driver_version": "470.256.02",
    "gpu_model": "NVIDIA A100-PCIE-40GB",
    "gpu_uuid": "GPU-250014ca-8cb3-bdcd-ad1d-2f6f64529b8d",
    "hostname": "landau",
    "jax_device": "cuda:0",
    "platform": "gpu",
    "process_index": 0,
    "requested_device": "gpu",
    "scheduler_job_id": null,
    "total_memory_bytes": 42505076736,
    "visible_devices": "GPU-250014ca-8cb3-bdcd-ad1d-2f6f64529b8d"
  },
  "devices": [
    "cuda:0"
  ],
  "git_clean": true,
  "git_commit": "55745feaf939bb5b0c40fa85493e72ec506ac41a",
  "jax_version": "0.10.0",
  "jaxlib_version": "0.10.0",
  "measurements": [
    {
      "algorithm_memory_contract": null,
      "case": "coil47",
      "certificate": "source-owned VMEC-free coil physics; native/JAX objective parity",
      "cold_seconds": 8.869162280001547,
      "constraint_norm": null,
      "device": "gpu",
      "device_identity": {
        "backend": "gpu",
        "compute_capability": "8.0",
        "cuda_version": "PJRT C API\ncuda 12090",
        "device_id": 0,
        "device_kind": "NVIDIA A100-PCIE-40GB",
        "driver_version": "470.256.02",
        "gpu_model": "NVIDIA A100-PCIE-40GB",
        "gpu_uuid": "GPU-250014ca-8cb3-bdcd-ad1d-2f6f64529b8d",
        "hostname": "landau",
        "jax_device": "cuda:0",
        "platform": "gpu",
        "process_index": 0,
        "requested_device": "gpu",
        "scheduler_job_id": null,
        "total_memory_bytes": 42505076736,
        "visible_devices": "GPU-250014ca-8cb3-bdcd-ad1d-2f6f64529b8d"
      },
      "diagnostic_artifacts": {
        "memory_trace": "gpu_memory.json",
        "trial_trace": null
      },
      "dimension": 47,
      "endpoint_certificate": {
        "constraints_satisfied": true,
        "initial_stationary": false,
        "stopping_reason": "converged",
        "success": true,
        "terminal_stationary": true
      },
      "evaluations": null,
      "final_gradient_inf_norm": 1.8156777188520212e-11,
      "final_objective": 0.137862632844302,
      "final_parameters": [
        1.0000013846254774,
        1.0000261917923243,
        0.9914342927502288,
        0.0038577816301246333,
        0.5947624824555503,
        0.007530702242724773,
        -7.780145027127374e-05,
        0.130376640310638,
        -0.0051487274890406574,
        0.07799572250295454,
        -0.0019781884901171947,
        -0.0001492013517613982,
        -0.0048484284457838926,
        -0.6000609290271174,
        -0.0031518007850069698,
        0.00015749360481810698,
        -0.002362153726698113,
        0.9238758394984014,
        0.0003209619542306344,
        0.5543318992743559,
        -0.0008504193116475866,
        -2.892218566936237e-06,
        0.38268198397651526,
        -0.0007749075709397487,
        0.22961174186701824,
        0.002053312257511833,
        -1.202632430123991e-06,
        -2.3478796968722517e-08,
        -0.5999991523387485,
        1.4068076469603531e-08,
        -1.0164748537425334e-07,
        -6.045242725049156e-08,
        0.7932401118512243,
        0.0009128067508911035,
        0.47571177335678627,
        -0.003926186634944319,
        -0.00016042063849057184,
        0.6088598791274891,
        -0.006368435068402376,
        0.3654091237030706,
        -0.006723611570917829,
        5.0382237756819406e-05,
        0.004848293912716607,
        -0.6000608913317172,
        0.00315174616932029,
        0.00015744369636574898,
        0.002362143833900714
      ],
      "first_execution_seconds": 0.604329105000943,
      "fixture_build_peak_rss_kib": 1121048,
      "fixture_build_seconds": 4.328845227999409,
      "fixture_contract": {
        "certificate": "source-owned VMEC-free coil physics; native/JAX objective parity",
        "expected_initial_observables": {
          "gradient_inf_norm": 0.0037469236744501573,
          "objective": 0.13792118300896355
        },
        "final_certificate_fields": {
          "evaluations": null,
          "final_gradient_inf_norm": 1.8156777188520212e-11,
          "final_objective": 0.137862632844302,
          "final_parameters": [
            1.0000013846254774,
            1.0000261917923243,
            0.9914342927502288,
            0.0038577816301246333,
            0.5947624824555503,
            0.007530702242724773,
            -7.780145027127374e-05,
            0.130376640310638,
            -0.0051487274890406574,
            0.07799572250295454,
            -0.0019781884901171947,
            -0.0001492013517613982,
            -0.0048484284457838926,
            -0.6000609290271174,
            -0.0031518007850069698,
            0.00015749360481810698,
            -0.002362153726698113,
            0.9238758394984014,
            0.0003209619542306344,
            0.5543318992743559,
            -0.0008504193116475866,
            -2.892218566936237e-06,
            0.38268198397651526,
            -0.0007749075709397487,
            0.22961174186701824,
            0.002053312257511833,
            -1.202632430123991e-06,
            -2.3478796968722517e-08,
            -0.5999991523387485,
            1.4068076469603531e-08,
            -1.0164748537425334e-07,
            -6.045242725049156e-08,
            0.7932401118512243,
            0.0009128067508911035,
            0.47571177335678627,
            -0.003926186634944319,
            -0.00016042063849057184,
            0.6088598791274891,
            -0.006368435068402376,
            0.3654091237030706,
            -0.006723611570917829,
            5.0382237756819406e-05,
            0.004848293912716607,
            -0.6000608913317172,
            0.00315174616932029,
            0.00015744369636574898,
            0.002362143833900714
          ],
          "iterations": 15,
          "status": 0,
          "stopping_reason": "converged",
          "success": true
        },
        "fixture_metadata": {
          "current_value": 100000.0,
          "curve_count": 3,
          "curve_order": 2,
          "curve_quadpoints": 16,
          "dtype": "float64",
          "fixed_current_index": 0,
          "native_objective_provider": "simsopt.field.BiotSavart + simsopt.objectives.SquaredFlux",
          "objective_definition": "quadratic flux",
          "seed": 0,
          "source_example": "examples/jax/3_Advanced/single_stage_optimization.py",
          "surface_kind": "analytic_surface_rz_fourier",
          "surface_mpol": 1,
          "surface_nfp": 4,
          "surface_ntor": 1,
          "surface_quadpoints": 8,
          "target_max": 0.2,
          "target_min": 0.1
        },
        "generator_path": "benchmarks/fixtures/custom_quasi_newton.py",
        "generator_sha256": "7b8e1543265f8db62a627e5292762b6464a8b6960187857022fc08c6a9785ff2",
        "initial_parameters": [
          1.0,
          1.0,
          0.9914448613738104,
          0.0,
          0.5948669168242862,
          0.0,
          0.0,
          0.13052619222005157,
          0.0,
          0.07831571533203094,
          0.0,
          0.0,
          0.0,
          -0.6,
          0.0,
          0.0,
          0.0,
          0.9238795325112867,
          0.0,
          0.5543277195067721,
          0.0,
          0.0,
          0.3826834323650898,
          0.0,
          0.22961005941905385,
          0.0,
          0.0,
          0.0,
          -0.6,
          0.0,
          0.0,
          0.0,
          0.7933533402912352,
          0.0,
          0.4760120041747411,
          0.0,
          0.0,
          0.6087614290087207,
          0.0,
          0.3652568574052324,
          0.0,
          0.0,
          0.0,
          -0.6,
          0.0,
          0.0,
          0.0
        ],
        "solver_options": {
          "device": "gpu",
          "ftol": 0.0,
          "gtol": 1e-10,
          "intent": "fast",
          "maxcor": 10,
          "maxfun": null,
          "maxiter": 20,
          "maxls": 20,
          "method": "lbfgs"
        },
        "source_path": "examples/jax/3_Advanced/single_stage_optimization.py",
        "source_sha256": "00f2f9b45a2a1c5fc7136952818e19d649f20e141d4e626ed9a8c18e8114287e",
        "tolerances": {
          "gradient_inf_norm_abs": 1e-08,
          "objective_abs": 1e-12,
          "objective_rel": 1e-10,
          "parameters_abs": 1e-10
        }
      },
      "fixture_metadata": [
        [
          "source_example",
          "examples/jax/3_Advanced/single_stage_optimization.py"
        ],
        [
          "surface_kind",
          "analytic_surface_rz_fourier"
        ],
        [
          "surface_nfp",
          4
        ],
        [
          "surface_mpol",
          1
        ],
        [
          "surface_ntor",
          1
        ],
        [
          "surface_quadpoints",
          8
        ],
        [
          "curve_count",
          3
        ],
        [
          "curve_order",
          2
        ],
        [
          "curve_quadpoints",
          16
        ],
        [
          "current_value",
          100000.0
        ],
        [
          "fixed_current_index",
          0
        ],
        [
          "objective_definition",
          "quadratic flux"
        ],
        [
          "native_objective_provider",
          "simsopt.field.BiotSavart + simsopt.objectives.SquaredFlux"
        ],
        [
          "target_min",
          0.1
        ],
        [
          "target_max",
          0.2
        ],
        [
          "dtype",
          "float64"
        ],
        [
          "seed",
          0
        ]
      ],
      "initial_gradient_inf_norm": 0.0037469236744501573,
      "initial_objective": 0.13792118300896355,
      "initial_parameters": [
        1.0,
        1.0,
        0.9914448613738104,
        0.0,
        0.5948669168242862,
        0.0,
        0.0,
        0.13052619222005157,
        0.0,
        0.07831571533203094,
        0.0,
        0.0,
        0.0,
        -0.6,
        0.0,
        0.0,
        0.0,
        0.9238795325112867,
        0.0,
        0.5543277195067721,
        0.0,
        0.0,
        0.3826834323650898,
        0.0,
        0.22961005941905385,
        0.0,
        0.0,
        0.0,
        -0.6,
        0.0,
        0.0,
        0.0,
        0.7933533402912352,
        0.0,
        0.4760120041747411,
        0.0,
        0.0,
        0.6087614290087207,
        0.0,
        0.3652568574052324,
        0.0,
        0.0,
        0.0,
        -0.6,
        0.0,
        0.0,
        0.0
      ],
      "inner_success": true,
      "intent": "fast",
      "iterations": 15,
      "maxcor": 10,
      "maxiter": 20,
      "method": "lbfgs",
      "observables_finite": true,
      "parameters_finite": true,
      "peak_rss_kib": 1501312,
      "peak_rss_scope": "self_proc_status_phase_max",
      "peak_vram_mib": 474,
      "phase_rss": [
        {
          "end_rss_kib": 1121048,
          "peak_rss_kib": 1121048,
          "phase": "fixture_build",
          "sample_count": 375,
          "scope": "self_proc_status_poll_10ms",
          "start_rss_kib": 671004
        },
        {
          "end_rss_kib": 1500888,
          "peak_rss_kib": 1500908,
          "phase": "preparation",
          "sample_count": 736,
          "scope": "self_proc_status_poll_10ms",
          "start_rss_kib": 1310668
        },
        {
          "end_rss_kib": 1501312,
          "peak_rss_kib": 1501312,
          "phase": "cold_solver",
          "sample_count": 58,
          "scope": "self_proc_status_poll_10ms",
          "start_rss_kib": 1500888
        },
        {
          "end_rss_kib": 1501312,
          "peak_rss_kib": 1501312,
          "phase": "warm_solver",
          "sample_count": 8,
          "scope": "self_proc_status_poll_10ms",
          "start_rss_kib": 1501312
        }
      ],
      "preparation_seconds": 8.264833175000604,
      "process_pid": 30223,
      "provider": "optax",
      "ru_maxrss_kib": 1501320,
      "scientific_certification_seconds": 1.3479999324772507e-05,
      "scientific_observables": {},
      "solver_peak_rss_delta_kib": 190240,
      "solver_peak_rss_kib": 1501312,
      "solver_route": "optax_lbfgs",
      "solver_start_rss_kib": 1310668,
      "status": 0,
      "stopping_reason": "converged",
      "success": true,
      "warm_seconds": 0.06779236500005936,
      "warm_transfer_audit": [],
      "work_counters": {
        "accepted_iterations": 15,
        "advance_observations": 0,
        "objective_evaluations": null,
        "transfer_bytes": 0,
        "transfer_calls": 0,
        "transfer_leaves": 0
      }
    },
    {
      "algorithm_memory_contract": null,
      "case": "coil47",
      "certificate": "source-owned VMEC-free coil physics; native/JAX objective parity",
      "cold_seconds": 31.91121291699892,
      "constraint_norm": null,
      "device": "gpu",
      "device_identity": {
        "backend": "gpu",
        "compute_capability": "8.0",
        "cuda_version": "PJRT C API\ncuda 12090",
        "device_id": 0,
        "device_kind": "NVIDIA A100-PCIE-40GB",
        "driver_version": "470.256.02",
        "gpu_model": "NVIDIA A100-PCIE-40GB",
        "gpu_uuid": "GPU-250014ca-8cb3-bdcd-ad1d-2f6f64529b8d",
        "hostname": "landau",
        "jax_device": "cuda:0",
        "platform": "gpu",
        "process_index": 0,
        "requested_device": "gpu",
        "scheduler_job_id": null,
        "total_memory_bytes": 42505076736,
        "visible_devices": "GPU-250014ca-8cb3-bdcd-ad1d-2f6f64529b8d"
      },
      "diagnostic_artifacts": {
        "memory_trace": "gpu_memory.json",
        "trial_trace": null
      },
      "dimension": 47,
      "endpoint_certificate": {
        "constraints_satisfied": true,
        "initial_stationary": false,
        "stopping_reason": "converged",
        "success": true,
        "terminal_stationary": true
      },
      "evaluations": 17,
      "final_gradient_inf_norm": 7.941252911335128e-10,
      "final_objective": 0.137862632844302,
      "final_parameters": [
        1.0000024716251223,
        0.999993470262764,
        0.9914891606542233,
        0.0038629128596953588,
        0.5948009010631852,
        0.007538967137126966,
        -7.722140094511275e-05,
        0.13050867039319275,
        -0.005155369642152133,
        0.0780491516029259,
        -0.001985023080990948,
        -0.0001632859025609227,
        -0.004852773289712653,
        -0.6001677933180486,
        -0.0031555743508232294,
        0.00010375558925693552,
        -0.002365870552577629,
        0.9238719469184241,
        0.0003212213670547361,
        0.5543354270524449,
        -0.0008518371215469914,
        -3.2055310519850097e-06,
        0.38268031829319493,
        -0.0007755043837804383,
        0.22961325037592273,
        0.002056503936626105,
        -1.3356361806732348e-06,
        9.710191510519092e-09,
        -0.5999998253273174,
        2.8673880735376532e-09,
        3.7120462620269895e-06,
        -5.050276965038766e-09,
        0.7933721853978688,
        0.0009139049230014694,
        0.4757767808483063,
        -0.003927247528521904,
        -0.00017005395375164204,
        0.6088052745926122,
        -0.006376929186681804,
        0.3653986569879122,
        -0.006734505458343054,
        6.085306464390616e-05,
        0.00485278535832035,
        -0.6001674883391565,
        0.0031555975696214325,
        0.00010373606426248272,
        0.0023658840077098384
      ],
      "first_execution_seconds": 0.12166532399896823,
      "fixture_build_peak_rss_kib": 1117348,
      "fixture_build_seconds": 4.445016757999838,
      "fixture_contract": {
        "certificate": "source-owned VMEC-free coil physics; native/JAX objective parity",
        "expected_initial_observables": {
          "gradient_inf_norm": 0.003746923674450162,
          "objective": 0.13792118300896355
        },
        "final_certificate_fields": {
          "evaluations": 17,
          "final_gradient_inf_norm": 7.941252911335128e-10,
          "final_objective": 0.137862632844302,
          "final_parameters": [
            1.0000024716251223,
            0.999993470262764,
            0.9914891606542233,
            0.0038629128596953588,
            0.5948009010631852,
            0.007538967137126966,
            -7.722140094511275e-05,
            0.13050867039319275,
            -0.005155369642152133,
            0.0780491516029259,
            -0.001985023080990948,
            -0.0001632859025609227,
            -0.004852773289712653,
            -0.6001677933180486,
            -0.0031555743508232294,
            0.00010375558925693552,
            -0.002365870552577629,
            0.9238719469184241,
            0.0003212213670547361,
            0.5543354270524449,
            -0.0008518371215469914,
            -3.2055310519850097e-06,
            0.38268031829319493,
            -0.0007755043837804383,
            0.22961325037592273,
            0.002056503936626105,
            -1.3356361806732348e-06,
            9.710191510519092e-09,
            -0.5999998253273174,
            2.8673880735376532e-09,
            3.7120462620269895e-06,
            -5.050276965038766e-09,
            0.7933721853978688,
            0.0009139049230014694,
            0.4757767808483063,
            -0.003927247528521904,
            -0.00017005395375164204,
            0.6088052745926122,
            -0.006376929186681804,
            0.3653986569879122,
            -0.006734505458343054,
            6.085306464390616e-05,
            0.00485278535832035,
            -0.6001674883391565,
            0.0031555975696214325,
            0.00010373606426248272,
            0.0023658840077098384
          ],
          "iterations": 14,
          "status": 0,
          "stopping_reason": "converged",
          "success": true
        },
        "fixture_metadata": {
          "current_value": 100000.0,
          "curve_count": 3,
          "curve_order": 2,
          "curve_quadpoints": 16,
          "dtype": "float64",
          "fixed_current_index": 0,
          "native_objective_provider": "simsopt.field.BiotSavart + simsopt.objectives.SquaredFlux",
          "objective_definition": "quadratic flux",
          "seed": 0,
          "source_example": "examples/jax/3_Advanced/single_stage_optimization.py",
          "surface_kind": "analytic_surface_rz_fourier",
          "surface_mpol": 1,
          "surface_nfp": 4,
          "surface_ntor": 1,
          "surface_quadpoints": 8,
          "target_max": 0.2,
          "target_min": 0.1
        },
        "generator_path": "benchmarks/fixtures/custom_quasi_newton.py",
        "generator_sha256": "7b8e1543265f8db62a627e5292762b6464a8b6960187857022fc08c6a9785ff2",
        "initial_parameters": [
          1.0,
          1.0,
          0.9914448613738104,
          0.0,
          0.5948669168242862,
          0.0,
          0.0,
          0.13052619222005157,
          0.0,
          0.07831571533203094,
          0.0,
          0.0,
          0.0,
          -0.6,
          0.0,
          0.0,
          0.0,
          0.9238795325112867,
          0.0,
          0.5543277195067721,
          0.0,
          0.0,
          0.3826834323650898,
          0.0,
          0.22961005941905385,
          0.0,
          0.0,
          0.0,
          -0.6,
          0.0,
          0.0,
          0.0,
          0.7933533402912352,
          0.0,
          0.4760120041747411,
          0.0,
          0.0,
          0.6087614290087207,
          0.0,
          0.3652568574052324,
          0.0,
          0.0,
          0.0,
          -0.6,
          0.0,
          0.0,
          0.0
        ],
        "solver_options": {
          "device": "gpu",
          "ftol": 0.0,
          "gtol": 1e-10,
          "intent": "fast",
          "maxcor": 10,
          "maxfun": null,
          "maxiter": 20,
          "maxls": 20,
          "method": "lbfgs"
        },
        "source_path": "examples/jax/3_Advanced/single_stage_optimization.py",
        "source_sha256": "00f2f9b45a2a1c5fc7136952818e19d649f20e141d4e626ed9a8c18e8114287e",
        "tolerances": {
          "gradient_inf_norm_abs": 1e-08,
          "objective_abs": 1e-12,
          "objective_rel": 1e-10,
          "parameters_abs": 1e-10
        }
      },
      "fixture_metadata": [
        [
          "source_example",
          "examples/jax/3_Advanced/single_stage_optimization.py"
        ],
        [
          "surface_kind",
          "analytic_surface_rz_fourier"
        ],
        [
          "surface_nfp",
          4
        ],
        [
          "surface_mpol",
          1
        ],
        [
          "surface_ntor",
          1
        ],
        [
          "surface_quadpoints",
          8
        ],
        [
          "curve_count",
          3
        ],
        [
          "curve_order",
          2
        ],
        [
          "curve_quadpoints",
          16
        ],
        [
          "current_value",
          100000.0
        ],
        [
          "fixed_current_index",
          0
        ],
        [
          "objective_definition",
          "quadratic flux"
        ],
        [
          "native_objective_provider",
          "simsopt.field.BiotSavart + simsopt.objectives.SquaredFlux"
        ],
        [
          "target_min",
          0.1
        ],
        [
          "target_max",
          0.2
        ],
        [
          "dtype",
          "float64"
        ],
        [
          "seed",
          0
        ]
      ],
      "initial_gradient_inf_norm": 0.003746923674450162,
      "initial_objective": 0.13792118300896355,
      "initial_parameters": [
        1.0,
        1.0,
        0.9914448613738104,
        0.0,
        0.5948669168242862,
        0.0,
        0.0,
        0.13052619222005157,
        0.0,
        0.07831571533203094,
        0.0,
        0.0,
        0.0,
        -0.6,
        0.0,
        0.0,
        0.0,
        0.9238795325112867,
        0.0,
        0.5543277195067721,
        0.0,
        0.0,
        0.3826834323650898,
        0.0,
        0.22961005941905385,
        0.0,
        0.0,
        0.0,
        -0.6,
        0.0,
        0.0,
        0.0,
        0.7933533402912352,
        0.0,
        0.4760120041747411,
        0.0,
        0.0,
        0.6087614290087207,
        0.0,
        0.3652568574052324,
        0.0,
        0.0,
        0.0,
        -0.6,
        0.0,
        0.0,
        0.0
      ],
      "inner_success": true,
      "intent": "fast",
      "iterations": 14,
      "maxcor": 10,
      "maxiter": 20,
      "method": "lbfgs",
      "observables_finite": true,
      "parameters_finite": true,
      "peak_rss_kib": 2230324,
      "peak_rss_scope": "self_proc_status_phase_max",
      "peak_vram_mib": 598,
      "phase_rss": [
        {
          "end_rss_kib": 1117348,
          "peak_rss_kib": 1117348,
          "phase": "fixture_build",
          "sample_count": 390,
          "scope": "self_proc_status_poll_10ms",
          "start_rss_kib": 670436
        },
        {
          "end_rss_kib": 2222636,
          "peak_rss_kib": 2230324,
          "phase": "preparation",
          "sample_count": 2778,
          "scope": "self_proc_status_poll_10ms",
          "start_rss_kib": 1325588
        },
        {
          "end_rss_kib": 2222880,
          "peak_rss_kib": 2222880,
          "phase": "cold_solver",
          "sample_count": 13,
          "scope": "self_proc_status_poll_10ms",
          "start_rss_kib": 2222636
        },
        {
          "end_rss_kib": 2222896,
          "peak_rss_kib": 2222896,
          "phase": "warm_solver",
          "sample_count": 10,
          "scope": "self_proc_status_poll_10ms",
          "start_rss_kib": 2222880
        }
      ],
      "preparation_seconds": 31.789547592999952,
      "process_pid": 31125,
      "provider": "custom",
      "ru_maxrss_kib": 2230588,
      "scientific_certification_seconds": 1.2190001143608242e-05,
      "scientific_observables": {},
      "solver_peak_rss_delta_kib": 904736,
      "solver_peak_rss_kib": 2230324,
      "solver_route": "fused_stepwise",
      "solver_start_rss_kib": 1325588,
      "status": 0,
      "stopping_reason": "converged",
      "success": true,
      "warm_seconds": 0.08681780700135278,
      "warm_transfer_audit": [
        {
          "bytes": 8700,
          "calls": 15,
          "leaves": 15,
          "phase": "final_result"
        }
      ],
      "work_counters": {
        "accepted_iterations": 14,
        "advance_observations": 0,
        "objective_evaluations": 17,
        "transfer_bytes": 8700,
        "transfer_calls": 15,
        "transfer_leaves": 15
      }
    }
  ],
  "method": "lbfgs",
  "numpy_version": "2.4.6",
  "optax_version": "0.2.8",
  "orchestrator_git_clean": true,
  "provider_child": false,
  "provider_child_rss_limit_kib": 8388608,
  "provider_child_term_grace_seconds": 5,
  "provider_child_timeout_seconds": 120,
  "provider_children": [
    {
      "device_identity": {
        "backend": "gpu",
        "compute_capability": "8.0",
        "cuda_version": "PJRT C API\ncuda 12090",
        "device_id": 0,
        "device_kind": "NVIDIA A100-PCIE-40GB",
        "driver_version": "470.256.02",
        "gpu_model": "NVIDIA A100-PCIE-40GB",
        "gpu_uuid": "GPU-250014ca-8cb3-bdcd-ad1d-2f6f64529b8d",
        "hostname": "landau",
        "jax_device": "cuda:0",
        "platform": "gpu",
        "process_index": 0,
        "requested_device": "gpu",
        "scheduler_job_id": null,
        "total_memory_bytes": 42505076736,
        "visible_devices": "GPU-250014ca-8cb3-bdcd-ad1d-2f6f64529b8d"
      },
      "git_clean": true,
      "git_commit": "55745feaf939bb5b0c40fa85493e72ec506ac41a",
      "gpu_memory_path": "optax/gpu_memory.json",
      "gpu_memory_sha256": "7f21e20e2c74f29690b1e6e40ccbb1db7e6a40f6364406fc522bee739fa8e856",
      "measurement_count": 1,
      "measurements_path": "optax/measurements.json",
      "measurements_sha256": "50678eeaf529e6c06f00200f19e83736fdfa2b9a3e902f24b22a388421f7ec0f",
      "method": "lbfgs",
      "provider": "optax",
      "requested_device": "gpu",
      "runtime_environment": {
        "JAX_ENABLE_X64": "true",
        "JAX_PLATFORMS": "cuda",
        "SIMSOPT_BACKEND_MODE": "jax_gpu_fast",
        "SIMSOPT_BACKEND_STRICT": "1",
        "SIMSOPT_PRECISION": "fp64",
        "XLA_PYTHON_CLIENT_ALLOCATOR": "platform",
        "XLA_PYTHON_CLIENT_MEM_FRACTION": null,
        "XLA_PYTHON_CLIENT_PREALLOCATE": "false"
      }
    },
    {
      "device_identity": {
        "backend": "gpu",
        "compute_capability": "8.0",
        "cuda_version": "PJRT C API\ncuda 12090",
        "device_id": 0,
        "device_kind": "NVIDIA A100-PCIE-40GB",
        "driver_version": "470.256.02",
        "gpu_model": "NVIDIA A100-PCIE-40GB",
        "gpu_uuid": "GPU-250014ca-8cb3-bdcd-ad1d-2f6f64529b8d",
        "hostname": "landau",
        "jax_device": "cuda:0",
        "platform": "gpu",
        "process_index": 0,
        "requested_device": "gpu",
        "scheduler_job_id": null,
        "total_memory_bytes": 42505076736,
        "visible_devices": "GPU-250014ca-8cb3-bdcd-ad1d-2f6f64529b8d"
      },
      "git_clean": true,
      "git_commit": "55745feaf939bb5b0c40fa85493e72ec506ac41a",
      "gpu_memory_path": "custom/gpu_memory.json",
      "gpu_memory_sha256": "adb26405e66db91ea521c7379d0ca73cca903d45d1c8d036c305174a1e1abf3d",
      "measurement_count": 1,
      "measurements_path": "custom/measurements.json",
      "measurements_sha256": "2249286ff2ba2e8f0e2aa5308da8ac16be942538a5e6a908bf9523b4d394097f",
      "method": "lbfgs",
      "provider": "custom",
      "requested_device": "gpu",
      "runtime_environment": {
        "JAX_ENABLE_X64": "true",
        "JAX_PLATFORMS": "cuda",
        "SIMSOPT_BACKEND_MODE": "jax_gpu_fast",
        "SIMSOPT_BACKEND_STRICT": "1",
        "SIMSOPT_PRECISION": "fp64",
        "XLA_PYTHON_CLIENT_ALLOCATOR": "platform",
        "XLA_PYTHON_CLIENT_MEM_FRACTION": null,
        "XLA_PYTHON_CLIENT_PREALLOCATE": "false"
      }
    }
  ],
  "python_version": "3.11.15",
  "requested_device": "gpu",
  "runtime_environment": {
    "JAX_ENABLE_X64": "true",
    "JAX_PLATFORMS": "cuda",
    "SIMSOPT_BACKEND_MODE": "jax_gpu_fast",
    "SIMSOPT_BACKEND_STRICT": "1",
    "SIMSOPT_PRECISION": "fp64",
    "XLA_PYTHON_CLIENT_ALLOCATOR": "platform",
    "XLA_PYTHON_CLIENT_MEM_FRACTION": null,
    "XLA_PYTHON_CLIENT_PREALLOCATE": "false"
  },
  "schema_version": 9,
  "scipy_version": "1.17.1"
}
