{
  "argv": [
    "benchmarks/custom_quasi_newton_runtime.py",
    "--device",
    "cpu",
    "--intent",
    "parity",
    "--providers",
    "native",
    "--cases",
    "boozer",
    "--method",
    "bfgs",
    "--maxiter",
    "1000",
    "--maxcor",
    "10",
    "--capture-boozer-trial-trace",
    "--provider-child-timeout-seconds",
    "21600",
    "--output",
    "/home/jungdaesuh/code/columbia/simsopt-pr-jax-port-squashed/.artifacts/custom-quasi-newton/final-359fd41fc-boozer-cpu-native"
  ],
  "backend": "cpu",
  "capture_boozer_trial_trace": true,
  "device_identity": {
    "backend": "cpu",
    "compute_capability": null,
    "cuda_version": null,
    "device_id": 0,
    "device_kind": "cpu",
    "driver_version": null,
    "gpu_model": null,
    "gpu_uuid": null,
    "hostname": "jungdaesuh-playstation",
    "jax_device": "cpu:0",
    "platform": "cpu",
    "process_index": 0,
    "requested_device": "cpu",
    "scheduler_job_id": null,
    "total_memory_bytes": null,
    "visible_devices": null
  },
  "devices": [
    "cpu:0"
  ],
  "git_clean": true,
  "git_commit": "359fd41fc4535c6ae68f9a94f3e69c2315f1c2f4",
  "jax_version": "0.10.0",
  "jaxlib_version": "0.10.0",
  "measurements": [
    {
      "algorithm_memory_contract": {
        "buffer_donation": false,
        "dense_update_alias_bytes": 0,
        "dense_update_argument_bytes": 68640,
        "dense_update_compiled_memory_is_update_only": true,
        "dense_update_output_bytes": 33800,
        "dense_update_peak_live_bytes": 170352,
        "dense_update_temp_bytes": 67912,
        "derived_peak_live_upper_bound_bytes": 205904,
        "dimension": 65,
        "dtype_itemsize": 8,
        "fixed_scalar_overhead_bytes": 1024,
        "inverse_hessian_bytes": 33800,
        "matrix_intermediate_bytes": 135200,
        "simultaneous_old_new_hessian_bytes": 67600,
        "vector_intermediate_bytes": 2080
      },
      "case": "boozer",
      "certificate": "source-owned VMEC-free Boozer physics; native/JAX objective parity",
      "cold_seconds": 249.0140725800302,
      "constraint_norm": null,
      "device": "cpu",
      "device_identity": {
        "backend": "cpu",
        "compute_capability": null,
        "cuda_version": null,
        "device_id": 0,
        "device_kind": "cpu",
        "driver_version": null,
        "gpu_model": null,
        "gpu_uuid": null,
        "hostname": "jungdaesuh-playstation",
        "jax_device": "cpu:0",
        "platform": "cpu",
        "process_index": 0,
        "requested_device": "cpu",
        "scheduler_job_id": null,
        "total_memory_bytes": null,
        "visible_devices": null
      },
      "diagnostic_artifacts": {
        "memory_trace": "gpu_memory.json",
        "trial_trace": "boozer_trial_trace.json"
      },
      "dimension": 65,
      "endpoint_certificate": {
        "constraints_satisfied": true,
        "initial_stationary": false,
        "stopping_reason": "iteration-limit",
        "success": false,
        "terminal_stationary": false
      },
      "evaluations": 1188,
      "final_gradient_inf_norm": 0.0009168428914795107,
      "final_objective": 3.7193938808098115e-07,
      "final_parameters": [
        651868.5693674692,
        537743.5886478465,
        1.3285913448249795,
        0.33259726854005034,
        0.7422274868440883,
        -0.10947866568103738,
        0.29855264110773344,
        0.13050711703731602,
        -0.07541883900772944,
        0.13151533761854342,
        -0.0838223303004147,
        0.13966875882463547,
        -0.13691231333277817,
        0.06835192853421478,
        0.11386877411105663,
        -0.02553676311021495,
        -0.1036570943167767,
        -1.3659005651213827,
        -0.06345529857803825,
        0.11739261780647574,
        0.08327253162507743,
        -0.1009120033378479,
        -0.06818309275922775,
        1.3054636364978356,
        0.12262223843865509,
        0.5339457318156658,
        -0.06057821712697478,
        0.15466435838235446,
        -0.035380242333903675,
        0.03486474756921779,
        0.7412182644741843,
        -0.005417138045339207,
        0.3603014777461504,
        -0.17860861969174824,
        -0.014977888899537802,
        -0.035340150169323396,
        0.015739652828087487,
        0.08314399168856484,
        -0.7461816767942362,
        0.2054868343015029,
        -0.13620977961000133,
        -0.09291321386306658,
        -0.03627838599549576,
        0.008532404303680087,
        0.9865903984894434,
        0.026005863331888604,
        0.36492154600374016,
        -0.16319884542301388,
        0.05731964692718482,
        -0.056609619915853324,
        0.04483976096441706,
        1.1219156174472091,
        0.1375612068119807,
        0.3895311354456763,
        -0.08405567704122119,
        -0.1723133769218787,
        0.06715943033188823,
        -0.16760150106906696,
        0.06164984347575428,
        -0.5655345983325242,
        0.26011954300501494,
        0.04555245025826407,
        -0.10006615200439256,
        -0.12154692618593893,
        -0.07151654824227702
      ],
      "first_execution_seconds": 249.0140725800302,
      "fixture_build_peak_rss_kib": 915132,
      "fixture_build_seconds": 8.567758084041998,
      "fixture_contract": {
        "certificate": "source-owned VMEC-free Boozer physics; native/JAX objective parity",
        "expected_initial_observables": {
          "gradient_inf_norm": 0.0038700625919864456,
          "objective": 0.0003902843220850033
        },
        "final_certificate_fields": {
          "evaluations": 1188,
          "final_gradient_inf_norm": 0.0009168428914795107,
          "final_objective": 3.7193938808098115e-07,
          "final_parameters": [
            651868.5693674692,
            537743.5886478465,
            1.3285913448249795,
            0.33259726854005034,
            0.7422274868440883,
            -0.10947866568103738,
            0.29855264110773344,
            0.13050711703731602,
            -0.07541883900772944,
            0.13151533761854342,
            -0.0838223303004147,
            0.13966875882463547,
            -0.13691231333277817,
            0.06835192853421478,
            0.11386877411105663,
            -0.02553676311021495,
            -0.1036570943167767,
            -1.3659005651213827,
            -0.06345529857803825,
            0.11739261780647574,
            0.08327253162507743,
            -0.1009120033378479,
            -0.06818309275922775,
            1.3054636364978356,
            0.12262223843865509,
            0.5339457318156658,
            -0.06057821712697478,
            0.15466435838235446,
            -0.035380242333903675,
            0.03486474756921779,
            0.7412182644741843,
            -0.005417138045339207,
            0.3603014777461504,
            -0.17860861969174824,
            -0.014977888899537802,
            -0.035340150169323396,
            0.015739652828087487,
            0.08314399168856484,
            -0.7461816767942362,
            0.2054868343015029,
            -0.13620977961000133,
            -0.09291321386306658,
            -0.03627838599549576,
            0.008532404303680087,
            0.9865903984894434,
            0.026005863331888604,
            0.36492154600374016,
            -0.16319884542301388,
            0.05731964692718482,
            -0.056609619915853324,
            0.04483976096441706,
            1.1219156174472091,
            0.1375612068119807,
            0.3895311354456763,
            -0.08405567704122119,
            -0.1723133769218787,
            0.06715943033188823,
            -0.16760150106906696,
            0.06164984347575428,
            -0.5655345983325242,
            0.26011954300501494,
            0.04555245025826407,
            -0.10006615200439256,
            -0.12154692618593893,
            -0.07151654824227702
          ],
          "iterations": 1000,
          "status": 1,
          "stopping_reason": "iteration-limit",
          "success": false
        },
        "fixture_metadata": {
          "bfgs_maxiter": 2,
          "coil_order": 3,
          "dtype": "float64",
          "field_source": "simsopt.configs.get_data('ncsx')",
          "magnetic_axis_order": 3,
          "native_objective_provider": "simsopt.geo.BoozerSurface + native outer objective",
          "newton_maxiter": 20,
          "nfp": 3,
          "points_per_period": 8,
          "seed": 0,
          "source_example": "examples/jax/3_Advanced/single_stage_boozer_vacuum_optimization.py",
          "surface_dof_count": 13,
          "surface_mpol": 1,
          "surface_ntor": 1,
          "traceable_inner_G": 14.035365807510036,
          "traceable_inner_iota": -0.1924157185150936,
          "traceable_run_code_success": true
        },
        "generator_path": "benchmarks/fixtures/custom_quasi_newton.py",
        "generator_sha256": "ad8f736212c80158dfd636d2c824d5606c3914f70e2f8db42f8a755eb2b6acdf",
        "initial_parameters": [
          651868.5693674,
          537743.5886473,
          1.506387961733893,
          0.1058930714809362,
          0.7258942274042265,
          -0.001249592121112775,
          0.2763105569564668,
          0.01482550301512887,
          -0.1280092780227772,
          0.2855239540187146,
          0.02831674064739627,
          0.1230646086878452,
          -0.1881027707999307,
          -0.03092022550185042,
          0.07598032813641656,
          0.032842960392996,
          0.0009455853398023695,
          -1.066704925256128,
          0.01954765252843791,
          -0.03091192279856904,
          -0.009251669123731003,
          0.03622032973711591,
          0.01289395028459556,
          1.268960636199869,
          0.2234285580503567,
          0.5468300987692021,
          -0.07598922426224614,
          0.2314838962751658,
          0.01035784318060333,
          -0.08314304549672957,
          0.7629396044020591,
          0.189701305549749,
          0.2946730680990991,
          -0.1569360429309221,
          -0.08805875862294558,
          -0.03077704895086764,
          0.1149783480591024,
          -0.004342453367498795,
          -0.8322915538683627,
          0.01842619538559772,
          -0.1445740110997678,
          -0.03919221672360253,
          0.0181885023851906,
          0.007857938792447916,
          0.8980851593547453,
          0.1942559921705813,
          0.3889755333770718,
          -0.1446923384557668,
          0.2616477438027761,
          0.03731920597998046,
          -0.03289705406442186,
          1.129181984052873,
          0.2708936854358476,
          0.468646640557997,
          0.02081652240284051,
          -0.1928735276123626,
          -0.03518255586981031,
          0.01192001522947444,
          0.01443108431390148,
          -0.5884600992390547,
          0.1639153375972931,
          -0.02326901782799053,
          -0.09503676743509344,
          -0.001882227773385535,
          -0.1358423641287697
        ],
        "solver_options": {
          "device": "cpu",
          "ftol": 0.0,
          "gtol": 1e-10,
          "intent": "parity",
          "maxcor": 10,
          "maxfun": null,
          "maxiter": 1000,
          "maxls": 20,
          "method": "bfgs"
        },
        "source_path": "examples/jax/3_Advanced/single_stage_boozer_vacuum_optimization.py",
        "source_sha256": "a06937eafb0f0e4c61b6f02898a5c75ab8584503ee8a8e07d7d978f0a052f4d3",
        "tolerances": {
          "gradient_inf_norm_abs": 1e-08,
          "objective_abs": 1e-12,
          "objective_rel": 1e-10,
          "parameters_abs": 1e-10
        }
      },
      "fixture_metadata": [
        [
          "source_example",
          "examples/jax/3_Advanced/single_stage_boozer_vacuum_optimization.py"
        ],
        [
          "field_source",
          "simsopt.configs.get_data('ncsx')"
        ],
        [
          "nfp",
          3
        ],
        [
          "coil_order",
          3
        ],
        [
          "magnetic_axis_order",
          3
        ],
        [
          "points_per_period",
          8
        ],
        [
          "surface_mpol",
          1
        ],
        [
          "surface_ntor",
          1
        ],
        [
          "surface_dof_count",
          13
        ],
        [
          "newton_maxiter",
          20
        ],
        [
          "bfgs_maxiter",
          2
        ],
        [
          "dtype",
          "float64"
        ],
        [
          "seed",
          0
        ],
        [
          "native_objective_provider",
          "simsopt.geo.BoozerSurface + native outer objective"
        ],
        [
          "traceable_run_code_success",
          true
        ],
        [
          "traceable_inner_iota",
          -0.1924157185150936
        ],
        [
          "traceable_inner_G",
          14.035365807510036
        ]
      ],
      "initial_gradient_inf_norm": 0.0038700625919864456,
      "initial_objective": 0.0003902843220850033,
      "initial_parameters": [
        651868.5693674,
        537743.5886473,
        1.506387961733893,
        0.1058930714809362,
        0.7258942274042265,
        -0.001249592121112775,
        0.2763105569564668,
        0.01482550301512887,
        -0.1280092780227772,
        0.2855239540187146,
        0.02831674064739627,
        0.1230646086878452,
        -0.1881027707999307,
        -0.03092022550185042,
        0.07598032813641656,
        0.032842960392996,
        0.0009455853398023695,
        -1.066704925256128,
        0.01954765252843791,
        -0.03091192279856904,
        -0.009251669123731003,
        0.03622032973711591,
        0.01289395028459556,
        1.268960636199869,
        0.2234285580503567,
        0.5468300987692021,
        -0.07598922426224614,
        0.2314838962751658,
        0.01035784318060333,
        -0.08314304549672957,
        0.7629396044020591,
        0.189701305549749,
        0.2946730680990991,
        -0.1569360429309221,
        -0.08805875862294558,
        -0.03077704895086764,
        0.1149783480591024,
        -0.004342453367498795,
        -0.8322915538683627,
        0.01842619538559772,
        -0.1445740110997678,
        -0.03919221672360253,
        0.0181885023851906,
        0.007857938792447916,
        0.8980851593547453,
        0.1942559921705813,
        0.3889755333770718,
        -0.1446923384557668,
        0.2616477438027761,
        0.03731920597998046,
        -0.03289705406442186,
        1.129181984052873,
        0.2708936854358476,
        0.468646640557997,
        0.02081652240284051,
        -0.1928735276123626,
        -0.03518255586981031,
        0.01192001522947444,
        0.01443108431390148,
        -0.5884600992390547,
        0.1639153375972931,
        -0.02326901782799053,
        -0.09503676743509344,
        -0.001882227773385535,
        -0.1358423641287697
      ],
      "inner_success": true,
      "intent": "parity",
      "iterations": 1000,
      "maxcor": 10,
      "maxiter": 1000,
      "method": "bfgs",
      "observables_finite": true,
      "parameters_finite": true,
      "peak_rss_kib": 952200,
      "peak_rss_scope": "self_proc_status_phase_max",
      "peak_vram_mib": null,
      "phase_rss": [
        {
          "end_rss_kib": 939352,
          "peak_rss_kib": 939352,
          "phase": "fixture_build",
          "sample_count": 702,
          "scope": "self_proc_status_poll_10ms",
          "start_rss_kib": 219352
        },
        {
          "end_rss_kib": 952168,
          "peak_rss_kib": 952172,
          "phase": "algorithm_memory_analysis",
          "sample_count": 24,
          "scope": "self_proc_status_poll_10ms",
          "start_rss_kib": 939740
        },
        {
          "end_rss_kib": 952196,
          "peak_rss_kib": 952200,
          "phase": "cold_solver",
          "sample_count": 13343,
          "scope": "self_proc_status_poll_10ms",
          "start_rss_kib": 952168
        },
        {
          "end_rss_kib": 952196,
          "peak_rss_kib": 952200,
          "phase": "warm_solver",
          "sample_count": 13356,
          "scope": "self_proc_status_poll_10ms",
          "start_rss_kib": 952196
        }
      ],
      "preparation_seconds": 0.0,
      "process_pid": 2682596,
      "provider": "native",
      "ru_maxrss_kib": 929468,
      "scientific_certification_seconds": 0.11483776208478957,
      "scientific_observables": {
        "final_boozer_residual": 2.1310031436037557e-28,
        "final_iota": -0.19240876981241842,
        "final_non_qs": 3.7191097809741186e-07,
        "final_volume": -0.2903453895644218
      },
      "solver_peak_rss_delta_kib": 32,
      "solver_peak_rss_kib": 952200,
      "solver_route": "scipy_bfgs",
      "solver_start_rss_kib": 952168,
      "status": 1,
      "stopping_reason": "iteration-limit",
      "success": false,
      "warm_seconds": 242.39224463002756,
      "warm_transfer_audit": [],
      "work_counters": {
        "accepted_iterations": 1000,
        "advance_observations": 0,
        "objective_evaluations": 1188,
        "transfer_bytes": 0,
        "transfer_calls": 0,
        "transfer_leaves": 0
      }
    }
  ],
  "method": "bfgs",
  "numpy_version": "2.4.6",
  "optax_version": "0.2.8",
  "orchestrator_git_clean": true,
  "provider_child": false,
  "provider_child_rss_limit_kib": 8388608,
  "provider_child_term_grace_seconds": 5,
  "provider_child_timeout_seconds": 21600,
  "provider_children": [
    {
      "device_identity": {
        "backend": "cpu",
        "compute_capability": null,
        "cuda_version": null,
        "device_id": 0,
        "device_kind": "cpu",
        "driver_version": null,
        "gpu_model": null,
        "gpu_uuid": null,
        "hostname": "jungdaesuh-playstation",
        "jax_device": "cpu:0",
        "platform": "cpu",
        "process_index": 0,
        "requested_device": "cpu",
        "scheduler_job_id": null,
        "total_memory_bytes": null,
        "visible_devices": null
      },
      "git_clean": true,
      "git_commit": "359fd41fc4535c6ae68f9a94f3e69c2315f1c2f4",
      "gpu_memory_path": "native/gpu_memory.json",
      "gpu_memory_sha256": "e2fb567af445875bb12a8a725ca87d7a5929c6d9b7308ea71302a43f212488c5",
      "measurement_count": 1,
      "measurements_path": "native/measurements.json",
      "measurements_sha256": "83f3774021dbdbd86c14e6c508992e7a92a471ff382346fe4559683649ae2444",
      "method": "bfgs",
      "provider": "native",
      "requested_device": "cpu",
      "runtime_environment": {
        "JAX_ENABLE_X64": "true",
        "JAX_PLATFORMS": "cpu",
        "SIMSOPT_BACKEND_MODE": "jax_cpu_parity",
        "SIMSOPT_BACKEND_STRICT": "1",
        "SIMSOPT_PRECISION": "fp64",
        "XLA_PYTHON_CLIENT_ALLOCATOR": null,
        "XLA_PYTHON_CLIENT_MEM_FRACTION": null,
        "XLA_PYTHON_CLIENT_PREALLOCATE": null
      },
      "trial_trace_path": "native/boozer_trial_trace.json",
      "trial_trace_sha256": "1f70937be6fc94c5a28e80d96bcce0c0954bf36a5fecca400becf79d3c4bcdd8"
    }
  ],
  "python_version": "3.11.15",
  "requested_device": "cpu",
  "runtime_environment": {
    "JAX_ENABLE_X64": "true",
    "JAX_PLATFORMS": "cpu",
    "SIMSOPT_BACKEND_MODE": "jax_cpu_parity",
    "SIMSOPT_BACKEND_STRICT": "1",
    "SIMSOPT_PRECISION": "fp64",
    "XLA_PYTHON_CLIENT_ALLOCATOR": null,
    "XLA_PYTHON_CLIENT_MEM_FRACTION": null,
    "XLA_PYTHON_CLIENT_PREALLOCATE": null
  },
  "schema_version": 9,
  "scipy_version": "1.17.1"
}
