................................................FF...................... [ 67%]
..................................                                       [100%]
=================================== FAILURES ===================================
_ test_custom_lbfgs_route_and_prepared_program_follow_intent[fast-fused_stepwise-fused_stepwise] _

intent = 'fast', expected_route = 'fused_stepwise'
expected_run_mode = 'fused_stepwise'

    @pytest.mark.parametrize(
        ("intent", "expected_route", "expected_run_mode"),
        (("parity", "stepwise", "stepwise"), ("fast", "fused_stepwise", "fused_stepwise")),
    )
    def test_custom_lbfgs_route_and_prepared_program_follow_intent(
        intent: str,
        expected_route: str,
        expected_run_mode: str,
    ) -> None:
        fixture_case = fixture("rosenbrock")
        initial = np.asarray(fixture_case.initial, dtype=np.float64)
        prepared = runtime._prepare_custom(
            fixture_case,
            initial,
            maxcor=3,
            run_mode=expected_run_mode,
        )
    
>       assert runtime._solver_route("custom", "lbfgs", intent=intent) == expected_route
E       AssertionError: assert 'stepwise' == 'fused_stepwise'
E         
E         - fused_stepwise
E         + stepwise

tests/benchmarks/test_custom_quasi_newton_runtime.py:1074: AssertionError
_____________ test_fast_custom_lbfgs_has_zero_advance_observations _____________

    def test_fast_custom_lbfgs_has_zero_advance_observations() -> None:
        fixture_case = runtime._measurement(
            fixture("rosenbrock"),
            "custom",
            "cpu",
            "fast",
            np.asarray([-1.2, 1.0], dtype=np.float64),
            maxiter=1,
            maxcor=3,
            method="lbfgs",
            fixture_build_seconds=0.0,
            fixture_build_peak_rss_kib=0,
        )
    
>       assert fixture_case.solver_route == "fused_stepwise"
E       AssertionError: assert 'stepwise' == 'fused_stepwise'
E         
E         - fused_stepwise
E         + stepwise

tests/benchmarks/test_custom_quasi_newton_runtime.py:1092: AssertionError
=============================== warnings summary ===============================
tests/benchmarks/test_custom_quasi_newton_runtime.py::test_coil47_fixture_exposes_native_objective_callback
  /tmp/qn-fused-rollback3/src/simsopt/field/force.py:368: DeprecationWarning: invalid escape sequence '\P'
    """

-- Docs: https://docs.pytest.org/en/stable/how-to/capture-warnings.html
=========================== short test summary info ============================
FAILED tests/benchmarks/test_custom_quasi_newton_runtime.py::test_custom_lbfgs_route_and_prepared_program_follow_intent[fast-fused_stepwise-fused_stepwise]
FAILED tests/benchmarks/test_custom_quasi_newton_runtime.py::test_fast_custom_lbfgs_has_zero_advance_observations
2 failed, 104 passed, 1 warning in 116.28s (0:01:56)
